###############################################################################
#
# IAR ELF Linker V9.30.1.335/W64 for ARM                  14/Dec/2022  16:24:59
# Copyright 2007-2022 IAR Systems AB.
#
#    Output file  =
#        E:\Storage_W\MEGA\Other\Amin\STM\PowerSupply_2\EWARM\PowerSupply_2\Exe\PowerSupply_2.out
#    Map file     =
#        E:\Storage_W\MEGA\Other\Amin\STM\PowerSupply_2\EWARM\PowerSupply_2\List\PowerSupply_2.map
#    Command line =
#        -f
#        E:\Storage_W\MEGA\Other\Amin\STM\PowerSupply_2\EWARM\PowerSupply_2\Exe\PowerSupply_2.out.rsp
#        (E:\Storage_W\MEGA\Other\Amin\STM\PowerSupply_2\EWARM\PowerSupply_2\Obj\Application\User\Core\main.o
#        E:\Storage_W\MEGA\Other\Amin\STM\PowerSupply_2\EWARM\PowerSupply_2\Obj\Application\User\Core\PID.o
#        E:\Storage_W\MEGA\Other\Amin\STM\PowerSupply_2\EWARM\PowerSupply_2\Obj\Application\EWARM\startup_stm32f030x6.o
#        E:\Storage_W\MEGA\Other\Amin\STM\PowerSupply_2\EWARM\PowerSupply_2\Obj\Drivers\STM32F0xx_HAL_Driver\stm32f0xx_hal.o
#        E:\Storage_W\MEGA\Other\Amin\STM\PowerSupply_2\EWARM\PowerSupply_2\Obj\Drivers\STM32F0xx_HAL_Driver\stm32f0xx_hal_adc.o
#        E:\Storage_W\MEGA\Other\Amin\STM\PowerSupply_2\EWARM\PowerSupply_2\Obj\Drivers\STM32F0xx_HAL_Driver\stm32f0xx_hal_adc_ex.o
#        E:\Storage_W\MEGA\Other\Amin\STM\PowerSupply_2\EWARM\PowerSupply_2\Obj\Drivers\STM32F0xx_HAL_Driver\stm32f0xx_hal_cortex.o
#        E:\Storage_W\MEGA\Other\Amin\STM\PowerSupply_2\EWARM\PowerSupply_2\Obj\Drivers\STM32F0xx_HAL_Driver\stm32f0xx_hal_dma.o
#        E:\Storage_W\MEGA\Other\Amin\STM\PowerSupply_2\EWARM\PowerSupply_2\Obj\Drivers\STM32F0xx_HAL_Driver\stm32f0xx_hal_exti.o
#        E:\Storage_W\MEGA\Other\Amin\STM\PowerSupply_2\EWARM\PowerSupply_2\Obj\Drivers\STM32F0xx_HAL_Driver\stm32f0xx_hal_flash.o
#        E:\Storage_W\MEGA\Other\Amin\STM\PowerSupply_2\EWARM\PowerSupply_2\Obj\Drivers\STM32F0xx_HAL_Driver\stm32f0xx_hal_flash_ex.o
#        E:\Storage_W\MEGA\Other\Amin\STM\PowerSupply_2\EWARM\PowerSupply_2\Obj\Drivers\STM32F0xx_HAL_Driver\stm32f0xx_hal_gpio.o
#        E:\Storage_W\MEGA\Other\Amin\STM\PowerSupply_2\EWARM\PowerSupply_2\Obj\Drivers\STM32F0xx_HAL_Driver\stm32f0xx_hal_i2c.o
#        E:\Storage_W\MEGA\Other\Amin\STM\PowerSupply_2\EWARM\PowerSupply_2\Obj\Drivers\STM32F0xx_HAL_Driver\stm32f0xx_hal_i2c_ex.o
#        E:\Storage_W\MEGA\Other\Amin\STM\PowerSupply_2\EWARM\PowerSupply_2\Obj\Application\User\Core\stm32f0xx_hal_msp.o
#        E:\Storage_W\MEGA\Other\Amin\STM\PowerSupply_2\EWARM\PowerSupply_2\Obj\Drivers\STM32F0xx_HAL_Driver\stm32f0xx_hal_pwr.o
#        E:\Storage_W\MEGA\Other\Amin\STM\PowerSupply_2\EWARM\PowerSupply_2\Obj\Drivers\STM32F0xx_HAL_Driver\stm32f0xx_hal_pwr_ex.o
#        E:\Storage_W\MEGA\Other\Amin\STM\PowerSupply_2\EWARM\PowerSupply_2\Obj\Drivers\STM32F0xx_HAL_Driver\stm32f0xx_hal_rcc.o
#        E:\Storage_W\MEGA\Other\Amin\STM\PowerSupply_2\EWARM\PowerSupply_2\Obj\Drivers\STM32F0xx_HAL_Driver\stm32f0xx_hal_rcc_ex.o
#        E:\Storage_W\MEGA\Other\Amin\STM\PowerSupply_2\EWARM\PowerSupply_2\Obj\Drivers\STM32F0xx_HAL_Driver\stm32f0xx_hal_tim.o
#        E:\Storage_W\MEGA\Other\Amin\STM\PowerSupply_2\EWARM\PowerSupply_2\Obj\Drivers\STM32F0xx_HAL_Driver\stm32f0xx_hal_tim_ex.o
#        E:\Storage_W\MEGA\Other\Amin\STM\PowerSupply_2\EWARM\PowerSupply_2\Obj\Application\User\Core\stm32f0xx_it.o
#        E:\Storage_W\MEGA\Other\Amin\STM\PowerSupply_2\EWARM\PowerSupply_2\Obj\Drivers\CMSIS\system_stm32f0xx.o
#        --no_out_extension -o
#        E:\Storage_W\MEGA\Other\Amin\STM\PowerSupply_2\EWARM\PowerSupply_2\Exe\PowerSupply_2.out
#        --redirect _Printf=_PrintfFullNoMb --redirect _Scanf=_ScanfFullNoMb
#        --map
#        E:\Storage_W\MEGA\Other\Amin\STM\PowerSupply_2\EWARM\PowerSupply_2\List\PowerSupply_2.map
#        --config
#        E:\Storage_W\MEGA\Other\Amin\STM\PowerSupply_2\EWARM/stm32f030x6_flash.icf
#        --semihosting --entry __iar_program_start --no_vfe --text_out locale
#        --cpu=Cortex-M0 --fpu=None)
#
###############################################################################

*******************************************************************************
*** RUNTIME MODEL ATTRIBUTES
***

CppFlavor       = *
__CPP_Runtime   = 1
__SystemLibrary = DLib
__dlib_version  = 6


*******************************************************************************
*** HEAP SELECTION
***

The basic heap was selected because --advanced_heap
was not specified and the application did not appear to
be primarily optimized for speed.


*******************************************************************************
*** PLACEMENT SUMMARY
***

"A0":  place at address 0x800'0000 { ro section .intvec };
"P1":  place in [from 0x800'0000 to 0x800'7fff] { ro };
define block CSTACK with size = 1K, alignment = 8 { };
define block HEAP with size = 512, alignment = 8 { };
"P2":  place in [from 0x2000'0000 to 0x2000'0fff] {
          rw, block CSTACK, block HEAP };
initialize by copy { rw };

  Section            Kind         Address    Size  Object
  -------            ----         -------    ----  ------
"A0":                                        0xb0
  .intvec            ro code   0x800'0000    0xb0  startup_stm32f030x6.o [1]
                             - 0x800'00b0    0xb0

"P1":                                      0x4c3a
  .text              ro code   0x800'00b0  0x1746  main.o [2]
  .text              ro code   0x800'17f6     0x2  startup_stm32f030x6.o [1]
  .text              ro code   0x800'17f8    0x20  stm32f0xx_hal.o [4]
  .text              ro code   0x800'1818    0x36  IxxToFlt.o [6]
  .text              ro code   0x800'184e    0xe0  I32DivModFast.o [7]
  .text              ro code   0x800'192e     0x2  startup_stm32f030x6.o [1]
  .text              ro code   0x800'1930   0x94c  stm32f0xx_hal_tim.o [4]
  .text              ro code   0x800'227c    0xdc  stm32f0xx_hal_adc_ex.o [4]
  .text              ro code   0x800'2358   0x548  stm32f0xx_hal_adc.o [4]
  .text              ro code   0x800'28a0   0x10c  PID.o [2]
  .text              ro code   0x800'29ac    0x14  memset.o [7]
  .text              ro code   0x800'29c0   0x69c  stm32f0xx_hal_rcc.o [4]
  .text              ro code   0x800'305c   0x130  stm32f0xx_hal_rcc_ex.o [4]
  .text              ro code   0x800'318c   0x740  stm32f0xx_hal_i2c.o [4]
  .text              ro code   0x800'38cc    0xf8  stm32f0xx_hal_i2c_ex.o [4]
  .text              ro code   0x800'39c4    0xdc  stm32f0xx_hal_tim_ex.o [4]
  .text              ro code   0x800'3aa0   0x374  stm32f0xx_hal_msp.o [2]
  .text              ro code   0x800'3e14   0x104  stm32f0xx_hal_cortex.o [4]
  .text              ro code   0x800'3f18   0x244  stm32f0xx_hal_gpio.o [4]
  .text              ro code   0x800'415c    0x20  IxxToDbl.o [6]
  .text              ro code   0x800'417c   0x184  DblMul.o [6]
  .text              ro code   0x800'4300    0x32  DblCmpLe.o [6]
  .text              ro code   0x800'4332     0x2  startup_stm32f030x6.o [1]
  .text              ro code   0x800'4334    0x26  FltCmpLe.o [6]
  .text              ro code   0x800'435a     0x2  startup_stm32f030x6.o [1]
  .text              ro code   0x800'435c    0x3a  FltToS32.o [6]
  .text              ro code   0x800'4396    0xb0  FltMul.o [6]
  .text              ro code   0x800'4446   0x120  FltAddSub.o [6]
  .text              ro code   0x800'4566     0x2  startup_stm32f030x6.o [1]
  .text              ro code   0x800'4568    0x50  stm32f0xx_hal.o [4]
  .text              ro code   0x800'45b8     0x2  IntDivZer.o [7]
  .text              ro code   0x800'45ba     0x2  stm32f0xx_hal_tim.o [4]
  .text              ro code   0x800'45bc     0x2  stm32f0xx_hal_tim.o [4]
  .text              ro code   0x800'45be     0x2  stm32f0xx_hal_tim_ex.o [4]
  .text              ro code   0x800'45c0     0x2  stm32f0xx_hal_tim.o [4]
  .text              ro code   0x800'45c2     0x2  stm32f0xx_hal_tim_ex.o [4]
  .text              ro code   0x800'45c4     0xc  stm32f0xx_hal.o [4]
  .text              ro code   0x800'45d0   0x208  stm32f0xx_hal_dma.o [4]
  .text              ro code   0x800'47d8     0x2  stm32f0xx_hal_adc.o [4]
  .text              ro code   0x800'47da     0x2  stm32f0xx_hal_adc.o [4]
  .text              ro code   0x800'47dc    0xa4  FltDiv.o [6]
  .text              ro code   0x800'4880    0x4e  ABImemset.o [7]
  .text              ro code   0x800'48ce     0x2  startup_stm32f030x6.o [1]
  .text              ro code   0x800'48d0    0x34  ABImemcpy.o [7]
  .text              ro code   0x800'4904   0x22c  stm32f0xx_it.o [2]
  .text              ro code   0x800'4b30    0x18  stm32f0xx_hal.o [4]
  .text              ro code   0x800'4b48    0x3c  zero_init3.o [7]
  Initializer bytes  const     0x800'4b84    0x34  <for P2-1>
  .text              ro code   0x800'4bb8    0x30  copy_init3.o [7]
  .text              ro code   0x800'4be8    0x28  data_init.o [7]
  .iar.init_table    const     0x800'4c10    0x24  - Linker created -
  .text              ro code   0x800'4c34    0x1e  cmain.o [7]
  .text              ro code   0x800'4c52     0x4  low_level_init.o [5]
  .text              ro code   0x800'4c56     0x8  exit.o [5]
  .text              ro code   0x800'4c5e     0x2  startup_stm32f030x6.o [1]
  .text              ro code   0x800'4c60     0xa  cexit.o [7]
  .text              ro code   0x800'4c6a     0x2  startup_stm32f030x6.o [1]
  .text              ro code   0x800'4c6c    0x14  exit.o [8]
  .text              ro code   0x800'4c80    0x1c  cstartup_M.o [7]
  .rodata            const     0x800'4c9c    0x10  stm32f0xx_hal_rcc.o [4]
  .rodata            const     0x800'4cac    0x10  stm32f0xx_hal_rcc.o [4]
  .rodata            const     0x800'4cbc    0x10  system_stm32f0xx.o [3]
  .text              ro code   0x800'4ccc    0x10  startup_stm32f030x6.o [1]
  .text              ro code   0x800'4cdc     0x2  startup_stm32f030x6.o [1]
  .text              ro code   0x800'4cde     0x2  startup_stm32f030x6.o [1]
  .text              ro code   0x800'4ce0     0x2  startup_stm32f030x6.o [1]
  .text              ro code   0x800'4ce2     0x2  startup_stm32f030x6.o [1]
  .text              ro code   0x800'4ce4     0x2  startup_stm32f030x6.o [1]
  .text              ro code   0x800'4ce8     0x2  system_stm32f0xx.o [3]
  .rodata            const     0x800'4cea     0x0  zero_init3.o [7]
  .rodata            const     0x800'4cea     0x0  copy_init3.o [7]
                             - 0x800'4cea  0x4c3a

"P2", part 1 of 3:                           0x34
  P2-1                        0x2000'0000    0x34  <Init block>
    .data            inited   0x2000'0000     0x4  main.o [2]
    .data            inited   0x2000'0004     0x4  main.o [2]
    .data            inited   0x2000'0008     0x4  main.o [2]
    .data            inited   0x2000'000c     0x4  main.o [2]
    .data            inited   0x2000'0010     0x4  main.o [2]
    .data            inited   0x2000'0014     0x4  main.o [2]
    .data            inited   0x2000'0018     0x4  main.o [2]
    .data            inited   0x2000'001c     0x4  main.o [2]
    .data            inited   0x2000'0020     0x4  main.o [2]
    .data            inited   0x2000'0024     0x4  stm32f0xx_hal.o [4]
    .data            inited   0x2000'0028     0x4  system_stm32f0xx.o [3]
    .data            inited   0x2000'002c     0x2  main.o [2]
    .data            inited   0x2000'002e     0x2  main.o [2]
    .data            inited   0x2000'0030     0x2  main.o [2]
    .data            inited   0x2000'0032     0x1  main.o [2]
    .data            inited   0x2000'0033     0x1  stm32f0xx_hal.o [4]
                            - 0x2000'0034    0x34

"P2", part 2 of 3:                          0xad0
  .bss               zero     0x2000'0034   0x708  main.o [2]
  .bss               zero     0x2000'073c    0x64  main.o [2]
  .bss               zero     0x2000'07a0    0x4c  main.o [2]
  .bss               zero     0x2000'07ec    0x48  main.o [2]
  .bss               zero     0x2000'0834    0x48  main.o [2]
  .bss               zero     0x2000'087c    0x48  main.o [2]
  .bss               zero     0x2000'08c4    0x48  main.o [2]
  .bss               zero     0x2000'090c    0x48  main.o [2]
  .bss               zero     0x2000'0954    0x44  main.o [2]
  .bss               zero     0x2000'0998    0x40  main.o [2]
  .bss               zero     0x2000'09d8    0x3c  main.o [2]
  .bss               zero     0x2000'0a14    0x3c  main.o [2]
  .bss               zero     0x2000'0a50    0x38  main.o [2]
  .bss               zero     0x2000'0a88    0x14  main.o [2]
  .bss               zero     0x2000'0a9c    0x10  main.o [2]
  .bss               zero     0x2000'0aac     0xc  main.o [2]
  .bss               zero     0x2000'0ab8     0xc  main.o [2]
  .bss               zero     0x2000'0ac4     0xc  main.o [2]
  .bss               zero     0x2000'0ad0     0xc  main.o [2]
  .bss               zero     0x2000'0adc     0xc  main.o [2]
  .bss               zero     0x2000'0ae8     0x4  main.o [2]
  .bss               zero     0x2000'0aec     0x4  main.o [2]
  .bss               zero     0x2000'0af0     0x4  stm32f0xx_hal.o [4]
  .bss               zero     0x2000'0af4     0x2  main.o [2]
  .bss               zero     0x2000'0af6     0x2  main.o [2]
  .bss               zero     0x2000'0af8     0x2  main.o [2]
  .bss               zero     0x2000'0afa     0x2  main.o [2]
  .bss               zero     0x2000'0afc     0x1  main.o [2]
  .bss               zero     0x2000'0afd     0x1  main.o [2]
  .bss               zero     0x2000'0afe     0x1  main.o [2]
  .bss               zero     0x2000'0aff     0x1  main.o [2]
  .bss               zero     0x2000'0b00     0x1  main.o [2]
  .bss               zero     0x2000'0b01     0x1  main.o [2]
  .bss               zero     0x2000'0b02     0x1  main.o [2]
                            - 0x2000'0b03   0xacf

"P2", part 3 of 3:                          0x400
  CSTACK                      0x2000'0b08   0x400  <Block>
    CSTACK           uninit   0x2000'0b08   0x400  <Block tail>
                            - 0x2000'0f08   0x400

Unused ranges:

         From           To    Size
         ----           --    ----
   0x800'4cea   0x800'7fff  0x3316
  0x2000'0b04  0x2000'0b07     0x4
  0x2000'0f08  0x2000'0fff    0xf8


*******************************************************************************
*** INIT TABLE
***

          Address      Size
          -------      ----
Zero (__iar_zero_init3)
    1 destination range, total size 0xacf:
          0x2000'0034  0xacf

Copy (__iar_copy_init3)
    1 source range, total size 0x34:
           0x800'4b84   0x34
    1 destination range, total size 0x34:
          0x2000'0000   0x34



*******************************************************************************
*** MODULE SUMMARY
***

    Module                  ro code  ro data  rw data
    ------                  -------  -------  -------
command line/config:
    -------------------------------------------------
    Total:

E:\Storage_W\MEGA\Other\Amin\STM\PowerSupply_2\EWARM\PowerSupply_2\Obj\Application\EWARM: [1]
    startup_stm32f030x6.o       218
    -------------------------------------------------
    Total:                      218

E:\Storage_W\MEGA\Other\Amin\STM\PowerSupply_2\EWARM\PowerSupply_2\Obj\Application\User\Core: [2]
    PID.o                       268
    main.o                    5'958       43    2'806
    stm32f0xx_hal_msp.o         884
    stm32f0xx_it.o              556
    -------------------------------------------------
    Total:                    7'666       43    2'806

E:\Storage_W\MEGA\Other\Amin\STM\PowerSupply_2\EWARM\PowerSupply_2\Obj\Drivers\CMSIS: [3]
    system_stm32f0xx.o            2       20        4
    -------------------------------------------------
    Total:                        2       20        4

E:\Storage_W\MEGA\Other\Amin\STM\PowerSupply_2\EWARM\PowerSupply_2\Obj\Drivers\STM32F0xx_HAL_Driver: [4]
    stm32f0xx_hal.o             148        5        9
    stm32f0xx_hal_adc.o       1'356
    stm32f0xx_hal_adc_ex.o      220
    stm32f0xx_hal_cortex.o      260
    stm32f0xx_hal_dma.o         520
    stm32f0xx_hal_gpio.o        580
    stm32f0xx_hal_i2c.o       1'856
    stm32f0xx_hal_i2c_ex.o      248
    stm32f0xx_hal_rcc.o       1'692       32
    stm32f0xx_hal_rcc_ex.o      304
    stm32f0xx_hal_tim.o       2'386
    stm32f0xx_hal_tim_ex.o      224
    -------------------------------------------------
    Total:                    9'794       37        9

dl6M_tlf.a: [5]
    exit.o                        8
    low_level_init.o              4
    -------------------------------------------------
    Total:                       12

m6M_tl.a: [6]
    DblCmpLe.o                   50
    DblMul.o                    388
    FltAddSub.o                 288
    FltCmpLe.o                   38
    FltDiv.o                    164
    FltMul.o                    176
    FltToS32.o                   58
    IxxToDbl.o                   32
    IxxToFlt.o                   54
    -------------------------------------------------
    Total:                    1'248

rt6M_tl.a: [7]
    ABImemcpy.o                  52
    ABImemset.o                  78
    I32DivModFast.o             224
    IntDivZer.o                   2
    cexit.o                      10
    cmain.o                      30
    copy_init3.o                 48
    cstartup_M.o                 28
    data_init.o                  40
    memset.o                     20
    zero_init3.o                 60
    -------------------------------------------------
    Total:                      592

shb_l.a: [8]
    exit.o                       20
    -------------------------------------------------
    Total:                       20

    Gaps                          2
    Linker created                        36    1'024
-----------------------------------------------------
    Grand Total:             19'554      136    3'843


*******************************************************************************
*** ENTRY LIST
***

Entry                       Address   Size  Type      Object
-----                       -------   ----  ----      ------
.iar.init_table$$Base    0x800'4c10          --   Gb  - Linker created -
.iar.init_table$$Limit   0x800'4c34          --   Gb  - Linker created -
?main                    0x800'4c35         Code  Gb  cmain.o [7]
ADC1_IRQHandler          0x800'4c5f         Code  Wk  startup_stm32f030x6.o [1]
ADC_DMAConvCplt          0x800'27f1   0x7a  Code  Lc  stm32f0xx_hal_adc.o [4]
ADC_DMAError             0x800'2883   0x1e  Code  Lc  stm32f0xx_hal_adc.o [4]
ADC_DMAHalfConvCplt      0x800'2875    0xe  Code  Lc  stm32f0xx_hal_adc.o [4]
ADC_Enable               0x800'272d   0xb2  Code  Lc  stm32f0xx_hal_adc.o [4]
AData                   0x2000'0aac    0xc  Data  Gb  main.o [2]
AFIFO                   0x2000'0034  0x708  Data  Gb  main.o [2]
AHBPrescTable            0x800'4cbc   0x10  Data  Gb  system_stm32f0xx.o [3]
ArrNumFIFO              0x2000'0aec    0x4  Data  Gb  main.o [2]
CSTACK$$Base            0x2000'0b08          --   Gb  - Linker created -
CSTACK$$Limit           0x2000'0f08          --   Gb  - Linker created -
Curr                    0x2000'0a14   0x3c  Data  Gb  main.o [2]
DMA1_Channel1_IRQHandler
                         0x800'4ae1    0xa  Code  Gb  stm32f0xx_it.o [2]
DMA1_Channel2_3_IRQHandler
                         0x800'4567         Code  Wk  startup_stm32f030x6.o [1]
DMA1_Channel4_5_IRQHandler
                         0x800'48cf         Code  Wk  startup_stm32f030x6.o [1]
DMA_CalcBaseAndBitshift
                         0x800'47b5   0x1a  Code  Lc  stm32f0xx_hal_dma.o [4]
DMA_SetConfig            0x800'478b   0x2a  Code  Lc  stm32f0xx_hal_dma.o [4]
Delay                    0x800'06d7   0x14  Code  Gb  main.o [2]
Disp3s                  0x2000'002c    0x2  Data  Gb  main.o [2]
EXIS1PrePrs             0x2000'0ab8    0xc  Data  Gb  main.o [2]
EXIS2PrePrs             0x2000'0ac4    0xc  Data  Gb  main.o [2]
EXTI0_1_IRQHandler       0x800'4ac1    0xa  Code  Gb  stm32f0xx_it.o [2]
EXTI2_3_IRQHandler       0x800'4acb    0xa  Code  Gb  stm32f0xx_it.o [2]
EXTI4_15_IRQHandler      0x800'4ad5    0xc  Code  Gb  stm32f0xx_it.o [2]
ErrStp1                 0x2000'002e    0x2  Data  Gb  main.o [2]
Error_Handler            0x800'17f1    0x6  Code  Gb  main.o [2]
FLASH_IRQHandler         0x800'4333         Code  Wk  startup_stm32f030x6.o [1]
FirsRead                0x2000'0b02    0x1  Data  Gb  main.o [2]
HAL_ADCEx_Calibration_Start
                         0x800'227d   0xdc  Code  Gb  stm32f0xx_hal_adc_ex.o [4]
HAL_ADC_ConfigChannel    0x800'25d5  0x158  Code  Gb  stm32f0xx_hal_adc.o [4]
HAL_ADC_ConvCpltCallback
                         0x800'1589  0x14e  Code  Gb  main.o [2]
HAL_ADC_ConvHalfCpltCallback
                         0x800'47d9    0x2  Code  Wk  stm32f0xx_hal_adc.o [4]
HAL_ADC_ErrorCallback    0x800'47db    0x2  Code  Wk  stm32f0xx_hal_adc.o [4]
HAL_ADC_Init             0x800'2359  0x1ae  Code  Gb  stm32f0xx_hal_adc.o [4]
HAL_ADC_MspInit          0x800'3acd   0x88  Code  Gb  stm32f0xx_hal_msp.o [2]
HAL_ADC_Start_DMA        0x800'2515   0xae  Code  Gb  stm32f0xx_hal_adc.o [4]
HAL_DMA_IRQHandler       0x800'46b5   0xd6  Code  Gb  stm32f0xx_hal_dma.o [4]
HAL_DMA_Init             0x800'45d1   0x54  Code  Gb  stm32f0xx_hal_dma.o [4]
HAL_DMA_Start_IT         0x800'4629   0x8c  Code  Gb  stm32f0xx_hal_dma.o [4]
HAL_GPIO_EXTI_Callback   0x800'16ed   0xd0  Code  Gb  main.o [2]
HAL_GPIO_EXTI_IRQHandler
                         0x800'4113   0x22  Code  Gb  stm32f0xx_hal_gpio.o [4]
HAL_GPIO_Init            0x800'3f19  0x1c6  Code  Gb  stm32f0xx_hal_gpio.o [4]
HAL_GPIO_ReadPin         0x800'40df   0x1a  Code  Gb  stm32f0xx_hal_gpio.o [4]
HAL_GPIO_WritePin        0x800'40f9   0x1a  Code  Gb  stm32f0xx_hal_gpio.o [4]
HAL_GetTick              0x800'45c5    0xc  Code  Wk  stm32f0xx_hal.o [4]
HAL_I2CEx_ConfigAnalogFilter
                         0x800'38cd   0x66  Code  Gb  stm32f0xx_hal_i2c_ex.o [4]
HAL_I2CEx_ConfigDigitalFilter
                         0x800'3933   0x60  Code  Gb  stm32f0xx_hal_i2c_ex.o [4]
HAL_I2CEx_EnableFastModePlus
                         0x800'3993   0x20  Code  Gb  stm32f0xx_hal_i2c_ex.o [4]
HAL_I2C_Init             0x800'318d   0xc6  Code  Gb  stm32f0xx_hal_i2c.o [4]
HAL_I2C_Mem_Read         0x800'3405  0x1a8  Code  Gb  stm32f0xx_hal_i2c.o [4]
HAL_I2C_Mem_Write        0x800'3261  0x1a4  Code  Gb  stm32f0xx_hal_i2c.o [4]
HAL_I2C_MspInit          0x800'3b55   0x60  Code  Gb  stm32f0xx_hal_msp.o [2]
HAL_IncTick              0x800'4b31   0x18  Code  Wk  stm32f0xx_hal.o [4]
HAL_Init                 0x800'17f9   0x1a  Code  Gb  stm32f0xx_hal.o [4]
HAL_InitTick             0x800'4569   0x50  Code  Wk  stm32f0xx_hal.o [4]
HAL_MspInit              0x800'3aa1   0x2c  Code  Gb  stm32f0xx_hal_msp.o [2]
HAL_NVIC_EnableIRQ       0x800'3ee7    0xe  Code  Gb  stm32f0xx_hal_cortex.o [4]
HAL_NVIC_SetPriority     0x800'3ed3   0x14  Code  Gb  stm32f0xx_hal_cortex.o [4]
HAL_RCCEx_PeriphCLKConfig
                         0x800'305d  0x110  Code  Gb  stm32f0xx_hal_rcc_ex.o [4]
HAL_RCC_ClockConfig      0x800'2e81  0x128  Code  Gb  stm32f0xx_hal_rcc.o [4]
HAL_RCC_GetSysClockFreq
                         0x800'2fbd   0x72  Code  Gb  stm32f0xx_hal_rcc.o [4]
HAL_RCC_OscConfig        0x800'29c1  0x4ac  Code  Gb  stm32f0xx_hal_rcc.o [4]
HAL_SYSTICK_Config       0x800'3ef5    0xc  Code  Gb  stm32f0xx_hal_cortex.o [4]
HAL_TIMEx_BreakCallback
                         0x800'45bf    0x2  Code  Wk  stm32f0xx_hal_tim_ex.o [4]
HAL_TIMEx_CommutCallback
                         0x800'45c3    0x2  Code  Wk  stm32f0xx_hal_tim_ex.o [4]
HAL_TIMEx_ConfigBreakDeadTime
                         0x800'3a21   0x5e  Code  Gb  stm32f0xx_hal_tim_ex.o [4]
HAL_TIMEx_MasterConfigSynchronization
                         0x800'39c5   0x5c  Code  Gb  stm32f0xx_hal_tim_ex.o [4]
HAL_TIM_Base_Init        0x800'1931   0x5c  Code  Gb  stm32f0xx_hal_tim.o [4]
HAL_TIM_Base_MspInit     0x800'3ca5   0x6e  Code  Gb  stm32f0xx_hal_msp.o [2]
HAL_TIM_Base_Start_IT    0x800'19bf   0x5a  Code  Gb  stm32f0xx_hal_tim.o [4]
HAL_TIM_Base_Stop        0x800'198d   0x32  Code  Gb  stm32f0xx_hal_tim.o [4]
HAL_TIM_Encoder_Init     0x800'1b6d   0xc4  Code  Gb  stm32f0xx_hal_tim.o [4]
HAL_TIM_Encoder_MspInit
                         0x800'3bb5   0x7c  Code  Gb  stm32f0xx_hal_msp.o [2]
HAL_TIM_Encoder_Start_IT
                         0x800'1c41  0x12e  Code  Gb  stm32f0xx_hal_tim.o [4]
HAL_TIM_IC_CaptureCallback
                         0x800'14a1   0xcc  Code  Gb  main.o [2]
HAL_TIM_IRQHandler       0x800'1d6f  0x1ac  Code  Gb  stm32f0xx_hal_tim.o [4]
HAL_TIM_MspPostInit      0x800'3d25   0xc2  Code  Gb  stm32f0xx_hal_msp.o [2]
HAL_TIM_OC_DelayElapsedCallback
                         0x800'45bb    0x2  Code  Wk  stm32f0xx_hal_tim.o [4]
HAL_TIM_PWM_ConfigChannel
                         0x800'1f1b   0xfc  Code  Gb  stm32f0xx_hal_tim.o [4]
HAL_TIM_PWM_Init         0x800'1a29   0x5c  Code  Gb  stm32f0xx_hal_tim.o [4]
HAL_TIM_PWM_MspInit      0x800'3c31   0x6e  Code  Gb  stm32f0xx_hal_msp.o [2]
HAL_TIM_PWM_PulseFinishedCallback
                         0x800'45bd    0x2  Code  Wk  stm32f0xx_hal_tim.o [4]
HAL_TIM_PWM_Start        0x800'1a85   0xd8  Code  Gb  stm32f0xx_hal_tim.o [4]
HAL_TIM_PeriodElapsedCallback
                         0x800'0a21  0xa6c  Code  Gb  main.o [2]
HAL_TIM_TriggerCallback
                         0x800'45c1    0x2  Code  Wk  stm32f0xx_hal_tim.o [4]
HardFault_Handler        0x800'4909    0x4  Code  Gb  stm32f0xx_it.o [2]
HighByte                0x2000'0afe    0x1  Data  Gb  main.o [2]
I2C1_IRQHandler          0x800'4ce1         Code  Wk  startup_stm32f030x6.o [1]
I2C_Flush_TXDR           0x800'36c9   0x28  Code  Lc  stm32f0xx_hal_i2c.o [4]
I2C_IsAcknowledgeFailed
                         0x800'37f3   0xa0  Code  Lc  stm32f0xx_hal_i2c.o [4]
I2C_RequestMemoryRead    0x800'363f   0x84  Code  Lc  stm32f0xx_hal_i2c.o [4]
I2C_RequestMemoryWrite   0x800'35b9   0x86  Code  Lc  stm32f0xx_hal_i2c.o [4]
I2C_TransferConfig       0x800'3893   0x2e  Code  Lc  stm32f0xx_hal_i2c.o [4]
I2C_WaitOnFlagUntilTimeout
                         0x800'36f1   0x58  Code  Lc  stm32f0xx_hal_i2c.o [4]
I2C_WaitOnSTOPFlagUntilTimeout
                         0x800'37a1   0x52  Code  Lc  stm32f0xx_hal_i2c.o [4]
I2C_WaitOnTXISFlagUntilTimeout
                         0x800'3749   0x58  Code  Lc  stm32f0xx_hal_i2c.o [4]
InitCount               0x2000'0af8    0x2  Data  Gb  main.o [2]
InitFlag                0x2000'0b01    0x1  Data  Gb  main.o [2]
Kd1                     0x2000'0008    0x4  Data  Gb  main.o [2]
Kd2                     0x2000'0018    0x4  Data  Gb  main.o [2]
Ki1                     0x2000'0004    0x4  Data  Gb  main.o [2]
Ki2                     0x2000'0014    0x4  Data  Gb  main.o [2]
Kp1                     0x2000'0000    0x4  Data  Gb  main.o [2]
Kp2                     0x2000'0010    0x4  Data  Gb  main.o [2]
LED_Data                0x2000'073c   0x64  Data  Gb  main.o [2]
LowByte                 0x2000'0afd    0x1  Data  Gb  main.o [2]
MX_ADC_Init              0x800'021b   0x98  Code  Lc  main.o [2]
MX_DMA_Init              0x800'05c9   0x26  Code  Lc  main.o [2]
MX_GPIO_Init             0x800'05fd   0xda  Code  Lc  main.o [2]
MX_I2C1_Init             0x800'02b3   0x4e  Code  Lc  main.o [2]
MX_TIM14_Init            0x800'0459   0x24  Code  Lc  main.o [2]
MX_TIM16_Init            0x800'0489   0x9a  Code  Lc  main.o [2]
MX_TIM17_Init            0x800'0529   0x9a  Code  Lc  main.o [2]
MX_TIM1_Init             0x800'0301   0x70  Code  Lc  main.o [2]
MX_TIM3_Init             0x800'0399   0xa8  Code  Lc  main.o [2]
MaxArrNumFIFO           0x2000'0020    0x4  Data  Gb  main.o [2]
MaxInitCount            0x2000'0030    0x2  Data  Gb  main.o [2]
Mon2Seg                  0x800'098d   0x86  Code  Gb  main.o [2]
Mon4Seg                  0x800'0829  0x15c  Code  Gb  main.o [2]
NMI_Handler              0x800'4905    0x4  Code  Gb  stm32f0xx_it.o [2]
PIDController_Init       0x800'28a1    0xe  Code  Gb  PID.o [2]
PIDController_Update     0x800'28af   0xf8  Code  Gb  PID.o [2]
PendSV_Handler           0x800'490f    0x2  Code  Gb  stm32f0xx_it.o [2]
RCC_IRQHandler           0x800'435b         Code  Wk  startup_stm32f030x6.o [1]
RTC_IRQHandler           0x800'192f         Code  Wk  startup_stm32f030x6.o [1]
Region$$Table$$Base      0x800'4c10          --   Gb  - Linker created -
Region$$Table$$Limit     0x800'4c34          --   Gb  - Linker created -
Reset_Handler            0x800'4ccd         Code  Wk  startup_stm32f030x6.o [1]
SPI1_IRQHandler          0x800'4ce3         Code  Wk  startup_stm32f030x6.o [1]
SVC_Handler              0x800'490d    0x2  Code  Gb  stm32f0xx_it.o [2]
SevSegm                  0x800'0701  0x11c  Code  Gb  main.o [2]
SevSegm::Buf            0x2000'0a9c   0x10  Data  Lc  main.o [2]
SysTick_Config           0x800'3ea1   0x32  Code  Lc  stm32f0xx_hal_cortex.o [4]
SysTick_Handler          0x800'4911  0x1b0  Code  Gb  stm32f0xx_it.o [2]
SystemClock_Config       0x800'0197   0x84  Code  Gb  main.o [2]
SystemCoreClock         0x2000'0028    0x4  Data  Gb  system_stm32f0xx.o [3]
SystemInit               0x800'4ce9    0x2  Code  Gb  system_stm32f0xx.o [3]
TIM14_IRQHandler         0x800'4aff    0xa  Code  Gb  stm32f0xx_it.o [2]
TIM16_IRQHandler         0x800'4cdd         Code  Wk  startup_stm32f030x6.o [1]
TIM17_IRQHandler         0x800'4cdf         Code  Wk  startup_stm32f030x6.o [1]
TIM1_BRK_UP_TRG_COM_IRQHandler
                         0x800'4c6b         Code  Wk  startup_stm32f030x6.o [1]
TIM1_CC_IRQHandler       0x800'4aeb    0xa  Code  Gb  stm32f0xx_it.o [2]
TIM3_IRQHandler          0x800'4af5    0xa  Code  Gb  stm32f0xx_it.o [2]
TIM_Base_SetConfig       0x800'201d   0x6a  Code  Gb  stm32f0xx_hal_tim.o [4]
TIM_CCxChannelCmd        0x800'2259   0x24  Code  Gb  stm32f0xx_hal_tim.o [4]
TIM_OC1_SetConfig        0x800'2087   0x70  Code  Lc  stm32f0xx_hal_tim.o [4]
TIM_OC2_SetConfig        0x800'20f7   0x6e  Code  Gb  stm32f0xx_hal_tim.o [4]
TIM_OC3_SetConfig        0x800'2165   0x6a  Code  Lc  stm32f0xx_hal_tim.o [4]
TIM_OC4_SetConfig        0x800'21cf   0x50  Code  Lc  stm32f0xx_hal_tim.o [4]
Tau1                    0x2000'000c    0x4  Data  Gb  main.o [2]
Tau2                    0x2000'001c    0x4  Data  Gb  main.o [2]
TempVolt                0x2000'0afa    0x2  Data  Gb  main.o [2]
USART1_IRQHandler        0x800'4ce5         Code  Wk  startup_stm32f030x6.o [1]
USBCurr                 0x2000'0a88   0x14  Data  Gb  main.o [2]
VOLT2ENC                0x2000'0032    0x1  Data  Gb  main.o [2]
Volt                    0x2000'09d8   0x3c  Data  Gb  main.o [2]
WWDG_IRQHandler          0x800'17f7         Code  Wk  startup_stm32f030x6.o [1]
__ICFEDIT_region_RAM_end__ {Abs}
                        0x2000'0fff         Data  Gb  <internal module>
__ICFEDIT_region_RAM_start__ {Abs}
                        0x2000'0000         Data  Gb  <internal module>
__NVIC_EnableIRQ         0x800'3e15   0x18  Code  Lc  stm32f0xx_hal_cortex.o [4]
__NVIC_SetPriority       0x800'3e2d   0x74  Code  Lc  stm32f0xx_hal_cortex.o [4]
__aeabi_cdcmple          0x800'4301         Code  Gb  DblCmpLe.o [6]
__aeabi_cfcmple          0x800'4335         Code  Gb  FltCmpLe.o [6]
__aeabi_dmul             0x800'417d         Code  Gb  DblMul.o [6]
__aeabi_f2iz             0x800'435d         Code  Gb  FltToS32.o [6]
__aeabi_fadd             0x800'4447         Code  Gb  FltAddSub.o [6]
__aeabi_fdiv             0x800'47dd         Code  Gb  FltDiv.o [6]
__aeabi_fmul             0x800'4397         Code  Gb  FltMul.o [6]
__aeabi_fsub             0x800'44b7         Code  Gb  FltAddSub.o [6]
__aeabi_i2f              0x800'1839         Code  Gb  IxxToFlt.o [6]
__aeabi_idiv             0x800'187b         Code  Gb  I32DivModFast.o [7]
__aeabi_idiv0            0x800'45b9         Code  Gb  IntDivZer.o [7]
__aeabi_idivmod          0x800'187b         Code  Gb  I32DivModFast.o [7]
__aeabi_memcpy4          0x800'48d1         Code  Gb  ABImemcpy.o [7]
__aeabi_memcpy8          0x800'48d1         Code  Gb  ABImemcpy.o [7]
__aeabi_memset           0x800'4881         Code  Gb  ABImemset.o [7]
__aeabi_ui2d             0x800'415d         Code  Gb  IxxToDbl.o [6]
__aeabi_ui2f             0x800'1819         Code  Gb  IxxToFlt.o [6]
__aeabi_uidiv            0x800'1881         Code  Gb  I32DivModFast.o [7]
__aeabi_uidivmod         0x800'1881         Code  Gb  I32DivModFast.o [7]
__cmain                  0x800'4c35         Code  Gb  cmain.o [7]
__exit                   0x800'4c6d   0x14  Code  Gb  exit.o [8]
__iar_Memset4_word       0x800'48a1         Code  Gb  ABImemset.o [7]
__iar_Memset_word        0x800'488d         Code  Gb  ABImemset.o [7]
__iar_copy_init3         0x800'4bb9   0x30  Code  Gb  copy_init3.o [7]
__iar_data_init3         0x800'4be9   0x28  Code  Gb  data_init.o [7]
__iar_program_start      0x800'4c81         Code  Gb  cstartup_M.o [7]
__iar_zero_init3         0x800'4b49   0x3c  Code  Gb  zero_init3.o [7]
__low_level_init         0x800'4c53    0x4  Code  Gb  low_level_init.o [5]
__vector_table           0x800'0000         Data  Gb  startup_stm32f030x6.o [1]
_call_main               0x800'4c41         Code  Gb  cmain.o [7]
_exit                    0x800'4c61         Code  Gb  cexit.o [7]
cH                      0x2000'0b00    0x1  Data  Gb  main.o [2]
cL                      0x2000'0aff    0x1  Data  Gb  main.o [2]
error                   0x2000'0ae8    0x4  Data  Gb  main.o [2]
exit                     0x800'4c57    0x8  Code  Gb  exit.o [5]
hadc                    0x2000'0998   0x40  Data  Gb  main.o [2]
hdma_adc                0x2000'0954   0x44  Data  Gb  main.o [2]
hi2c1                   0x2000'07a0   0x4c  Data  Gb  main.o [2]
htim1                   0x2000'07ec   0x48  Data  Gb  main.o [2]
htim14                  0x2000'087c   0x48  Data  Gb  main.o [2]
htim16                  0x2000'08c4   0x48  Data  Gb  main.o [2]
htim17                  0x2000'090c   0x48  Data  Gb  main.o [2]
htim3                   0x2000'0834   0x48  Data  Gb  main.o [2]
iEXIS1Prs               0x2000'0ad0    0xc  Data  Gb  main.o [2]
iLED                    0x2000'0af4    0x2  Data  Gb  main.o [2]
iPrsEXIS2               0x2000'0adc    0xc  Data  Gb  main.o [2]
iSelEXI                 0x2000'0afc    0x1  Data  Gb  main.o [2]
indx                    0x2000'0af6    0x2  Data  Gb  main.o [2]
main                     0x800'00b1   0xe6  Code  Gb  main.o [2]
memset                   0x800'29ad   0x14  Code  Gb  memset.o [7]
pid                     0x2000'0a50   0x38  Data  Gb  main.o [2]
uwTick                  0x2000'0af0    0x4  Data  Gb  stm32f0xx_hal.o [4]
uwTickFreq              0x2000'0033    0x1  Data  Gb  stm32f0xx_hal.o [4]
uwTickPrio              0x2000'0024    0x4  Data  Gb  stm32f0xx_hal.o [4]


[1] = E:\Storage_W\MEGA\Other\Amin\STM\PowerSupply_2\EWARM\PowerSupply_2\Obj\Application\EWARM
[2] = E:\Storage_W\MEGA\Other\Amin\STM\PowerSupply_2\EWARM\PowerSupply_2\Obj\Application\User\Core
[3] = E:\Storage_W\MEGA\Other\Amin\STM\PowerSupply_2\EWARM\PowerSupply_2\Obj\Drivers\CMSIS
[4] = E:\Storage_W\MEGA\Other\Amin\STM\PowerSupply_2\EWARM\PowerSupply_2\Obj\Drivers\STM32F0xx_HAL_Driver
[5] = dl6M_tlf.a
[6] = m6M_tl.a
[7] = rt6M_tl.a
[8] = shb_l.a

  19'554 bytes of readonly  code memory
     136 bytes of readonly  data memory
   3'843 bytes of readwrite data memory

Errors: none
Warnings: none
