###############################################################################
#
# IAR ELF Linker V9.30.1.335/W64 for ARM                  10/Oct/2022  08:01:34
# Copyright 2007-2022 IAR Systems AB.
#
#    Output file  =
#        E:\Storage_W\MEGA\Other\Amin\STM\PowerSupply_2\EWARM\PowerSupply_2\Exe\PowerSupply_2.out
#    Map file     =
#        E:\Storage_W\MEGA\Other\Amin\STM\PowerSupply_2\EWARM\PowerSupply_2\List\PowerSupply_2.map
#    Command line =
#        -f
#        E:\Storage_W\MEGA\Other\Amin\STM\PowerSupply_2\EWARM\PowerSupply_2\Exe\PowerSupply_2.out.rsp
#        (E:\Storage_W\MEGA\Other\Amin\STM\PowerSupply_2\EWARM\PowerSupply_2\Obj\Application\User\Core\EEPROM.o
#        E:\Storage_W\MEGA\Other\Amin\STM\PowerSupply_2\EWARM\PowerSupply_2\Obj\Application\User\Core\main.o
#        E:\Storage_W\MEGA\Other\Amin\STM\PowerSupply_2\EWARM\PowerSupply_2\Obj\Application\EWARM\startup_stm32f030x6.o
#        E:\Storage_W\MEGA\Other\Amin\STM\PowerSupply_2\EWARM\PowerSupply_2\Obj\Drivers\STM32F0xx_HAL_Driver\stm32f0xx_hal.o
#        E:\Storage_W\MEGA\Other\Amin\STM\PowerSupply_2\EWARM\PowerSupply_2\Obj\Drivers\STM32F0xx_HAL_Driver\stm32f0xx_hal_adc.o
#        E:\Storage_W\MEGA\Other\Amin\STM\PowerSupply_2\EWARM\PowerSupply_2\Obj\Drivers\STM32F0xx_HAL_Driver\stm32f0xx_hal_adc_ex.o
#        E:\Storage_W\MEGA\Other\Amin\STM\PowerSupply_2\EWARM\PowerSupply_2\Obj\Drivers\STM32F0xx_HAL_Driver\stm32f0xx_hal_cortex.o
#        E:\Storage_W\MEGA\Other\Amin\STM\PowerSupply_2\EWARM\PowerSupply_2\Obj\Drivers\STM32F0xx_HAL_Driver\stm32f0xx_hal_dma.o
#        E:\Storage_W\MEGA\Other\Amin\STM\PowerSupply_2\EWARM\PowerSupply_2\Obj\Drivers\STM32F0xx_HAL_Driver\stm32f0xx_hal_exti.o
#        E:\Storage_W\MEGA\Other\Amin\STM\PowerSupply_2\EWARM\PowerSupply_2\Obj\Drivers\STM32F0xx_HAL_Driver\stm32f0xx_hal_flash.o
#        E:\Storage_W\MEGA\Other\Amin\STM\PowerSupply_2\EWARM\PowerSupply_2\Obj\Drivers\STM32F0xx_HAL_Driver\stm32f0xx_hal_flash_ex.o
#        E:\Storage_W\MEGA\Other\Amin\STM\PowerSupply_2\EWARM\PowerSupply_2\Obj\Drivers\STM32F0xx_HAL_Driver\stm32f0xx_hal_gpio.o
#        E:\Storage_W\MEGA\Other\Amin\STM\PowerSupply_2\EWARM\PowerSupply_2\Obj\Drivers\STM32F0xx_HAL_Driver\stm32f0xx_hal_i2c.o
#        E:\Storage_W\MEGA\Other\Amin\STM\PowerSupply_2\EWARM\PowerSupply_2\Obj\Drivers\STM32F0xx_HAL_Driver\stm32f0xx_hal_i2c_ex.o
#        E:\Storage_W\MEGA\Other\Amin\STM\PowerSupply_2\EWARM\PowerSupply_2\Obj\Application\User\Core\stm32f0xx_hal_msp.o
#        E:\Storage_W\MEGA\Other\Amin\STM\PowerSupply_2\EWARM\PowerSupply_2\Obj\Drivers\STM32F0xx_HAL_Driver\stm32f0xx_hal_pwr.o
#        E:\Storage_W\MEGA\Other\Amin\STM\PowerSupply_2\EWARM\PowerSupply_2\Obj\Drivers\STM32F0xx_HAL_Driver\stm32f0xx_hal_pwr_ex.o
#        E:\Storage_W\MEGA\Other\Amin\STM\PowerSupply_2\EWARM\PowerSupply_2\Obj\Drivers\STM32F0xx_HAL_Driver\stm32f0xx_hal_rcc.o
#        E:\Storage_W\MEGA\Other\Amin\STM\PowerSupply_2\EWARM\PowerSupply_2\Obj\Drivers\STM32F0xx_HAL_Driver\stm32f0xx_hal_rcc_ex.o
#        E:\Storage_W\MEGA\Other\Amin\STM\PowerSupply_2\EWARM\PowerSupply_2\Obj\Drivers\STM32F0xx_HAL_Driver\stm32f0xx_hal_tim.o
#        E:\Storage_W\MEGA\Other\Amin\STM\PowerSupply_2\EWARM\PowerSupply_2\Obj\Drivers\STM32F0xx_HAL_Driver\stm32f0xx_hal_tim_ex.o
#        E:\Storage_W\MEGA\Other\Amin\STM\PowerSupply_2\EWARM\PowerSupply_2\Obj\Application\User\Core\stm32f0xx_it.o
#        E:\Storage_W\MEGA\Other\Amin\STM\PowerSupply_2\EWARM\PowerSupply_2\Obj\Drivers\CMSIS\system_stm32f0xx.o
#        --no_out_extension -o
#        E:\Storage_W\MEGA\Other\Amin\STM\PowerSupply_2\EWARM\PowerSupply_2\Exe\PowerSupply_2.out
#        --redirect _Printf=_PrintfFullNoMb --redirect _Scanf=_ScanfFullNoMb
#        --map
#        E:\Storage_W\MEGA\Other\Amin\STM\PowerSupply_2\EWARM\PowerSupply_2\List\PowerSupply_2.map
#        --config
#        E:\Storage_W\MEGA\Other\Amin\STM\PowerSupply_2\EWARM/stm32f030x6_flash.icf
#        --semihosting --entry __iar_program_start --vfe --text_out locale
#        --cpu=Cortex-M0 --fpu=None)
#
###############################################################################

*******************************************************************************
*** RUNTIME MODEL ATTRIBUTES
***

CppFlavor       = *
__CPP_Runtime   = 1
__SystemLibrary = DLib
__dlib_version  = 6


*******************************************************************************
*** HEAP SELECTION
***

The basic heap was selected because --advanced_heap
was not specified and the application did not appear to
be primarily optimized for speed.


*******************************************************************************
*** PLACEMENT SUMMARY
***

"A0":  place at address 0x800'0000 { ro section .intvec };
"P1":  place in [from 0x800'0000 to 0x800'7fff] { ro };
define block CSTACK with size = 1K, alignment = 8 { };
define block HEAP with size = 512, alignment = 8 { };
"P2":  place in [from 0x2000'0000 to 0x2000'0fff] {
          rw, block CSTACK, block HEAP };
initialize by copy { rw };

  Section            Kind         Address    Size  Object
  -------            ----         -------    ----  ------
"A0":                                        0xb0
  .intvec            ro code   0x800'0000    0xb0  startup_stm32f030x6.o [1]
                             - 0x800'00b0    0xb0

"P1":                                      0x47fe
  .text              ro code   0x800'00b0   0xec2  main.o [2]
  .text              ro code   0x800'0f72     0x2  startup_stm32f030x6.o [1]
  .text              ro code   0x800'0f74    0x20  stm32f0xx_hal.o [4]
  .text              ro code   0x800'0f94   0x8f4  stm32f0xx_hal_tim.o [4]
  .text              ro code   0x800'1888    0xdc  stm32f0xx_hal_adc_ex.o [4]
  .text              ro code   0x800'1964   0x52c  stm32f0xx_hal_adc.o [4]
  .text              ro code   0x800'1e90    0x14  memset.o [7]
  .text              ro code   0x800'1ea4   0x650  stm32f0xx_hal_rcc.o [4]
  .text              ro code   0x800'24f4   0x118  stm32f0xx_hal_rcc_ex.o [4]
  .text              ro code   0x800'260c   0x744  stm32f0xx_hal_i2c.o [4]
  .text              ro code   0x800'2d50    0xf4  stm32f0xx_hal_i2c_ex.o [4]
  .text              ro code   0x800'2e44    0xd8  stm32f0xx_hal_tim_ex.o [4]
  .text              ro code   0x800'2f1c   0x34c  stm32f0xx_hal_msp.o [2]
  .text              ro code   0x800'3268    0xf0  stm32f0xx_hal_cortex.o [4]
  .text              ro code   0x800'3358   0x22c  stm32f0xx_hal_gpio.o [4]
  .text              ro code   0x800'3584    0xe0  I32DivModFast.o [7]
  .text              ro code   0x800'3664    0x20  IxxToFlt.o [6]
  .text              ro code   0x800'3684   0x240  EEPROM.o [2]
  .text              ro code   0x800'38c4    0x3a  FltToS32.o [6]
  .text              ro code   0x800'38fe     0x2  startup_stm32f030x6.o [1]
  .text              ro code   0x800'3900    0x50  stm32f0xx_hal.o [4]
  .text              ro code   0x800'3950     0x2  stm32f0xx_hal_tim.o [4]
  .text              ro code   0x800'3952     0x2  stm32f0xx_hal_tim.o [4]
  .text              ro code   0x800'3954     0x2  stm32f0xx_hal_tim.o [4]
  .text              ro code   0x800'3956     0x2  stm32f0xx_hal_tim_ex.o [4]
  .text              ro code   0x800'3958     0x2  stm32f0xx_hal_tim.o [4]
  .text              ro code   0x800'395a     0x2  stm32f0xx_hal_tim_ex.o [4]
  .text              ro code   0x800'395c     0xc  stm32f0xx_hal.o [4]
  .text              ro code   0x800'3968   0x1f8  stm32f0xx_hal_dma.o [4]
  .text              ro code   0x800'3b60     0x2  stm32f0xx_hal_adc.o [4]
  .text              ro code   0x800'3b62     0x2  stm32f0xx_hal_adc.o [4]
  .text              ro code   0x800'3b64    0x4e  ABImemset.o [7]
  .text              ro code   0x800'3bb2     0x2  startup_stm32f030x6.o [1]
  .text              ro code   0x800'3bb4    0x34  ABImemcpy.o [7]
  .text              ro code   0x800'3be8     0x2  IntDivZer.o [7]
  .text              ro code   0x800'3bea     0x2  startup_stm32f030x6.o [1]
  .text              ro code   0x800'3bec   0x2f2  logx64.o [6]
  .text              ro code   0x800'3ede    0xc2  DblDiv.o [6]
  .text              ro code   0x800'3fa0    0x52  DblToI32.o [6]
  .text              ro code   0x800'3ff2     0x2  startup_stm32f030x6.o [1]
  .text              ro code   0x800'3ff4    0x28  stm32f0xx_hal.o [4]
  .text              ro code   0x800'401c    0x2a  frexp.o [6]
  .text              ro code   0x800'4046    0x70  ldexp.o [6]
  .text              ro code   0x800'40b6   0x1b4  DblAddSub.o [6]
  .text              ro code   0x800'426a   0x184  DblMul.o [6]
  .text              ro code   0x800'43ee     0x2  startup_stm32f030x6.o [1]
  .text              ro code   0x800'43f0    0x34  IxxToDbl.o [6]
  .text              ro code   0x800'4424   0x2e4  stm32f0xx_it.o [2]
  .text              ro code   0x800'4708    0x18  stm32f0xx_hal.o [4]
  .text              ro code   0x800'4720    0x3c  zero_init3.o [7]
  .text              ro code   0x800'475c    0x30  copy_init3.o [7]
  .text              ro code   0x800'478c    0x28  data_init.o [7]
  .iar.init_table    const     0x800'47b4    0x24  - Linker created -
  .text              ro code   0x800'47d8    0x1e  cmain.o [7]
  .text              ro code   0x800'47f6     0x4  low_level_init.o [5]
  .text              ro code   0x800'47fa     0x8  exit.o [5]
  .text              ro code   0x800'4802     0x2  startup_stm32f030x6.o [1]
  .text              ro code   0x800'4804     0xa  cexit.o [7]
  .text              ro code   0x800'480e     0x2  startup_stm32f030x6.o [1]
  .text              ro code   0x800'4810    0x14  exit.o [8]
  .text              ro code   0x800'4824    0x1c  cstartup_M.o [7]
  Initializer bytes  const     0x800'4840    0x1c  <for P2-1>
  .rodata            const     0x800'485c    0x10  stm32f0xx_hal_rcc.o [4]
  .rodata            const     0x800'486c    0x10  stm32f0xx_hal_rcc.o [4]
  .rodata            const     0x800'487c    0x10  system_stm32f0xx.o [3]
  .text              ro code   0x800'488c    0x10  startup_stm32f030x6.o [1]
  .text              ro code   0x800'489c     0x2  startup_stm32f030x6.o [1]
  .text              ro code   0x800'489e     0x2  startup_stm32f030x6.o [1]
  .text              ro code   0x800'48a0     0x2  startup_stm32f030x6.o [1]
  .text              ro code   0x800'48a2     0x2  startup_stm32f030x6.o [1]
  .text              ro code   0x800'48a4     0x2  startup_stm32f030x6.o [1]
  .text              ro code   0x800'48a6     0x2  startup_stm32f030x6.o [1]
  .text              ro code   0x800'48a8     0x2  startup_stm32f030x6.o [1]
  .text              ro code   0x800'48ac     0x2  system_stm32f0xx.o [3]
  .rodata            const     0x800'48ae     0x0  zero_init3.o [7]
  .rodata            const     0x800'48ae     0x0  copy_init3.o [7]
                             - 0x800'48ae  0x47fe

"P2", part 1 of 3:                           0x1c
  P2-1                        0x2000'0000    0x1b  <Init block>
    .data            inited   0x2000'0000     0x4  main.o [2]
    .data            inited   0x2000'0004     0x4  main.o [2]
    .data            inited   0x2000'0008     0x4  stm32f0xx_hal.o [4]
    .data            inited   0x2000'000c     0x4  system_stm32f0xx.o [3]
    .data            inited   0x2000'0010     0x2  main.o [2]
    .data            inited   0x2000'0012     0x2  main.o [2]
    .data            inited   0x2000'0014     0x2  main.o [2]
    .data            inited   0x2000'0016     0x2  main.o [2]
    .data            inited   0x2000'0018     0x2  main.o [2]
    .data            inited   0x2000'001a     0x1  stm32f0xx_hal.o [4]
                            - 0x2000'001b    0x1b

"P2", part 2 of 3:                          0x2f8
  .bss               zero     0x2000'001c    0x60  main.o [2]
  .bss               zero     0x2000'007c    0x4c  main.o [2]
  .bss               zero     0x2000'00c8    0x48  main.o [2]
  .bss               zero     0x2000'0110    0x48  main.o [2]
  .bss               zero     0x2000'0158    0x48  main.o [2]
  .bss               zero     0x2000'01a0    0x48  main.o [2]
  .bss               zero     0x2000'01e8    0x48  main.o [2]
  .bss               zero     0x2000'0230    0x44  main.o [2]
  .bss               zero     0x2000'0274    0x40  main.o [2]
  .bss               zero     0x2000'02b4    0x10  main.o [2]
  .bss               zero     0x2000'02c4     0x8  main.o [2]
  .bss               zero     0x2000'02cc     0x8  main.o [2]
  .bss               zero     0x2000'02d4     0x8  main.o [2]
  .bss               zero     0x2000'02dc     0x8  main.o [2]
  .bss               zero     0x2000'02e4     0x8  main.o [2]
  .bss               zero     0x2000'02ec     0x8  main.o [2]
  .bss               zero     0x2000'02f4     0x4  EEPROM.o [2]
  .bss               zero     0x2000'02f8     0x4  stm32f0xx_hal.o [4]
  .bss               zero     0x2000'02fc     0x2  main.o [2]
  .bss               zero     0x2000'02fe     0x2  main.o [2]
  .bss               zero     0x2000'0300     0x2  main.o [2]
  .bss               zero     0x2000'0302     0x2  main.o [2]
  .bss               zero     0x2000'0304     0x2  stm32f0xx_it.o [2]
  .bss               zero     0x2000'0306     0x2  stm32f0xx_it.o [2]
  .bss               zero     0x2000'0308     0x2  stm32f0xx_it.o [2]
  .bss               zero     0x2000'030a     0x2  stm32f0xx_it.o [2]
  .bss               zero     0x2000'030c     0x2  stm32f0xx_it.o [2]
  .bss               zero     0x2000'030e     0x2  stm32f0xx_it.o [2]
  .bss               zero     0x2000'0310     0x1  main.o [2]
                            - 0x2000'0311   0x2f5

"P2", part 3 of 3:                          0x400
  CSTACK                      0x2000'0318   0x400  <Block>
    CSTACK           uninit   0x2000'0318   0x400  <Block tail>
                            - 0x2000'0718   0x400

Unused ranges:

         From           To    Size
         ----           --    ----
   0x800'48ae   0x800'7fff  0x3752
  0x2000'0314  0x2000'0317     0x4
  0x2000'0718  0x2000'0fff   0x8e8


*******************************************************************************
*** INIT TABLE
***

          Address      Size
          -------      ----
Zero (__iar_zero_init3)
    1 destination range, total size 0x2f5:
          0x2000'001c  0x2f5

Copy (__iar_copy_init3)
    1 source range, total size 0x1c (103% of destination):
           0x800'4840   0x1c
    1 destination range, total size 0x1b:
          0x2000'0000   0x1b



*******************************************************************************
*** MODULE SUMMARY
***

    Module                  ro code  ro data  rw data
    ------                  -------  -------  -------
command line/config:
    -------------------------------------------------
    Total:

E:\Storage_W\MEGA\Other\Amin\STM\PowerSupply_2\EWARM\PowerSupply_2\Obj\Application\EWARM: [1]
    startup_stm32f030x6.o       222
    -------------------------------------------------
    Total:                      222

E:\Storage_W\MEGA\Other\Amin\STM\PowerSupply_2\EWARM\PowerSupply_2\Obj\Application\User\Core: [2]
    EEPROM.o                    576                 4
    main.o                    3'778       18      755
    stm32f0xx_hal_msp.o         844
    stm32f0xx_it.o              740                12
    -------------------------------------------------
    Total:                    5'938       18      771

E:\Storage_W\MEGA\Other\Amin\STM\PowerSupply_2\EWARM\PowerSupply_2\Obj\Drivers\CMSIS: [3]
    system_stm32f0xx.o            2       20        4
    -------------------------------------------------
    Total:                        2       20        4

E:\Storage_W\MEGA\Other\Amin\STM\PowerSupply_2\EWARM\PowerSupply_2\Obj\Drivers\STM32F0xx_HAL_Driver: [4]
    stm32f0xx_hal.o             188        5        9
    stm32f0xx_hal_adc.o       1'328
    stm32f0xx_hal_adc_ex.o      220
    stm32f0xx_hal_cortex.o      240
    stm32f0xx_hal_dma.o         504
    stm32f0xx_hal_gpio.o        556
    stm32f0xx_hal_i2c.o       1'860
    stm32f0xx_hal_i2c_ex.o      244
    stm32f0xx_hal_rcc.o       1'616       32
    stm32f0xx_hal_rcc_ex.o      280
    stm32f0xx_hal_tim.o       2'300
    stm32f0xx_hal_tim_ex.o      220
    -------------------------------------------------
    Total:                    9'556       37        9

dl6M_tln.a: [5]
    exit.o                        8
    low_level_init.o              4
    -------------------------------------------------
    Total:                       12

m6M_tl.a: [6]
    DblAddSub.o                 436
    DblDiv.o                    194
    DblMul.o                    388
    DblToI32.o                   82
    FltToS32.o                   58
    IxxToDbl.o                   52
    IxxToFlt.o                   32
    frexp.o                      42
    ldexp.o                     112
    logx64.o                    754
    -------------------------------------------------
    Total:                    2'150

rt6M_tl.a: [7]
    ABImemcpy.o                  52
    ABImemset.o                  78
    I32DivModFast.o             224
    IntDivZer.o                   2
    cexit.o                      10
    cmain.o                      30
    copy_init3.o                 48
    cstartup_M.o                 28
    data_init.o                  40
    memset.o                     20
    zero_init3.o                 60
    -------------------------------------------------
    Total:                      592

shb_l.a: [8]
    exit.o                       20
    -------------------------------------------------
    Total:                       20

    Gaps                          2
    Linker created                        37    1'024
-----------------------------------------------------
    Grand Total:             18'494      112    1'808


*******************************************************************************
*** ENTRY LIST
***

Entry                       Address   Size  Type      Object
-----                       -------   ----  ----      ------
.iar.init_table$$Base    0x800'47b4          --   Gb  - Linker created -
.iar.init_table$$Limit   0x800'47d8          --   Gb  - Linker created -
?main                    0x800'47d9         Code  Gb  cmain.o [7]
ADC1_IRQHandler          0x800'4803         Code  Wk  startup_stm32f030x6.o [1]
ADC_DMAConvCplt          0x800'1ded   0x76  Code  Lc  stm32f0xx_hal_adc.o [4]
ADC_DMAError             0x800'1e77   0x1a  Code  Lc  stm32f0xx_hal_adc.o [4]
ADC_DMAHalfConvCplt      0x800'1e6d    0xa  Code  Lc  stm32f0xx_hal_adc.o [4]
ADC_Enable               0x800'1d27   0xb2  Code  Lc  stm32f0xx_hal_adc.o [4]
AData                   0x2000'02c4    0x8  Data  Gb  main.o [2]
AHBPrescTable            0x800'487c   0x10  Data  Gb  system_stm32f0xx.o [3]
Amp                     0x2000'02e4    0x8  Data  Gb  main.o [2]
Bytes2float              0x800'3793   0x22  Code  Gb  EEPROM.o [2]
CSTACK$$Base            0x2000'0318          --   Gb  - Linker created -
CSTACK$$Limit           0x2000'0718          --   Gb  - Linker created -
DMA1_Channel1_IRQHandler
                         0x800'46ab    0xa  Code  Gb  stm32f0xx_it.o [2]
DMA1_Channel2_3_IRQHandler
                         0x800'3ff3         Code  Wk  startup_stm32f030x6.o [1]
DMA1_Channel4_5_IRQHandler
                         0x800'43ef         Code  Wk  startup_stm32f030x6.o [1]
DMA_CalcBaseAndBitshift
                         0x800'3b3b   0x1a  Code  Lc  stm32f0xx_hal_dma.o [4]
DMA_SetConfig            0x800'3b11   0x2a  Code  Lc  stm32f0xx_hal_dma.o [4]
Disp3s                  0x2000'0014    0x2  Data  Gb  main.o [2]
DispEncI                0x2000'0302    0x2  Data  Gb  main.o [2]
DispEncV                0x2000'0300    0x2  Data  Gb  main.o [2]
EEPROM_Read              0x800'37ed   0xca  Code  Gb  EEPROM.o [2]
EEPROM_Read_NUM          0x800'37d7   0x16  Code  Gb  EEPROM.o [2]
EEPROM_Write             0x800'36a1   0xd0  Code  Gb  EEPROM.o [2]
EEPROM_Write_NUM         0x800'37b5   0x22  Code  Gb  EEPROM.o [2]
EXIS1PrePrs             0x2000'0000    0x4  Data  Gb  main.o [2]
EXIS2PrePrs             0x2000'0004    0x4  Data  Gb  main.o [2]
EXTI0_1_IRQHandler       0x800'468b    0xa  Code  Gb  stm32f0xx_it.o [2]
EXTI2_3_IRQHandler       0x800'4695    0xa  Code  Gb  stm32f0xx_it.o [2]
EXTI4_15_IRQHandler      0x800'469f    0xc  Code  Gb  stm32f0xx_it.o [2]
Enc_I                   0x2000'030e    0x2  Data  Gb  stm32f0xx_it.o [2]
Enc_V                   0x2000'030c    0x2  Data  Gb  stm32f0xx_it.o [2]
EncoderSpeed_I          0x2000'0306    0x2  Data  Gb  stm32f0xx_it.o [2]
EncoderSpeed_V          0x2000'0304    0x2  Data  Gb  stm32f0xx_it.o [2]
Error_Handler            0x800'0f6d    0x6  Code  Gb  main.o [2]
FLASH_IRQHandler         0x800'3bb3         Code  Wk  startup_stm32f030x6.o [1]
HAL_ADCEx_Calibration_Start
                         0x800'1889   0xdc  Code  Gb  stm32f0xx_hal_adc_ex.o [4]
HAL_ADC_ConfigChannel    0x800'1bd1  0x156  Code  Gb  stm32f0xx_hal_adc.o [4]
HAL_ADC_ConvCpltCallback
                         0x800'0e91    0x2  Code  Gb  main.o [2]
HAL_ADC_ConvHalfCpltCallback
                         0x800'3b61    0x2  Code  Wk  stm32f0xx_hal_adc.o [4]
HAL_ADC_ErrorCallback    0x800'3b63    0x2  Code  Wk  stm32f0xx_hal_adc.o [4]
HAL_ADC_Init             0x800'1965  0x1aa  Code  Gb  stm32f0xx_hal_adc.o [4]
HAL_ADC_MspInit          0x800'2f49   0x88  Code  Gb  stm32f0xx_hal_msp.o [2]
HAL_ADC_Start_DMA        0x800'1b1d   0xa4  Code  Gb  stm32f0xx_hal_adc.o [4]
HAL_DMA_IRQHandler       0x800'3a43   0xce  Code  Gb  stm32f0xx_hal_dma.o [4]
HAL_DMA_Init             0x800'3969   0x54  Code  Gb  stm32f0xx_hal_dma.o [4]
HAL_DMA_Start_IT         0x800'39c1   0x82  Code  Gb  stm32f0xx_hal_dma.o [4]
HAL_Delay                0x800'3ff5   0x28  Code  Wk  stm32f0xx_hal.o [4]
HAL_GPIO_EXTI_Callback   0x800'0e93   0xa2  Code  Gb  main.o [2]
HAL_GPIO_EXTI_IRQHandler
                         0x800'3553   0x1e  Code  Gb  stm32f0xx_hal_gpio.o [4]
HAL_GPIO_Init            0x800'3359  0x1b8  Code  Gb  stm32f0xx_hal_gpio.o [4]
HAL_GPIO_ReadPin         0x800'3529   0x16  Code  Gb  stm32f0xx_hal_gpio.o [4]
HAL_GPIO_WritePin        0x800'353f   0x14  Code  Gb  stm32f0xx_hal_gpio.o [4]
HAL_GetTick              0x800'395d    0xc  Code  Wk  stm32f0xx_hal.o [4]
HAL_I2CEx_ConfigAnalogFilter
                         0x800'2d51   0x64  Code  Gb  stm32f0xx_hal_i2c_ex.o [4]
HAL_I2CEx_ConfigDigitalFilter
                         0x800'2db5   0x5e  Code  Gb  stm32f0xx_hal_i2c_ex.o [4]
HAL_I2CEx_EnableFastModePlus
                         0x800'2e13   0x20  Code  Gb  stm32f0xx_hal_i2c_ex.o [4]
HAL_I2C_Init             0x800'260d   0xc6  Code  Gb  stm32f0xx_hal_i2c.o [4]
HAL_I2C_Mem_Read         0x800'2891  0x1b4  Code  Gb  stm32f0xx_hal_i2c.o [4]
HAL_I2C_Mem_Write        0x800'26e1  0x1ae  Code  Gb  stm32f0xx_hal_i2c.o [4]
HAL_I2C_MspInit          0x800'2fd1   0x60  Code  Gb  stm32f0xx_hal_msp.o [2]
HAL_IncTick              0x800'4709   0x18  Code  Wk  stm32f0xx_hal.o [4]
HAL_Init                 0x800'0f75   0x1a  Code  Gb  stm32f0xx_hal.o [4]
HAL_InitTick             0x800'3901   0x50  Code  Wk  stm32f0xx_hal.o [4]
HAL_MspInit              0x800'2f1d   0x2c  Code  Gb  stm32f0xx_hal_msp.o [2]
HAL_NVIC_EnableIRQ       0x800'332d    0xa  Code  Gb  stm32f0xx_hal_cortex.o [4]
HAL_NVIC_SetPriority     0x800'3323    0xa  Code  Gb  stm32f0xx_hal_cortex.o [4]
HAL_RCCEx_PeriphCLKConfig
                         0x800'24f5   0xf8  Code  Gb  stm32f0xx_hal_rcc_ex.o [4]
HAL_RCC_ClockConfig      0x800'231d  0x128  Code  Gb  stm32f0xx_hal_rcc.o [4]
HAL_RCC_GetSysClockFreq
                         0x800'2459   0x6c  Code  Gb  stm32f0xx_hal_rcc.o [4]
HAL_RCC_OscConfig        0x800'1ea5  0x466  Code  Gb  stm32f0xx_hal_rcc.o [4]
HAL_SYSTICK_Config       0x800'3337    0x8  Code  Gb  stm32f0xx_hal_cortex.o [4]
HAL_TIMEx_BreakCallback
                         0x800'3957    0x2  Code  Wk  stm32f0xx_hal_tim_ex.o [4]
HAL_TIMEx_CommutCallback
                         0x800'395b    0x2  Code  Wk  stm32f0xx_hal_tim_ex.o [4]
HAL_TIMEx_ConfigBreakDeadTime
                         0x800'2e9d   0x5c  Code  Gb  stm32f0xx_hal_tim_ex.o [4]
HAL_TIMEx_MasterConfigSynchronization
                         0x800'2e45   0x58  Code  Gb  stm32f0xx_hal_tim_ex.o [4]
HAL_TIM_Base_Init        0x800'0f95   0x5c  Code  Gb  stm32f0xx_hal_tim.o [4]
HAL_TIM_Base_MspInit     0x800'30f7   0x6c  Code  Gb  stm32f0xx_hal_msp.o [2]
HAL_TIM_Base_Start_IT    0x800'1021   0x56  Code  Gb  stm32f0xx_hal_tim.o [4]
HAL_TIM_Base_Stop        0x800'0ff1   0x30  Code  Gb  stm32f0xx_hal_tim.o [4]
HAL_TIM_Encoder_Init     0x800'11c9   0xc4  Code  Gb  stm32f0xx_hal_tim.o [4]
HAL_TIM_Encoder_MspInit
                         0x800'3031   0x6a  Code  Gb  stm32f0xx_hal_msp.o [2]
HAL_TIM_Encoder_Start    0x800'128d   0xe2  Code  Gb  stm32f0xx_hal_tim.o [4]
HAL_TIM_IC_CaptureCallback
                         0x800'3951    0x2  Code  Wk  stm32f0xx_hal_tim.o [4]
HAL_TIM_IRQHandler       0x800'1381  0x1ac  Code  Gb  stm32f0xx_hal_tim.o [4]
HAL_TIM_MspPostInit      0x800'3175   0xc2  Code  Gb  stm32f0xx_hal_msp.o [2]
HAL_TIM_OC_DelayElapsedCallback
                         0x800'3953    0x2  Code  Wk  stm32f0xx_hal_tim.o [4]
HAL_TIM_PWM_ConfigChannel
                         0x800'152d   0xfa  Code  Gb  stm32f0xx_hal_tim.o [4]
HAL_TIM_PWM_Init         0x800'1089   0x5c  Code  Gb  stm32f0xx_hal_tim.o [4]
HAL_TIM_PWM_MspInit      0x800'309b   0x5c  Code  Gb  stm32f0xx_hal_msp.o [2]
HAL_TIM_PWM_PulseFinishedCallback
                         0x800'3955    0x2  Code  Wk  stm32f0xx_hal_tim.o [4]
HAL_TIM_PWM_Start        0x800'10e5   0xd2  Code  Gb  stm32f0xx_hal_tim.o [4]
HAL_TIM_PeriodElapsedCallback
                         0x800'09d1  0x4b0  Code  Gb  main.o [2]
HAL_TIM_TriggerCallback
                         0x800'3959    0x2  Code  Wk  stm32f0xx_hal_tim.o [4]
HardFault_Handler        0x800'4429    0x4  Code  Gb  stm32f0xx_it.o [2]
I2C1_IRQHandler          0x800'48a5         Code  Wk  startup_stm32f030x6.o [1]
I2C_Flush_TXDR           0x800'2b4d   0x28  Code  Lc  stm32f0xx_hal_i2c.o [4]
I2C_IsAcknowledgeFailed
                         0x800'2c79   0xa2  Code  Lc  stm32f0xx_hal_i2c.o [4]
I2C_RequestMemoryRead    0x800'2acd   0x7a  Code  Lc  stm32f0xx_hal_i2c.o [4]
I2C_RequestMemoryWrite   0x800'2a51   0x7c  Code  Lc  stm32f0xx_hal_i2c.o [4]
I2C_TransferConfig       0x800'2d1d   0x2a  Code  Lc  stm32f0xx_hal_i2c.o [4]
I2C_WaitOnFlagUntilTimeout
                         0x800'2b75   0x58  Code  Lc  stm32f0xx_hal_i2c.o [4]
I2C_WaitOnSTOPFlagUntilTimeout
                         0x800'2c25   0x54  Code  Lc  stm32f0xx_hal_i2c.o [4]
I2C_WaitOnTXISFlagUntilTimeout
                         0x800'2bcd   0x58  Code  Lc  stm32f0xx_hal_i2c.o [4]
LED_Data                0x2000'001c   0x60  Data  Gb  main.o [2]
MINEncoderSpeed         0x2000'0016    0x2  Data  Gb  main.o [2]
MX_ADC_Init              0x800'01b9   0x98  Code  Lc  main.o [2]
MX_DMA_Init              0x800'054f   0x26  Code  Lc  main.o [2]
MX_GPIO_Init             0x800'0589   0xf0  Code  Lc  main.o [2]
MX_I2C1_Init             0x800'0251   0x4e  Code  Lc  main.o [2]
MX_TIM14_Init            0x800'03cd   0x24  Code  Lc  main.o [2]
MX_TIM16_Init            0x800'0411   0xa0  Code  Lc  main.o [2]
MX_TIM17_Init            0x800'04b5   0x9a  Code  Lc  main.o [2]
MX_TIM1_Init             0x800'029f   0x72  Code  Lc  main.o [2]
MX_TIM3_Init             0x800'0311   0xaa  Code  Lc  main.o [2]
Mon2Seg                  0x800'0941   0x88  Code  Gb  main.o [2]
Mon4Seg                  0x800'07a9  0x190  Code  Gb  main.o [2]
NMI_Handler              0x800'4425    0x4  Code  Gb  stm32f0xx_it.o [2]
PendSV_Handler           0x800'442f    0x2  Code  Gb  stm32f0xx_it.o [2]
RCC_IRQHandler           0x800'3beb         Code  Wk  startup_stm32f030x6.o [1]
RTC_IRQHandler           0x800'38ff         Code  Wk  startup_stm32f030x6.o [1]
Region$$Table$$Base      0x800'47b4          --   Gb  - Linker created -
Region$$Table$$Limit     0x800'47d8          --   Gb  - Linker created -
Reset_Handler            0x800'488d         Code  Wk  startup_stm32f030x6.o [1]
SPI1_IRQHandler          0x800'48a7         Code  Wk  startup_stm32f030x6.o [1]
SVC_Handler              0x800'442d    0x2  Code  Gb  stm32f0xx_it.o [2]
SampleTimeEncSpeed      0x2000'0018    0x2  Data  Gb  main.o [2]
SevSegm                  0x800'0689  0x118  Code  Gb  main.o [2]
SevSegm::Buf            0x2000'02b4   0x10  Data  Lc  main.o [2]
SysTick_Config           0x800'32f3   0x30  Code  Lc  stm32f0xx_hal_cortex.o [4]
SysTick_Handler          0x800'4431  0x25a  Code  Gb  stm32f0xx_it.o [2]
SystemClock_Config       0x800'0135   0x84  Code  Gb  main.o [2]
SystemCoreClock         0x2000'000c    0x4  Data  Gb  system_stm32f0xx.o [3]
SystemInit               0x800'48ad    0x2  Code  Gb  system_stm32f0xx.o [3]
TIM14_IRQHandler         0x800'46b5    0xa  Code  Gb  stm32f0xx_it.o [2]
TIM16_IRQHandler         0x800'48a1         Code  Wk  startup_stm32f030x6.o [1]
TIM17_IRQHandler         0x800'48a3         Code  Wk  startup_stm32f030x6.o [1]
TIM1_BRK_UP_TRG_COM_IRQHandler
                         0x800'480f         Code  Wk  startup_stm32f030x6.o [1]
TIM1_CC_IRQHandler       0x800'489d         Code  Wk  startup_stm32f030x6.o [1]
TIM3_IRQHandler          0x800'489f         Code  Wk  startup_stm32f030x6.o [1]
TIM_Base_SetConfig       0x800'162d   0x6a  Code  Gb  stm32f0xx_hal_tim.o [4]
TIM_CCxChannelCmd        0x800'1869   0x20  Code  Gb  stm32f0xx_hal_tim.o [4]
TIM_OC1_SetConfig        0x800'1697   0x70  Code  Lc  stm32f0xx_hal_tim.o [4]
TIM_OC2_SetConfig        0x800'1707   0x6e  Code  Gb  stm32f0xx_hal_tim.o [4]
TIM_OC3_SetConfig        0x800'1775   0x6a  Code  Lc  stm32f0xx_hal_tim.o [4]
TIM_OC4_SetConfig        0x800'17df   0x50  Code  Lc  stm32f0xx_hal_tim.o [4]
USART1_IRQHandler        0x800'48a9         Code  Wk  startup_stm32f030x6.o [1]
USBAmp                  0x2000'02ec    0x8  Data  Gb  main.o [2]
Volt                    0x2000'02dc    0x8  Data  Gb  main.o [2]
WWDG_IRQHandler          0x800'0f73         Code  Wk  startup_stm32f030x6.o [1]
__ICFEDIT_region_RAM_end__ {Abs}
                        0x2000'0fff         Data  Gb  <internal module>
__ICFEDIT_region_RAM_start__ {Abs}
                        0x2000'0000         Data  Gb  <internal module>
__NVIC_EnableIRQ         0x800'3269   0x18  Code  Lc  stm32f0xx_hal_cortex.o [4]
__NVIC_SetPriority       0x800'3281   0x72  Code  Lc  stm32f0xx_hal_cortex.o [4]
__aeabi_d2iz             0x800'3fa1         Code  Gb  DblToI32.o [6]
__aeabi_d2uiz            0x800'3fc5         Code  Gb  DblToI32.o [6]
__aeabi_dadd             0x800'40b7         Code  Gb  DblAddSub.o [6]
__aeabi_ddiv             0x800'3edf         Code  Gb  DblDiv.o [6]
__aeabi_dmul             0x800'426b         Code  Gb  DblMul.o [6]
__aeabi_dsub             0x800'417d         Code  Gb  DblAddSub.o [6]
__aeabi_f2iz             0x800'38c5         Code  Gb  FltToS32.o [6]
__aeabi_i2d              0x800'4411         Code  Gb  IxxToDbl.o [6]
__aeabi_idiv             0x800'35b1         Code  Gb  I32DivModFast.o [7]
__aeabi_idiv0            0x800'3be9         Code  Gb  IntDivZer.o [7]
__aeabi_idivmod          0x800'35b1         Code  Gb  I32DivModFast.o [7]
__aeabi_memcpy4          0x800'3bb5         Code  Gb  ABImemcpy.o [7]
__aeabi_memcpy8          0x800'3bb5         Code  Gb  ABImemcpy.o [7]
__aeabi_memset           0x800'3b65         Code  Gb  ABImemset.o [7]
__aeabi_ui2d             0x800'43f1         Code  Gb  IxxToDbl.o [6]
__aeabi_ui2f             0x800'3665         Code  Gb  IxxToFlt.o [6]
__aeabi_uidiv            0x800'35b7         Code  Gb  I32DivModFast.o [7]
__aeabi_uidivmod         0x800'35b7         Code  Gb  I32DivModFast.o [7]
__cmain                  0x800'47d9         Code  Gb  cmain.o [7]
__exit                   0x800'4811   0x14  Code  Gb  exit.o [8]
__iar_Log64              0x800'3bed  0x24c  Code  Lc  logx64.o [6]
__iar_Memset4_word       0x800'3b85         Code  Gb  ABImemset.o [7]
__iar_Memset_word        0x800'3b71         Code  Gb  ABImemset.o [7]
__iar_copy_init3         0x800'475d   0x30  Code  Gb  copy_init3.o [7]
__iar_d2uiz              0x800'3fc9         Code  Gb  DblToI32.o [6]
__iar_data_init3         0x800'478d   0x28  Code  Gb  data_init.o [7]
__iar_frexp              0x800'4029         Code  Gb  frexp.o [6]
__iar_frexp64            0x800'401d         Code  Gb  frexp.o [6]
__iar_frexpl             0x800'4029         Code  Gb  frexp.o [6]
__iar_ldexp64            0x800'4047         Code  Gb  ldexp.o [6]
__iar_log64              0x800'3ed5    0xa  Code  Gb  logx64.o [6]
__iar_log_medium         0x800'3ed5    0xa  Code  Gb  logx64.o [6]
__iar_log_medium64       0x800'3ed5    0xa  Code  Gb  logx64.o [6]
__iar_log_mediuml        0x800'3ed5    0xa  Code  Gb  logx64.o [6]
__iar_program_start      0x800'4825         Code  Gb  cstartup_M.o [7]
__iar_scalbln64          0x800'4047         Code  Gb  ldexp.o [6]
__iar_scalbn64           0x800'4047         Code  Gb  ldexp.o [6]
__iar_zero_init3         0x800'4721   0x3c  Code  Gb  zero_init3.o [7]
__low_level_init         0x800'47f7    0x4  Code  Gb  low_level_init.o [5]
__vector_table           0x800'0000         Data  Gb  startup_stm32f030x6.o [1]
_call_main               0x800'47e5         Code  Gb  cmain.o [7]
_exit                    0x800'4805         Code  Gb  cexit.o [7]
bytes_temp              0x2000'02f4    0x4  Data  Gb  EEPROM.o [2]
bytestowrite             0x800'3685   0x1c  Code  Gb  EEPROM.o [2]
exit                     0x800'47fb    0x8  Code  Gb  exit.o [5]
float2Bytes              0x800'3771   0x22  Code  Gb  EEPROM.o [2]
frexp                    0x800'401d         Code  Gb  frexp.o [6]
frexpl                   0x800'401d         Code  Gb  frexp.o [6]
hadc                    0x2000'0274   0x40  Data  Gb  main.o [2]
hdma_adc                0x2000'0230   0x44  Data  Gb  main.o [2]
hi2c1                   0x2000'007c   0x4c  Data  Gb  main.o [2]
htim1                   0x2000'00c8   0x48  Data  Gb  main.o [2]
htim14                  0x2000'0158   0x48  Data  Gb  main.o [2]
htim16                  0x2000'01a0   0x48  Data  Gb  main.o [2]
htim17                  0x2000'01e8   0x48  Data  Gb  main.o [2]
htim3                   0x2000'0110   0x48  Data  Gb  main.o [2]
iClkEXI                 0x2000'0012    0x2  Data  Gb  main.o [2]
iKepEXI                 0x2000'0010    0x2  Data  Gb  main.o [2]
iLED                    0x2000'02fc    0x2  Data  Gb  main.o [2]
iPrsEXIS1               0x2000'02cc    0x8  Data  Gb  main.o [2]
iPrsEXIS2               0x2000'02d4    0x8  Data  Gb  main.o [2]
iSelEXI                 0x2000'0310    0x1  Data  Gb  main.o [2]
indx                    0x2000'02fe    0x2  Data  Gb  main.o [2]
ldexp                    0x800'4047         Code  Gb  ldexp.o [6]
ldexpl                   0x800'4047         Code  Gb  ldexp.o [6]
log                      0x800'3ed5    0xa  Code  Gb  logx64.o [6]
logl                     0x800'3ed5    0xa  Code  Gb  logx64.o [6]
main                     0x800'00b1   0x84  Code  Gb  main.o [2]
memset                   0x800'1e91   0x14  Code  Gb  memset.o [7]
oldpos_I                0x2000'030a    0x2  Data  Gb  stm32f0xx_it.o [2]
oldpos_V                0x2000'0308    0x2  Data  Gb  stm32f0xx_it.o [2]
scalbln                  0x800'4047         Code  Gb  ldexp.o [6]
scalblnl                 0x800'4047         Code  Gb  ldexp.o [6]
scalbn                   0x800'4047         Code  Gb  ldexp.o [6]
scalbnl                  0x800'4047         Code  Gb  ldexp.o [6]
uwTick                  0x2000'02f8    0x4  Data  Gb  stm32f0xx_hal.o [4]
uwTickFreq              0x2000'001a    0x1  Data  Gb  stm32f0xx_hal.o [4]
uwTickPrio              0x2000'0008    0x4  Data  Gb  stm32f0xx_hal.o [4]


[1] = E:\Storage_W\MEGA\Other\Amin\STM\PowerSupply_2\EWARM\PowerSupply_2\Obj\Application\EWARM
[2] = E:\Storage_W\MEGA\Other\Amin\STM\PowerSupply_2\EWARM\PowerSupply_2\Obj\Application\User\Core
[3] = E:\Storage_W\MEGA\Other\Amin\STM\PowerSupply_2\EWARM\PowerSupply_2\Obj\Drivers\CMSIS
[4] = E:\Storage_W\MEGA\Other\Amin\STM\PowerSupply_2\EWARM\PowerSupply_2\Obj\Drivers\STM32F0xx_HAL_Driver
[5] = dl6M_tln.a
[6] = m6M_tl.a
[7] = rt6M_tl.a
[8] = shb_l.a

  18'494 bytes of readonly  code memory
     112 bytes of readonly  data memory
   1'808 bytes of readwrite data memory

Errors: none
Warnings: none
