###############################################################################
#
# IAR ELF Linker V9.30.1.335/W64 for ARM                  02/Oct/2022  11:04:40
# Copyright 2007-2022 IAR Systems AB.
#
#    Output file  =
#        E:\Storage_W\MEGA\Other\Amin\STM\PowerSupply_2\EWARM\PowerSupply_2\Exe\PowerSupply_2.out
#    Map file     =
#        E:\Storage_W\MEGA\Other\Amin\STM\PowerSupply_2\EWARM\PowerSupply_2\List\PowerSupply_2.map
#    Command line =
#        -f
#        E:\Storage_W\MEGA\Other\Amin\STM\PowerSupply_2\EWARM\PowerSupply_2\Exe\PowerSupply_2.out.rsp
#        (E:\Storage_W\MEGA\Other\Amin\STM\PowerSupply_2\EWARM\PowerSupply_2\Obj\Application\User\Core\main.o
#        E:\Storage_W\MEGA\Other\Amin\STM\PowerSupply_2\EWARM\PowerSupply_2\Obj\Application\EWARM\startup_stm32f030x6.o
#        E:\Storage_W\MEGA\Other\Amin\STM\PowerSupply_2\EWARM\PowerSupply_2\Obj\Drivers\STM32F0xx_HAL_Driver\stm32f0xx_hal.o
#        E:\Storage_W\MEGA\Other\Amin\STM\PowerSupply_2\EWARM\PowerSupply_2\Obj\Drivers\STM32F0xx_HAL_Driver\stm32f0xx_hal_adc.o
#        E:\Storage_W\MEGA\Other\Amin\STM\PowerSupply_2\EWARM\PowerSupply_2\Obj\Drivers\STM32F0xx_HAL_Driver\stm32f0xx_hal_adc_ex.o
#        E:\Storage_W\MEGA\Other\Amin\STM\PowerSupply_2\EWARM\PowerSupply_2\Obj\Drivers\STM32F0xx_HAL_Driver\stm32f0xx_hal_cortex.o
#        E:\Storage_W\MEGA\Other\Amin\STM\PowerSupply_2\EWARM\PowerSupply_2\Obj\Drivers\STM32F0xx_HAL_Driver\stm32f0xx_hal_dma.o
#        E:\Storage_W\MEGA\Other\Amin\STM\PowerSupply_2\EWARM\PowerSupply_2\Obj\Drivers\STM32F0xx_HAL_Driver\stm32f0xx_hal_exti.o
#        E:\Storage_W\MEGA\Other\Amin\STM\PowerSupply_2\EWARM\PowerSupply_2\Obj\Drivers\STM32F0xx_HAL_Driver\stm32f0xx_hal_flash.o
#        E:\Storage_W\MEGA\Other\Amin\STM\PowerSupply_2\EWARM\PowerSupply_2\Obj\Drivers\STM32F0xx_HAL_Driver\stm32f0xx_hal_flash_ex.o
#        E:\Storage_W\MEGA\Other\Amin\STM\PowerSupply_2\EWARM\PowerSupply_2\Obj\Drivers\STM32F0xx_HAL_Driver\stm32f0xx_hal_gpio.o
#        E:\Storage_W\MEGA\Other\Amin\STM\PowerSupply_2\EWARM\PowerSupply_2\Obj\Drivers\STM32F0xx_HAL_Driver\stm32f0xx_hal_i2c.o
#        E:\Storage_W\MEGA\Other\Amin\STM\PowerSupply_2\EWARM\PowerSupply_2\Obj\Drivers\STM32F0xx_HAL_Driver\stm32f0xx_hal_i2c_ex.o
#        E:\Storage_W\MEGA\Other\Amin\STM\PowerSupply_2\EWARM\PowerSupply_2\Obj\Application\User\Core\stm32f0xx_hal_msp.o
#        E:\Storage_W\MEGA\Other\Amin\STM\PowerSupply_2\EWARM\PowerSupply_2\Obj\Drivers\STM32F0xx_HAL_Driver\stm32f0xx_hal_pwr.o
#        E:\Storage_W\MEGA\Other\Amin\STM\PowerSupply_2\EWARM\PowerSupply_2\Obj\Drivers\STM32F0xx_HAL_Driver\stm32f0xx_hal_pwr_ex.o
#        E:\Storage_W\MEGA\Other\Amin\STM\PowerSupply_2\EWARM\PowerSupply_2\Obj\Drivers\STM32F0xx_HAL_Driver\stm32f0xx_hal_rcc.o
#        E:\Storage_W\MEGA\Other\Amin\STM\PowerSupply_2\EWARM\PowerSupply_2\Obj\Drivers\STM32F0xx_HAL_Driver\stm32f0xx_hal_rcc_ex.o
#        E:\Storage_W\MEGA\Other\Amin\STM\PowerSupply_2\EWARM\PowerSupply_2\Obj\Drivers\STM32F0xx_HAL_Driver\stm32f0xx_hal_tim.o
#        E:\Storage_W\MEGA\Other\Amin\STM\PowerSupply_2\EWARM\PowerSupply_2\Obj\Drivers\STM32F0xx_HAL_Driver\stm32f0xx_hal_tim_ex.o
#        E:\Storage_W\MEGA\Other\Amin\STM\PowerSupply_2\EWARM\PowerSupply_2\Obj\Application\User\Core\stm32f0xx_it.o
#        E:\Storage_W\MEGA\Other\Amin\STM\PowerSupply_2\EWARM\PowerSupply_2\Obj\Drivers\CMSIS\system_stm32f0xx.o
#        --no_out_extension -o
#        E:\Storage_W\MEGA\Other\Amin\STM\PowerSupply_2\EWARM\PowerSupply_2\Exe\PowerSupply_2.out
#        --redirect _Printf=_PrintfFullNoMb --redirect _Scanf=_ScanfFullNoMb
#        --map
#        E:\Storage_W\MEGA\Other\Amin\STM\PowerSupply_2\EWARM\PowerSupply_2\List\PowerSupply_2.map
#        --config
#        E:\Storage_W\MEGA\Other\Amin\STM\PowerSupply_2\EWARM/stm32f030x6_flash.icf
#        --semihosting --entry __iar_program_start --vfe --text_out locale
#        --cpu=Cortex-M0 --fpu=None)
#
###############################################################################

*******************************************************************************
*** RUNTIME MODEL ATTRIBUTES
***

CppFlavor       = *
__CPP_Runtime   = 1
__SystemLibrary = DLib
__dlib_version  = 6


*******************************************************************************
*** HEAP SELECTION
***

The basic heap was selected because --advanced_heap
was not specified and the application did not appear to
be primarily optimized for speed.


*******************************************************************************
*** PLACEMENT SUMMARY
***

"A0":  place at address 0x800'0000 { ro section .intvec };
"P1":  place in [from 0x800'0000 to 0x800'7fff] { ro };
define block CSTACK with size = 1K, alignment = 8 { };
define block HEAP with size = 512, alignment = 8 { };
"P2":  place in [from 0x2000'0000 to 0x2000'0fff] {
          rw, block CSTACK, block HEAP };
initialize by copy { rw };

  Section            Kind         Address    Size  Object
  -------            ----         -------    ----  ------
"A0":                                        0xb0
  .intvec            ro code   0x800'0000    0xb0  startup_stm32f030x6.o [1]
                             - 0x800'00b0    0xb0

"P1":                                      0x3047
  .text              ro code   0x800'00b0   0x95a  main.o [2]
  .text              ro code   0x800'0a0a    0x3e  packbits_init_single.o [6]
  .text              ro code   0x800'0a48    0x20  stm32f0xx_hal.o [4]
  .text              ro code   0x800'0a68   0x900  stm32f0xx_hal_tim.o [4]
  .text              ro code   0x800'1368    0xdc  stm32f0xx_hal_adc_ex.o [4]
  .text              ro code   0x800'1444   0x608  stm32f0xx_hal_adc.o [4]
  .text              ro code   0x800'1a4c    0x28  stm32f0xx_hal.o [4]
  .text              ro code   0x800'1a74    0x14  memset.o [6]
  .text              ro code   0x800'1a88   0x650  stm32f0xx_hal_rcc.o [4]
  .text              ro code   0x800'20d8   0x118  stm32f0xx_hal_rcc_ex.o [4]
  .text              ro code   0x800'21f0    0xd4  stm32f0xx_hal_i2c.o [4]
  .text              ro code   0x800'22c4    0xcc  stm32f0xx_hal_i2c_ex.o [4]
  .text              ro code   0x800'2390    0xd8  stm32f0xx_hal_tim_ex.o [4]
  .text              ro code   0x800'2468   0x340  stm32f0xx_hal_msp.o [2]
  .text              ro code   0x800'27a8    0xf0  stm32f0xx_hal_cortex.o [4]
  .text              ro code   0x800'2898   0x208  stm32f0xx_hal_gpio.o [4]
  .text              ro code   0x800'2aa0    0xe0  I32DivModFast.o [6]
  .text              ro code   0x800'2b80    0x50  stm32f0xx_hal.o [4]
  .text              ro code   0x800'2bd0     0x2  stm32f0xx_hal_tim.o [4]
  .text              ro code   0x800'2bd2     0x2  stm32f0xx_hal_tim.o [4]
  .text              ro code   0x800'2bd4     0x2  stm32f0xx_hal_tim.o [4]
  .text              ro code   0x800'2bd6     0x2  stm32f0xx_hal_tim_ex.o [4]
  .text              ro code   0x800'2bd8     0x2  stm32f0xx_hal_tim.o [4]
  .text              ro code   0x800'2bda     0x2  stm32f0xx_hal_tim_ex.o [4]
  .text              ro code   0x800'2bdc     0xc  stm32f0xx_hal.o [4]
  .text              ro code   0x800'2be8   0x1f8  stm32f0xx_hal_dma.o [4]
  .text              ro code   0x800'2de0     0x2  stm32f0xx_hal_adc.o [4]
  .text              ro code   0x800'2de2     0x2  stm32f0xx_hal_adc.o [4]
  .text              ro code   0x800'2de4     0x2  stm32f0xx_hal_adc.o [4]
  .text              ro code   0x800'2de6     0x2  startup_stm32f030x6.o [1]
  .text              ro code   0x800'2de8    0x4e  ABImemset.o [6]
  .text              ro code   0x800'2e36     0x2  startup_stm32f030x6.o [1]
  .text              ro code   0x800'2e38    0x34  ABImemcpy.o [6]
  .text              ro code   0x800'2e6c     0x2  IntDivZer.o [6]
  .text              ro code   0x800'2e6e     0x2  startup_stm32f030x6.o [1]
  .text              ro code   0x800'2e70   0x104  stm32f0xx_it.o [2]
  .text              ro code   0x800'2f74    0x18  stm32f0xx_hal.o [4]
  .text              ro code   0x800'2f8c    0x3c  zero_init3.o [6]
  .text              ro code   0x800'2fc8    0x28  data_init.o [6]
  .iar.init_table    const     0x800'2ff0    0x20  - Linker created -
  .text              ro code   0x800'3010    0x1e  cmain.o [6]
  .text              ro code   0x800'302e     0x4  low_level_init.o [5]
  .text              ro code   0x800'3032     0x8  exit.o [5]
  .text              ro code   0x800'303a     0x2  startup_stm32f030x6.o [1]
  .text              ro code   0x800'303c     0xa  cexit.o [6]
  .text              ro code   0x800'3046     0x2  startup_stm32f030x6.o [1]
  .text              ro code   0x800'3048    0x14  exit.o [7]
  .text              ro code   0x800'305c    0x1c  cstartup_M.o [6]
  .rodata            const     0x800'3078    0x10  stm32f0xx_hal_rcc.o [4]
  .rodata            const     0x800'3088    0x10  stm32f0xx_hal_rcc.o [4]
  .rodata            const     0x800'3098    0x10  system_stm32f0xx.o [3]
  .text              ro code   0x800'30a8    0x10  startup_stm32f030x6.o [1]
  .text              ro code   0x800'30b8     0x2  startup_stm32f030x6.o [1]
  .text              ro code   0x800'30ba     0x2  startup_stm32f030x6.o [1]
  .text              ro code   0x800'30bc     0x2  startup_stm32f030x6.o [1]
  .text              ro code   0x800'30be     0x2  startup_stm32f030x6.o [1]
  .text              ro code   0x800'30c0     0x2  startup_stm32f030x6.o [1]
  .text              ro code   0x800'30c2     0x2  startup_stm32f030x6.o [1]
  .text              ro code   0x800'30c4     0x2  startup_stm32f030x6.o [1]
  .text              ro code   0x800'30c6     0x2  startup_stm32f030x6.o [1]
  .text              ro code   0x800'30c8     0x2  startup_stm32f030x6.o [1]
  .text              ro code   0x800'30ca     0x2  startup_stm32f030x6.o [1]
  .text              ro code   0x800'30cc     0x2  startup_stm32f030x6.o [1]
  .text              ro code   0x800'30ce     0x2  startup_stm32f030x6.o [1]
  .text              ro code   0x800'30d0     0x2  startup_stm32f030x6.o [1]
  .text              ro code   0x800'30d4     0x2  system_stm32f0xx.o [3]
  .rodata            const     0x800'30d6     0x0  zero_init3.o [6]
  .rodata            const     0x800'30d6     0x0  packbits_init_single.o [6]
  Initializer bytes  const     0x800'30d6    0x21  <for P2-1>
                             - 0x800'30f7  0x3047

"P2", part 1 of 3:                           0x69
  P2-1                        0x2000'0000    0x69  <Init block>
    .data            inited   0x2000'0000    0x60  main.o [2]
    .data            inited   0x2000'0060     0x4  stm32f0xx_hal.o [4]
    .data            inited   0x2000'0064     0x4  system_stm32f0xx.o [3]
    .data            inited   0x2000'0068     0x1  stm32f0xx_hal.o [4]
                            - 0x2000'0069    0x69

"P2", part 2 of 3:                          0x27c
  .bss               zero     0x2000'006c    0x4c  main.o [2]
  .bss               zero     0x2000'00b8    0x48  main.o [2]
  .bss               zero     0x2000'0100    0x48  main.o [2]
  .bss               zero     0x2000'0148    0x48  main.o [2]
  .bss               zero     0x2000'0190    0x48  main.o [2]
  .bss               zero     0x2000'01d8    0x48  main.o [2]
  .bss               zero     0x2000'0220    0x44  main.o [2]
  .bss               zero     0x2000'0264    0x40  main.o [2]
  .bss               zero     0x2000'02a4    0x10  main.o [2]
  .bss               zero     0x2000'02b4     0x8  main.o [2]
  .bss               zero     0x2000'02bc     0x8  main.o [2]
  .bss               zero     0x2000'02c4     0x8  main.o [2]
  .bss               zero     0x2000'02cc     0x8  main.o [2]
  .bss               zero     0x2000'02d4     0x4  stm32f0xx_hal.o [4]
  .bss               zero     0x2000'02d8     0x2  main.o [2]
  .bss               zero     0x2000'02da     0x2  main.o [2]
  .bss               zero     0x2000'02dc     0x2  main.o [2]
  .bss               zero     0x2000'02de     0x2  main.o [2]
  .bss               zero     0x2000'02e0     0x2  stm32f0xx_it.o [2]
  .bss               zero     0x2000'02e2     0x2  stm32f0xx_it.o [2]
  .bss               zero     0x2000'02e4     0x2  stm32f0xx_it.o [2]
  .bss               zero     0x2000'02e6     0x2  stm32f0xx_it.o [2]
                            - 0x2000'02e8   0x27c

"P2", part 3 of 3:                          0x400
  CSTACK                      0x2000'02e8   0x400  <Block>
    CSTACK           uninit   0x2000'02e8   0x400  <Block tail>
                            - 0x2000'06e8   0x400

Unused ranges:

         From           To    Size
         ----           --    ----
   0x800'30f7   0x800'7fff  0x4f09
  0x2000'0069  0x2000'006b     0x3
  0x2000'06e8  0x2000'0fff   0x918


*******************************************************************************
*** INIT TABLE
***

          Address      Size
          -------      ----
Zero (__iar_zero_init3)
    1 destination range, total size 0x27c:
          0x2000'006c  0x27c

Copy/packbits (__iar_packbits_init_single3)
    1 source range, total size 0x21 (31% of destination):
           0x800'30d6   0x21
    1 destination range, total size 0x69:
          0x2000'0000   0x69



*******************************************************************************
*** MODULE SUMMARY
***

    Module                  ro code  ro data  rw data
    ------                  -------  -------  -------
command line/config:
    -------------------------------------------------
    Total:

E:\Storage_W\MEGA\Other\Amin\STM\PowerSupply_2\EWARM\PowerSupply_2\Obj\Application\EWARM: [1]
    startup_stm32f030x6.o       228
    -------------------------------------------------
    Total:                      228

E:\Storage_W\MEGA\Other\Amin\STM\PowerSupply_2\EWARM\PowerSupply_2\Obj\Application\User\Core: [2]
    main.o                    2'394       30      720
    stm32f0xx_hal_msp.o         832
    stm32f0xx_it.o              260                 8
    -------------------------------------------------
    Total:                    3'486       30      728

E:\Storage_W\MEGA\Other\Amin\STM\PowerSupply_2\EWARM\PowerSupply_2\Obj\Drivers\CMSIS: [3]
    system_stm32f0xx.o            2       17        4
    -------------------------------------------------
    Total:                        2       17        4

E:\Storage_W\MEGA\Other\Amin\STM\PowerSupply_2\EWARM\PowerSupply_2\Obj\Drivers\STM32F0xx_HAL_Driver: [4]
    stm32f0xx_hal.o             188        2        9
    stm32f0xx_hal_adc.o       1'550
    stm32f0xx_hal_adc_ex.o      220
    stm32f0xx_hal_cortex.o      240
    stm32f0xx_hal_dma.o         504
    stm32f0xx_hal_gpio.o        520
    stm32f0xx_hal_i2c.o         212
    stm32f0xx_hal_i2c_ex.o      204
    stm32f0xx_hal_rcc.o       1'616       32
    stm32f0xx_hal_rcc_ex.o      280
    stm32f0xx_hal_tim.o       2'312
    stm32f0xx_hal_tim_ex.o      220
    -------------------------------------------------
    Total:                    8'066       34        9

dl6M_tln.a: [5]
    exit.o                        8
    low_level_init.o              4
    -------------------------------------------------
    Total:                       12

rt6M_tl.a: [6]
    ABImemcpy.o                  52
    ABImemset.o                  78
    I32DivModFast.o             224
    IntDivZer.o                   2
    cexit.o                      10
    cmain.o                      30
    cstartup_M.o                 28
    data_init.o                  40
    memset.o                     20
    packbits_init_single.o       62
    zero_init3.o                 60
    -------------------------------------------------
    Total:                      606

shb_l.a: [7]
    exit.o                       20
    -------------------------------------------------
    Total:                       20

    Gaps                          2
    Linker created                        32    1'024
-----------------------------------------------------
    Grand Total:             12'422      113    1'765


*******************************************************************************
*** ENTRY LIST
***

Entry                       Address   Size  Type      Object
-----                       -------   ----  ----      ------
.iar.init_table$$Base    0x800'2ff0          --   Gb  - Linker created -
.iar.init_table$$Limit   0x800'3010          --   Gb  - Linker created -
?main                    0x800'3011         Code  Gb  cmain.o [6]
ADC1_IRQHandler          0x800'30c1         Code  Wk  startup_stm32f030x6.o [1]
ADC_DMAConvCplt          0x800'19a9   0x76  Code  Lc  stm32f0xx_hal_adc.o [4]
ADC_DMAError             0x800'1a33   0x1a  Code  Lc  stm32f0xx_hal_adc.o [4]
ADC_DMAHalfConvCplt      0x800'1a29    0xa  Code  Lc  stm32f0xx_hal_adc.o [4]
ADC_Enable               0x800'18e3   0xb2  Code  Lc  stm32f0xx_hal_adc.o [4]
AData                   0x2000'02b4    0x8  Data  Gb  main.o [2]
AHBPrescTable            0x800'3098   0x10  Data  Gb  system_stm32f0xx.o [3]
Amp                     0x2000'02c4    0x8  Data  Gb  main.o [2]
CSTACK$$Base            0x2000'02e8          --   Gb  - Linker created -
CSTACK$$Limit           0x2000'06e8          --   Gb  - Linker created -
DMA1_Channel1_IRQHandler
                         0x800'2f2f    0xa  Code  Gb  stm32f0xx_it.o [2]
DMA1_Channel2_3_IRQHandler
                         0x800'30bd         Code  Wk  startup_stm32f030x6.o [1]
DMA1_Channel4_5_IRQHandler
                         0x800'30bf         Code  Wk  startup_stm32f030x6.o [1]
DMA_CalcBaseAndBitshift
                         0x800'2dbb   0x1a  Code  Lc  stm32f0xx_hal_dma.o [4]
DMA_SetConfig            0x800'2d91   0x2a  Code  Lc  stm32f0xx_hal_dma.o [4]
DispEncI                0x2000'02de    0x2  Data  Gb  main.o [2]
DispEncV                0x2000'02dc    0x2  Data  Gb  main.o [2]
EXTI0_1_IRQHandler       0x800'3047         Code  Wk  startup_stm32f030x6.o [1]
EXTI2_3_IRQHandler       0x800'30b9         Code  Wk  startup_stm32f030x6.o [1]
EXTI4_15_IRQHandler      0x800'30bb         Code  Wk  startup_stm32f030x6.o [1]
EncoderSpeed_I          0x2000'02e4    0x2  Data  Gb  stm32f0xx_it.o [2]
EncoderSpeed_V          0x2000'02e0    0x2  Data  Gb  stm32f0xx_it.o [2]
Error_Handler            0x800'0a05    0x6  Code  Gb  main.o [2]
FLASH_IRQHandler         0x800'2e6f         Code  Wk  startup_stm32f030x6.o [1]
HAL_ADCEx_Calibration_Start
                         0x800'1369   0xdc  Code  Gb  stm32f0xx_hal_adc_ex.o [4]
HAL_ADC_ConfigChannel    0x800'178d  0x156  Code  Gb  stm32f0xx_hal_adc.o [4]
HAL_ADC_ConvCpltCallback
                         0x800'2de1    0x2  Code  Wk  stm32f0xx_hal_adc.o [4]
HAL_ADC_ConvHalfCpltCallback
                         0x800'2de3    0x2  Code  Wk  stm32f0xx_hal_adc.o [4]
HAL_ADC_ErrorCallback    0x800'2de5    0x2  Code  Wk  stm32f0xx_hal_adc.o [4]
HAL_ADC_Init             0x800'1445  0x1aa  Code  Gb  stm32f0xx_hal_adc.o [4]
HAL_ADC_MspInit          0x800'2495   0x8a  Code  Gb  stm32f0xx_hal_msp.o [2]
HAL_ADC_PollForConversion
                         0x800'15f9   0xd6  Code  Gb  stm32f0xx_hal_adc.o [4]
HAL_ADC_Start_DMA        0x800'16d5   0xa4  Code  Gb  stm32f0xx_hal_adc.o [4]
HAL_DMA_IRQHandler       0x800'2cc3   0xce  Code  Gb  stm32f0xx_hal_dma.o [4]
HAL_DMA_Init             0x800'2be9   0x54  Code  Gb  stm32f0xx_hal_dma.o [4]
HAL_DMA_Start_IT         0x800'2c41   0x82  Code  Gb  stm32f0xx_hal_dma.o [4]
HAL_Delay                0x800'1a4d   0x28  Code  Wk  stm32f0xx_hal.o [4]
HAL_GPIO_Init            0x800'2899  0x1b8  Code  Gb  stm32f0xx_hal_gpio.o [4]
HAL_GPIO_ReadPin         0x800'2a69   0x16  Code  Gb  stm32f0xx_hal_gpio.o [4]
HAL_GPIO_WritePin        0x800'2a7f   0x14  Code  Gb  stm32f0xx_hal_gpio.o [4]
HAL_GetTick              0x800'2bdd    0xc  Code  Wk  stm32f0xx_hal.o [4]
HAL_I2CEx_ConfigAnalogFilter
                         0x800'22c5   0x64  Code  Gb  stm32f0xx_hal_i2c_ex.o [4]
HAL_I2CEx_ConfigDigitalFilter
                         0x800'2329   0x5e  Code  Gb  stm32f0xx_hal_i2c_ex.o [4]
HAL_I2C_Init             0x800'21f1   0xc6  Code  Gb  stm32f0xx_hal_i2c.o [4]
HAL_I2C_MspInit          0x800'251f   0x60  Code  Gb  stm32f0xx_hal_msp.o [2]
HAL_IncTick              0x800'2f75   0x18  Code  Wk  stm32f0xx_hal.o [4]
HAL_Init                 0x800'0a49   0x1a  Code  Gb  stm32f0xx_hal.o [4]
HAL_InitTick             0x800'2b81   0x50  Code  Wk  stm32f0xx_hal.o [4]
HAL_MspInit              0x800'2469   0x2c  Code  Gb  stm32f0xx_hal_msp.o [2]
HAL_NVIC_EnableIRQ       0x800'286d    0xa  Code  Gb  stm32f0xx_hal_cortex.o [4]
HAL_NVIC_SetPriority     0x800'2863    0xa  Code  Gb  stm32f0xx_hal_cortex.o [4]
HAL_RCCEx_PeriphCLKConfig
                         0x800'20d9   0xf8  Code  Gb  stm32f0xx_hal_rcc_ex.o [4]
HAL_RCC_ClockConfig      0x800'1f01  0x128  Code  Gb  stm32f0xx_hal_rcc.o [4]
HAL_RCC_GetSysClockFreq
                         0x800'203d   0x6c  Code  Gb  stm32f0xx_hal_rcc.o [4]
HAL_RCC_OscConfig        0x800'1a89  0x466  Code  Gb  stm32f0xx_hal_rcc.o [4]
HAL_SYSTICK_Config       0x800'2877    0x8  Code  Gb  stm32f0xx_hal_cortex.o [4]
HAL_TIMEx_BreakCallback
                         0x800'2bd7    0x2  Code  Wk  stm32f0xx_hal_tim_ex.o [4]
HAL_TIMEx_CommutCallback
                         0x800'2bdb    0x2  Code  Wk  stm32f0xx_hal_tim_ex.o [4]
HAL_TIMEx_ConfigBreakDeadTime
                         0x800'23e9   0x5c  Code  Gb  stm32f0xx_hal_tim_ex.o [4]
HAL_TIMEx_MasterConfigSynchronization
                         0x800'2391   0x58  Code  Gb  stm32f0xx_hal_tim_ex.o [4]
HAL_TIM_Base_Init        0x800'0a69   0x5c  Code  Gb  stm32f0xx_hal_tim.o [4]
HAL_TIM_Base_MspInit     0x800'2639   0x6c  Code  Gb  stm32f0xx_hal_msp.o [2]
HAL_TIM_Base_Start_IT    0x800'0ac5   0x56  Code  Gb  stm32f0xx_hal_tim.o [4]
HAL_TIM_Base_Stop_IT     0x800'0b1b   0x3c  Code  Gb  stm32f0xx_hal_tim.o [4]
HAL_TIM_Encoder_Init     0x800'0ca9   0xc4  Code  Gb  stm32f0xx_hal_tim.o [4]
HAL_TIM_Encoder_MspInit
                         0x800'257f   0x60  Code  Gb  stm32f0xx_hal_msp.o [2]
HAL_TIM_Encoder_Start    0x800'0d6d   0xe2  Code  Gb  stm32f0xx_hal_tim.o [4]
HAL_TIM_IC_CaptureCallback
                         0x800'2bd1    0x2  Code  Wk  stm32f0xx_hal_tim.o [4]
HAL_TIM_IRQHandler       0x800'0e61  0x1ac  Code  Gb  stm32f0xx_hal_tim.o [4]
HAL_TIM_MspPostInit      0x800'26b5   0xc2  Code  Gb  stm32f0xx_hal_msp.o [2]
HAL_TIM_OC_DelayElapsedCallback
                         0x800'2bd3    0x2  Code  Wk  stm32f0xx_hal_tim.o [4]
HAL_TIM_PWM_ConfigChannel
                         0x800'100d   0xfa  Code  Gb  stm32f0xx_hal_tim.o [4]
HAL_TIM_PWM_Init         0x800'0b69   0x5c  Code  Gb  stm32f0xx_hal_tim.o [4]
HAL_TIM_PWM_MspInit      0x800'25df   0x5a  Code  Gb  stm32f0xx_hal_msp.o [2]
HAL_TIM_PWM_PulseFinishedCallback
                         0x800'2bd5    0x2  Code  Wk  stm32f0xx_hal_tim.o [4]
HAL_TIM_PWM_Start        0x800'0bc5   0xd2  Code  Gb  stm32f0xx_hal_tim.o [4]
HAL_TIM_PeriodElapsedCallback
                         0x800'08fd   0xe2  Code  Gb  main.o [2]
HAL_TIM_TriggerCallback
                         0x800'2bd9    0x2  Code  Wk  stm32f0xx_hal_tim.o [4]
HardFault_Handler        0x800'2e75    0x4  Code  Gb  stm32f0xx_it.o [2]
I2C1_IRQHandler          0x800'30cd         Code  Wk  startup_stm32f030x6.o [1]
LED_Data                0x2000'0000   0x60  Data  Gb  main.o [2]
MX_ADC_Init              0x800'01d1   0x9a  Code  Lc  main.o [2]
MX_DMA_Init              0x800'0563   0x26  Code  Lc  main.o [2]
MX_GPIO_Init             0x800'0595   0xaa  Code  Lc  main.o [2]
MX_I2C1_Init             0x800'026b   0x4e  Code  Lc  main.o [2]
MX_TIM14_Init            0x800'03e5   0x24  Code  Lc  main.o [2]
MX_TIM16_Init            0x800'0429   0x9a  Code  Lc  main.o [2]
MX_TIM17_Init            0x800'04c9   0x9a  Code  Lc  main.o [2]
MX_TIM1_Init             0x800'02b9   0x6e  Code  Lc  main.o [2]
MX_TIM3_Init             0x800'0327   0xa6  Code  Lc  main.o [2]
Mon4Seg                  0x800'077d  0x172  Code  Gb  main.o [2]
NMI_Handler              0x800'2e71    0x4  Code  Gb  stm32f0xx_it.o [2]
PendSV_Handler           0x800'2e7b    0x2  Code  Gb  stm32f0xx_it.o [2]
RCC_IRQHandler           0x800'303b         Code  Wk  startup_stm32f030x6.o [1]
RTC_IRQHandler           0x800'2e37         Code  Wk  startup_stm32f030x6.o [1]
Region$$Table$$Base      0x800'2ff0          --   Gb  - Linker created -
Region$$Table$$Limit     0x800'3010          --   Gb  - Linker created -
Reset_Handler            0x800'30a9         Code  Wk  startup_stm32f030x6.o [1]
SPI1_IRQHandler          0x800'30cf         Code  Wk  startup_stm32f030x6.o [1]
SVC_Handler              0x800'2e79    0x2  Code  Gb  stm32f0xx_it.o [2]
SevSegm                  0x800'0651  0x118  Code  Gb  main.o [2]
SevSegm::Buf            0x2000'02a4   0x10  Data  Lc  main.o [2]
SysTick_Config           0x800'2833   0x30  Code  Lc  stm32f0xx_hal_cortex.o [4]
SysTick_Handler          0x800'2e7d   0xb2  Code  Gb  stm32f0xx_it.o [2]
SystemClock_Config       0x800'014d   0x84  Code  Gb  main.o [2]
SystemCoreClock         0x2000'0064    0x4  Data  Gb  system_stm32f0xx.o [3]
SystemInit               0x800'30d5    0x2  Code  Gb  system_stm32f0xx.o [3]
TIM14_IRQHandler         0x800'2f39    0xa  Code  Gb  stm32f0xx_it.o [2]
TIM16_IRQHandler         0x800'30c9         Code  Wk  startup_stm32f030x6.o [1]
TIM17_IRQHandler         0x800'30cb         Code  Wk  startup_stm32f030x6.o [1]
TIM1_BRK_UP_TRG_COM_IRQHandler
                         0x800'30c3         Code  Wk  startup_stm32f030x6.o [1]
TIM1_CC_IRQHandler       0x800'30c5         Code  Wk  startup_stm32f030x6.o [1]
TIM3_IRQHandler          0x800'30c7         Code  Wk  startup_stm32f030x6.o [1]
TIM_Base_SetConfig       0x800'110d   0x6a  Code  Gb  stm32f0xx_hal_tim.o [4]
TIM_CCxChannelCmd        0x800'1349   0x20  Code  Gb  stm32f0xx_hal_tim.o [4]
TIM_OC1_SetConfig        0x800'1177   0x70  Code  Lc  stm32f0xx_hal_tim.o [4]
TIM_OC2_SetConfig        0x800'11e7   0x6e  Code  Gb  stm32f0xx_hal_tim.o [4]
TIM_OC3_SetConfig        0x800'1255   0x6a  Code  Lc  stm32f0xx_hal_tim.o [4]
TIM_OC4_SetConfig        0x800'12bf   0x50  Code  Lc  stm32f0xx_hal_tim.o [4]
USART1_IRQHandler        0x800'30d1         Code  Wk  startup_stm32f030x6.o [1]
USBAmp                  0x2000'02cc    0x8  Data  Gb  main.o [2]
Volt                    0x2000'02bc    0x8  Data  Gb  main.o [2]
WWDG_IRQHandler          0x800'2de7         Code  Wk  startup_stm32f030x6.o [1]
__ICFEDIT_region_RAM_end__ {Abs}
                        0x2000'0fff         Data  Gb  <internal module>
__ICFEDIT_region_RAM_start__ {Abs}
                        0x2000'0000         Data  Gb  <internal module>
__NVIC_EnableIRQ         0x800'27a9   0x18  Code  Lc  stm32f0xx_hal_cortex.o [4]
__NVIC_SetPriority       0x800'27c1   0x72  Code  Lc  stm32f0xx_hal_cortex.o [4]
__aeabi_idiv             0x800'2acd         Code  Gb  I32DivModFast.o [6]
__aeabi_idiv0            0x800'2e6d         Code  Gb  IntDivZer.o [6]
__aeabi_idivmod          0x800'2acd         Code  Gb  I32DivModFast.o [6]
__aeabi_memcpy4          0x800'2e39         Code  Gb  ABImemcpy.o [6]
__aeabi_memcpy8          0x800'2e39         Code  Gb  ABImemcpy.o [6]
__aeabi_memset           0x800'2de9         Code  Gb  ABImemset.o [6]
__aeabi_uidiv            0x800'2ad3         Code  Gb  I32DivModFast.o [6]
__aeabi_uidivmod         0x800'2ad3         Code  Gb  I32DivModFast.o [6]
__cmain                  0x800'3011         Code  Gb  cmain.o [6]
__exit                   0x800'3049   0x14  Code  Gb  exit.o [7]
__iar_Memset4_word       0x800'2e09         Code  Gb  ABImemset.o [6]
__iar_Memset_word        0x800'2df5         Code  Gb  ABImemset.o [6]
__iar_data_init3         0x800'2fc9   0x28  Code  Gb  data_init.o [6]
__iar_packbits_init_single3
                         0x800'0a0b   0x3e  Code  Gb  packbits_init_single.o [6]
__iar_program_start      0x800'305d         Code  Gb  cstartup_M.o [6]
__iar_zero_init3         0x800'2f8d   0x3c  Code  Gb  zero_init3.o [6]
__low_level_init         0x800'302f    0x4  Code  Gb  low_level_init.o [5]
__vector_table           0x800'0000         Data  Gb  startup_stm32f030x6.o [1]
_call_main               0x800'301d         Code  Gb  cmain.o [6]
_exit                    0x800'303d         Code  Gb  cexit.o [6]
exit                     0x800'3033    0x8  Code  Gb  exit.o [5]
hadc                    0x2000'0264   0x40  Data  Gb  main.o [2]
hdma_adc                0x2000'0220   0x44  Data  Gb  main.o [2]
hi2c1                   0x2000'006c   0x4c  Data  Gb  main.o [2]
htim1                   0x2000'00b8   0x48  Data  Gb  main.o [2]
htim14                  0x2000'0148   0x48  Data  Gb  main.o [2]
htim16                  0x2000'0190   0x48  Data  Gb  main.o [2]
htim17                  0x2000'01d8   0x48  Data  Gb  main.o [2]
htim3                   0x2000'0100   0x48  Data  Gb  main.o [2]
iLED                    0x2000'02d8    0x2  Data  Gb  main.o [2]
indx                    0x2000'02da    0x2  Data  Gb  main.o [2]
main                     0x800'00b1   0x9c  Code  Gb  main.o [2]
memset                   0x800'1a75   0x14  Code  Gb  memset.o [6]
oldpos_I                0x2000'02e6    0x2  Data  Gb  stm32f0xx_it.o [2]
oldpos_V                0x2000'02e2    0x2  Data  Gb  stm32f0xx_it.o [2]
uwTick                  0x2000'02d4    0x4  Data  Gb  stm32f0xx_hal.o [4]
uwTickFreq              0x2000'0068    0x1  Data  Gb  stm32f0xx_hal.o [4]
uwTickPrio              0x2000'0060    0x4  Data  Gb  stm32f0xx_hal.o [4]


[1] = E:\Storage_W\MEGA\Other\Amin\STM\PowerSupply_2\EWARM\PowerSupply_2\Obj\Application\EWARM
[2] = E:\Storage_W\MEGA\Other\Amin\STM\PowerSupply_2\EWARM\PowerSupply_2\Obj\Application\User\Core
[3] = E:\Storage_W\MEGA\Other\Amin\STM\PowerSupply_2\EWARM\PowerSupply_2\Obj\Drivers\CMSIS
[4] = E:\Storage_W\MEGA\Other\Amin\STM\PowerSupply_2\EWARM\PowerSupply_2\Obj\Drivers\STM32F0xx_HAL_Driver
[5] = dl6M_tln.a
[6] = rt6M_tl.a
[7] = shb_l.a

  12'422 bytes of readonly  code memory
     113 bytes of readonly  data memory
   1'765 bytes of readwrite data memory

Errors: none
Warnings: none
