###############################################################################
#
# IAR ELF Linker V9.30.1.335/W64 for ARM                  28/Nov/2022  14:58:10
# Copyright 2007-2022 IAR Systems AB.
#
#    Output file  =
#        E:\Storage_W\MEGA\Other\Amin\STM\PowerSupply_2\EWARM\PowerSupply_2\Exe\PowerSupply_2.out
#    Map file     =
#        E:\Storage_W\MEGA\Other\Amin\STM\PowerSupply_2\EWARM\PowerSupply_2\List\PowerSupply_2.map
#    Command line =
#        -f
#        E:\Storage_W\MEGA\Other\Amin\STM\PowerSupply_2\EWARM\PowerSupply_2\Exe\PowerSupply_2.out.rsp
#        (E:\Storage_W\MEGA\Other\Amin\STM\PowerSupply_2\EWARM\PowerSupply_2\Obj\Application\User\Core\main.o
#        E:\Storage_W\MEGA\Other\Amin\STM\PowerSupply_2\EWARM\PowerSupply_2\Obj\Application\User\Core\PID.o
#        E:\Storage_W\MEGA\Other\Amin\STM\PowerSupply_2\EWARM\PowerSupply_2\Obj\Application\EWARM\startup_stm32f030x6.o
#        E:\Storage_W\MEGA\Other\Amin\STM\PowerSupply_2\EWARM\PowerSupply_2\Obj\Drivers\STM32F0xx_HAL_Driver\stm32f0xx_hal.o
#        E:\Storage_W\MEGA\Other\Amin\STM\PowerSupply_2\EWARM\PowerSupply_2\Obj\Drivers\STM32F0xx_HAL_Driver\stm32f0xx_hal_adc.o
#        E:\Storage_W\MEGA\Other\Amin\STM\PowerSupply_2\EWARM\PowerSupply_2\Obj\Drivers\STM32F0xx_HAL_Driver\stm32f0xx_hal_adc_ex.o
#        E:\Storage_W\MEGA\Other\Amin\STM\PowerSupply_2\EWARM\PowerSupply_2\Obj\Drivers\STM32F0xx_HAL_Driver\stm32f0xx_hal_cortex.o
#        E:\Storage_W\MEGA\Other\Amin\STM\PowerSupply_2\EWARM\PowerSupply_2\Obj\Drivers\STM32F0xx_HAL_Driver\stm32f0xx_hal_dma.o
#        E:\Storage_W\MEGA\Other\Amin\STM\PowerSupply_2\EWARM\PowerSupply_2\Obj\Drivers\STM32F0xx_HAL_Driver\stm32f0xx_hal_exti.o
#        E:\Storage_W\MEGA\Other\Amin\STM\PowerSupply_2\EWARM\PowerSupply_2\Obj\Drivers\STM32F0xx_HAL_Driver\stm32f0xx_hal_flash.o
#        E:\Storage_W\MEGA\Other\Amin\STM\PowerSupply_2\EWARM\PowerSupply_2\Obj\Drivers\STM32F0xx_HAL_Driver\stm32f0xx_hal_flash_ex.o
#        E:\Storage_W\MEGA\Other\Amin\STM\PowerSupply_2\EWARM\PowerSupply_2\Obj\Drivers\STM32F0xx_HAL_Driver\stm32f0xx_hal_gpio.o
#        E:\Storage_W\MEGA\Other\Amin\STM\PowerSupply_2\EWARM\PowerSupply_2\Obj\Drivers\STM32F0xx_HAL_Driver\stm32f0xx_hal_i2c.o
#        E:\Storage_W\MEGA\Other\Amin\STM\PowerSupply_2\EWARM\PowerSupply_2\Obj\Drivers\STM32F0xx_HAL_Driver\stm32f0xx_hal_i2c_ex.o
#        E:\Storage_W\MEGA\Other\Amin\STM\PowerSupply_2\EWARM\PowerSupply_2\Obj\Application\User\Core\stm32f0xx_hal_msp.o
#        E:\Storage_W\MEGA\Other\Amin\STM\PowerSupply_2\EWARM\PowerSupply_2\Obj\Drivers\STM32F0xx_HAL_Driver\stm32f0xx_hal_pwr.o
#        E:\Storage_W\MEGA\Other\Amin\STM\PowerSupply_2\EWARM\PowerSupply_2\Obj\Drivers\STM32F0xx_HAL_Driver\stm32f0xx_hal_pwr_ex.o
#        E:\Storage_W\MEGA\Other\Amin\STM\PowerSupply_2\EWARM\PowerSupply_2\Obj\Drivers\STM32F0xx_HAL_Driver\stm32f0xx_hal_rcc.o
#        E:\Storage_W\MEGA\Other\Amin\STM\PowerSupply_2\EWARM\PowerSupply_2\Obj\Drivers\STM32F0xx_HAL_Driver\stm32f0xx_hal_rcc_ex.o
#        E:\Storage_W\MEGA\Other\Amin\STM\PowerSupply_2\EWARM\PowerSupply_2\Obj\Drivers\STM32F0xx_HAL_Driver\stm32f0xx_hal_tim.o
#        E:\Storage_W\MEGA\Other\Amin\STM\PowerSupply_2\EWARM\PowerSupply_2\Obj\Drivers\STM32F0xx_HAL_Driver\stm32f0xx_hal_tim_ex.o
#        E:\Storage_W\MEGA\Other\Amin\STM\PowerSupply_2\EWARM\PowerSupply_2\Obj\Application\User\Core\stm32f0xx_it.o
#        E:\Storage_W\MEGA\Other\Amin\STM\PowerSupply_2\EWARM\PowerSupply_2\Obj\Drivers\CMSIS\system_stm32f0xx.o
#        --no_out_extension -o
#        E:\Storage_W\MEGA\Other\Amin\STM\PowerSupply_2\EWARM\PowerSupply_2\Exe\PowerSupply_2.out
#        --redirect _Printf=_PrintfFullNoMb --redirect _Scanf=_ScanfFullNoMb
#        --map
#        E:\Storage_W\MEGA\Other\Amin\STM\PowerSupply_2\EWARM\PowerSupply_2\List\PowerSupply_2.map
#        --config
#        E:\Storage_W\MEGA\Other\Amin\STM\PowerSupply_2\EWARM/stm32f030x6_flash.icf
#        --semihosting --entry __iar_program_start --no_vfe --text_out locale
#        --cpu=Cortex-M0 --fpu=None)
#
###############################################################################

*******************************************************************************
*** RUNTIME MODEL ATTRIBUTES
***

CppFlavor       = *
__CPP_Runtime   = 1
__SystemLibrary = DLib
__dlib_version  = 6


*******************************************************************************
*** HEAP SELECTION
***

The basic heap was selected because --advanced_heap
was not specified and the application did not appear to
be primarily optimized for speed.


*******************************************************************************
*** PLACEMENT SUMMARY
***

"A0":  place at address 0x800'0000 { ro section .intvec };
"P1":  place in [from 0x800'0000 to 0x800'7fff] { ro };
define block CSTACK with size = 1K, alignment = 8 { };
define block HEAP with size = 512, alignment = 8 { };
"P2":  place in [from 0x2000'0000 to 0x2000'0fff] {
          rw, block CSTACK, block HEAP };
initialize by copy { rw };

  Section            Kind         Address    Size  Object
  -------            ----         -------    ----  ------
"A0":                                        0xb0
  .intvec            ro code   0x800'0000    0xb0  startup_stm32f030x6.o [1]
                             - 0x800'00b0    0xb0

"P1":                                      0x4b86
  .text              ro code   0x800'00b0  0x160e  main.o [2]
  .text              ro code   0x800'16be     0x2  startup_stm32f030x6.o [1]
  .text              ro code   0x800'16c0    0x20  stm32f0xx_hal.o [4]
  .text              ro code   0x800'16e0    0xe0  I32DivModFast.o [7]
  .text              ro code   0x800'17c0   0x94c  stm32f0xx_hal_tim.o [4]
  .text              ro code   0x800'210c    0xdc  stm32f0xx_hal_adc_ex.o [4]
  .text              ro code   0x800'21e8   0x548  stm32f0xx_hal_adc.o [4]
  .text              ro code   0x800'2730   0x10c  PID.o [2]
  .text              ro code   0x800'283c    0x14  memset.o [7]
  .text              ro code   0x800'2850   0x69c  stm32f0xx_hal_rcc.o [4]
  .text              ro code   0x800'2eec   0x130  stm32f0xx_hal_rcc_ex.o [4]
  .text              ro code   0x800'301c   0x740  stm32f0xx_hal_i2c.o [4]
  .text              ro code   0x800'375c    0xf8  stm32f0xx_hal_i2c_ex.o [4]
  .text              ro code   0x800'3854    0xdc  stm32f0xx_hal_tim_ex.o [4]
  .text              ro code   0x800'3930   0x374  stm32f0xx_hal_msp.o [2]
  .text              ro code   0x800'3ca4   0x104  stm32f0xx_hal_cortex.o [4]
  .text              ro code   0x800'3da8   0x260  stm32f0xx_hal_gpio.o [4]
  .text              ro code   0x800'4008    0x36  IxxToFlt.o [6]
  .text              ro code   0x800'403e     0x2  startup_stm32f030x6.o [1]
  .text              ro code   0x800'4040    0x3a  FltToS32.o [6]
  .text              ro code   0x800'407a    0xb0  FltMul.o [6]
  .text              ro code   0x800'412a   0x120  FltAddSub.o [6]
  .text              ro code   0x800'424a     0x2  startup_stm32f030x6.o [1]
  .text              ro code   0x800'424c    0x50  stm32f0xx_hal.o [4]
  .text              ro code   0x800'429c     0x2  IntDivZer.o [7]
  .text              ro code   0x800'429e     0x2  stm32f0xx_hal_tim.o [4]
  .text              ro code   0x800'42a0     0x2  stm32f0xx_hal_tim.o [4]
  .text              ro code   0x800'42a2     0x2  stm32f0xx_hal_tim_ex.o [4]
  .text              ro code   0x800'42a4     0x2  stm32f0xx_hal_tim.o [4]
  .text              ro code   0x800'42a6     0x2  stm32f0xx_hal_tim_ex.o [4]
  .text              ro code   0x800'42a8     0xc  stm32f0xx_hal.o [4]
  .text              ro code   0x800'42b4   0x208  stm32f0xx_hal_dma.o [4]
  .text              ro code   0x800'44bc     0x2  stm32f0xx_hal_adc.o [4]
  .text              ro code   0x800'44be     0x2  stm32f0xx_hal_adc.o [4]
  .text              ro code   0x800'44c0    0x26  FltCmpLe.o [6]
  .text              ro code   0x800'44e6    0xa4  FltDiv.o [6]
  .text              ro code   0x800'458a     0x2  startup_stm32f030x6.o [1]
  .text              ro code   0x800'458c    0x4e  ABImemset.o [7]
  .text              ro code   0x800'45da     0x2  startup_stm32f030x6.o [1]
  .text              ro code   0x800'45dc    0x34  ABImemcpy.o [7]
  .text              ro code   0x800'4610   0x2b4  stm32f0xx_it.o [2]
  .text              ro code   0x800'48c4    0x20  IxxToDbl.o [6]
  .text              ro code   0x800'48e4   0x184  DblMul.o [6]
  .text              ro code   0x800'4a68    0x32  DblCmpLe.o [6]
  .text              ro code   0x800'4a9a     0x2  startup_stm32f030x6.o [1]
  .text              ro code   0x800'4a9c    0x18  stm32f0xx_hal.o [4]
  .text              ro code   0x800'4ab4    0x3c  zero_init3.o [7]
  .text              ro code   0x800'4af0    0x30  copy_init3.o [7]
  .text              ro code   0x800'4b20    0x28  data_init.o [7]
  .iar.init_table    const     0x800'4b48    0x24  - Linker created -
  .text              ro code   0x800'4b6c    0x1e  cmain.o [7]
  .text              ro code   0x800'4b8a     0x4  low_level_init.o [5]
  .text              ro code   0x800'4b8e     0x8  exit.o [5]
  .text              ro code   0x800'4b96     0x2  startup_stm32f030x6.o [1]
  .text              ro code   0x800'4b98     0xa  cexit.o [7]
  .text              ro code   0x800'4ba2     0x2  startup_stm32f030x6.o [1]
  .text              ro code   0x800'4ba4    0x14  exit.o [8]
  .text              ro code   0x800'4bb8    0x1c  cstartup_M.o [7]
  Initializer bytes  const     0x800'4bd4    0x14  <for P2-1>
  .text              ro code   0x800'4be8     0x2  startup_stm32f030x6.o [1]
  .rodata            const     0x800'4bec    0x10  stm32f0xx_hal_rcc.o [4]
  .rodata            const     0x800'4bfc    0x10  stm32f0xx_hal_rcc.o [4]
  .rodata            const     0x800'4c0c    0x10  system_stm32f0xx.o [3]
  .text              ro code   0x800'4c1c    0x10  startup_stm32f030x6.o [1]
  .text              ro code   0x800'4c2c     0x2  startup_stm32f030x6.o [1]
  .text              ro code   0x800'4c2e     0x2  startup_stm32f030x6.o [1]
  .text              ro code   0x800'4c30     0x2  startup_stm32f030x6.o [1]
  .text              ro code   0x800'4c32     0x2  startup_stm32f030x6.o [1]
  .text              ro code   0x800'4c34     0x2  system_stm32f0xx.o [3]
  .rodata            const     0x800'4c36     0x0  zero_init3.o [7]
  .rodata            const     0x800'4c36     0x0  copy_init3.o [7]
                             - 0x800'4c36  0x4b86

"P2", part 1 of 3:                           0x14
  P2-1                        0x2000'0000    0x11  <Init block>
    .data            inited   0x2000'0000     0x4  main.o [2]
    .data            inited   0x2000'0004     0x4  stm32f0xx_hal.o [4]
    .data            inited   0x2000'0008     0x4  system_stm32f0xx.o [3]
    .data            inited   0x2000'000c     0x2  main.o [2]
    .data            inited   0x2000'000e     0x2  stm32f0xx_it.o [2]
    .data            inited   0x2000'0010     0x1  stm32f0xx_hal.o [4]
                            - 0x2000'0011    0x11

"P2", part 2 of 3:                          0xacc
  .bss               zero     0x2000'0014   0x708  main.o [2]
  .bss               zero     0x2000'071c    0x64  main.o [2]
  .bss               zero     0x2000'0780    0x4c  main.o [2]
  .bss               zero     0x2000'07cc    0x48  main.o [2]
  .bss               zero     0x2000'0814    0x48  main.o [2]
  .bss               zero     0x2000'085c    0x48  main.o [2]
  .bss               zero     0x2000'08a4    0x48  main.o [2]
  .bss               zero     0x2000'08ec    0x48  main.o [2]
  .bss               zero     0x2000'0934    0x44  main.o [2]
  .bss               zero     0x2000'0978    0x40  main.o [2]
  .bss               zero     0x2000'09b8    0x38  main.o [2]
  .bss               zero     0x2000'09f0    0x38  main.o [2]
  .bss               zero     0x2000'0a28    0x38  main.o [2]
  .bss               zero     0x2000'0a60    0x14  main.o [2]
  .bss               zero     0x2000'0a74    0x10  main.o [2]
  .bss               zero     0x2000'0a84     0xc  main.o [2]
  .bss               zero     0x2000'0a90     0xc  main.o [2]
  .bss               zero     0x2000'0a9c     0xc  main.o [2]
  .bss               zero     0x2000'0aa8     0xc  main.o [2]
  .bss               zero     0x2000'0ab4     0xc  main.o [2]
  .bss               zero     0x2000'0ac0     0x4  main.o [2]
  .bss               zero     0x2000'0ac4     0x4  main.o [2]
  .bss               zero     0x2000'0ac8     0x4  stm32f0xx_hal.o [4]
  .bss               zero     0x2000'0acc     0x2  main.o [2]
  .bss               zero     0x2000'0ace     0x2  main.o [2]
  .bss               zero     0x2000'0ad0     0x2  stm32f0xx_it.o [2]
  .bss               zero     0x2000'0ad2     0x2  stm32f0xx_it.o [2]
  .bss               zero     0x2000'0ad4     0x1  main.o [2]
  .bss               zero     0x2000'0ad5     0x1  main.o [2]
  .bss               zero     0x2000'0ad6     0x1  main.o [2]
  .bss               zero     0x2000'0ad7     0x1  main.o [2]
  .bss               zero     0x2000'0ad8     0x1  main.o [2]
  .bss               zero     0x2000'0ad9     0x1  main.o [2]
  .bss               zero     0x2000'0ada     0x1  main.o [2]
  .bss               zero     0x2000'0adb     0x1  stm32f0xx_it.o [2]
  .bss               zero     0x2000'0adc     0x1  stm32f0xx_it.o [2]
                            - 0x2000'0add   0xac9

"P2", part 3 of 3:                          0x400
  CSTACK                      0x2000'0ae0   0x400  <Block>
    CSTACK           uninit   0x2000'0ae0   0x400  <Block tail>
                            - 0x2000'0ee0   0x400

Unused ranges:

         From           To    Size
         ----           --    ----
   0x800'4c36   0x800'7fff  0x33ca
  0x2000'0ee0  0x2000'0fff   0x120


*******************************************************************************
*** INIT TABLE
***

          Address      Size
          -------      ----
Zero (__iar_zero_init3)
    1 destination range, total size 0xac9:
          0x2000'0014  0xac9

Copy (__iar_copy_init3)
    1 source range, total size 0x14 (117% of destination):
           0x800'4bd4   0x14
    1 destination range, total size 0x11:
          0x2000'0000   0x11



*******************************************************************************
*** MODULE SUMMARY
***

    Module                  ro code  ro data  rw data
    ------                  -------  -------  -------
command line/config:
    -------------------------------------------------
    Total:

E:\Storage_W\MEGA\Other\Amin\STM\PowerSupply_2\EWARM\PowerSupply_2\Obj\Application\EWARM: [1]
    startup_stm32f030x6.o       218
    -------------------------------------------------
    Total:                      218

E:\Storage_W\MEGA\Other\Amin\STM\PowerSupply_2\EWARM\PowerSupply_2\Obj\Application\User\Core: [2]
    PID.o                       268
    main.o                    5'646        6    2'757
    stm32f0xx_hal_msp.o         884
    stm32f0xx_it.o              692        2        8
    -------------------------------------------------
    Total:                    7'490        8    2'765

E:\Storage_W\MEGA\Other\Amin\STM\PowerSupply_2\EWARM\PowerSupply_2\Obj\Drivers\CMSIS: [3]
    system_stm32f0xx.o            2       20        4
    -------------------------------------------------
    Total:                        2       20        4

E:\Storage_W\MEGA\Other\Amin\STM\PowerSupply_2\EWARM\PowerSupply_2\Obj\Drivers\STM32F0xx_HAL_Driver: [4]
    stm32f0xx_hal.o             148        5        9
    stm32f0xx_hal_adc.o       1'356
    stm32f0xx_hal_adc_ex.o      220
    stm32f0xx_hal_cortex.o      260
    stm32f0xx_hal_dma.o         520
    stm32f0xx_hal_gpio.o        608
    stm32f0xx_hal_i2c.o       1'856
    stm32f0xx_hal_i2c_ex.o      248
    stm32f0xx_hal_rcc.o       1'692       32
    stm32f0xx_hal_rcc_ex.o      304
    stm32f0xx_hal_tim.o       2'386
    stm32f0xx_hal_tim_ex.o      224
    -------------------------------------------------
    Total:                    9'822       37        9

dl6M_tlf.a: [5]
    exit.o                        8
    low_level_init.o              4
    -------------------------------------------------
    Total:                       12

m6M_tl.a: [6]
    DblCmpLe.o                   50
    DblMul.o                    388
    FltAddSub.o                 288
    FltCmpLe.o                   38
    FltDiv.o                    164
    FltMul.o                    176
    FltToS32.o                   58
    IxxToDbl.o                   32
    IxxToFlt.o                   54
    -------------------------------------------------
    Total:                    1'248

rt6M_tl.a: [7]
    ABImemcpy.o                  52
    ABImemset.o                  78
    I32DivModFast.o             224
    IntDivZer.o                   2
    cexit.o                      10
    cmain.o                      30
    copy_init3.o                 48
    cstartup_M.o                 28
    data_init.o                  40
    memset.o                     20
    zero_init3.o                 60
    -------------------------------------------------
    Total:                      592

shb_l.a: [8]
    exit.o                       20
    -------------------------------------------------
    Total:                       20

    Gaps                                   2
    Linker created                        39    1'024
-----------------------------------------------------
    Grand Total:             19'404      106    3'802


*******************************************************************************
*** ENTRY LIST
***

Entry                       Address   Size  Type      Object
-----                       -------   ----  ----      ------
.iar.init_table$$Base    0x800'4b48          --   Gb  - Linker created -
.iar.init_table$$Limit   0x800'4b6c          --   Gb  - Linker created -
?main                    0x800'4b6d         Code  Gb  cmain.o [7]
ADC1_IRQHandler          0x800'4b97         Code  Wk  startup_stm32f030x6.o [1]
ADC_DMAConvCplt          0x800'2681   0x7a  Code  Lc  stm32f0xx_hal_adc.o [4]
ADC_DMAError             0x800'2713   0x1e  Code  Lc  stm32f0xx_hal_adc.o [4]
ADC_DMAHalfConvCplt      0x800'2705    0xe  Code  Lc  stm32f0xx_hal_adc.o [4]
ADC_Enable               0x800'25bd   0xb2  Code  Lc  stm32f0xx_hal_adc.o [4]
AData                   0x2000'0a84    0xc  Data  Gb  main.o [2]
AFIFO                   0x2000'0014  0x708  Data  Gb  main.o [2]
AHBPrescTable            0x800'4c0c   0x10  Data  Gb  system_stm32f0xx.o [3]
ArrNumFIFO              0x2000'0ac4    0x4  Data  Gb  main.o [2]
CSTACK$$Base            0x2000'0ae0          --   Gb  - Linker created -
CSTACK$$Limit           0x2000'0ee0          --   Gb  - Linker created -
Curr                    0x2000'0a28   0x38  Data  Gb  main.o [2]
DMA1_Channel1_IRQHandler
                         0x800'4857    0xa  Code  Gb  stm32f0xx_it.o [2]
DMA1_Channel2_3_IRQHandler
                         0x800'45db         Code  Wk  startup_stm32f030x6.o [1]
DMA1_Channel4_5_IRQHandler
                         0x800'4a9b         Code  Wk  startup_stm32f030x6.o [1]
DMA_CalcBaseAndBitshift
                         0x800'4499   0x1a  Code  Lc  stm32f0xx_hal_dma.o [4]
DMA_SetConfig            0x800'446f   0x2a  Code  Lc  stm32f0xx_hal_dma.o [4]
Delay                    0x800'06b3   0x14  Code  Gb  main.o [2]
Disp3s                  0x2000'000c    0x2  Data  Gb  main.o [2]
EXIS1PrePrs             0x2000'0a90    0xc  Data  Gb  main.o [2]
EXIS2PrePrs             0x2000'0a9c    0xc  Data  Gb  main.o [2]
EXTI0_1_IRQHandler       0x800'4837    0xa  Code  Gb  stm32f0xx_it.o [2]
EXTI2_3_IRQHandler       0x800'4841    0xa  Code  Gb  stm32f0xx_it.o [2]
EXTI4_15_IRQHandler      0x800'484b    0xc  Code  Gb  stm32f0xx_it.o [2]
Error_Handler            0x800'16b9    0x6  Code  Gb  main.o [2]
FLASH_IRQHandler         0x800'424b         Code  Wk  startup_stm32f030x6.o [1]
FirsRead                0x2000'0adc    0x1  Data  Gb  stm32f0xx_it.o [2]
HAL_ADCEx_Calibration_Start
                         0x800'210d   0xdc  Code  Gb  stm32f0xx_hal_adc_ex.o [4]
HAL_ADC_ConfigChannel    0x800'2465  0x158  Code  Gb  stm32f0xx_hal_adc.o [4]
HAL_ADC_ConvCpltCallback
                         0x800'1455  0x14e  Code  Gb  main.o [2]
HAL_ADC_ConvHalfCpltCallback
                         0x800'44bd    0x2  Code  Wk  stm32f0xx_hal_adc.o [4]
HAL_ADC_ErrorCallback    0x800'44bf    0x2  Code  Wk  stm32f0xx_hal_adc.o [4]
HAL_ADC_Init             0x800'21e9  0x1ae  Code  Gb  stm32f0xx_hal_adc.o [4]
HAL_ADC_MspInit          0x800'395d   0x88  Code  Gb  stm32f0xx_hal_msp.o [2]
HAL_ADC_Start_DMA        0x800'23a5   0xae  Code  Gb  stm32f0xx_hal_adc.o [4]
HAL_DMA_IRQHandler       0x800'4399   0xd6  Code  Gb  stm32f0xx_hal_dma.o [4]
HAL_DMA_Init             0x800'42b5   0x54  Code  Gb  stm32f0xx_hal_dma.o [4]
HAL_DMA_Start_IT         0x800'430d   0x8c  Code  Gb  stm32f0xx_hal_dma.o [4]
HAL_GPIO_EXTI_Callback   0x800'15b1   0xd0  Code  Gb  main.o [2]
HAL_GPIO_EXTI_IRQHandler
                         0x800'3fbd   0x22  Code  Gb  stm32f0xx_hal_gpio.o [4]
HAL_GPIO_Init            0x800'3da9  0x1c6  Code  Gb  stm32f0xx_hal_gpio.o [4]
HAL_GPIO_ReadPin         0x800'3f6f   0x1a  Code  Gb  stm32f0xx_hal_gpio.o [4]
HAL_GPIO_TogglePin       0x800'3fa3   0x1a  Code  Gb  stm32f0xx_hal_gpio.o [4]
HAL_GPIO_WritePin        0x800'3f89   0x1a  Code  Gb  stm32f0xx_hal_gpio.o [4]
HAL_GetTick              0x800'42a9    0xc  Code  Wk  stm32f0xx_hal.o [4]
HAL_I2CEx_ConfigAnalogFilter
                         0x800'375d   0x66  Code  Gb  stm32f0xx_hal_i2c_ex.o [4]
HAL_I2CEx_ConfigDigitalFilter
                         0x800'37c3   0x60  Code  Gb  stm32f0xx_hal_i2c_ex.o [4]
HAL_I2CEx_EnableFastModePlus
                         0x800'3823   0x20  Code  Gb  stm32f0xx_hal_i2c_ex.o [4]
HAL_I2C_Init             0x800'301d   0xc6  Code  Gb  stm32f0xx_hal_i2c.o [4]
HAL_I2C_Mem_Read         0x800'3295  0x1a8  Code  Gb  stm32f0xx_hal_i2c.o [4]
HAL_I2C_Mem_Write        0x800'30f1  0x1a4  Code  Gb  stm32f0xx_hal_i2c.o [4]
HAL_I2C_MspInit          0x800'39e5   0x60  Code  Gb  stm32f0xx_hal_msp.o [2]
HAL_IncTick              0x800'4a9d   0x18  Code  Wk  stm32f0xx_hal.o [4]
HAL_Init                 0x800'16c1   0x1a  Code  Gb  stm32f0xx_hal.o [4]
HAL_InitTick             0x800'424d   0x50  Code  Wk  stm32f0xx_hal.o [4]
HAL_MspInit              0x800'3931   0x2c  Code  Gb  stm32f0xx_hal_msp.o [2]
HAL_NVIC_EnableIRQ       0x800'3d77    0xe  Code  Gb  stm32f0xx_hal_cortex.o [4]
HAL_NVIC_SetPriority     0x800'3d63   0x14  Code  Gb  stm32f0xx_hal_cortex.o [4]
HAL_RCCEx_PeriphCLKConfig
                         0x800'2eed  0x110  Code  Gb  stm32f0xx_hal_rcc_ex.o [4]
HAL_RCC_ClockConfig      0x800'2d11  0x128  Code  Gb  stm32f0xx_hal_rcc.o [4]
HAL_RCC_GetSysClockFreq
                         0x800'2e4d   0x72  Code  Gb  stm32f0xx_hal_rcc.o [4]
HAL_RCC_OscConfig        0x800'2851  0x4ac  Code  Gb  stm32f0xx_hal_rcc.o [4]
HAL_SYSTICK_Config       0x800'3d85    0xc  Code  Gb  stm32f0xx_hal_cortex.o [4]
HAL_TIMEx_BreakCallback
                         0x800'42a3    0x2  Code  Wk  stm32f0xx_hal_tim_ex.o [4]
HAL_TIMEx_CommutCallback
                         0x800'42a7    0x2  Code  Wk  stm32f0xx_hal_tim_ex.o [4]
HAL_TIMEx_ConfigBreakDeadTime
                         0x800'38b1   0x5e  Code  Gb  stm32f0xx_hal_tim_ex.o [4]
HAL_TIMEx_MasterConfigSynchronization
                         0x800'3855   0x5c  Code  Gb  stm32f0xx_hal_tim_ex.o [4]
HAL_TIM_Base_Init        0x800'17c1   0x5c  Code  Gb  stm32f0xx_hal_tim.o [4]
HAL_TIM_Base_MspInit     0x800'3b35   0x6e  Code  Gb  stm32f0xx_hal_msp.o [2]
HAL_TIM_Base_Start_IT    0x800'184f   0x5a  Code  Gb  stm32f0xx_hal_tim.o [4]
HAL_TIM_Base_Stop        0x800'181d   0x32  Code  Gb  stm32f0xx_hal_tim.o [4]
HAL_TIM_Encoder_Init     0x800'19fd   0xc4  Code  Gb  stm32f0xx_hal_tim.o [4]
HAL_TIM_Encoder_MspInit
                         0x800'3a45   0x7c  Code  Gb  stm32f0xx_hal_msp.o [2]
HAL_TIM_Encoder_Start_IT
                         0x800'1ad1  0x12e  Code  Gb  stm32f0xx_hal_tim.o [4]
HAL_TIM_IC_CaptureCallback
                         0x800'1375   0xc0  Code  Gb  main.o [2]
HAL_TIM_IRQHandler       0x800'1bff  0x1ac  Code  Gb  stm32f0xx_hal_tim.o [4]
HAL_TIM_MspPostInit      0x800'3bb5   0xc2  Code  Gb  stm32f0xx_hal_msp.o [2]
HAL_TIM_OC_DelayElapsedCallback
                         0x800'429f    0x2  Code  Wk  stm32f0xx_hal_tim.o [4]
HAL_TIM_PWM_ConfigChannel
                         0x800'1dab   0xfc  Code  Gb  stm32f0xx_hal_tim.o [4]
HAL_TIM_PWM_Init         0x800'18b9   0x5c  Code  Gb  stm32f0xx_hal_tim.o [4]
HAL_TIM_PWM_MspInit      0x800'3ac1   0x6e  Code  Gb  stm32f0xx_hal_msp.o [2]
HAL_TIM_PWM_PulseFinishedCallback
                         0x800'42a1    0x2  Code  Wk  stm32f0xx_hal_tim.o [4]
HAL_TIM_PWM_Start        0x800'1915   0xd8  Code  Gb  stm32f0xx_hal_tim.o [4]
HAL_TIM_PeriodElapsedCallback
                         0x800'09fd  0x968  Code  Gb  main.o [2]
HAL_TIM_TriggerCallback
                         0x800'42a5    0x2  Code  Wk  stm32f0xx_hal_tim.o [4]
HardFault_Handler        0x800'4615    0x4  Code  Gb  stm32f0xx_it.o [2]
HighByte                0x2000'0ad6    0x1  Data  Gb  main.o [2]
I2C1_IRQHandler          0x800'4c2f         Code  Wk  startup_stm32f030x6.o [1]
I2C_Flush_TXDR           0x800'3559   0x28  Code  Lc  stm32f0xx_hal_i2c.o [4]
I2C_IsAcknowledgeFailed
                         0x800'3683   0xa0  Code  Lc  stm32f0xx_hal_i2c.o [4]
I2C_RequestMemoryRead    0x800'34cf   0x84  Code  Lc  stm32f0xx_hal_i2c.o [4]
I2C_RequestMemoryWrite   0x800'3449   0x86  Code  Lc  stm32f0xx_hal_i2c.o [4]
I2C_TransferConfig       0x800'3723   0x2e  Code  Lc  stm32f0xx_hal_i2c.o [4]
I2C_WaitOnFlagUntilTimeout
                         0x800'3581   0x58  Code  Lc  stm32f0xx_hal_i2c.o [4]
I2C_WaitOnSTOPFlagUntilTimeout
                         0x800'3631   0x52  Code  Lc  stm32f0xx_hal_i2c.o [4]
I2C_WaitOnTXISFlagUntilTimeout
                         0x800'35d9   0x58  Code  Lc  stm32f0xx_hal_i2c.o [4]
InitCount               0x2000'0ad0    0x2  Data  Gb  stm32f0xx_it.o [2]
InitFlag                0x2000'0adb    0x1  Data  Gb  stm32f0xx_it.o [2]
LED_Data                0x2000'071c   0x64  Data  Gb  main.o [2]
LowByte                 0x2000'0ad5    0x1  Data  Gb  main.o [2]
MX_ADC_Init              0x800'01f7   0x98  Code  Lc  main.o [2]
MX_DMA_Init              0x800'05a5   0x26  Code  Lc  main.o [2]
MX_GPIO_Init             0x800'05d9   0xda  Code  Lc  main.o [2]
MX_I2C1_Init             0x800'028f   0x4e  Code  Lc  main.o [2]
MX_TIM14_Init            0x800'0425   0x24  Code  Lc  main.o [2]
MX_TIM16_Init            0x800'0461   0x9a  Code  Lc  main.o [2]
MX_TIM17_Init            0x800'0501   0x9a  Code  Lc  main.o [2]
MX_TIM1_Init             0x800'02dd   0x6e  Code  Lc  main.o [2]
MX_TIM3_Init             0x800'036d   0xa6  Code  Lc  main.o [2]
MaxArrNumFIFO           0x2000'0000    0x4  Data  Gb  main.o [2]
MaxInitCount            0x2000'000e    0x2  Data  Gb  stm32f0xx_it.o [2]
Mon2Seg                  0x800'0969   0x86  Code  Gb  main.o [2]
Mon4Seg                  0x800'0805  0x15c  Code  Gb  main.o [2]
NMI_Handler              0x800'4611    0x4  Code  Gb  stm32f0xx_it.o [2]
PIDController_Init       0x800'2731    0xe  Code  Gb  PID.o [2]
PIDController_Update     0x800'273f   0xf8  Code  Gb  PID.o [2]
PIDEn                   0x2000'0ad9    0x1  Data  Gb  main.o [2]
PendSV_Handler           0x800'461b    0x2  Code  Gb  stm32f0xx_it.o [2]
RCC_IRQHandler           0x800'458b         Code  Wk  startup_stm32f030x6.o [1]
RTC_IRQHandler           0x800'403f         Code  Wk  startup_stm32f030x6.o [1]
Region$$Table$$Base      0x800'4b48          --   Gb  - Linker created -
Region$$Table$$Limit     0x800'4b6c          --   Gb  - Linker created -
Reset_Handler            0x800'4c1d         Code  Wk  startup_stm32f030x6.o [1]
SPI1_IRQHandler          0x800'4c31         Code  Wk  startup_stm32f030x6.o [1]
SVC_Handler              0x800'4619    0x2  Code  Gb  stm32f0xx_it.o [2]
SevSegm                  0x800'06dd  0x11c  Code  Gb  main.o [2]
SevSegm::Buf            0x2000'0a74   0x10  Data  Lc  main.o [2]
SysTick_Config           0x800'3d31   0x32  Code  Lc  stm32f0xx_hal_cortex.o [4]
SysTick_Handler          0x800'461d  0x21a  Code  Gb  stm32f0xx_it.o [2]
SystemClock_Config       0x800'0173   0x84  Code  Gb  main.o [2]
SystemCoreClock         0x2000'0008    0x4  Data  Gb  system_stm32f0xx.o [3]
SystemInit               0x800'4c35    0x2  Code  Gb  system_stm32f0xx.o [3]
TIM14_IRQHandler         0x800'4875    0xa  Code  Gb  stm32f0xx_it.o [2]
TIM16_IRQHandler         0x800'4be9         Code  Wk  startup_stm32f030x6.o [1]
TIM17_IRQHandler         0x800'4c2d         Code  Wk  startup_stm32f030x6.o [1]
TIM1_BRK_UP_TRG_COM_IRQHandler
                         0x800'4ba3         Code  Wk  startup_stm32f030x6.o [1]
TIM1_CC_IRQHandler       0x800'4861    0xa  Code  Gb  stm32f0xx_it.o [2]
TIM3_IRQHandler          0x800'486b    0xa  Code  Gb  stm32f0xx_it.o [2]
TIM_Base_SetConfig       0x800'1ead   0x6a  Code  Gb  stm32f0xx_hal_tim.o [4]
TIM_CCxChannelCmd        0x800'20e9   0x24  Code  Gb  stm32f0xx_hal_tim.o [4]
TIM_OC1_SetConfig        0x800'1f17   0x70  Code  Lc  stm32f0xx_hal_tim.o [4]
TIM_OC2_SetConfig        0x800'1f87   0x6e  Code  Gb  stm32f0xx_hal_tim.o [4]
TIM_OC3_SetConfig        0x800'1ff5   0x6a  Code  Lc  stm32f0xx_hal_tim.o [4]
TIM_OC4_SetConfig        0x800'205f   0x50  Code  Lc  stm32f0xx_hal_tim.o [4]
TempVolt                0x2000'0ad2    0x2  Data  Gb  stm32f0xx_it.o [2]
USART1_IRQHandler        0x800'4c33         Code  Wk  startup_stm32f030x6.o [1]
USBCurr                 0x2000'0a60   0x14  Data  Gb  main.o [2]
VOLT2ENC                0x2000'0ada    0x1  Data  Gb  main.o [2]
Volt                    0x2000'09f0   0x38  Data  Gb  main.o [2]
WWDG_IRQHandler          0x800'16bf         Code  Wk  startup_stm32f030x6.o [1]
__ICFEDIT_region_RAM_end__ {Abs}
                        0x2000'0fff         Data  Gb  <internal module>
__ICFEDIT_region_RAM_start__ {Abs}
                        0x2000'0000         Data  Gb  <internal module>
__NVIC_EnableIRQ         0x800'3ca5   0x18  Code  Lc  stm32f0xx_hal_cortex.o [4]
__NVIC_SetPriority       0x800'3cbd   0x74  Code  Lc  stm32f0xx_hal_cortex.o [4]
__aeabi_cdcmple          0x800'4a69         Code  Gb  DblCmpLe.o [6]
__aeabi_cfcmple          0x800'44c1         Code  Gb  FltCmpLe.o [6]
__aeabi_dmul             0x800'48e5         Code  Gb  DblMul.o [6]
__aeabi_f2iz             0x800'4041         Code  Gb  FltToS32.o [6]
__aeabi_fadd             0x800'412b         Code  Gb  FltAddSub.o [6]
__aeabi_fdiv             0x800'44e7         Code  Gb  FltDiv.o [6]
__aeabi_fmul             0x800'407b         Code  Gb  FltMul.o [6]
__aeabi_fsub             0x800'419b         Code  Gb  FltAddSub.o [6]
__aeabi_i2f              0x800'4029         Code  Gb  IxxToFlt.o [6]
__aeabi_idiv             0x800'170d         Code  Gb  I32DivModFast.o [7]
__aeabi_idiv0            0x800'429d         Code  Gb  IntDivZer.o [7]
__aeabi_idivmod          0x800'170d         Code  Gb  I32DivModFast.o [7]
__aeabi_memcpy4          0x800'45dd         Code  Gb  ABImemcpy.o [7]
__aeabi_memcpy8          0x800'45dd         Code  Gb  ABImemcpy.o [7]
__aeabi_memset           0x800'458d         Code  Gb  ABImemset.o [7]
__aeabi_ui2d             0x800'48c5         Code  Gb  IxxToDbl.o [6]
__aeabi_ui2f             0x800'4009         Code  Gb  IxxToFlt.o [6]
__aeabi_uidiv            0x800'1713         Code  Gb  I32DivModFast.o [7]
__aeabi_uidivmod         0x800'1713         Code  Gb  I32DivModFast.o [7]
__cmain                  0x800'4b6d         Code  Gb  cmain.o [7]
__exit                   0x800'4ba5   0x14  Code  Gb  exit.o [8]
__iar_Memset4_word       0x800'45ad         Code  Gb  ABImemset.o [7]
__iar_Memset_word        0x800'4599         Code  Gb  ABImemset.o [7]
__iar_copy_init3         0x800'4af1   0x30  Code  Gb  copy_init3.o [7]
__iar_data_init3         0x800'4b21   0x28  Code  Gb  data_init.o [7]
__iar_program_start      0x800'4bb9         Code  Gb  cstartup_M.o [7]
__iar_zero_init3         0x800'4ab5   0x3c  Code  Gb  zero_init3.o [7]
__low_level_init         0x800'4b8b    0x4  Code  Gb  low_level_init.o [5]
__vector_table           0x800'0000         Data  Gb  startup_stm32f030x6.o [1]
_call_main               0x800'4b79         Code  Gb  cmain.o [7]
_exit                    0x800'4b99         Code  Gb  cexit.o [7]
cH                      0x2000'0ad8    0x1  Data  Gb  main.o [2]
cL                      0x2000'0ad7    0x1  Data  Gb  main.o [2]
error                   0x2000'0ac0    0x4  Data  Gb  main.o [2]
exit                     0x800'4b8f    0x8  Code  Gb  exit.o [5]
hadc                    0x2000'0978   0x40  Data  Gb  main.o [2]
hdma_adc                0x2000'0934   0x44  Data  Gb  main.o [2]
hi2c1                   0x2000'0780   0x4c  Data  Gb  main.o [2]
htim1                   0x2000'07cc   0x48  Data  Gb  main.o [2]
htim14                  0x2000'085c   0x48  Data  Gb  main.o [2]
htim16                  0x2000'08a4   0x48  Data  Gb  main.o [2]
htim17                  0x2000'08ec   0x48  Data  Gb  main.o [2]
htim3                   0x2000'0814   0x48  Data  Gb  main.o [2]
iEXIS1Prs               0x2000'0aa8    0xc  Data  Gb  main.o [2]
iLED                    0x2000'0acc    0x2  Data  Gb  main.o [2]
iPrsEXIS2               0x2000'0ab4    0xc  Data  Gb  main.o [2]
iSelEXI                 0x2000'0ad4    0x1  Data  Gb  main.o [2]
indx                    0x2000'0ace    0x2  Data  Gb  main.o [2]
main                     0x800'00b1   0xc2  Code  Gb  main.o [2]
memset                   0x800'283d   0x14  Code  Gb  memset.o [7]
pid                     0x2000'09b8   0x38  Data  Gb  main.o [2]
uwTick                  0x2000'0ac8    0x4  Data  Gb  stm32f0xx_hal.o [4]
uwTickFreq              0x2000'0010    0x1  Data  Gb  stm32f0xx_hal.o [4]
uwTickPrio              0x2000'0004    0x4  Data  Gb  stm32f0xx_hal.o [4]


[1] = E:\Storage_W\MEGA\Other\Amin\STM\PowerSupply_2\EWARM\PowerSupply_2\Obj\Application\EWARM
[2] = E:\Storage_W\MEGA\Other\Amin\STM\PowerSupply_2\EWARM\PowerSupply_2\Obj\Application\User\Core
[3] = E:\Storage_W\MEGA\Other\Amin\STM\PowerSupply_2\EWARM\PowerSupply_2\Obj\Drivers\CMSIS
[4] = E:\Storage_W\MEGA\Other\Amin\STM\PowerSupply_2\EWARM\PowerSupply_2\Obj\Drivers\STM32F0xx_HAL_Driver
[5] = dl6M_tlf.a
[6] = m6M_tl.a
[7] = rt6M_tl.a
[8] = shb_l.a

  19'404 bytes of readonly  code memory
     106 bytes of readonly  data memory
   3'802 bytes of readwrite data memory

Errors: none
Warnings: none
