###############################################################################
#
# IAR ELF Linker V9.30.1.335/W64 for ARM                  02/Nov/2022  17:22:06
# Copyright 2007-2022 IAR Systems AB.
#
#    Output file  =
#        E:\Storage_W\MEGA\Other\Amin\STM\PowerSupply_2\EWARM\PowerSupply_2\Exe\PowerSupply_2.out
#    Map file     =
#        E:\Storage_W\MEGA\Other\Amin\STM\PowerSupply_2\EWARM\PowerSupply_2\List\PowerSupply_2.map
#    Command line =
#        -f
#        E:\Storage_W\MEGA\Other\Amin\STM\PowerSupply_2\EWARM\PowerSupply_2\Exe\PowerSupply_2.out.rsp
#        (E:\Storage_W\MEGA\Other\Amin\STM\PowerSupply_2\EWARM\PowerSupply_2\Obj\Application\User\Core\main.o
#        E:\Storage_W\MEGA\Other\Amin\STM\PowerSupply_2\EWARM\PowerSupply_2\Obj\Application\EWARM\startup_stm32f030x6.o
#        E:\Storage_W\MEGA\Other\Amin\STM\PowerSupply_2\EWARM\PowerSupply_2\Obj\Drivers\STM32F0xx_HAL_Driver\stm32f0xx_hal.o
#        E:\Storage_W\MEGA\Other\Amin\STM\PowerSupply_2\EWARM\PowerSupply_2\Obj\Drivers\STM32F0xx_HAL_Driver\stm32f0xx_hal_adc.o
#        E:\Storage_W\MEGA\Other\Amin\STM\PowerSupply_2\EWARM\PowerSupply_2\Obj\Drivers\STM32F0xx_HAL_Driver\stm32f0xx_hal_adc_ex.o
#        E:\Storage_W\MEGA\Other\Amin\STM\PowerSupply_2\EWARM\PowerSupply_2\Obj\Drivers\STM32F0xx_HAL_Driver\stm32f0xx_hal_cortex.o
#        E:\Storage_W\MEGA\Other\Amin\STM\PowerSupply_2\EWARM\PowerSupply_2\Obj\Drivers\STM32F0xx_HAL_Driver\stm32f0xx_hal_dma.o
#        E:\Storage_W\MEGA\Other\Amin\STM\PowerSupply_2\EWARM\PowerSupply_2\Obj\Drivers\STM32F0xx_HAL_Driver\stm32f0xx_hal_exti.o
#        E:\Storage_W\MEGA\Other\Amin\STM\PowerSupply_2\EWARM\PowerSupply_2\Obj\Drivers\STM32F0xx_HAL_Driver\stm32f0xx_hal_flash.o
#        E:\Storage_W\MEGA\Other\Amin\STM\PowerSupply_2\EWARM\PowerSupply_2\Obj\Drivers\STM32F0xx_HAL_Driver\stm32f0xx_hal_flash_ex.o
#        E:\Storage_W\MEGA\Other\Amin\STM\PowerSupply_2\EWARM\PowerSupply_2\Obj\Drivers\STM32F0xx_HAL_Driver\stm32f0xx_hal_gpio.o
#        E:\Storage_W\MEGA\Other\Amin\STM\PowerSupply_2\EWARM\PowerSupply_2\Obj\Drivers\STM32F0xx_HAL_Driver\stm32f0xx_hal_i2c.o
#        E:\Storage_W\MEGA\Other\Amin\STM\PowerSupply_2\EWARM\PowerSupply_2\Obj\Drivers\STM32F0xx_HAL_Driver\stm32f0xx_hal_i2c_ex.o
#        E:\Storage_W\MEGA\Other\Amin\STM\PowerSupply_2\EWARM\PowerSupply_2\Obj\Application\User\Core\stm32f0xx_hal_msp.o
#        E:\Storage_W\MEGA\Other\Amin\STM\PowerSupply_2\EWARM\PowerSupply_2\Obj\Drivers\STM32F0xx_HAL_Driver\stm32f0xx_hal_pwr.o
#        E:\Storage_W\MEGA\Other\Amin\STM\PowerSupply_2\EWARM\PowerSupply_2\Obj\Drivers\STM32F0xx_HAL_Driver\stm32f0xx_hal_pwr_ex.o
#        E:\Storage_W\MEGA\Other\Amin\STM\PowerSupply_2\EWARM\PowerSupply_2\Obj\Drivers\STM32F0xx_HAL_Driver\stm32f0xx_hal_rcc.o
#        E:\Storage_W\MEGA\Other\Amin\STM\PowerSupply_2\EWARM\PowerSupply_2\Obj\Drivers\STM32F0xx_HAL_Driver\stm32f0xx_hal_rcc_ex.o
#        E:\Storage_W\MEGA\Other\Amin\STM\PowerSupply_2\EWARM\PowerSupply_2\Obj\Drivers\STM32F0xx_HAL_Driver\stm32f0xx_hal_tim.o
#        E:\Storage_W\MEGA\Other\Amin\STM\PowerSupply_2\EWARM\PowerSupply_2\Obj\Drivers\STM32F0xx_HAL_Driver\stm32f0xx_hal_tim_ex.o
#        E:\Storage_W\MEGA\Other\Amin\STM\PowerSupply_2\EWARM\PowerSupply_2\Obj\Application\User\Core\stm32f0xx_it.o
#        E:\Storage_W\MEGA\Other\Amin\STM\PowerSupply_2\EWARM\PowerSupply_2\Obj\Drivers\CMSIS\system_stm32f0xx.o
#        --no_out_extension -o
#        E:\Storage_W\MEGA\Other\Amin\STM\PowerSupply_2\EWARM\PowerSupply_2\Exe\PowerSupply_2.out
#        --redirect _Printf=_PrintfFullNoMb --redirect _Scanf=_ScanfFullNoMb
#        --map
#        E:\Storage_W\MEGA\Other\Amin\STM\PowerSupply_2\EWARM\PowerSupply_2\List\PowerSupply_2.map
#        --config
#        E:\Storage_W\MEGA\Other\Amin\STM\PowerSupply_2\EWARM/stm32f030x6_flash.icf
#        --semihosting --entry __iar_program_start --no_vfe --text_out locale
#        --cpu=Cortex-M0 --fpu=None)
#
###############################################################################

*******************************************************************************
*** RUNTIME MODEL ATTRIBUTES
***

CppFlavor       = *
__CPP_Runtime   = 1
__SystemLibrary = DLib
__dlib_version  = 6


*******************************************************************************
*** HEAP SELECTION
***

The basic heap was selected because --advanced_heap
was not specified and the application did not appear to
be primarily optimized for speed.


*******************************************************************************
*** PLACEMENT SUMMARY
***

"A0":  place at address 0x800'0000 { ro section .intvec };
"P1":  place in [from 0x800'0000 to 0x800'7fff] { ro };
define block CSTACK with size = 1K, alignment = 8 { };
define block HEAP with size = 512, alignment = 8 { };
"P2":  place in [from 0x2000'0000 to 0x2000'0fff] {
          rw, block CSTACK, block HEAP };
initialize by copy { rw };

  Section            Kind         Address    Size  Object
  -------            ----         -------    ----  ------
"A0":                                        0xb0
  .intvec            ro code   0x800'0000    0xb0  startup_stm32f030x6.o [1]
                             - 0x800'00b0    0xb0

"P1":                                      0x45f2
  .text              ro code   0x800'00b0  0x150e  main.o [2]
  .text              ro code   0x800'15be     0x2  startup_stm32f030x6.o [1]
  .text              ro code   0x800'15c0    0x20  stm32f0xx_hal.o [4]
  .text              ro code   0x800'15e0    0xe0  I32DivModFast.o [7]
  .text              ro code   0x800'16c0   0x94c  stm32f0xx_hal_tim.o [4]
  .text              ro code   0x800'200c    0xdc  stm32f0xx_hal_adc_ex.o [4]
  .text              ro code   0x800'20e8   0x548  stm32f0xx_hal_adc.o [4]
  .text              ro code   0x800'2630    0x14  memset.o [7]
  .text              ro code   0x800'2644   0x69c  stm32f0xx_hal_rcc.o [4]
  .text              ro code   0x800'2ce0   0x130  stm32f0xx_hal_rcc_ex.o [4]
  .text              ro code   0x800'2e10   0x740  stm32f0xx_hal_i2c.o [4]
  .text              ro code   0x800'3550    0xf8  stm32f0xx_hal_i2c_ex.o [4]
  .text              ro code   0x800'3648    0xdc  stm32f0xx_hal_tim_ex.o [4]
  .text              ro code   0x800'3724   0x374  stm32f0xx_hal_msp.o [2]
  .text              ro code   0x800'3a98   0x104  stm32f0xx_hal_cortex.o [4]
  .text              ro code   0x800'3b9c   0x244  stm32f0xx_hal_gpio.o [4]
  .text              ro code   0x800'3de0    0x20  IxxToFlt.o [6]
  .text              ro code   0x800'3e00    0xb0  FltMul.o [6]
  .text              ro code   0x800'3eb0   0x120  FltAddSub.o [6]
  .text              ro code   0x800'3fd0    0x3a  FltToS32.o [6]
  .text              ro code   0x800'400a     0x2  startup_stm32f030x6.o [1]
  .text              ro code   0x800'400c    0x50  stm32f0xx_hal.o [4]
  .text              ro code   0x800'405c     0x2  IntDivZer.o [7]
  .text              ro code   0x800'405e     0x2  stm32f0xx_hal_tim.o [4]
  .text              ro code   0x800'4060     0x2  stm32f0xx_hal_tim.o [4]
  .text              ro code   0x800'4062     0x2  stm32f0xx_hal_tim_ex.o [4]
  .text              ro code   0x800'4064     0x2  stm32f0xx_hal_tim.o [4]
  .text              ro code   0x800'4066     0x2  stm32f0xx_hal_tim_ex.o [4]
  .text              ro code   0x800'4068     0xc  stm32f0xx_hal.o [4]
  .text              ro code   0x800'4074   0x208  stm32f0xx_hal_dma.o [4]
  .text              ro code   0x800'427c     0x2  stm32f0xx_hal_adc.o [4]
  .text              ro code   0x800'427e     0x2  stm32f0xx_hal_adc.o [4]
  .text              ro code   0x800'4280    0x4e  ABImemset.o [7]
  .text              ro code   0x800'42ce     0x2  startup_stm32f030x6.o [1]
  .text              ro code   0x800'42d0    0x34  ABImemcpy.o [7]
  .text              ro code   0x800'4304   0x1f4  stm32f0xx_it.o [2]
  .text              ro code   0x800'44f8    0x18  stm32f0xx_hal.o [4]
  .text              ro code   0x800'4510    0x3c  zero_init3.o [7]
  .text              ro code   0x800'454c    0x30  copy_init3.o [7]
  .text              ro code   0x800'457c    0x28  data_init.o [7]
  .iar.init_table    const     0x800'45a4    0x24  - Linker created -
  .text              ro code   0x800'45c8    0x1e  cmain.o [7]
  .text              ro code   0x800'45e6     0x4  low_level_init.o [5]
  .text              ro code   0x800'45ea     0x8  exit.o [5]
  .text              ro code   0x800'45f2     0x2  startup_stm32f030x6.o [1]
  .text              ro code   0x800'45f4     0xa  cexit.o [7]
  .text              ro code   0x800'45fe     0x2  startup_stm32f030x6.o [1]
  .text              ro code   0x800'4600    0x14  exit.o [8]
  .text              ro code   0x800'4614    0x1c  cstartup_M.o [7]
  Initializer bytes  const     0x800'4630    0x1c  <for P2-1>
  .text              ro code   0x800'464c     0x2  startup_stm32f030x6.o [1]
  .rodata            const     0x800'4650    0x10  stm32f0xx_hal_rcc.o [4]
  .rodata            const     0x800'4660    0x10  stm32f0xx_hal_rcc.o [4]
  .rodata            const     0x800'4670    0x10  system_stm32f0xx.o [3]
  .text              ro code   0x800'4680    0x10  startup_stm32f030x6.o [1]
  .text              ro code   0x800'4690     0x2  startup_stm32f030x6.o [1]
  .text              ro code   0x800'4692     0x2  startup_stm32f030x6.o [1]
  .text              ro code   0x800'4694     0x2  startup_stm32f030x6.o [1]
  .text              ro code   0x800'4696     0x2  startup_stm32f030x6.o [1]
  .text              ro code   0x800'4698     0x2  startup_stm32f030x6.o [1]
  .text              ro code   0x800'469a     0x2  startup_stm32f030x6.o [1]
  .text              ro code   0x800'469c     0x2  startup_stm32f030x6.o [1]
  .text              ro code   0x800'46a0     0x2  system_stm32f0xx.o [3]
  .rodata            const     0x800'46a2     0x0  zero_init3.o [7]
  .rodata            const     0x800'46a2     0x0  copy_init3.o [7]
                             - 0x800'46a2  0x45f2

"P2", part 1 of 3:                           0x1c
  P2-1                        0x2000'0000    0x19  <Init block>
    .data            inited   0x2000'0000     0x4  main.o [2]
    .data            inited   0x2000'0004     0x4  stm32f0xx_hal.o [4]
    .data            inited   0x2000'0008     0x4  system_stm32f0xx.o [3]
    .data            inited   0x2000'000c     0x2  main.o [2]
    .data            inited   0x2000'000e     0x2  main.o [2]
    .data            inited   0x2000'0010     0x2  main.o [2]
    .data            inited   0x2000'0012     0x2  main.o [2]
    .data            inited   0x2000'0014     0x2  main.o [2]
    .data            inited   0x2000'0016     0x2  main.o [2]
    .data            inited   0x2000'0018     0x1  stm32f0xx_hal.o [4]
                            - 0x2000'0019    0x19

"P2", part 2 of 3:                          0x374
  .bss               zero     0x2000'001c    0x64  main.o [2]
  .bss               zero     0x2000'0080    0x4c  main.o [2]
  .bss               zero     0x2000'00cc    0x48  main.o [2]
  .bss               zero     0x2000'0114    0x48  main.o [2]
  .bss               zero     0x2000'015c    0x48  main.o [2]
  .bss               zero     0x2000'01a4    0x48  main.o [2]
  .bss               zero     0x2000'01ec    0x48  main.o [2]
  .bss               zero     0x2000'0234    0x44  main.o [2]
  .bss               zero     0x2000'0278    0x40  main.o [2]
  .bss               zero     0x2000'02b8    0x24  main.o [2]
  .bss               zero     0x2000'02dc    0x24  main.o [2]
  .bss               zero     0x2000'0300    0x24  main.o [2]
  .bss               zero     0x2000'0324    0x10  main.o [2]
  .bss               zero     0x2000'0334     0xc  main.o [2]
  .bss               zero     0x2000'0340     0xc  main.o [2]
  .bss               zero     0x2000'034c     0xc  main.o [2]
  .bss               zero     0x2000'0358     0xc  main.o [2]
  .bss               zero     0x2000'0364     0xc  main.o [2]
  .bss               zero     0x2000'0370     0xc  main.o [2]
  .bss               zero     0x2000'037c     0x4  main.o [2]
  .bss               zero     0x2000'0380     0x4  stm32f0xx_hal.o [4]
  .bss               zero     0x2000'0384     0x2  main.o [2]
  .bss               zero     0x2000'0386     0x2  main.o [2]
  .bss               zero     0x2000'0388     0x1  main.o [2]
  .bss               zero     0x2000'0389     0x1  main.o [2]
  .bss               zero     0x2000'038a     0x1  main.o [2]
  .bss               zero     0x2000'038b     0x1  main.o [2]
  .bss               zero     0x2000'038c     0x1  main.o [2]
                            - 0x2000'038d   0x371

"P2", part 3 of 3:                          0x400
  CSTACK                      0x2000'0390   0x400  <Block>
    CSTACK           uninit   0x2000'0390   0x400  <Block tail>
                            - 0x2000'0790   0x400

Unused ranges:

         From           To    Size
         ----           --    ----
   0x800'46a2   0x800'7fff  0x395e
  0x2000'0790  0x2000'0fff   0x870


*******************************************************************************
*** INIT TABLE
***

          Address      Size
          -------      ----
Zero (__iar_zero_init3)
    1 destination range, total size 0x371:
          0x2000'001c  0x371

Copy (__iar_copy_init3)
    1 source range, total size 0x1c (112% of destination):
           0x800'4630   0x1c
    1 destination range, total size 0x19:
          0x2000'0000   0x19



*******************************************************************************
*** MODULE SUMMARY
***

    Module                  ro code  ro data  rw data
    ------                  -------  -------  -------
command line/config:
    -------------------------------------------------
    Total:

E:\Storage_W\MEGA\Other\Amin\STM\PowerSupply_2\EWARM\PowerSupply_2\Obj\Application\EWARM: [1]
    startup_stm32f030x6.o       218
    -------------------------------------------------
    Total:                      218

E:\Storage_W\MEGA\Other\Amin\STM\PowerSupply_2\EWARM\PowerSupply_2\Obj\Application\User\Core: [2]
    main.o                    5'390       16      893
    stm32f0xx_hal_msp.o         884
    stm32f0xx_it.o              500
    -------------------------------------------------
    Total:                    6'774       16      893

E:\Storage_W\MEGA\Other\Amin\STM\PowerSupply_2\EWARM\PowerSupply_2\Obj\Drivers\CMSIS: [3]
    system_stm32f0xx.o            2       20        4
    -------------------------------------------------
    Total:                        2       20        4

E:\Storage_W\MEGA\Other\Amin\STM\PowerSupply_2\EWARM\PowerSupply_2\Obj\Drivers\STM32F0xx_HAL_Driver: [4]
    stm32f0xx_hal.o             148        5        9
    stm32f0xx_hal_adc.o       1'356
    stm32f0xx_hal_adc_ex.o      220
    stm32f0xx_hal_cortex.o      260
    stm32f0xx_hal_dma.o         520
    stm32f0xx_hal_gpio.o        580
    stm32f0xx_hal_i2c.o       1'856
    stm32f0xx_hal_i2c_ex.o      248
    stm32f0xx_hal_rcc.o       1'692       32
    stm32f0xx_hal_rcc_ex.o      304
    stm32f0xx_hal_tim.o       2'386
    stm32f0xx_hal_tim_ex.o      224
    -------------------------------------------------
    Total:                    9'794       37        9

dl6M_tln.a: [5]
    exit.o                        8
    low_level_init.o              4
    -------------------------------------------------
    Total:                       12

m6M_tl.a: [6]
    FltAddSub.o                 288
    FltMul.o                    176
    FltToS32.o                   58
    IxxToFlt.o                   32
    -------------------------------------------------
    Total:                      554

rt6M_tl.a: [7]
    ABImemcpy.o                  52
    ABImemset.o                  78
    I32DivModFast.o             224
    IntDivZer.o                   2
    cexit.o                      10
    cmain.o                      30
    copy_init3.o                 48
    cstartup_M.o                 28
    data_init.o                  40
    memset.o                     20
    zero_init3.o                 60
    -------------------------------------------------
    Total:                      592

shb_l.a: [8]
    exit.o                       20
    -------------------------------------------------
    Total:                       20

    Gaps                          2        2
    Linker created                        39    1'024
-----------------------------------------------------
    Grand Total:             17'968      114    1'930


*******************************************************************************
*** ENTRY LIST
***

Entry                       Address   Size  Type      Object
-----                       -------   ----  ----      ------
.iar.init_table$$Base    0x800'45a4          --   Gb  - Linker created -
.iar.init_table$$Limit   0x800'45c8          --   Gb  - Linker created -
?main                    0x800'45c9         Code  Gb  cmain.o [7]
ADC1_IRQHandler          0x800'4691         Code  Wk  startup_stm32f030x6.o [1]
ADC_DMAConvCplt          0x800'2581   0x7a  Code  Lc  stm32f0xx_hal_adc.o [4]
ADC_DMAError             0x800'2613   0x1e  Code  Lc  stm32f0xx_hal_adc.o [4]
ADC_DMAHalfConvCplt      0x800'2605    0xe  Code  Lc  stm32f0xx_hal_adc.o [4]
ADC_Enable               0x800'24bd   0xb2  Code  Lc  stm32f0xx_hal_adc.o [4]
AData                   0x2000'0334    0xc  Data  Gb  main.o [2]
AHBPrescTable            0x800'4670   0x10  Data  Gb  system_stm32f0xx.o [3]
ArrNumFIFO              0x2000'0000    0x4  Data  Gb  main.o [2]
CSTACK$$Base            0x2000'0390          --   Gb  - Linker created -
CSTACK$$Limit           0x2000'0790          --   Gb  - Linker created -
Curr                    0x2000'02dc   0x24  Data  Gb  main.o [2]
DMA1_Channel1_IRQHandler
                         0x800'449b    0xa  Code  Gb  stm32f0xx_it.o [2]
DMA1_Channel2_3_IRQHandler
                         0x800'45ff         Code  Wk  startup_stm32f030x6.o [1]
DMA1_Channel4_5_IRQHandler
                         0x800'464d         Code  Wk  startup_stm32f030x6.o [1]
DMA_CalcBaseAndBitshift
                         0x800'4259   0x1a  Code  Lc  stm32f0xx_hal_dma.o [4]
DMA_SetConfig            0x800'422f   0x2a  Code  Lc  stm32f0xx_hal_dma.o [4]
Delay                    0x800'0673   0x14  Code  Gb  main.o [2]
Disp3s                  0x2000'0010    0x2  Data  Gb  main.o [2]
EXIS1PrePrs             0x2000'0340    0xc  Data  Gb  main.o [2]
EXIS2PrePrs             0x2000'034c    0xc  Data  Gb  main.o [2]
EXTI0_1_IRQHandler       0x800'447b    0xa  Code  Gb  stm32f0xx_it.o [2]
EXTI2_3_IRQHandler       0x800'4485    0xa  Code  Gb  stm32f0xx_it.o [2]
EXTI4_15_IRQHandler      0x800'448f    0xc  Code  Gb  stm32f0xx_it.o [2]
Error_Handler            0x800'15b9    0x6  Code  Gb  main.o [2]
FLASH_IRQHandler         0x800'42cf         Code  Wk  startup_stm32f030x6.o [1]
HAL_ADCEx_Calibration_Start
                         0x800'200d   0xdc  Code  Gb  stm32f0xx_hal_adc_ex.o [4]
HAL_ADC_ConfigChannel    0x800'2365  0x158  Code  Gb  stm32f0xx_hal_adc.o [4]
HAL_ADC_ConvCpltCallback
                         0x800'1415   0x90  Code  Gb  main.o [2]
HAL_ADC_ConvHalfCpltCallback
                         0x800'427d    0x2  Code  Wk  stm32f0xx_hal_adc.o [4]
HAL_ADC_ErrorCallback    0x800'427f    0x2  Code  Wk  stm32f0xx_hal_adc.o [4]
HAL_ADC_Init             0x800'20e9  0x1ae  Code  Gb  stm32f0xx_hal_adc.o [4]
HAL_ADC_MspInit          0x800'3751   0x88  Code  Gb  stm32f0xx_hal_msp.o [2]
HAL_ADC_Start_DMA        0x800'22a5   0xae  Code  Gb  stm32f0xx_hal_adc.o [4]
HAL_DMA_IRQHandler       0x800'4159   0xd6  Code  Gb  stm32f0xx_hal_dma.o [4]
HAL_DMA_Init             0x800'4075   0x54  Code  Gb  stm32f0xx_hal_dma.o [4]
HAL_DMA_Start_IT         0x800'40cd   0x8c  Code  Gb  stm32f0xx_hal_dma.o [4]
HAL_GPIO_EXTI_Callback   0x800'14ad   0xd0  Code  Gb  main.o [2]
HAL_GPIO_EXTI_IRQHandler
                         0x800'3d97   0x22  Code  Gb  stm32f0xx_hal_gpio.o [4]
HAL_GPIO_Init            0x800'3b9d  0x1c6  Code  Gb  stm32f0xx_hal_gpio.o [4]
HAL_GPIO_ReadPin         0x800'3d63   0x1a  Code  Gb  stm32f0xx_hal_gpio.o [4]
HAL_GPIO_WritePin        0x800'3d7d   0x1a  Code  Gb  stm32f0xx_hal_gpio.o [4]
HAL_GetTick              0x800'4069    0xc  Code  Wk  stm32f0xx_hal.o [4]
HAL_I2CEx_ConfigAnalogFilter
                         0x800'3551   0x66  Code  Gb  stm32f0xx_hal_i2c_ex.o [4]
HAL_I2CEx_ConfigDigitalFilter
                         0x800'35b7   0x60  Code  Gb  stm32f0xx_hal_i2c_ex.o [4]
HAL_I2CEx_EnableFastModePlus
                         0x800'3617   0x20  Code  Gb  stm32f0xx_hal_i2c_ex.o [4]
HAL_I2C_Init             0x800'2e11   0xc6  Code  Gb  stm32f0xx_hal_i2c.o [4]
HAL_I2C_Mem_Read         0x800'3089  0x1a8  Code  Gb  stm32f0xx_hal_i2c.o [4]
HAL_I2C_Mem_Write        0x800'2ee5  0x1a4  Code  Gb  stm32f0xx_hal_i2c.o [4]
HAL_I2C_MspInit          0x800'37d9   0x60  Code  Gb  stm32f0xx_hal_msp.o [2]
HAL_IncTick              0x800'44f9   0x18  Code  Wk  stm32f0xx_hal.o [4]
HAL_Init                 0x800'15c1   0x1a  Code  Gb  stm32f0xx_hal.o [4]
HAL_InitTick             0x800'400d   0x50  Code  Wk  stm32f0xx_hal.o [4]
HAL_MspInit              0x800'3725   0x2c  Code  Gb  stm32f0xx_hal_msp.o [2]
HAL_NVIC_EnableIRQ       0x800'3b6b    0xe  Code  Gb  stm32f0xx_hal_cortex.o [4]
HAL_NVIC_SetPriority     0x800'3b57   0x14  Code  Gb  stm32f0xx_hal_cortex.o [4]
HAL_RCCEx_PeriphCLKConfig
                         0x800'2ce1  0x110  Code  Gb  stm32f0xx_hal_rcc_ex.o [4]
HAL_RCC_ClockConfig      0x800'2b05  0x128  Code  Gb  stm32f0xx_hal_rcc.o [4]
HAL_RCC_GetSysClockFreq
                         0x800'2c41   0x72  Code  Gb  stm32f0xx_hal_rcc.o [4]
HAL_RCC_OscConfig        0x800'2645  0x4ac  Code  Gb  stm32f0xx_hal_rcc.o [4]
HAL_SYSTICK_Config       0x800'3b79    0xc  Code  Gb  stm32f0xx_hal_cortex.o [4]
HAL_TIMEx_BreakCallback
                         0x800'4063    0x2  Code  Wk  stm32f0xx_hal_tim_ex.o [4]
HAL_TIMEx_CommutCallback
                         0x800'4067    0x2  Code  Wk  stm32f0xx_hal_tim_ex.o [4]
HAL_TIMEx_ConfigBreakDeadTime
                         0x800'36a5   0x5e  Code  Gb  stm32f0xx_hal_tim_ex.o [4]
HAL_TIMEx_MasterConfigSynchronization
                         0x800'3649   0x5c  Code  Gb  stm32f0xx_hal_tim_ex.o [4]
HAL_TIM_Base_Init        0x800'16c1   0x5c  Code  Gb  stm32f0xx_hal_tim.o [4]
HAL_TIM_Base_MspInit     0x800'3929   0x6e  Code  Gb  stm32f0xx_hal_msp.o [2]
HAL_TIM_Base_Start_IT    0x800'174f   0x5a  Code  Gb  stm32f0xx_hal_tim.o [4]
HAL_TIM_Base_Stop        0x800'171d   0x32  Code  Gb  stm32f0xx_hal_tim.o [4]
HAL_TIM_Encoder_Init     0x800'18fd   0xc4  Code  Gb  stm32f0xx_hal_tim.o [4]
HAL_TIM_Encoder_MspInit
                         0x800'3839   0x7c  Code  Gb  stm32f0xx_hal_msp.o [2]
HAL_TIM_Encoder_Start_IT
                         0x800'19d1  0x12e  Code  Gb  stm32f0xx_hal_tim.o [4]
HAL_TIM_IC_CaptureCallback
                         0x800'132d   0xc6  Code  Gb  main.o [2]
HAL_TIM_IRQHandler       0x800'1aff  0x1ac  Code  Gb  stm32f0xx_hal_tim.o [4]
HAL_TIM_MspPostInit      0x800'39a9   0xc2  Code  Gb  stm32f0xx_hal_msp.o [2]
HAL_TIM_OC_DelayElapsedCallback
                         0x800'405f    0x2  Code  Wk  stm32f0xx_hal_tim.o [4]
HAL_TIM_PWM_ConfigChannel
                         0x800'1cab   0xfc  Code  Gb  stm32f0xx_hal_tim.o [4]
HAL_TIM_PWM_Init         0x800'17b9   0x5c  Code  Gb  stm32f0xx_hal_tim.o [4]
HAL_TIM_PWM_MspInit      0x800'38b5   0x6e  Code  Gb  stm32f0xx_hal_msp.o [2]
HAL_TIM_PWM_PulseFinishedCallback
                         0x800'4061    0x2  Code  Wk  stm32f0xx_hal_tim.o [4]
HAL_TIM_PWM_Start        0x800'1815   0xd8  Code  Gb  stm32f0xx_hal_tim.o [4]
HAL_TIM_PeriodElapsedCallback
                         0x800'09bd  0x95c  Code  Gb  main.o [2]
HAL_TIM_TriggerCallback
                         0x800'4065    0x2  Code  Wk  stm32f0xx_hal_tim.o [4]
HardFault_Handler        0x800'4309    0x4  Code  Gb  stm32f0xx_it.o [2]
HighByte                0x2000'038a    0x1  Data  Gb  main.o [2]
I2C1_IRQHandler          0x800'4699         Code  Wk  startup_stm32f030x6.o [1]
I2C_Flush_TXDR           0x800'334d   0x28  Code  Lc  stm32f0xx_hal_i2c.o [4]
I2C_IsAcknowledgeFailed
                         0x800'3477   0xa0  Code  Lc  stm32f0xx_hal_i2c.o [4]
I2C_RequestMemoryRead    0x800'32c3   0x84  Code  Lc  stm32f0xx_hal_i2c.o [4]
I2C_RequestMemoryWrite   0x800'323d   0x86  Code  Lc  stm32f0xx_hal_i2c.o [4]
I2C_TransferConfig       0x800'3517   0x2e  Code  Lc  stm32f0xx_hal_i2c.o [4]
I2C_WaitOnFlagUntilTimeout
                         0x800'3375   0x58  Code  Lc  stm32f0xx_hal_i2c.o [4]
I2C_WaitOnSTOPFlagUntilTimeout
                         0x800'3425   0x52  Code  Lc  stm32f0xx_hal_i2c.o [4]
I2C_WaitOnTXISFlagUntilTimeout
                         0x800'33cd   0x58  Code  Lc  stm32f0xx_hal_i2c.o [4]
LED_Data                0x2000'001c   0x64  Data  Gb  main.o [2]
LowByte                 0x2000'0389    0x1  Data  Gb  main.o [2]
MX_ADC_Init              0x800'01d7   0x98  Code  Lc  main.o [2]
MX_DMA_Init              0x800'055f   0x26  Code  Lc  main.o [2]
MX_GPIO_Init             0x800'0599   0xda  Code  Lc  main.o [2]
MX_I2C1_Init             0x800'026f   0x4e  Code  Lc  main.o [2]
MX_TIM14_Init            0x800'03e5   0x24  Code  Lc  main.o [2]
MX_TIM16_Init            0x800'0425   0x9a  Code  Lc  main.o [2]
MX_TIM17_Init            0x800'04c5   0x9a  Code  Lc  main.o [2]
MX_TIM1_Init             0x800'02bd   0x6e  Code  Lc  main.o [2]
MX_TIM3_Init             0x800'032b   0xa6  Code  Lc  main.o [2]
MaxEncSpeed             0x2000'0014    0x2  Data  Gb  main.o [2]
MaxSamEncTime           0x2000'0012    0x2  Data  Gb  main.o [2]
MinEncSpeed             0x2000'0016    0x2  Data  Gb  main.o [2]
Mon2Seg                  0x800'0929   0x86  Code  Gb  main.o [2]
Mon4Seg                  0x800'07c5  0x15c  Code  Gb  main.o [2]
NMI_Handler              0x800'4305    0x4  Code  Gb  stm32f0xx_it.o [2]
PendSV_Handler           0x800'430f    0x2  Code  Gb  stm32f0xx_it.o [2]
RCC_IRQHandler           0x800'45f3         Code  Wk  startup_stm32f030x6.o [1]
RTC_IRQHandler           0x800'400b         Code  Wk  startup_stm32f030x6.o [1]
Region$$Table$$Base      0x800'45a4          --   Gb  - Linker created -
Region$$Table$$Limit     0x800'45c8          --   Gb  - Linker created -
Reset_Handler            0x800'4681         Code  Wk  startup_stm32f030x6.o [1]
SPI1_IRQHandler          0x800'469b         Code  Wk  startup_stm32f030x6.o [1]
SVC_Handler              0x800'430d    0x2  Code  Gb  stm32f0xx_it.o [2]
SevSegm                  0x800'069d  0x11c  Code  Gb  main.o [2]
SevSegm::Buf            0x2000'0324   0x10  Data  Lc  main.o [2]
SumFIFO                 0x2000'0370    0xc  Data  Gb  main.o [2]
SysTick_Config           0x800'3b25   0x32  Code  Lc  stm32f0xx_hal_cortex.o [4]
SysTick_Handler          0x800'4311  0x16a  Code  Gb  stm32f0xx_it.o [2]
SystemClock_Config       0x800'0153   0x84  Code  Gb  main.o [2]
SystemCoreClock         0x2000'0008    0x4  Data  Gb  system_stm32f0xx.o [3]
SystemInit               0x800'46a1    0x2  Code  Gb  system_stm32f0xx.o [3]
TIM14_IRQHandler         0x800'44b9    0xa  Code  Gb  stm32f0xx_it.o [2]
TIM16_IRQHandler         0x800'4695         Code  Wk  startup_stm32f030x6.o [1]
TIM17_IRQHandler         0x800'4697         Code  Wk  startup_stm32f030x6.o [1]
TIM1_BRK_UP_TRG_COM_IRQHandler
                         0x800'4693         Code  Wk  startup_stm32f030x6.o [1]
TIM1_CC_IRQHandler       0x800'44a5    0xa  Code  Gb  stm32f0xx_it.o [2]
TIM3_IRQHandler          0x800'44af    0xa  Code  Gb  stm32f0xx_it.o [2]
TIM_Base_SetConfig       0x800'1dad   0x6a  Code  Gb  stm32f0xx_hal_tim.o [4]
TIM_CCxChannelCmd        0x800'1fe9   0x24  Code  Gb  stm32f0xx_hal_tim.o [4]
TIM_OC1_SetConfig        0x800'1e17   0x70  Code  Lc  stm32f0xx_hal_tim.o [4]
TIM_OC2_SetConfig        0x800'1e87   0x6e  Code  Gb  stm32f0xx_hal_tim.o [4]
TIM_OC3_SetConfig        0x800'1ef5   0x6a  Code  Lc  stm32f0xx_hal_tim.o [4]
TIM_OC4_SetConfig        0x800'1f5f   0x50  Code  Lc  stm32f0xx_hal_tim.o [4]
USART1_IRQHandler        0x800'469d         Code  Wk  startup_stm32f030x6.o [1]
USBCurr                 0x2000'0300   0x24  Data  Gb  main.o [2]
Volt                    0x2000'02b8   0x24  Data  Gb  main.o [2]
WWDG_IRQHandler          0x800'15bf         Code  Wk  startup_stm32f030x6.o [1]
__ICFEDIT_region_RAM_end__ {Abs}
                        0x2000'0fff         Data  Gb  <internal module>
__ICFEDIT_region_RAM_start__ {Abs}
                        0x2000'0000         Data  Gb  <internal module>
__NVIC_EnableIRQ         0x800'3a99   0x18  Code  Lc  stm32f0xx_hal_cortex.o [4]
__NVIC_SetPriority       0x800'3ab1   0x74  Code  Lc  stm32f0xx_hal_cortex.o [4]
__aeabi_f2iz             0x800'3fd1         Code  Gb  FltToS32.o [6]
__aeabi_fadd             0x800'3eb1         Code  Gb  FltAddSub.o [6]
__aeabi_fmul             0x800'3e01         Code  Gb  FltMul.o [6]
__aeabi_fsub             0x800'3f21         Code  Gb  FltAddSub.o [6]
__aeabi_idiv             0x800'160d         Code  Gb  I32DivModFast.o [7]
__aeabi_idiv0            0x800'405d         Code  Gb  IntDivZer.o [7]
__aeabi_idivmod          0x800'160d         Code  Gb  I32DivModFast.o [7]
__aeabi_memcpy4          0x800'42d1         Code  Gb  ABImemcpy.o [7]
__aeabi_memcpy8          0x800'42d1         Code  Gb  ABImemcpy.o [7]
__aeabi_memset           0x800'4281         Code  Gb  ABImemset.o [7]
__aeabi_ui2f             0x800'3de1         Code  Gb  IxxToFlt.o [6]
__aeabi_uidiv            0x800'1613         Code  Gb  I32DivModFast.o [7]
__aeabi_uidivmod         0x800'1613         Code  Gb  I32DivModFast.o [7]
__cmain                  0x800'45c9         Code  Gb  cmain.o [7]
__exit                   0x800'4601   0x14  Code  Gb  exit.o [8]
__iar_Memset4_word       0x800'42a1         Code  Gb  ABImemset.o [7]
__iar_Memset_word        0x800'428d         Code  Gb  ABImemset.o [7]
__iar_copy_init3         0x800'454d   0x30  Code  Gb  copy_init3.o [7]
__iar_data_init3         0x800'457d   0x28  Code  Gb  data_init.o [7]
__iar_program_start      0x800'4615         Code  Gb  cstartup_M.o [7]
__iar_zero_init3         0x800'4511   0x3c  Code  Gb  zero_init3.o [7]
__low_level_init         0x800'45e7    0x4  Code  Gb  low_level_init.o [5]
__vector_table           0x800'0000         Data  Gb  startup_stm32f030x6.o [1]
_call_main               0x800'45d5         Code  Gb  cmain.o [7]
_exit                    0x800'45f5         Code  Gb  cexit.o [7]
cH                      0x2000'038c    0x1  Data  Gb  main.o [2]
cL                      0x2000'038b    0x1  Data  Gb  main.o [2]
exit                     0x800'45eb    0x8  Code  Gb  exit.o [5]
hadc                    0x2000'0278   0x40  Data  Gb  main.o [2]
hdma_adc                0x2000'0234   0x44  Data  Gb  main.o [2]
hi2c1                   0x2000'0080   0x4c  Data  Gb  main.o [2]
htim1                   0x2000'00cc   0x48  Data  Gb  main.o [2]
htim14                  0x2000'015c   0x48  Data  Gb  main.o [2]
htim16                  0x2000'01a4   0x48  Data  Gb  main.o [2]
htim17                  0x2000'01ec   0x48  Data  Gb  main.o [2]
htim3                   0x2000'0114   0x48  Data  Gb  main.o [2]
iClkEXI                 0x2000'000e    0x2  Data  Gb  main.o [2]
iEXIS1Prs               0x2000'0358    0xc  Data  Gb  main.o [2]
iFilADC                 0x2000'037c    0x4  Data  Gb  main.o [2]
iKepEXI                 0x2000'000c    0x2  Data  Gb  main.o [2]
iLED                    0x2000'0384    0x2  Data  Gb  main.o [2]
iPrsEXIS2               0x2000'0364    0xc  Data  Gb  main.o [2]
iSelEXI                 0x2000'0388    0x1  Data  Gb  main.o [2]
indx                    0x2000'0386    0x2  Data  Gb  main.o [2]
main                     0x800'00b1   0xa2  Code  Gb  main.o [2]
memset                   0x800'2631   0x14  Code  Gb  memset.o [7]
uwTick                  0x2000'0380    0x4  Data  Gb  stm32f0xx_hal.o [4]
uwTickFreq              0x2000'0018    0x1  Data  Gb  stm32f0xx_hal.o [4]
uwTickPrio              0x2000'0004    0x4  Data  Gb  stm32f0xx_hal.o [4]


[1] = E:\Storage_W\MEGA\Other\Amin\STM\PowerSupply_2\EWARM\PowerSupply_2\Obj\Application\EWARM
[2] = E:\Storage_W\MEGA\Other\Amin\STM\PowerSupply_2\EWARM\PowerSupply_2\Obj\Application\User\Core
[3] = E:\Storage_W\MEGA\Other\Amin\STM\PowerSupply_2\EWARM\PowerSupply_2\Obj\Drivers\CMSIS
[4] = E:\Storage_W\MEGA\Other\Amin\STM\PowerSupply_2\EWARM\PowerSupply_2\Obj\Drivers\STM32F0xx_HAL_Driver
[5] = dl6M_tln.a
[6] = m6M_tl.a
[7] = rt6M_tl.a
[8] = shb_l.a

  17'968 bytes of readonly  code memory
     114 bytes of readonly  data memory
   1'930 bytes of readwrite data memory

Errors: none
Warnings: none
