###############################################################################
#
# IAR ELF Linker V9.30.1.335/W64 for ARM                  25/Oct/2022  14:28:15
# Copyright 2007-2022 IAR Systems AB.
#
#    Output file  =
#        E:\Storage_W\MEGA\Other\Amin\STM\PowerSupply_2\EWARM\PowerSupply_2\Exe\PowerSupply_2.out
#    Map file     =
#        E:\Storage_W\MEGA\Other\Amin\STM\PowerSupply_2\EWARM\PowerSupply_2\List\PowerSupply_2.map
#    Command line =
#        -f
#        E:\Storage_W\MEGA\Other\Amin\STM\PowerSupply_2\EWARM\PowerSupply_2\Exe\PowerSupply_2.out.rsp
#        (E:\Storage_W\MEGA\Other\Amin\STM\PowerSupply_2\EWARM\PowerSupply_2\Obj\Application\User\Core\main.o
#        E:\Storage_W\MEGA\Other\Amin\STM\PowerSupply_2\EWARM\PowerSupply_2\Obj\Application\EWARM\startup_stm32f030x6.o
#        E:\Storage_W\MEGA\Other\Amin\STM\PowerSupply_2\EWARM\PowerSupply_2\Obj\Drivers\STM32F0xx_HAL_Driver\stm32f0xx_hal.o
#        E:\Storage_W\MEGA\Other\Amin\STM\PowerSupply_2\EWARM\PowerSupply_2\Obj\Drivers\STM32F0xx_HAL_Driver\stm32f0xx_hal_adc.o
#        E:\Storage_W\MEGA\Other\Amin\STM\PowerSupply_2\EWARM\PowerSupply_2\Obj\Drivers\STM32F0xx_HAL_Driver\stm32f0xx_hal_adc_ex.o
#        E:\Storage_W\MEGA\Other\Amin\STM\PowerSupply_2\EWARM\PowerSupply_2\Obj\Drivers\STM32F0xx_HAL_Driver\stm32f0xx_hal_cortex.o
#        E:\Storage_W\MEGA\Other\Amin\STM\PowerSupply_2\EWARM\PowerSupply_2\Obj\Drivers\STM32F0xx_HAL_Driver\stm32f0xx_hal_dma.o
#        E:\Storage_W\MEGA\Other\Amin\STM\PowerSupply_2\EWARM\PowerSupply_2\Obj\Drivers\STM32F0xx_HAL_Driver\stm32f0xx_hal_exti.o
#        E:\Storage_W\MEGA\Other\Amin\STM\PowerSupply_2\EWARM\PowerSupply_2\Obj\Drivers\STM32F0xx_HAL_Driver\stm32f0xx_hal_flash.o
#        E:\Storage_W\MEGA\Other\Amin\STM\PowerSupply_2\EWARM\PowerSupply_2\Obj\Drivers\STM32F0xx_HAL_Driver\stm32f0xx_hal_flash_ex.o
#        E:\Storage_W\MEGA\Other\Amin\STM\PowerSupply_2\EWARM\PowerSupply_2\Obj\Drivers\STM32F0xx_HAL_Driver\stm32f0xx_hal_gpio.o
#        E:\Storage_W\MEGA\Other\Amin\STM\PowerSupply_2\EWARM\PowerSupply_2\Obj\Drivers\STM32F0xx_HAL_Driver\stm32f0xx_hal_i2c.o
#        E:\Storage_W\MEGA\Other\Amin\STM\PowerSupply_2\EWARM\PowerSupply_2\Obj\Drivers\STM32F0xx_HAL_Driver\stm32f0xx_hal_i2c_ex.o
#        E:\Storage_W\MEGA\Other\Amin\STM\PowerSupply_2\EWARM\PowerSupply_2\Obj\Application\User\Core\stm32f0xx_hal_msp.o
#        E:\Storage_W\MEGA\Other\Amin\STM\PowerSupply_2\EWARM\PowerSupply_2\Obj\Drivers\STM32F0xx_HAL_Driver\stm32f0xx_hal_pwr.o
#        E:\Storage_W\MEGA\Other\Amin\STM\PowerSupply_2\EWARM\PowerSupply_2\Obj\Drivers\STM32F0xx_HAL_Driver\stm32f0xx_hal_pwr_ex.o
#        E:\Storage_W\MEGA\Other\Amin\STM\PowerSupply_2\EWARM\PowerSupply_2\Obj\Drivers\STM32F0xx_HAL_Driver\stm32f0xx_hal_rcc.o
#        E:\Storage_W\MEGA\Other\Amin\STM\PowerSupply_2\EWARM\PowerSupply_2\Obj\Drivers\STM32F0xx_HAL_Driver\stm32f0xx_hal_rcc_ex.o
#        E:\Storage_W\MEGA\Other\Amin\STM\PowerSupply_2\EWARM\PowerSupply_2\Obj\Drivers\STM32F0xx_HAL_Driver\stm32f0xx_hal_tim.o
#        E:\Storage_W\MEGA\Other\Amin\STM\PowerSupply_2\EWARM\PowerSupply_2\Obj\Drivers\STM32F0xx_HAL_Driver\stm32f0xx_hal_tim_ex.o
#        E:\Storage_W\MEGA\Other\Amin\STM\PowerSupply_2\EWARM\PowerSupply_2\Obj\Application\User\Core\stm32f0xx_it.o
#        E:\Storage_W\MEGA\Other\Amin\STM\PowerSupply_2\EWARM\PowerSupply_2\Obj\Drivers\CMSIS\system_stm32f0xx.o
#        --no_out_extension -o
#        E:\Storage_W\MEGA\Other\Amin\STM\PowerSupply_2\EWARM\PowerSupply_2\Exe\PowerSupply_2.out
#        --redirect _Printf=_PrintfFullNoMb --redirect _Scanf=_ScanfFullNoMb
#        --map
#        E:\Storage_W\MEGA\Other\Amin\STM\PowerSupply_2\EWARM\PowerSupply_2\List\PowerSupply_2.map
#        --config
#        E:\Storage_W\MEGA\Other\Amin\STM\PowerSupply_2\EWARM/stm32f030x6_flash.icf
#        --semihosting --entry __iar_program_start --no_vfe --text_out locale
#        --cpu=Cortex-M0 --fpu=None)
#
###############################################################################

*******************************************************************************
*** RUNTIME MODEL ATTRIBUTES
***

CppFlavor       = *
__CPP_Runtime   = 1
__SystemLibrary = DLib
__dlib_version  = 6


*******************************************************************************
*** HEAP SELECTION
***

The basic heap was selected because --advanced_heap
was not specified and the application did not appear to
be primarily optimized for speed.


*******************************************************************************
*** PLACEMENT SUMMARY
***

"A0":  place at address 0x800'0000 { ro section .intvec };
"P1":  place in [from 0x800'0000 to 0x800'7fff] { ro };
define block CSTACK with size = 1K, alignment = 8 { };
define block HEAP with size = 512, alignment = 8 { };
"P2":  place in [from 0x2000'0000 to 0x2000'0fff] {
          rw, block CSTACK, block HEAP };
initialize by copy { rw };

  Section            Kind         Address    Size  Object
  -------            ----         -------    ----  ------
"A0":                                        0xb0
  .intvec            ro code   0x800'0000    0xb0  startup_stm32f030x6.o [1]
                             - 0x800'00b0    0xb0

"P1":                                      0x3ffe
  .text              ro code   0x800'00b0  0x13e6  main.o [2]
  .text              ro code   0x800'1496     0x2  startup_stm32f030x6.o [1]
  .text              ro code   0x800'1498    0x20  stm32f0xx_hal.o [4]
  .text              ro code   0x800'14b8    0xe0  I32DivModFast.o [6]
  .text              ro code   0x800'1598   0x94c  stm32f0xx_hal_tim.o [4]
  .text              ro code   0x800'1ee4    0xdc  stm32f0xx_hal_adc_ex.o [4]
  .text              ro code   0x800'1fc0    0x14  memset.o [6]
  .text              ro code   0x800'1fd4   0x69c  stm32f0xx_hal_rcc.o [4]
  .text              ro code   0x800'2670   0x130  stm32f0xx_hal_rcc_ex.o [4]
  .text              ro code   0x800'27a0   0x530  stm32f0xx_hal_adc.o [4]
  .text              ro code   0x800'2cd0   0x740  stm32f0xx_hal_i2c.o [4]
  .text              ro code   0x800'3410    0xf8  stm32f0xx_hal_i2c_ex.o [4]
  .text              ro code   0x800'3508    0xdc  stm32f0xx_hal_tim_ex.o [4]
  .text              ro code   0x800'35e4   0x2ec  stm32f0xx_hal_msp.o [2]
  .text              ro code   0x800'38d0   0x244  stm32f0xx_hal_gpio.o [4]
  .text              ro code   0x800'3b14   0x104  stm32f0xx_hal_cortex.o [4]
  .text              ro code   0x800'3c18    0x50  stm32f0xx_hal.o [4]
  .text              ro code   0x800'3c68     0x2  IntDivZer.o [6]
  .text              ro code   0x800'3c6a     0x2  stm32f0xx_hal_tim.o [4]
  .text              ro code   0x800'3c6c     0x2  stm32f0xx_hal_tim.o [4]
  .text              ro code   0x800'3c6e     0x2  stm32f0xx_hal_tim.o [4]
  .text              ro code   0x800'3c70     0x2  stm32f0xx_hal_tim_ex.o [4]
  .text              ro code   0x800'3c72     0x2  stm32f0xx_hal_tim.o [4]
  .text              ro code   0x800'3c74     0x2  stm32f0xx_hal_tim_ex.o [4]
  .text              ro code   0x800'3c76     0x2  startup_stm32f030x6.o [1]
  .text              ro code   0x800'3c78     0xc  stm32f0xx_hal.o [4]
  .text              ro code   0x800'3c84    0x4e  ABImemset.o [6]
  .text              ro code   0x800'3cd2     0x2  startup_stm32f030x6.o [1]
  .text              ro code   0x800'3cd4    0x34  ABImemcpy.o [6]
  .text              ro code   0x800'3d08   0x200  stm32f0xx_it.o [2]
  .text              ro code   0x800'3f08    0x18  stm32f0xx_hal.o [4]
  .text              ro code   0x800'3f20    0x3c  zero_init3.o [6]
  .text              ro code   0x800'3f5c    0x30  copy_init3.o [6]
  .text              ro code   0x800'3f8c    0x28  data_init.o [6]
  .iar.init_table    const     0x800'3fb4    0x24  - Linker created -
  .text              ro code   0x800'3fd8    0x1e  cmain.o [6]
  .text              ro code   0x800'3ff6     0x4  low_level_init.o [5]
  .text              ro code   0x800'3ffa     0x8  exit.o [5]
  .text              ro code   0x800'4002     0x2  startup_stm32f030x6.o [1]
  .text              ro code   0x800'4004     0xa  cexit.o [6]
  .text              ro code   0x800'400e     0x2  startup_stm32f030x6.o [1]
  .text              ro code   0x800'4010    0x14  exit.o [7]
  .text              ro code   0x800'4024    0x1c  cstartup_M.o [6]
  Initializer bytes  const     0x800'4040    0x18  <for P2-1>
  .text              ro code   0x800'4058     0x2  startup_stm32f030x6.o [1]
  .rodata            const     0x800'405c    0x10  stm32f0xx_hal_rcc.o [4]
  .rodata            const     0x800'406c    0x10  stm32f0xx_hal_rcc.o [4]
  .rodata            const     0x800'407c    0x10  system_stm32f0xx.o [3]
  .text              ro code   0x800'408c    0x10  startup_stm32f030x6.o [1]
  .text              ro code   0x800'409c     0x2  startup_stm32f030x6.o [1]
  .text              ro code   0x800'409e     0x2  startup_stm32f030x6.o [1]
  .text              ro code   0x800'40a0     0x2  startup_stm32f030x6.o [1]
  .text              ro code   0x800'40a2     0x2  startup_stm32f030x6.o [1]
  .text              ro code   0x800'40a4     0x2  startup_stm32f030x6.o [1]
  .text              ro code   0x800'40a6     0x2  startup_stm32f030x6.o [1]
  .text              ro code   0x800'40a8     0x2  startup_stm32f030x6.o [1]
  .text              ro code   0x800'40aa     0x2  startup_stm32f030x6.o [1]
  .text              ro code   0x800'40ac     0x2  system_stm32f0xx.o [3]
  .rodata            const     0x800'40ae     0x0  zero_init3.o [6]
  .rodata            const     0x800'40ae     0x0  copy_init3.o [6]
                             - 0x800'40ae  0x3ffe

"P2", part 1 of 3:                           0x18
  P2-1                        0x2000'0000    0x15  <Init block>
    .data            inited   0x2000'0000     0x4  stm32f0xx_hal.o [4]
    .data            inited   0x2000'0004     0x4  system_stm32f0xx.o [3]
    .data            inited   0x2000'0008     0x2  main.o [2]
    .data            inited   0x2000'000a     0x2  main.o [2]
    .data            inited   0x2000'000c     0x2  main.o [2]
    .data            inited   0x2000'000e     0x2  main.o [2]
    .data            inited   0x2000'0010     0x2  main.o [2]
    .data            inited   0x2000'0012     0x2  main.o [2]
    .data            inited   0x2000'0014     0x1  stm32f0xx_hal.o [4]
                            - 0x2000'0015    0x15

"P2", part 2 of 3:                          0x314
  .bss               zero     0x2000'0018    0x64  main.o [2]
  .bss               zero     0x2000'007c    0x4c  main.o [2]
  .bss               zero     0x2000'00c8    0x48  main.o [2]
  .bss               zero     0x2000'0110    0x48  main.o [2]
  .bss               zero     0x2000'0158    0x48  main.o [2]
  .bss               zero     0x2000'01a0    0x48  main.o [2]
  .bss               zero     0x2000'01e8    0x48  main.o [2]
  .bss               zero     0x2000'0230    0x40  main.o [2]
  .bss               zero     0x2000'0270    0x20  main.o [2]
  .bss               zero     0x2000'0290    0x20  main.o [2]
  .bss               zero     0x2000'02b0    0x20  main.o [2]
  .bss               zero     0x2000'02d0    0x10  main.o [2]
  .bss               zero     0x2000'02e0     0xc  main.o [2]
  .bss               zero     0x2000'02ec     0xc  main.o [2]
  .bss               zero     0x2000'02f8     0xc  main.o [2]
  .bss               zero     0x2000'0304     0xc  main.o [2]
  .bss               zero     0x2000'0310     0x8  main.o [2]
  .bss               zero     0x2000'0318     0x4  stm32f0xx_hal.o [4]
  .bss               zero     0x2000'031c     0x2  main.o [2]
  .bss               zero     0x2000'031e     0x2  main.o [2]
  .bss               zero     0x2000'0320     0x2  main.o [2]
  .bss               zero     0x2000'0322     0x2  main.o [2]
  .bss               zero     0x2000'0324     0x2  main.o [2]
  .bss               zero     0x2000'0326     0x1  main.o [2]
  .bss               zero     0x2000'0327     0x1  main.o [2]
  .bss               zero     0x2000'0328     0x1  main.o [2]
  .bss               zero     0x2000'0329     0x1  main.o [2]
  .bss               zero     0x2000'032a     0x1  main.o [2]
                            - 0x2000'032b   0x313

"P2", part 3 of 3:                          0x400
  CSTACK                      0x2000'0330   0x400  <Block>
    CSTACK           uninit   0x2000'0330   0x400  <Block tail>
                            - 0x2000'0730   0x400

Unused ranges:

         From           To    Size
         ----           --    ----
   0x800'40ae   0x800'7fff  0x3f52
  0x2000'032c  0x2000'032f     0x4
  0x2000'0730  0x2000'0fff   0x8d0


*******************************************************************************
*** INIT TABLE
***

          Address      Size
          -------      ----
Zero (__iar_zero_init3)
    1 destination range, total size 0x313:
          0x2000'0018  0x313

Copy (__iar_copy_init3)
    1 source range, total size 0x18 (114% of destination):
           0x800'4040   0x18
    1 destination range, total size 0x15:
          0x2000'0000   0x15



*******************************************************************************
*** MODULE SUMMARY
***

    Module                  ro code  ro data  rw data
    ------                  -------  -------  -------
command line/config:
    -------------------------------------------------
    Total:

E:\Storage_W\MEGA\Other\Amin\STM\PowerSupply_2\EWARM\PowerSupply_2\Obj\Application\EWARM: [1]
    startup_stm32f030x6.o       220
    -------------------------------------------------
    Total:                      220

E:\Storage_W\MEGA\Other\Amin\STM\PowerSupply_2\EWARM\PowerSupply_2\Obj\Application\User\Core: [2]
    main.o                    5'094       12      795
    stm32f0xx_hal_msp.o         748
    stm32f0xx_it.o              512
    -------------------------------------------------
    Total:                    6'354       12      795

E:\Storage_W\MEGA\Other\Amin\STM\PowerSupply_2\EWARM\PowerSupply_2\Obj\Drivers\CMSIS: [3]
    system_stm32f0xx.o            2       20        4
    -------------------------------------------------
    Total:                        2       20        4

E:\Storage_W\MEGA\Other\Amin\STM\PowerSupply_2\EWARM\PowerSupply_2\Obj\Drivers\STM32F0xx_HAL_Driver: [4]
    stm32f0xx_hal.o             148        5        9
    stm32f0xx_hal_adc.o       1'328
    stm32f0xx_hal_adc_ex.o      220
    stm32f0xx_hal_cortex.o      260
    stm32f0xx_hal_gpio.o        580
    stm32f0xx_hal_i2c.o       1'856
    stm32f0xx_hal_i2c_ex.o      248
    stm32f0xx_hal_rcc.o       1'692       32
    stm32f0xx_hal_rcc_ex.o      304
    stm32f0xx_hal_tim.o       2'388
    stm32f0xx_hal_tim_ex.o      224
    -------------------------------------------------
    Total:                    9'248       37        9

dl6M_tln.a: [5]
    exit.o                        8
    low_level_init.o              4
    -------------------------------------------------
    Total:                       12

rt6M_tl.a: [6]
    ABImemcpy.o                  52
    ABImemset.o                  78
    I32DivModFast.o             224
    IntDivZer.o                   2
    cexit.o                      10
    cmain.o                      30
    copy_init3.o                 48
    cstartup_M.o                 28
    data_init.o                  40
    memset.o                     20
    zero_init3.o                 60
    -------------------------------------------------
    Total:                      592

shb_l.a: [7]
    exit.o                       20
    -------------------------------------------------
    Total:                       20

    Gaps                                   2
    Linker created                        39    1'024
-----------------------------------------------------
    Grand Total:             16'448      110    1'832


*******************************************************************************
*** ENTRY LIST
***

Entry                       Address   Size  Type      Object
-----                       -------   ----  ----      ------
.iar.init_table$$Base    0x800'3fb4          --   Gb  - Linker created -
.iar.init_table$$Limit   0x800'3fd8          --   Gb  - Linker created -
?main                    0x800'3fd9         Code  Gb  cmain.o [6]
ADC1_IRQHandler          0x800'409f         Code  Wk  startup_stm32f030x6.o [1]
ADC_Enable               0x800'2c07   0xb2  Code  Lc  stm32f0xx_hal_adc.o [4]
AData                   0x2000'0310    0x8  Data  Gb  main.o [2]
AHBPrescTable            0x800'407c   0x10  Data  Gb  system_stm32f0xx.o [3]
CSTACK$$Base            0x2000'0330          --   Gb  - Linker created -
CSTACK$$Limit           0x2000'0730          --   Gb  - Linker created -
Change                  0x2000'0320    0x2  Data  Gb  main.o [2]
CountDispEncI           0x2000'0322    0x2  Data  Gb  main.o [2]
Curr                    0x2000'0290   0x20  Data  Gb  main.o [2]
DMA1_Channel1_IRQHandler
                         0x800'400f         Code  Wk  startup_stm32f030x6.o [1]
DMA1_Channel2_3_IRQHandler
                         0x800'4059         Code  Wk  startup_stm32f030x6.o [1]
DMA1_Channel4_5_IRQHandler
                         0x800'409d         Code  Wk  startup_stm32f030x6.o [1]
Delay                    0x800'05ef   0x14  Code  Gb  main.o [2]
Disp3s                  0x2000'000c    0x2  Data  Gb  main.o [2]
DispEncI                0x2000'0324    0x2  Data  Gb  main.o [2]
EXIS1PrePrs             0x2000'02e0    0xc  Data  Gb  main.o [2]
EXIS2PrePrs             0x2000'02ec    0xc  Data  Gb  main.o [2]
EXTI0_1_IRQHandler       0x800'3e99    0xa  Code  Gb  stm32f0xx_it.o [2]
EXTI2_3_IRQHandler       0x800'3ea3    0xa  Code  Gb  stm32f0xx_it.o [2]
EXTI4_15_IRQHandler      0x800'3ead    0xc  Code  Gb  stm32f0xx_it.o [2]
Error_Handler            0x800'1491    0x6  Code  Gb  main.o [2]
FLASH_IRQHandler         0x800'3cd3         Code  Wk  startup_stm32f030x6.o [1]
HAL_ADCEx_Calibration_Start
                         0x800'1ee5   0xdc  Code  Gb  stm32f0xx_hal_adc_ex.o [4]
HAL_ADC_ConfigChannel    0x800'2aaf  0x158  Code  Gb  stm32f0xx_hal_adc.o [4]
HAL_ADC_GetValue         0x800'2aa9    0x6  Code  Gb  stm32f0xx_hal_adc.o [4]
HAL_ADC_Init             0x800'27a1  0x1ae  Code  Gb  stm32f0xx_hal_adc.o [4]
HAL_ADC_MspInit          0x800'3611   0x5a  Code  Gb  stm32f0xx_hal_msp.o [2]
HAL_ADC_PollForConversion
                         0x800'29c5   0xd6  Code  Gb  stm32f0xx_hal_adc.o [4]
HAL_ADC_Start            0x800'294f   0x6c  Code  Gb  stm32f0xx_hal_adc.o [4]
HAL_GPIO_EXTI_Callback   0x800'139d   0xd0  Code  Gb  main.o [2]
HAL_GPIO_EXTI_IRQHandler
                         0x800'3acb   0x22  Code  Gb  stm32f0xx_hal_gpio.o [4]
HAL_GPIO_Init            0x800'38d1  0x1c6  Code  Gb  stm32f0xx_hal_gpio.o [4]
HAL_GPIO_ReadPin         0x800'3a97   0x1a  Code  Gb  stm32f0xx_hal_gpio.o [4]
HAL_GPIO_WritePin        0x800'3ab1   0x1a  Code  Gb  stm32f0xx_hal_gpio.o [4]
HAL_GetTick              0x800'3c79    0xc  Code  Wk  stm32f0xx_hal.o [4]
HAL_I2CEx_ConfigAnalogFilter
                         0x800'3411   0x66  Code  Gb  stm32f0xx_hal_i2c_ex.o [4]
HAL_I2CEx_ConfigDigitalFilter
                         0x800'3477   0x60  Code  Gb  stm32f0xx_hal_i2c_ex.o [4]
HAL_I2CEx_EnableFastModePlus
                         0x800'34d7   0x20  Code  Gb  stm32f0xx_hal_i2c_ex.o [4]
HAL_I2C_Init             0x800'2cd1   0xc6  Code  Gb  stm32f0xx_hal_i2c.o [4]
HAL_I2C_Mem_Read         0x800'2f49  0x1a8  Code  Gb  stm32f0xx_hal_i2c.o [4]
HAL_I2C_Mem_Write        0x800'2da5  0x1a4  Code  Gb  stm32f0xx_hal_i2c.o [4]
HAL_I2C_MspInit          0x800'366b   0x60  Code  Gb  stm32f0xx_hal_msp.o [2]
HAL_IncTick              0x800'3f09   0x18  Code  Wk  stm32f0xx_hal.o [4]
HAL_Init                 0x800'1499   0x1a  Code  Gb  stm32f0xx_hal.o [4]
HAL_InitTick             0x800'3c19   0x50  Code  Wk  stm32f0xx_hal.o [4]
HAL_MspInit              0x800'35e5   0x2c  Code  Gb  stm32f0xx_hal_msp.o [2]
HAL_NVIC_EnableIRQ       0x800'3be7    0xe  Code  Gb  stm32f0xx_hal_cortex.o [4]
HAL_NVIC_SetPriority     0x800'3bd3   0x14  Code  Gb  stm32f0xx_hal_cortex.o [4]
HAL_RCCEx_PeriphCLKConfig
                         0x800'2671  0x110  Code  Gb  stm32f0xx_hal_rcc_ex.o [4]
HAL_RCC_ClockConfig      0x800'2495  0x128  Code  Gb  stm32f0xx_hal_rcc.o [4]
HAL_RCC_GetSysClockFreq
                         0x800'25d1   0x72  Code  Gb  stm32f0xx_hal_rcc.o [4]
HAL_RCC_OscConfig        0x800'1fd5  0x4ac  Code  Gb  stm32f0xx_hal_rcc.o [4]
HAL_SYSTICK_Config       0x800'3bf5    0xc  Code  Gb  stm32f0xx_hal_cortex.o [4]
HAL_TIMEx_BreakCallback
                         0x800'3c71    0x2  Code  Wk  stm32f0xx_hal_tim_ex.o [4]
HAL_TIMEx_CommutCallback
                         0x800'3c75    0x2  Code  Wk  stm32f0xx_hal_tim_ex.o [4]
HAL_TIMEx_ConfigBreakDeadTime
                         0x800'3565   0x5e  Code  Gb  stm32f0xx_hal_tim_ex.o [4]
HAL_TIMEx_MasterConfigSynchronization
                         0x800'3509   0x5c  Code  Gb  stm32f0xx_hal_tim_ex.o [4]
HAL_TIM_Base_Init        0x800'1599   0x5c  Code  Gb  stm32f0xx_hal_tim.o [4]
HAL_TIM_Base_MspInit     0x800'37a3   0x6e  Code  Gb  stm32f0xx_hal_msp.o [2]
HAL_TIM_Base_Start_IT    0x800'1627   0x5a  Code  Gb  stm32f0xx_hal_tim.o [4]
HAL_TIM_Base_Stop        0x800'15f5   0x32  Code  Gb  stm32f0xx_hal_tim.o [4]
HAL_TIM_Encoder_Init     0x800'17d5   0xc4  Code  Gb  stm32f0xx_hal_tim.o [4]
HAL_TIM_Encoder_MspInit
                         0x800'36cb   0xd8  Code  Gb  stm32f0xx_hal_msp.o [2]
HAL_TIM_Encoder_Start_IT
                         0x800'18a9  0x12e  Code  Gb  stm32f0xx_hal_tim.o [4]
HAL_TIM_IC_CaptureCallback
                         0x800'12ad   0xc0  Code  Gb  main.o [2]
HAL_TIM_IRQHandler       0x800'19d7  0x1ac  Code  Gb  stm32f0xx_hal_tim.o [4]
HAL_TIM_MspPostInit      0x800'3819   0x8a  Code  Gb  stm32f0xx_hal_msp.o [2]
HAL_TIM_OC_DelayElapsedCallback
                         0x800'3c6d    0x2  Code  Wk  stm32f0xx_hal_tim.o [4]
HAL_TIM_PWM_ConfigChannel
                         0x800'1b83   0xfc  Code  Gb  stm32f0xx_hal_tim.o [4]
HAL_TIM_PWM_Init         0x800'1691   0x5c  Code  Gb  stm32f0xx_hal_tim.o [4]
HAL_TIM_PWM_MspInit      0x800'3c6b    0x2  Code  Wk  stm32f0xx_hal_tim.o [4]
HAL_TIM_PWM_PulseFinishedCallback
                         0x800'3c6f    0x2  Code  Wk  stm32f0xx_hal_tim.o [4]
HAL_TIM_PWM_Start        0x800'16ed   0xd8  Code  Gb  stm32f0xx_hal_tim.o [4]
HAL_TIM_PeriodElapsedCallback
                         0x800'097d  0x912  Code  Gb  main.o [2]
HAL_TIM_TriggerCallback
                         0x800'3c73    0x2  Code  Wk  stm32f0xx_hal_tim.o [4]
HardFault_Handler        0x800'3d0d    0x4  Code  Gb  stm32f0xx_it.o [2]
HighByte                0x2000'0328    0x1  Data  Gb  main.o [2]
I2C1_IRQHandler          0x800'40a7         Code  Wk  startup_stm32f030x6.o [1]
I2C_Flush_TXDR           0x800'320d   0x28  Code  Lc  stm32f0xx_hal_i2c.o [4]
I2C_IsAcknowledgeFailed
                         0x800'3337   0xa0  Code  Lc  stm32f0xx_hal_i2c.o [4]
I2C_RequestMemoryRead    0x800'3183   0x84  Code  Lc  stm32f0xx_hal_i2c.o [4]
I2C_RequestMemoryWrite   0x800'30fd   0x86  Code  Lc  stm32f0xx_hal_i2c.o [4]
I2C_TransferConfig       0x800'33d7   0x2e  Code  Lc  stm32f0xx_hal_i2c.o [4]
I2C_WaitOnFlagUntilTimeout
                         0x800'3235   0x58  Code  Lc  stm32f0xx_hal_i2c.o [4]
I2C_WaitOnSTOPFlagUntilTimeout
                         0x800'32e5   0x52  Code  Lc  stm32f0xx_hal_i2c.o [4]
I2C_WaitOnTXISFlagUntilTimeout
                         0x800'328d   0x58  Code  Lc  stm32f0xx_hal_i2c.o [4]
LED_Data                0x2000'0018   0x64  Data  Gb  main.o [2]
LowByte                 0x2000'0327    0x1  Data  Gb  main.o [2]
MX_ADC_Init              0x800'01c7   0x70  Code  Lc  main.o [2]
MX_GPIO_Init             0x800'04f9   0xf6  Code  Lc  main.o [2]
MX_I2C1_Init             0x800'0237   0x4e  Code  Lc  main.o [2]
MX_TIM14_Init            0x800'035f   0x24  Code  Lc  main.o [2]
MX_TIM16_Init            0x800'0395   0x9a  Code  Lc  main.o [2]
MX_TIM17_Init            0x800'0449   0x9a  Code  Lc  main.o [2]
MX_TIM1_Init             0x800'0285   0x6e  Code  Lc  main.o [2]
MX_TIM3_Init             0x800'02f3   0x6c  Code  Lc  main.o [2]
MaxEncSpeed             0x2000'0010    0x2  Data  Gb  main.o [2]
MaxSamEncTime           0x2000'000e    0x2  Data  Gb  main.o [2]
MinEncSpeed             0x2000'0012    0x2  Data  Gb  main.o [2]
Mon2Seg                  0x800'08ed   0x86  Code  Gb  main.o [2]
Mon4Seg                  0x800'0749  0x19e  Code  Gb  main.o [2]
NMI_Handler              0x800'3d09    0x4  Code  Gb  stm32f0xx_it.o [2]
PendSV_Handler           0x800'3d13    0x2  Code  Gb  stm32f0xx_it.o [2]
RCC_IRQHandler           0x800'4003         Code  Wk  startup_stm32f030x6.o [1]
RTC_IRQHandler           0x800'3c77         Code  Wk  startup_stm32f030x6.o [1]
Region$$Table$$Base      0x800'3fb4          --   Gb  - Linker created -
Region$$Table$$Limit     0x800'3fd8          --   Gb  - Linker created -
Reset_Handler            0x800'408d         Code  Wk  startup_stm32f030x6.o [1]
SPI1_IRQHandler          0x800'40a9         Code  Wk  startup_stm32f030x6.o [1]
SVC_Handler              0x800'3d11    0x2  Code  Gb  stm32f0xx_it.o [2]
SevSegm                  0x800'0619  0x11c  Code  Gb  main.o [2]
SevSegm::Buf            0x2000'02d0   0x10  Data  Lc  main.o [2]
SysTick_Config           0x800'3ba1   0x32  Code  Lc  stm32f0xx_hal_cortex.o [4]
SysTick_Handler          0x800'3d15  0x184  Code  Gb  stm32f0xx_it.o [2]
SystemClock_Config       0x800'0143   0x84  Code  Gb  main.o [2]
SystemCoreClock         0x2000'0004    0x4  Data  Gb  system_stm32f0xx.o [3]
SystemInit               0x800'40ad    0x2  Code  Gb  system_stm32f0xx.o [3]
TIM14_IRQHandler         0x800'3ecd    0xa  Code  Gb  stm32f0xx_it.o [2]
TIM16_IRQHandler         0x800'40a3         Code  Wk  startup_stm32f030x6.o [1]
TIM17_IRQHandler         0x800'40a5         Code  Wk  startup_stm32f030x6.o [1]
TIM1_BRK_UP_TRG_COM_IRQHandler
                         0x800'40a1         Code  Wk  startup_stm32f030x6.o [1]
TIM1_CC_IRQHandler       0x800'3eb9    0xa  Code  Gb  stm32f0xx_it.o [2]
TIM3_IRQHandler          0x800'3ec3    0xa  Code  Gb  stm32f0xx_it.o [2]
TIM_Base_SetConfig       0x800'1c85   0x6a  Code  Gb  stm32f0xx_hal_tim.o [4]
TIM_CCxChannelCmd        0x800'1ec1   0x24  Code  Gb  stm32f0xx_hal_tim.o [4]
TIM_OC1_SetConfig        0x800'1cef   0x70  Code  Lc  stm32f0xx_hal_tim.o [4]
TIM_OC2_SetConfig        0x800'1d5f   0x6e  Code  Gb  stm32f0xx_hal_tim.o [4]
TIM_OC3_SetConfig        0x800'1dcd   0x6a  Code  Lc  stm32f0xx_hal_tim.o [4]
TIM_OC4_SetConfig        0x800'1e37   0x50  Code  Lc  stm32f0xx_hal_tim.o [4]
USART1_IRQHandler        0x800'40ab         Code  Wk  startup_stm32f030x6.o [1]
USBCurr                 0x2000'02b0   0x20  Data  Gb  main.o [2]
Volt                    0x2000'0270   0x20  Data  Gb  main.o [2]
WWDG_IRQHandler          0x800'1497         Code  Wk  startup_stm32f030x6.o [1]
__ICFEDIT_region_RAM_end__ {Abs}
                        0x2000'0fff         Data  Gb  <internal module>
__ICFEDIT_region_RAM_start__ {Abs}
                        0x2000'0000         Data  Gb  <internal module>
__NVIC_EnableIRQ         0x800'3b15   0x18  Code  Lc  stm32f0xx_hal_cortex.o [4]
__NVIC_SetPriority       0x800'3b2d   0x74  Code  Lc  stm32f0xx_hal_cortex.o [4]
__aeabi_idiv             0x800'14e5         Code  Gb  I32DivModFast.o [6]
__aeabi_idiv0            0x800'3c69         Code  Gb  IntDivZer.o [6]
__aeabi_idivmod          0x800'14e5         Code  Gb  I32DivModFast.o [6]
__aeabi_memcpy4          0x800'3cd5         Code  Gb  ABImemcpy.o [6]
__aeabi_memcpy8          0x800'3cd5         Code  Gb  ABImemcpy.o [6]
__aeabi_memset           0x800'3c85         Code  Gb  ABImemset.o [6]
__aeabi_uidiv            0x800'14eb         Code  Gb  I32DivModFast.o [6]
__aeabi_uidivmod         0x800'14eb         Code  Gb  I32DivModFast.o [6]
__cmain                  0x800'3fd9         Code  Gb  cmain.o [6]
__exit                   0x800'4011   0x14  Code  Gb  exit.o [7]
__iar_Memset4_word       0x800'3ca5         Code  Gb  ABImemset.o [6]
__iar_Memset_word        0x800'3c91         Code  Gb  ABImemset.o [6]
__iar_copy_init3         0x800'3f5d   0x30  Code  Gb  copy_init3.o [6]
__iar_data_init3         0x800'3f8d   0x28  Code  Gb  data_init.o [6]
__iar_program_start      0x800'4025         Code  Gb  cstartup_M.o [6]
__iar_zero_init3         0x800'3f21   0x3c  Code  Gb  zero_init3.o [6]
__low_level_init         0x800'3ff7    0x4  Code  Gb  low_level_init.o [5]
__vector_table           0x800'0000         Data  Gb  startup_stm32f030x6.o [1]
_call_main               0x800'3fe5         Code  Gb  cmain.o [6]
_exit                    0x800'4005         Code  Gb  cexit.o [6]
cH                      0x2000'032a    0x1  Data  Gb  main.o [2]
cL                      0x2000'0329    0x1  Data  Gb  main.o [2]
exit                     0x800'3ffb    0x8  Code  Gb  exit.o [5]
hadc                    0x2000'0230   0x40  Data  Gb  main.o [2]
hi2c1                   0x2000'007c   0x4c  Data  Gb  main.o [2]
htim1                   0x2000'00c8   0x48  Data  Gb  main.o [2]
htim14                  0x2000'0158   0x48  Data  Gb  main.o [2]
htim16                  0x2000'01a0   0x48  Data  Gb  main.o [2]
htim17                  0x2000'01e8   0x48  Data  Gb  main.o [2]
htim3                   0x2000'0110   0x48  Data  Gb  main.o [2]
iClkEXI                 0x2000'000a    0x2  Data  Gb  main.o [2]
iEXIS1Prs               0x2000'02f8    0xc  Data  Gb  main.o [2]
iKepEXI                 0x2000'0008    0x2  Data  Gb  main.o [2]
iLED                    0x2000'031c    0x2  Data  Gb  main.o [2]
iPrsEXIS2               0x2000'0304    0xc  Data  Gb  main.o [2]
iSelEXI                 0x2000'0326    0x1  Data  Gb  main.o [2]
indx                    0x2000'031e    0x2  Data  Gb  main.o [2]
main                     0x800'00b1   0x92  Code  Gb  main.o [2]
memset                   0x800'1fc1   0x14  Code  Gb  memset.o [6]
uwTick                  0x2000'0318    0x4  Data  Gb  stm32f0xx_hal.o [4]
uwTickFreq              0x2000'0014    0x1  Data  Gb  stm32f0xx_hal.o [4]
uwTickPrio              0x2000'0000    0x4  Data  Gb  stm32f0xx_hal.o [4]


[1] = E:\Storage_W\MEGA\Other\Amin\STM\PowerSupply_2\EWARM\PowerSupply_2\Obj\Application\EWARM
[2] = E:\Storage_W\MEGA\Other\Amin\STM\PowerSupply_2\EWARM\PowerSupply_2\Obj\Application\User\Core
[3] = E:\Storage_W\MEGA\Other\Amin\STM\PowerSupply_2\EWARM\PowerSupply_2\Obj\Drivers\CMSIS
[4] = E:\Storage_W\MEGA\Other\Amin\STM\PowerSupply_2\EWARM\PowerSupply_2\Obj\Drivers\STM32F0xx_HAL_Driver
[5] = dl6M_tln.a
[6] = rt6M_tl.a
[7] = shb_l.a

  16'448 bytes of readonly  code memory
     110 bytes of readonly  data memory
   1'832 bytes of readwrite data memory

Errors: none
Warnings: none
