###############################################################################
#
# IAR ELF Linker V9.30.1.335/W64 for ARM                  14/Dec/2022  11:16:21
# Copyright 2007-2022 IAR Systems AB.
#
#    Output file  =
#        E:\Storage_W\MEGA\Other\Amin\STM\PowerSupply_2\EWARM\PowerSupply_2\Exe\PowerSupply_2.out
#    Map file     =
#        E:\Storage_W\MEGA\Other\Amin\STM\PowerSupply_2\EWARM\PowerSupply_2\List\PowerSupply_2.map
#    Command line =
#        -f
#        E:\Storage_W\MEGA\Other\Amin\STM\PowerSupply_2\EWARM\PowerSupply_2\Exe\PowerSupply_2.out.rsp
#        (E:\Storage_W\MEGA\Other\Amin\STM\PowerSupply_2\EWARM\PowerSupply_2\Obj\Application\User\Core\main.o
#        E:\Storage_W\MEGA\Other\Amin\STM\PowerSupply_2\EWARM\PowerSupply_2\Obj\Application\User\Core\PID.o
#        E:\Storage_W\MEGA\Other\Amin\STM\PowerSupply_2\EWARM\PowerSupply_2\Obj\Application\EWARM\startup_stm32f030x6.o
#        E:\Storage_W\MEGA\Other\Amin\STM\PowerSupply_2\EWARM\PowerSupply_2\Obj\Drivers\STM32F0xx_HAL_Driver\stm32f0xx_hal.o
#        E:\Storage_W\MEGA\Other\Amin\STM\PowerSupply_2\EWARM\PowerSupply_2\Obj\Drivers\STM32F0xx_HAL_Driver\stm32f0xx_hal_adc.o
#        E:\Storage_W\MEGA\Other\Amin\STM\PowerSupply_2\EWARM\PowerSupply_2\Obj\Drivers\STM32F0xx_HAL_Driver\stm32f0xx_hal_adc_ex.o
#        E:\Storage_W\MEGA\Other\Amin\STM\PowerSupply_2\EWARM\PowerSupply_2\Obj\Drivers\STM32F0xx_HAL_Driver\stm32f0xx_hal_cortex.o
#        E:\Storage_W\MEGA\Other\Amin\STM\PowerSupply_2\EWARM\PowerSupply_2\Obj\Drivers\STM32F0xx_HAL_Driver\stm32f0xx_hal_dma.o
#        E:\Storage_W\MEGA\Other\Amin\STM\PowerSupply_2\EWARM\PowerSupply_2\Obj\Drivers\STM32F0xx_HAL_Driver\stm32f0xx_hal_exti.o
#        E:\Storage_W\MEGA\Other\Amin\STM\PowerSupply_2\EWARM\PowerSupply_2\Obj\Drivers\STM32F0xx_HAL_Driver\stm32f0xx_hal_flash.o
#        E:\Storage_W\MEGA\Other\Amin\STM\PowerSupply_2\EWARM\PowerSupply_2\Obj\Drivers\STM32F0xx_HAL_Driver\stm32f0xx_hal_flash_ex.o
#        E:\Storage_W\MEGA\Other\Amin\STM\PowerSupply_2\EWARM\PowerSupply_2\Obj\Drivers\STM32F0xx_HAL_Driver\stm32f0xx_hal_gpio.o
#        E:\Storage_W\MEGA\Other\Amin\STM\PowerSupply_2\EWARM\PowerSupply_2\Obj\Drivers\STM32F0xx_HAL_Driver\stm32f0xx_hal_i2c.o
#        E:\Storage_W\MEGA\Other\Amin\STM\PowerSupply_2\EWARM\PowerSupply_2\Obj\Drivers\STM32F0xx_HAL_Driver\stm32f0xx_hal_i2c_ex.o
#        E:\Storage_W\MEGA\Other\Amin\STM\PowerSupply_2\EWARM\PowerSupply_2\Obj\Application\User\Core\stm32f0xx_hal_msp.o
#        E:\Storage_W\MEGA\Other\Amin\STM\PowerSupply_2\EWARM\PowerSupply_2\Obj\Drivers\STM32F0xx_HAL_Driver\stm32f0xx_hal_pwr.o
#        E:\Storage_W\MEGA\Other\Amin\STM\PowerSupply_2\EWARM\PowerSupply_2\Obj\Drivers\STM32F0xx_HAL_Driver\stm32f0xx_hal_pwr_ex.o
#        E:\Storage_W\MEGA\Other\Amin\STM\PowerSupply_2\EWARM\PowerSupply_2\Obj\Drivers\STM32F0xx_HAL_Driver\stm32f0xx_hal_rcc.o
#        E:\Storage_W\MEGA\Other\Amin\STM\PowerSupply_2\EWARM\PowerSupply_2\Obj\Drivers\STM32F0xx_HAL_Driver\stm32f0xx_hal_rcc_ex.o
#        E:\Storage_W\MEGA\Other\Amin\STM\PowerSupply_2\EWARM\PowerSupply_2\Obj\Drivers\STM32F0xx_HAL_Driver\stm32f0xx_hal_tim.o
#        E:\Storage_W\MEGA\Other\Amin\STM\PowerSupply_2\EWARM\PowerSupply_2\Obj\Drivers\STM32F0xx_HAL_Driver\stm32f0xx_hal_tim_ex.o
#        E:\Storage_W\MEGA\Other\Amin\STM\PowerSupply_2\EWARM\PowerSupply_2\Obj\Application\User\Core\stm32f0xx_it.o
#        E:\Storage_W\MEGA\Other\Amin\STM\PowerSupply_2\EWARM\PowerSupply_2\Obj\Drivers\CMSIS\system_stm32f0xx.o
#        --no_out_extension -o
#        E:\Storage_W\MEGA\Other\Amin\STM\PowerSupply_2\EWARM\PowerSupply_2\Exe\PowerSupply_2.out
#        --redirect _Printf=_PrintfFullNoMb --redirect _Scanf=_ScanfFullNoMb
#        --map
#        E:\Storage_W\MEGA\Other\Amin\STM\PowerSupply_2\EWARM\PowerSupply_2\List\PowerSupply_2.map
#        --config
#        E:\Storage_W\MEGA\Other\Amin\STM\PowerSupply_2\EWARM/stm32f030x6_flash.icf
#        --semihosting --entry __iar_program_start --no_vfe --text_out locale
#        --cpu=Cortex-M0 --fpu=None)
#
###############################################################################

*******************************************************************************
*** RUNTIME MODEL ATTRIBUTES
***

CppFlavor       = *
__CPP_Runtime   = 1
__SystemLibrary = DLib
__dlib_version  = 6


*******************************************************************************
*** HEAP SELECTION
***

The basic heap was selected because --advanced_heap
was not specified and the application did not appear to
be primarily optimized for speed.


*******************************************************************************
*** PLACEMENT SUMMARY
***

"A0":  place at address 0x800'0000 { ro section .intvec };
"P1":  place in [from 0x800'0000 to 0x800'7fff] { ro };
define block CSTACK with size = 1K, alignment = 8 { };
define block HEAP with size = 512, alignment = 8 { };
"P2":  place in [from 0x2000'0000 to 0x2000'0fff] {
          rw, block CSTACK, block HEAP };
initialize by copy { rw };

  Section            Kind         Address    Size  Object
  -------            ----         -------    ----  ------
"A0":                                        0xb0
  .intvec            ro code   0x800'0000    0xb0  startup_stm32f030x6.o [1]
                             - 0x800'00b0    0xb0

"P1":                                      0x4cbe
  .text              ro code   0x800'00b0  0x17c6  main.o [2]
  .text              ro code   0x800'1876     0x2  startup_stm32f030x6.o [1]
  .text              ro code   0x800'1878    0x20  stm32f0xx_hal.o [4]
  .text              ro code   0x800'1898    0x36  IxxToFlt.o [6]
  .text              ro code   0x800'18ce    0xe0  I32DivModFast.o [7]
  .text              ro code   0x800'19ae     0x2  startup_stm32f030x6.o [1]
  .text              ro code   0x800'19b0   0x94c  stm32f0xx_hal_tim.o [4]
  .text              ro code   0x800'22fc    0xdc  stm32f0xx_hal_adc_ex.o [4]
  .text              ro code   0x800'23d8   0x548  stm32f0xx_hal_adc.o [4]
  .text              ro code   0x800'2920   0x10c  PID.o [2]
  .text              ro code   0x800'2a2c    0x14  memset.o [7]
  .text              ro code   0x800'2a40   0x69c  stm32f0xx_hal_rcc.o [4]
  .text              ro code   0x800'30dc   0x130  stm32f0xx_hal_rcc_ex.o [4]
  .text              ro code   0x800'320c   0x740  stm32f0xx_hal_i2c.o [4]
  .text              ro code   0x800'394c    0xf8  stm32f0xx_hal_i2c_ex.o [4]
  .text              ro code   0x800'3a44    0xdc  stm32f0xx_hal_tim_ex.o [4]
  .text              ro code   0x800'3b20   0x374  stm32f0xx_hal_msp.o [2]
  .text              ro code   0x800'3e94   0x104  stm32f0xx_hal_cortex.o [4]
  .text              ro code   0x800'3f98   0x244  stm32f0xx_hal_gpio.o [4]
  .text              ro code   0x800'41dc    0x20  IxxToDbl.o [6]
  .text              ro code   0x800'41fc   0x184  DblMul.o [6]
  .text              ro code   0x800'4380    0x32  DblCmpLe.o [6]
  .text              ro code   0x800'43b2     0x2  startup_stm32f030x6.o [1]
  .text              ro code   0x800'43b4    0x26  FltCmpLe.o [6]
  .text              ro code   0x800'43da     0x2  startup_stm32f030x6.o [1]
  .text              ro code   0x800'43dc    0x3a  FltToS32.o [6]
  .text              ro code   0x800'4416    0xb0  FltMul.o [6]
  .text              ro code   0x800'44c6   0x120  FltAddSub.o [6]
  .text              ro code   0x800'45e6     0x2  startup_stm32f030x6.o [1]
  .text              ro code   0x800'45e8    0x50  stm32f0xx_hal.o [4]
  .text              ro code   0x800'4638     0x2  IntDivZer.o [7]
  .text              ro code   0x800'463a     0x2  stm32f0xx_hal_tim.o [4]
  .text              ro code   0x800'463c     0x2  stm32f0xx_hal_tim.o [4]
  .text              ro code   0x800'463e     0x2  stm32f0xx_hal_tim_ex.o [4]
  .text              ro code   0x800'4640     0x2  stm32f0xx_hal_tim.o [4]
  .text              ro code   0x800'4642     0x2  stm32f0xx_hal_tim_ex.o [4]
  .text              ro code   0x800'4644     0xc  stm32f0xx_hal.o [4]
  .text              ro code   0x800'4650   0x208  stm32f0xx_hal_dma.o [4]
  .text              ro code   0x800'4858     0x2  stm32f0xx_hal_adc.o [4]
  .text              ro code   0x800'485a     0x2  stm32f0xx_hal_adc.o [4]
  .text              ro code   0x800'485c    0xa4  FltDiv.o [6]
  .text              ro code   0x800'4900    0x4e  ABImemset.o [7]
  .text              ro code   0x800'494e     0x2  startup_stm32f030x6.o [1]
  .text              ro code   0x800'4950    0x34  ABImemcpy.o [7]
  .text              ro code   0x800'4984   0x22c  stm32f0xx_it.o [2]
  .text              ro code   0x800'4bb0    0x18  stm32f0xx_hal.o [4]
  .text              ro code   0x800'4bc8    0x3c  zero_init3.o [7]
  Initializer bytes  const     0x800'4c04    0x38  <for P2-1>
  .text              ro code   0x800'4c3c    0x30  copy_init3.o [7]
  .text              ro code   0x800'4c6c     0x2  startup_stm32f030x6.o [1]
  .text              ro code   0x800'4c70    0x28  data_init.o [7]
  .iar.init_table    const     0x800'4c98    0x24  - Linker created -
  .text              ro code   0x800'4cbc    0x1e  cmain.o [7]
  .text              ro code   0x800'4cda     0x4  low_level_init.o [5]
  .text              ro code   0x800'4cde     0x8  exit.o [5]
  .text              ro code   0x800'4ce6     0x2  startup_stm32f030x6.o [1]
  .text              ro code   0x800'4ce8     0xa  cexit.o [7]
  .text              ro code   0x800'4cf2     0x2  startup_stm32f030x6.o [1]
  .text              ro code   0x800'4cf4    0x14  exit.o [8]
  .text              ro code   0x800'4d08    0x1c  cstartup_M.o [7]
  .rodata            const     0x800'4d24    0x10  stm32f0xx_hal_rcc.o [4]
  .rodata            const     0x800'4d34    0x10  stm32f0xx_hal_rcc.o [4]
  .rodata            const     0x800'4d44    0x10  system_stm32f0xx.o [3]
  .text              ro code   0x800'4d54    0x10  startup_stm32f030x6.o [1]
  .text              ro code   0x800'4d64     0x2  startup_stm32f030x6.o [1]
  .text              ro code   0x800'4d66     0x2  startup_stm32f030x6.o [1]
  .text              ro code   0x800'4d68     0x2  startup_stm32f030x6.o [1]
  .text              ro code   0x800'4d6a     0x2  startup_stm32f030x6.o [1]
  .text              ro code   0x800'4d6c     0x2  system_stm32f0xx.o [3]
  .rodata            const     0x800'4d6e     0x0  zero_init3.o [7]
  .rodata            const     0x800'4d6e     0x0  copy_init3.o [7]
                             - 0x800'4d6e  0x4cbe

"P2", part 1 of 3:                           0x38
  P2-1                        0x2000'0000    0x35  <Init block>
    .data            inited   0x2000'0000     0x4  main.o [2]
    .data            inited   0x2000'0004     0x4  main.o [2]
    .data            inited   0x2000'0008     0x4  main.o [2]
    .data            inited   0x2000'000c     0x4  main.o [2]
    .data            inited   0x2000'0010     0x4  main.o [2]
    .data            inited   0x2000'0014     0x4  main.o [2]
    .data            inited   0x2000'0018     0x4  main.o [2]
    .data            inited   0x2000'001c     0x4  main.o [2]
    .data            inited   0x2000'0020     0x4  main.o [2]
    .data            inited   0x2000'0024     0x4  stm32f0xx_hal.o [4]
    .data            inited   0x2000'0028     0x4  system_stm32f0xx.o [3]
    .data            inited   0x2000'002c     0x2  main.o [2]
    .data            inited   0x2000'002e     0x2  main.o [2]
    .data            inited   0x2000'0030     0x2  main.o [2]
    .data            inited   0x2000'0032     0x2  main.o [2]
    .data            inited   0x2000'0034     0x1  stm32f0xx_hal.o [4]
                            - 0x2000'0035    0x35

"P2", part 2 of 3:                          0xad0
  .bss               zero     0x2000'0038   0x708  main.o [2]
  .bss               zero     0x2000'0740    0x64  main.o [2]
  .bss               zero     0x2000'07a4    0x4c  main.o [2]
  .bss               zero     0x2000'07f0    0x48  main.o [2]
  .bss               zero     0x2000'0838    0x48  main.o [2]
  .bss               zero     0x2000'0880    0x48  main.o [2]
  .bss               zero     0x2000'08c8    0x48  main.o [2]
  .bss               zero     0x2000'0910    0x48  main.o [2]
  .bss               zero     0x2000'0958    0x44  main.o [2]
  .bss               zero     0x2000'099c    0x40  main.o [2]
  .bss               zero     0x2000'09dc    0x3c  main.o [2]
  .bss               zero     0x2000'0a18    0x3c  main.o [2]
  .bss               zero     0x2000'0a54    0x38  main.o [2]
  .bss               zero     0x2000'0a8c    0x14  main.o [2]
  .bss               zero     0x2000'0aa0    0x10  main.o [2]
  .bss               zero     0x2000'0ab0     0xc  main.o [2]
  .bss               zero     0x2000'0abc     0xc  main.o [2]
  .bss               zero     0x2000'0ac8     0xc  main.o [2]
  .bss               zero     0x2000'0ad4     0xc  main.o [2]
  .bss               zero     0x2000'0ae0     0xc  main.o [2]
  .bss               zero     0x2000'0aec     0x4  main.o [2]
  .bss               zero     0x2000'0af0     0x4  main.o [2]
  .bss               zero     0x2000'0af4     0x4  stm32f0xx_hal.o [4]
  .bss               zero     0x2000'0af8     0x2  main.o [2]
  .bss               zero     0x2000'0afa     0x2  main.o [2]
  .bss               zero     0x2000'0afc     0x2  main.o [2]
  .bss               zero     0x2000'0afe     0x2  main.o [2]
  .bss               zero     0x2000'0b00     0x1  main.o [2]
  .bss               zero     0x2000'0b01     0x1  main.o [2]
  .bss               zero     0x2000'0b02     0x1  main.o [2]
  .bss               zero     0x2000'0b03     0x1  main.o [2]
  .bss               zero     0x2000'0b04     0x1  main.o [2]
  .bss               zero     0x2000'0b05     0x1  main.o [2]
  .bss               zero     0x2000'0b06     0x1  main.o [2]
                            - 0x2000'0b07   0xacf

"P2", part 3 of 3:                          0x400
  CSTACK                      0x2000'0b08   0x400  <Block>
    CSTACK           uninit   0x2000'0b08   0x400  <Block tail>
                            - 0x2000'0f08   0x400

Unused ranges:

         From           To    Size
         ----           --    ----
   0x800'4d6e   0x800'7fff  0x3292
  0x2000'0f08  0x2000'0fff    0xf8


*******************************************************************************
*** INIT TABLE
***

          Address      Size
          -------      ----
Zero (__iar_zero_init3)
    1 destination range, total size 0xacf:
          0x2000'0038  0xacf

Copy (__iar_copy_init3)
    1 source range, total size 0x38 (105% of destination):
           0x800'4c04   0x38
    1 destination range, total size 0x35:
          0x2000'0000   0x35



*******************************************************************************
*** MODULE SUMMARY
***

    Module                  ro code  ro data  rw data
    ------                  -------  -------  -------
command line/config:
    -------------------------------------------------
    Total:

E:\Storage_W\MEGA\Other\Amin\STM\PowerSupply_2\EWARM\PowerSupply_2\Obj\Application\EWARM: [1]
    startup_stm32f030x6.o       218
    -------------------------------------------------
    Total:                      218

E:\Storage_W\MEGA\Other\Amin\STM\PowerSupply_2\EWARM\PowerSupply_2\Obj\Application\User\Core: [2]
    PID.o                       268
    main.o                    6'086       44    2'807
    stm32f0xx_hal_msp.o         884
    stm32f0xx_it.o              556
    -------------------------------------------------
    Total:                    7'794       44    2'807

E:\Storage_W\MEGA\Other\Amin\STM\PowerSupply_2\EWARM\PowerSupply_2\Obj\Drivers\CMSIS: [3]
    system_stm32f0xx.o            2       20        4
    -------------------------------------------------
    Total:                        2       20        4

E:\Storage_W\MEGA\Other\Amin\STM\PowerSupply_2\EWARM\PowerSupply_2\Obj\Drivers\STM32F0xx_HAL_Driver: [4]
    stm32f0xx_hal.o             148        5        9
    stm32f0xx_hal_adc.o       1'356
    stm32f0xx_hal_adc_ex.o      220
    stm32f0xx_hal_cortex.o      260
    stm32f0xx_hal_dma.o         520
    stm32f0xx_hal_gpio.o        580
    stm32f0xx_hal_i2c.o       1'856
    stm32f0xx_hal_i2c_ex.o      248
    stm32f0xx_hal_rcc.o       1'692       32
    stm32f0xx_hal_rcc_ex.o      304
    stm32f0xx_hal_tim.o       2'386
    stm32f0xx_hal_tim_ex.o      224
    -------------------------------------------------
    Total:                    9'794       37        9

dl6M_tlf.a: [5]
    exit.o                        8
    low_level_init.o              4
    -------------------------------------------------
    Total:                       12

m6M_tl.a: [6]
    DblCmpLe.o                   50
    DblMul.o                    388
    FltAddSub.o                 288
    FltCmpLe.o                   38
    FltDiv.o                    164
    FltMul.o                    176
    FltToS32.o                   58
    IxxToDbl.o                   32
    IxxToFlt.o                   54
    -------------------------------------------------
    Total:                    1'248

rt6M_tl.a: [7]
    ABImemcpy.o                  52
    ABImemset.o                  78
    I32DivModFast.o             224
    IntDivZer.o                   2
    cexit.o                      10
    cmain.o                      30
    copy_init3.o                 48
    cstartup_M.o                 28
    data_init.o                  40
    memset.o                     20
    zero_init3.o                 60
    -------------------------------------------------
    Total:                      592

shb_l.a: [8]
    exit.o                       20
    -------------------------------------------------
    Total:                       20

    Gaps                          2
    Linker created                        39    1'024
-----------------------------------------------------
    Grand Total:             19'682      140    3'844


*******************************************************************************
*** ENTRY LIST
***

Entry                       Address   Size  Type      Object
-----                       -------   ----  ----      ------
.iar.init_table$$Base    0x800'4c98          --   Gb  - Linker created -
.iar.init_table$$Limit   0x800'4cbc          --   Gb  - Linker created -
?main                    0x800'4cbd         Code  Gb  cmain.o [7]
ADC1_IRQHandler          0x800'4c6d         Code  Wk  startup_stm32f030x6.o [1]
ADC_DMAConvCplt          0x800'2871   0x7a  Code  Lc  stm32f0xx_hal_adc.o [4]
ADC_DMAError             0x800'2903   0x1e  Code  Lc  stm32f0xx_hal_adc.o [4]
ADC_DMAHalfConvCplt      0x800'28f5    0xe  Code  Lc  stm32f0xx_hal_adc.o [4]
ADC_Enable               0x800'27ad   0xb2  Code  Lc  stm32f0xx_hal_adc.o [4]
AData                   0x2000'0ab0    0xc  Data  Gb  main.o [2]
AFIFO                   0x2000'0038  0x708  Data  Gb  main.o [2]
AHBPrescTable            0x800'4d44   0x10  Data  Gb  system_stm32f0xx.o [3]
ArrNumFIFO              0x2000'0af0    0x4  Data  Gb  main.o [2]
CSTACK$$Base            0x2000'0b08          --   Gb  - Linker created -
CSTACK$$Limit           0x2000'0f08          --   Gb  - Linker created -
Curr                    0x2000'0a18   0x3c  Data  Gb  main.o [2]
DMA1_Channel1_IRQHandler
                         0x800'4b61    0xa  Code  Gb  stm32f0xx_it.o [2]
DMA1_Channel2_3_IRQHandler
                         0x800'45e7         Code  Wk  startup_stm32f030x6.o [1]
DMA1_Channel4_5_IRQHandler
                         0x800'494f         Code  Wk  startup_stm32f030x6.o [1]
DMA_CalcBaseAndBitshift
                         0x800'4835   0x1a  Code  Lc  stm32f0xx_hal_dma.o [4]
DMA_SetConfig            0x800'480b   0x2a  Code  Lc  stm32f0xx_hal_dma.o [4]
Delay                    0x800'06db   0x14  Code  Gb  main.o [2]
Disp3s                  0x2000'002c    0x2  Data  Gb  main.o [2]
EXIS1PrePrs             0x2000'0abc    0xc  Data  Gb  main.o [2]
EXIS2PrePrs             0x2000'0ac8    0xc  Data  Gb  main.o [2]
EXTI0_1_IRQHandler       0x800'4b41    0xa  Code  Gb  stm32f0xx_it.o [2]
EXTI2_3_IRQHandler       0x800'4b4b    0xa  Code  Gb  stm32f0xx_it.o [2]
EXTI4_15_IRQHandler      0x800'4b55    0xc  Code  Gb  stm32f0xx_it.o [2]
ErrStp1                 0x2000'002e    0x2  Data  Gb  main.o [2]
Error_Handler            0x800'1871    0x6  Code  Gb  main.o [2]
FLASH_IRQHandler         0x800'43b3         Code  Wk  startup_stm32f030x6.o [1]
FirsRead                0x2000'0b06    0x1  Data  Gb  main.o [2]
HAL_ADCEx_Calibration_Start
                         0x800'22fd   0xdc  Code  Gb  stm32f0xx_hal_adc_ex.o [4]
HAL_ADC_ConfigChannel    0x800'2655  0x158  Code  Gb  stm32f0xx_hal_adc.o [4]
HAL_ADC_ConvCpltCallback
                         0x800'1605  0x14e  Code  Gb  main.o [2]
HAL_ADC_ConvHalfCpltCallback
                         0x800'4859    0x2  Code  Wk  stm32f0xx_hal_adc.o [4]
HAL_ADC_ErrorCallback    0x800'485b    0x2  Code  Wk  stm32f0xx_hal_adc.o [4]
HAL_ADC_Init             0x800'23d9  0x1ae  Code  Gb  stm32f0xx_hal_adc.o [4]
HAL_ADC_MspInit          0x800'3b4d   0x88  Code  Gb  stm32f0xx_hal_msp.o [2]
HAL_ADC_Start_DMA        0x800'2595   0xae  Code  Gb  stm32f0xx_hal_adc.o [4]
HAL_DMA_IRQHandler       0x800'4735   0xd6  Code  Gb  stm32f0xx_hal_dma.o [4]
HAL_DMA_Init             0x800'4651   0x54  Code  Gb  stm32f0xx_hal_dma.o [4]
HAL_DMA_Start_IT         0x800'46a9   0x8c  Code  Gb  stm32f0xx_hal_dma.o [4]
HAL_GPIO_EXTI_Callback   0x800'1769   0xd0  Code  Gb  main.o [2]
HAL_GPIO_EXTI_IRQHandler
                         0x800'4193   0x22  Code  Gb  stm32f0xx_hal_gpio.o [4]
HAL_GPIO_Init            0x800'3f99  0x1c6  Code  Gb  stm32f0xx_hal_gpio.o [4]
HAL_GPIO_ReadPin         0x800'415f   0x1a  Code  Gb  stm32f0xx_hal_gpio.o [4]
HAL_GPIO_WritePin        0x800'4179   0x1a  Code  Gb  stm32f0xx_hal_gpio.o [4]
HAL_GetTick              0x800'4645    0xc  Code  Wk  stm32f0xx_hal.o [4]
HAL_I2CEx_ConfigAnalogFilter
                         0x800'394d   0x66  Code  Gb  stm32f0xx_hal_i2c_ex.o [4]
HAL_I2CEx_ConfigDigitalFilter
                         0x800'39b3   0x60  Code  Gb  stm32f0xx_hal_i2c_ex.o [4]
HAL_I2CEx_EnableFastModePlus
                         0x800'3a13   0x20  Code  Gb  stm32f0xx_hal_i2c_ex.o [4]
HAL_I2C_Init             0x800'320d   0xc6  Code  Gb  stm32f0xx_hal_i2c.o [4]
HAL_I2C_Mem_Read         0x800'3485  0x1a8  Code  Gb  stm32f0xx_hal_i2c.o [4]
HAL_I2C_Mem_Write        0x800'32e1  0x1a4  Code  Gb  stm32f0xx_hal_i2c.o [4]
HAL_I2C_MspInit          0x800'3bd5   0x60  Code  Gb  stm32f0xx_hal_msp.o [2]
HAL_IncTick              0x800'4bb1   0x18  Code  Wk  stm32f0xx_hal.o [4]
HAL_Init                 0x800'1879   0x1a  Code  Gb  stm32f0xx_hal.o [4]
HAL_InitTick             0x800'45e9   0x50  Code  Wk  stm32f0xx_hal.o [4]
HAL_MspInit              0x800'3b21   0x2c  Code  Gb  stm32f0xx_hal_msp.o [2]
HAL_NVIC_EnableIRQ       0x800'3f67    0xe  Code  Gb  stm32f0xx_hal_cortex.o [4]
HAL_NVIC_SetPriority     0x800'3f53   0x14  Code  Gb  stm32f0xx_hal_cortex.o [4]
HAL_RCCEx_PeriphCLKConfig
                         0x800'30dd  0x110  Code  Gb  stm32f0xx_hal_rcc_ex.o [4]
HAL_RCC_ClockConfig      0x800'2f01  0x128  Code  Gb  stm32f0xx_hal_rcc.o [4]
HAL_RCC_GetSysClockFreq
                         0x800'303d   0x72  Code  Gb  stm32f0xx_hal_rcc.o [4]
HAL_RCC_OscConfig        0x800'2a41  0x4ac  Code  Gb  stm32f0xx_hal_rcc.o [4]
HAL_SYSTICK_Config       0x800'3f75    0xc  Code  Gb  stm32f0xx_hal_cortex.o [4]
HAL_TIMEx_BreakCallback
                         0x800'463f    0x2  Code  Wk  stm32f0xx_hal_tim_ex.o [4]
HAL_TIMEx_CommutCallback
                         0x800'4643    0x2  Code  Wk  stm32f0xx_hal_tim_ex.o [4]
HAL_TIMEx_ConfigBreakDeadTime
                         0x800'3aa1   0x5e  Code  Gb  stm32f0xx_hal_tim_ex.o [4]
HAL_TIMEx_MasterConfigSynchronization
                         0x800'3a45   0x5c  Code  Gb  stm32f0xx_hal_tim_ex.o [4]
HAL_TIM_Base_Init        0x800'19b1   0x5c  Code  Gb  stm32f0xx_hal_tim.o [4]
HAL_TIM_Base_MspInit     0x800'3d25   0x6e  Code  Gb  stm32f0xx_hal_msp.o [2]
HAL_TIM_Base_Start_IT    0x800'1a3f   0x5a  Code  Gb  stm32f0xx_hal_tim.o [4]
HAL_TIM_Base_Stop        0x800'1a0d   0x32  Code  Gb  stm32f0xx_hal_tim.o [4]
HAL_TIM_Encoder_Init     0x800'1bed   0xc4  Code  Gb  stm32f0xx_hal_tim.o [4]
HAL_TIM_Encoder_MspInit
                         0x800'3c35   0x7c  Code  Gb  stm32f0xx_hal_msp.o [2]
HAL_TIM_Encoder_Start_IT
                         0x800'1cc1  0x12e  Code  Gb  stm32f0xx_hal_tim.o [4]
HAL_TIM_IC_CaptureCallback
                         0x800'150d   0xde  Code  Gb  main.o [2]
HAL_TIM_IRQHandler       0x800'1def  0x1ac  Code  Gb  stm32f0xx_hal_tim.o [4]
HAL_TIM_MspPostInit      0x800'3da5   0xc2  Code  Gb  stm32f0xx_hal_msp.o [2]
HAL_TIM_OC_DelayElapsedCallback
                         0x800'463b    0x2  Code  Wk  stm32f0xx_hal_tim.o [4]
HAL_TIM_PWM_ConfigChannel
                         0x800'1f9b   0xfc  Code  Gb  stm32f0xx_hal_tim.o [4]
HAL_TIM_PWM_Init         0x800'1aa9   0x5c  Code  Gb  stm32f0xx_hal_tim.o [4]
HAL_TIM_PWM_MspInit      0x800'3cb1   0x6e  Code  Gb  stm32f0xx_hal_msp.o [2]
HAL_TIM_PWM_PulseFinishedCallback
                         0x800'463d    0x2  Code  Wk  stm32f0xx_hal_tim.o [4]
HAL_TIM_PWM_Start        0x800'1b05   0xd8  Code  Gb  stm32f0xx_hal_tim.o [4]
HAL_TIM_PeriodElapsedCallback
                         0x800'0a25  0xad4  Code  Gb  main.o [2]
HAL_TIM_TriggerCallback
                         0x800'4641    0x2  Code  Wk  stm32f0xx_hal_tim.o [4]
HardFault_Handler        0x800'4989    0x4  Code  Gb  stm32f0xx_it.o [2]
HighByte                0x2000'0b02    0x1  Data  Gb  main.o [2]
I2C1_IRQHandler          0x800'4d67         Code  Wk  startup_stm32f030x6.o [1]
I2C_Flush_TXDR           0x800'3749   0x28  Code  Lc  stm32f0xx_hal_i2c.o [4]
I2C_IsAcknowledgeFailed
                         0x800'3873   0xa0  Code  Lc  stm32f0xx_hal_i2c.o [4]
I2C_RequestMemoryRead    0x800'36bf   0x84  Code  Lc  stm32f0xx_hal_i2c.o [4]
I2C_RequestMemoryWrite   0x800'3639   0x86  Code  Lc  stm32f0xx_hal_i2c.o [4]
I2C_TransferConfig       0x800'3913   0x2e  Code  Lc  stm32f0xx_hal_i2c.o [4]
I2C_WaitOnFlagUntilTimeout
                         0x800'3771   0x58  Code  Lc  stm32f0xx_hal_i2c.o [4]
I2C_WaitOnSTOPFlagUntilTimeout
                         0x800'3821   0x52  Code  Lc  stm32f0xx_hal_i2c.o [4]
I2C_WaitOnTXISFlagUntilTimeout
                         0x800'37c9   0x58  Code  Lc  stm32f0xx_hal_i2c.o [4]
InitCount               0x2000'0afc    0x2  Data  Gb  main.o [2]
InitFlag                0x2000'0b05    0x1  Data  Gb  main.o [2]
Kd1                     0x2000'0008    0x4  Data  Gb  main.o [2]
Kd2                     0x2000'0018    0x4  Data  Gb  main.o [2]
Ki1                     0x2000'0004    0x4  Data  Gb  main.o [2]
Ki2                     0x2000'0014    0x4  Data  Gb  main.o [2]
Kp1                     0x2000'0000    0x4  Data  Gb  main.o [2]
Kp2                     0x2000'0010    0x4  Data  Gb  main.o [2]
LED_Data                0x2000'0740   0x64  Data  Gb  main.o [2]
LowByte                 0x2000'0b01    0x1  Data  Gb  main.o [2]
MX_ADC_Init              0x800'021b   0x98  Code  Lc  main.o [2]
MX_DMA_Init              0x800'05cd   0x26  Code  Lc  main.o [2]
MX_GPIO_Init             0x800'0601   0xda  Code  Lc  main.o [2]
MX_I2C1_Init             0x800'02b3   0x4e  Code  Lc  main.o [2]
MX_TIM14_Init            0x800'0459   0x24  Code  Lc  main.o [2]
MX_TIM16_Init            0x800'0489   0x9a  Code  Lc  main.o [2]
MX_TIM17_Init            0x800'0529   0x9a  Code  Lc  main.o [2]
MX_TIM1_Init             0x800'0301   0x6e  Code  Lc  main.o [2]
MX_TIM3_Init             0x800'0399   0xa6  Code  Lc  main.o [2]
MaxArrNumFIFO           0x2000'0020    0x4  Data  Gb  main.o [2]
MaxCountPID             0x2000'0030    0x2  Data  Gb  main.o [2]
MaxInitCount            0x2000'0032    0x2  Data  Gb  main.o [2]
Mon2Seg                  0x800'0991   0x86  Code  Gb  main.o [2]
Mon4Seg                  0x800'082d  0x15c  Code  Gb  main.o [2]
NMI_Handler              0x800'4985    0x4  Code  Gb  stm32f0xx_it.o [2]
PIDController_Init       0x800'2921    0xe  Code  Gb  PID.o [2]
PIDController_Update     0x800'292f   0xf8  Code  Gb  PID.o [2]
PendSV_Handler           0x800'498f    0x2  Code  Gb  stm32f0xx_it.o [2]
RCC_IRQHandler           0x800'43db         Code  Wk  startup_stm32f030x6.o [1]
RTC_IRQHandler           0x800'19af         Code  Wk  startup_stm32f030x6.o [1]
Region$$Table$$Base      0x800'4c98          --   Gb  - Linker created -
Region$$Table$$Limit     0x800'4cbc          --   Gb  - Linker created -
Reset_Handler            0x800'4d55         Code  Wk  startup_stm32f030x6.o [1]
SPI1_IRQHandler          0x800'4d69         Code  Wk  startup_stm32f030x6.o [1]
SVC_Handler              0x800'498d    0x2  Code  Gb  stm32f0xx_it.o [2]
SevSegm                  0x800'0705  0x11c  Code  Gb  main.o [2]
SevSegm::Buf            0x2000'0aa0   0x10  Data  Lc  main.o [2]
SysTick_Config           0x800'3f21   0x32  Code  Lc  stm32f0xx_hal_cortex.o [4]
SysTick_Handler          0x800'4991  0x1b0  Code  Gb  stm32f0xx_it.o [2]
SystemClock_Config       0x800'0197   0x84  Code  Gb  main.o [2]
SystemCoreClock         0x2000'0028    0x4  Data  Gb  system_stm32f0xx.o [3]
SystemInit               0x800'4d6d    0x2  Code  Gb  system_stm32f0xx.o [3]
TIM14_IRQHandler         0x800'4b7f    0xa  Code  Gb  stm32f0xx_it.o [2]
TIM16_IRQHandler         0x800'4cf3         Code  Wk  startup_stm32f030x6.o [1]
TIM17_IRQHandler         0x800'4d65         Code  Wk  startup_stm32f030x6.o [1]
TIM1_BRK_UP_TRG_COM_IRQHandler
                         0x800'4ce7         Code  Wk  startup_stm32f030x6.o [1]
TIM1_CC_IRQHandler       0x800'4b6b    0xa  Code  Gb  stm32f0xx_it.o [2]
TIM3_IRQHandler          0x800'4b75    0xa  Code  Gb  stm32f0xx_it.o [2]
TIM_Base_SetConfig       0x800'209d   0x6a  Code  Gb  stm32f0xx_hal_tim.o [4]
TIM_CCxChannelCmd        0x800'22d9   0x24  Code  Gb  stm32f0xx_hal_tim.o [4]
TIM_OC1_SetConfig        0x800'2107   0x70  Code  Lc  stm32f0xx_hal_tim.o [4]
TIM_OC2_SetConfig        0x800'2177   0x6e  Code  Gb  stm32f0xx_hal_tim.o [4]
TIM_OC3_SetConfig        0x800'21e5   0x6a  Code  Lc  stm32f0xx_hal_tim.o [4]
TIM_OC4_SetConfig        0x800'224f   0x50  Code  Lc  stm32f0xx_hal_tim.o [4]
Tau1                    0x2000'000c    0x4  Data  Gb  main.o [2]
Tau2                    0x2000'001c    0x4  Data  Gb  main.o [2]
TempVolt                0x2000'0afe    0x2  Data  Gb  main.o [2]
USART1_IRQHandler        0x800'4d6b         Code  Wk  startup_stm32f030x6.o [1]
USBCurr                 0x2000'0a8c   0x14  Data  Gb  main.o [2]
Volt                    0x2000'09dc   0x3c  Data  Gb  main.o [2]
WWDG_IRQHandler          0x800'1877         Code  Wk  startup_stm32f030x6.o [1]
__ICFEDIT_region_RAM_end__ {Abs}
                        0x2000'0fff         Data  Gb  <internal module>
__ICFEDIT_region_RAM_start__ {Abs}
                        0x2000'0000         Data  Gb  <internal module>
__NVIC_EnableIRQ         0x800'3e95   0x18  Code  Lc  stm32f0xx_hal_cortex.o [4]
__NVIC_SetPriority       0x800'3ead   0x74  Code  Lc  stm32f0xx_hal_cortex.o [4]
__aeabi_cdcmple          0x800'4381         Code  Gb  DblCmpLe.o [6]
__aeabi_cfcmple          0x800'43b5         Code  Gb  FltCmpLe.o [6]
__aeabi_dmul             0x800'41fd         Code  Gb  DblMul.o [6]
__aeabi_f2iz             0x800'43dd         Code  Gb  FltToS32.o [6]
__aeabi_fadd             0x800'44c7         Code  Gb  FltAddSub.o [6]
__aeabi_fdiv             0x800'485d         Code  Gb  FltDiv.o [6]
__aeabi_fmul             0x800'4417         Code  Gb  FltMul.o [6]
__aeabi_fsub             0x800'4537         Code  Gb  FltAddSub.o [6]
__aeabi_i2f              0x800'18b9         Code  Gb  IxxToFlt.o [6]
__aeabi_idiv             0x800'18fb         Code  Gb  I32DivModFast.o [7]
__aeabi_idiv0            0x800'4639         Code  Gb  IntDivZer.o [7]
__aeabi_idivmod          0x800'18fb         Code  Gb  I32DivModFast.o [7]
__aeabi_memcpy4          0x800'4951         Code  Gb  ABImemcpy.o [7]
__aeabi_memcpy8          0x800'4951         Code  Gb  ABImemcpy.o [7]
__aeabi_memset           0x800'4901         Code  Gb  ABImemset.o [7]
__aeabi_ui2d             0x800'41dd         Code  Gb  IxxToDbl.o [6]
__aeabi_ui2f             0x800'1899         Code  Gb  IxxToFlt.o [6]
__aeabi_uidiv            0x800'1901         Code  Gb  I32DivModFast.o [7]
__aeabi_uidivmod         0x800'1901         Code  Gb  I32DivModFast.o [7]
__cmain                  0x800'4cbd         Code  Gb  cmain.o [7]
__exit                   0x800'4cf5   0x14  Code  Gb  exit.o [8]
__iar_Memset4_word       0x800'4921         Code  Gb  ABImemset.o [7]
__iar_Memset_word        0x800'490d         Code  Gb  ABImemset.o [7]
__iar_copy_init3         0x800'4c3d   0x30  Code  Gb  copy_init3.o [7]
__iar_data_init3         0x800'4c71   0x28  Code  Gb  data_init.o [7]
__iar_program_start      0x800'4d09         Code  Gb  cstartup_M.o [7]
__iar_zero_init3         0x800'4bc9   0x3c  Code  Gb  zero_init3.o [7]
__low_level_init         0x800'4cdb    0x4  Code  Gb  low_level_init.o [5]
__vector_table           0x800'0000         Data  Gb  startup_stm32f030x6.o [1]
_call_main               0x800'4cc9         Code  Gb  cmain.o [7]
_exit                    0x800'4ce9         Code  Gb  cexit.o [7]
cH                      0x2000'0b04    0x1  Data  Gb  main.o [2]
cL                      0x2000'0b03    0x1  Data  Gb  main.o [2]
error                   0x2000'0aec    0x4  Data  Gb  main.o [2]
exit                     0x800'4cdf    0x8  Code  Gb  exit.o [5]
hadc                    0x2000'099c   0x40  Data  Gb  main.o [2]
hdma_adc                0x2000'0958   0x44  Data  Gb  main.o [2]
hi2c1                   0x2000'07a4   0x4c  Data  Gb  main.o [2]
htim1                   0x2000'07f0   0x48  Data  Gb  main.o [2]
htim14                  0x2000'0880   0x48  Data  Gb  main.o [2]
htim16                  0x2000'08c8   0x48  Data  Gb  main.o [2]
htim17                  0x2000'0910   0x48  Data  Gb  main.o [2]
htim3                   0x2000'0838   0x48  Data  Gb  main.o [2]
iEXIS1Prs               0x2000'0ad4    0xc  Data  Gb  main.o [2]
iLED                    0x2000'0af8    0x2  Data  Gb  main.o [2]
iPrsEXIS2               0x2000'0ae0    0xc  Data  Gb  main.o [2]
iSelEXI                 0x2000'0b00    0x1  Data  Gb  main.o [2]
indx                    0x2000'0afa    0x2  Data  Gb  main.o [2]
main                     0x800'00b1   0xe6  Code  Gb  main.o [2]
memset                   0x800'2a2d   0x14  Code  Gb  memset.o [7]
pid                     0x2000'0a54   0x38  Data  Gb  main.o [2]
uwTick                  0x2000'0af4    0x4  Data  Gb  stm32f0xx_hal.o [4]
uwTickFreq              0x2000'0034    0x1  Data  Gb  stm32f0xx_hal.o [4]
uwTickPrio              0x2000'0024    0x4  Data  Gb  stm32f0xx_hal.o [4]


[1] = E:\Storage_W\MEGA\Other\Amin\STM\PowerSupply_2\EWARM\PowerSupply_2\Obj\Application\EWARM
[2] = E:\Storage_W\MEGA\Other\Amin\STM\PowerSupply_2\EWARM\PowerSupply_2\Obj\Application\User\Core
[3] = E:\Storage_W\MEGA\Other\Amin\STM\PowerSupply_2\EWARM\PowerSupply_2\Obj\Drivers\CMSIS
[4] = E:\Storage_W\MEGA\Other\Amin\STM\PowerSupply_2\EWARM\PowerSupply_2\Obj\Drivers\STM32F0xx_HAL_Driver
[5] = dl6M_tlf.a
[6] = m6M_tl.a
[7] = rt6M_tl.a
[8] = shb_l.a

  19'682 bytes of readonly  code memory
     140 bytes of readonly  data memory
   3'844 bytes of readwrite data memory

Errors: none
Warnings: none
