###############################################################################
#
# IAR ELF Linker V9.30.1.335/W64 for ARM                  26/Nov/2022  18:35:05
# Copyright 2007-2022 IAR Systems AB.
#
#    Output file  =
#        E:\Storage_W\MEGA\Other\Amin\STM\PowerSupply_2\EWARM\PowerSupply_2\Exe\PowerSupply_2.out
#    Map file     =
#        E:\Storage_W\MEGA\Other\Amin\STM\PowerSupply_2\EWARM\PowerSupply_2\List\PowerSupply_2.map
#    Command line =
#        -f
#        E:\Storage_W\MEGA\Other\Amin\STM\PowerSupply_2\EWARM\PowerSupply_2\Exe\PowerSupply_2.out.rsp
#        (E:\Storage_W\MEGA\Other\Amin\STM\PowerSupply_2\EWARM\PowerSupply_2\Obj\Application\User\Core\main.o
#        E:\Storage_W\MEGA\Other\Amin\STM\PowerSupply_2\EWARM\PowerSupply_2\Obj\Application\EWARM\startup_stm32f030x6.o
#        E:\Storage_W\MEGA\Other\Amin\STM\PowerSupply_2\EWARM\PowerSupply_2\Obj\Drivers\STM32F0xx_HAL_Driver\stm32f0xx_hal.o
#        E:\Storage_W\MEGA\Other\Amin\STM\PowerSupply_2\EWARM\PowerSupply_2\Obj\Drivers\STM32F0xx_HAL_Driver\stm32f0xx_hal_adc.o
#        E:\Storage_W\MEGA\Other\Amin\STM\PowerSupply_2\EWARM\PowerSupply_2\Obj\Drivers\STM32F0xx_HAL_Driver\stm32f0xx_hal_adc_ex.o
#        E:\Storage_W\MEGA\Other\Amin\STM\PowerSupply_2\EWARM\PowerSupply_2\Obj\Drivers\STM32F0xx_HAL_Driver\stm32f0xx_hal_cortex.o
#        E:\Storage_W\MEGA\Other\Amin\STM\PowerSupply_2\EWARM\PowerSupply_2\Obj\Drivers\STM32F0xx_HAL_Driver\stm32f0xx_hal_dma.o
#        E:\Storage_W\MEGA\Other\Amin\STM\PowerSupply_2\EWARM\PowerSupply_2\Obj\Drivers\STM32F0xx_HAL_Driver\stm32f0xx_hal_exti.o
#        E:\Storage_W\MEGA\Other\Amin\STM\PowerSupply_2\EWARM\PowerSupply_2\Obj\Drivers\STM32F0xx_HAL_Driver\stm32f0xx_hal_flash.o
#        E:\Storage_W\MEGA\Other\Amin\STM\PowerSupply_2\EWARM\PowerSupply_2\Obj\Drivers\STM32F0xx_HAL_Driver\stm32f0xx_hal_flash_ex.o
#        E:\Storage_W\MEGA\Other\Amin\STM\PowerSupply_2\EWARM\PowerSupply_2\Obj\Drivers\STM32F0xx_HAL_Driver\stm32f0xx_hal_gpio.o
#        E:\Storage_W\MEGA\Other\Amin\STM\PowerSupply_2\EWARM\PowerSupply_2\Obj\Drivers\STM32F0xx_HAL_Driver\stm32f0xx_hal_i2c.o
#        E:\Storage_W\MEGA\Other\Amin\STM\PowerSupply_2\EWARM\PowerSupply_2\Obj\Drivers\STM32F0xx_HAL_Driver\stm32f0xx_hal_i2c_ex.o
#        E:\Storage_W\MEGA\Other\Amin\STM\PowerSupply_2\EWARM\PowerSupply_2\Obj\Application\User\Core\stm32f0xx_hal_msp.o
#        E:\Storage_W\MEGA\Other\Amin\STM\PowerSupply_2\EWARM\PowerSupply_2\Obj\Drivers\STM32F0xx_HAL_Driver\stm32f0xx_hal_pwr.o
#        E:\Storage_W\MEGA\Other\Amin\STM\PowerSupply_2\EWARM\PowerSupply_2\Obj\Drivers\STM32F0xx_HAL_Driver\stm32f0xx_hal_pwr_ex.o
#        E:\Storage_W\MEGA\Other\Amin\STM\PowerSupply_2\EWARM\PowerSupply_2\Obj\Drivers\STM32F0xx_HAL_Driver\stm32f0xx_hal_rcc.o
#        E:\Storage_W\MEGA\Other\Amin\STM\PowerSupply_2\EWARM\PowerSupply_2\Obj\Drivers\STM32F0xx_HAL_Driver\stm32f0xx_hal_rcc_ex.o
#        E:\Storage_W\MEGA\Other\Amin\STM\PowerSupply_2\EWARM\PowerSupply_2\Obj\Drivers\STM32F0xx_HAL_Driver\stm32f0xx_hal_tim.o
#        E:\Storage_W\MEGA\Other\Amin\STM\PowerSupply_2\EWARM\PowerSupply_2\Obj\Drivers\STM32F0xx_HAL_Driver\stm32f0xx_hal_tim_ex.o
#        E:\Storage_W\MEGA\Other\Amin\STM\PowerSupply_2\EWARM\PowerSupply_2\Obj\Application\User\Core\stm32f0xx_it.o
#        E:\Storage_W\MEGA\Other\Amin\STM\PowerSupply_2\EWARM\PowerSupply_2\Obj\Drivers\CMSIS\system_stm32f0xx.o
#        --no_out_extension -o
#        E:\Storage_W\MEGA\Other\Amin\STM\PowerSupply_2\EWARM\PowerSupply_2\Exe\PowerSupply_2.out
#        --redirect _Printf=_PrintfFullNoMb --redirect _Scanf=_ScanfFullNoMb
#        --map
#        E:\Storage_W\MEGA\Other\Amin\STM\PowerSupply_2\EWARM\PowerSupply_2\List\PowerSupply_2.map
#        --config
#        E:\Storage_W\MEGA\Other\Amin\STM\PowerSupply_2\EWARM/stm32f030x6_flash.icf
#        --semihosting --entry __iar_program_start --no_vfe --text_out locale
#        --cpu=Cortex-M0 --fpu=None)
#
###############################################################################

*******************************************************************************
*** RUNTIME MODEL ATTRIBUTES
***

CppFlavor       = *
__CPP_Runtime   = 1
__SystemLibrary = DLib
__dlib_version  = 6


*******************************************************************************
*** HEAP SELECTION
***

The basic heap was selected because --advanced_heap
was not specified and the application did not appear to
be primarily optimized for speed.


*******************************************************************************
*** PLACEMENT SUMMARY
***

"A0":  place at address 0x800'0000 { ro section .intvec };
"P1":  place in [from 0x800'0000 to 0x800'7fff] { ro };
define block CSTACK with size = 1K, alignment = 8 { };
define block HEAP with size = 512, alignment = 8 { };
"P2":  place in [from 0x2000'0000 to 0x2000'0fff] {
          rw, block CSTACK, block HEAP };
initialize by copy { rw };

  Section            Kind         Address    Size  Object
  -------            ----         -------    ----  ------
"A0":                                        0xb0
  .intvec            ro code   0x800'0000    0xb0  startup_stm32f030x6.o [1]
                             - 0x800'00b0    0xb0

"P1":                                      0x4a02
  .text              ro code   0x800'00b0  0x167a  main.o [2]
  .text              ro code   0x800'172a     0x2  startup_stm32f030x6.o [1]
  .text              ro code   0x800'172c    0x20  stm32f0xx_hal.o [4]
  .text              ro code   0x800'174c    0xe0  I32DivModFast.o [7]
  .text              ro code   0x800'182c   0x94c  stm32f0xx_hal_tim.o [4]
  .text              ro code   0x800'2178    0xdc  stm32f0xx_hal_adc_ex.o [4]
  .text              ro code   0x800'2254   0x548  stm32f0xx_hal_adc.o [4]
  .text              ro code   0x800'279c    0x14  memset.o [7]
  .text              ro code   0x800'27b0   0x69c  stm32f0xx_hal_rcc.o [4]
  .text              ro code   0x800'2e4c   0x130  stm32f0xx_hal_rcc_ex.o [4]
  .text              ro code   0x800'2f7c   0x740  stm32f0xx_hal_i2c.o [4]
  .text              ro code   0x800'36bc    0xf8  stm32f0xx_hal_i2c_ex.o [4]
  .text              ro code   0x800'37b4    0xdc  stm32f0xx_hal_tim_ex.o [4]
  .text              ro code   0x800'3890   0x374  stm32f0xx_hal_msp.o [2]
  .text              ro code   0x800'3c04   0x104  stm32f0xx_hal_cortex.o [4]
  .text              ro code   0x800'3d08   0x244  stm32f0xx_hal_gpio.o [4]
  .text              ro code   0x800'3f4c    0x36  IxxToFlt.o [6]
  .text              ro code   0x800'3f82    0xb0  FltMul.o [6]
  .text              ro code   0x800'4032   0x120  FltAddSub.o [6]
  .text              ro code   0x800'4152     0x2  startup_stm32f030x6.o [1]
  .text              ro code   0x800'4154    0x3a  FltToS32.o [6]
  .text              ro code   0x800'418e     0x2  startup_stm32f030x6.o [1]
  .text              ro code   0x800'4190    0x50  stm32f0xx_hal.o [4]
  .text              ro code   0x800'41e0     0x2  IntDivZer.o [7]
  .text              ro code   0x800'41e2     0x2  stm32f0xx_hal_tim.o [4]
  .text              ro code   0x800'41e4     0x2  stm32f0xx_hal_tim.o [4]
  .text              ro code   0x800'41e6     0x2  stm32f0xx_hal_tim_ex.o [4]
  .text              ro code   0x800'41e8     0x2  stm32f0xx_hal_tim.o [4]
  .text              ro code   0x800'41ea     0x2  stm32f0xx_hal_tim_ex.o [4]
  .text              ro code   0x800'41ec     0xc  stm32f0xx_hal.o [4]
  .text              ro code   0x800'41f8   0x208  stm32f0xx_hal_dma.o [4]
  .text              ro code   0x800'4400     0x2  stm32f0xx_hal_adc.o [4]
  .text              ro code   0x800'4402     0x2  stm32f0xx_hal_adc.o [4]
  .text              ro code   0x800'4404    0x4e  ABImemset.o [7]
  .text              ro code   0x800'4452     0x2  startup_stm32f030x6.o [1]
  .text              ro code   0x800'4454    0x34  ABImemcpy.o [7]
  .text              ro code   0x800'4488   0x2b4  stm32f0xx_it.o [2]
  .text              ro code   0x800'473c    0x20  IxxToDbl.o [6]
  .text              ro code   0x800'475c   0x184  DblMul.o [6]
  .text              ro code   0x800'48e0    0x32  DblCmpLe.o [6]
  .text              ro code   0x800'4912     0x2  startup_stm32f030x6.o [1]
  .text              ro code   0x800'4914    0x18  stm32f0xx_hal.o [4]
  .text              ro code   0x800'492c    0x3c  zero_init3.o [7]
  .text              ro code   0x800'4968    0x30  copy_init3.o [7]
  .text              ro code   0x800'4998    0x28  data_init.o [7]
  .iar.init_table    const     0x800'49c0    0x24  - Linker created -
  .text              ro code   0x800'49e4    0x1e  cmain.o [7]
  .text              ro code   0x800'4a02     0x4  low_level_init.o [5]
  .text              ro code   0x800'4a06     0x8  exit.o [5]
  .text              ro code   0x800'4a0e     0x2  startup_stm32f030x6.o [1]
  .text              ro code   0x800'4a10     0xa  cexit.o [7]
  .text              ro code   0x800'4a1a     0x2  startup_stm32f030x6.o [1]
  .text              ro code   0x800'4a1c    0x14  exit.o [8]
  .text              ro code   0x800'4a30    0x1c  cstartup_M.o [7]
  Initializer bytes  const     0x800'4a4c    0x14  <for P2-1>
  .text              ro code   0x800'4a60     0x2  startup_stm32f030x6.o [1]
  .rodata            const     0x800'4a64    0x10  stm32f0xx_hal_rcc.o [4]
  .rodata            const     0x800'4a74    0x10  stm32f0xx_hal_rcc.o [4]
  .rodata            const     0x800'4a84    0x10  system_stm32f0xx.o [3]
  .text              ro code   0x800'4a94    0x10  startup_stm32f030x6.o [1]
  .text              ro code   0x800'4aa4     0x2  startup_stm32f030x6.o [1]
  .text              ro code   0x800'4aa6     0x2  startup_stm32f030x6.o [1]
  .text              ro code   0x800'4aa8     0x2  startup_stm32f030x6.o [1]
  .text              ro code   0x800'4aaa     0x2  startup_stm32f030x6.o [1]
  .text              ro code   0x800'4aac     0x2  startup_stm32f030x6.o [1]
  .text              ro code   0x800'4ab0     0x2  system_stm32f0xx.o [3]
  .rodata            const     0x800'4ab2     0x0  zero_init3.o [7]
  .rodata            const     0x800'4ab2     0x0  copy_init3.o [7]
                             - 0x800'4ab2  0x4a02

"P2", part 1 of 3:                           0x14
  P2-1                        0x2000'0000    0x11  <Init block>
    .data            inited   0x2000'0000     0x4  main.o [2]
    .data            inited   0x2000'0004     0x4  stm32f0xx_hal.o [4]
    .data            inited   0x2000'0008     0x4  system_stm32f0xx.o [3]
    .data            inited   0x2000'000c     0x2  main.o [2]
    .data            inited   0x2000'000e     0x2  stm32f0xx_it.o [2]
    .data            inited   0x2000'0010     0x1  stm32f0xx_hal.o [4]
                            - 0x2000'0011    0x11

"P2", part 2 of 3:                          0xbec
  .bss               zero     0x2000'0014   0x834  main.o [2]
  .bss               zero     0x2000'0848    0x64  main.o [2]
  .bss               zero     0x2000'08ac    0x4c  main.o [2]
  .bss               zero     0x2000'08f8    0x48  main.o [2]
  .bss               zero     0x2000'0940    0x48  main.o [2]
  .bss               zero     0x2000'0988    0x48  main.o [2]
  .bss               zero     0x2000'09d0    0x48  main.o [2]
  .bss               zero     0x2000'0a18    0x48  main.o [2]
  .bss               zero     0x2000'0a60    0x44  main.o [2]
  .bss               zero     0x2000'0aa4    0x40  main.o [2]
  .bss               zero     0x2000'0ae4    0x38  main.o [2]
  .bss               zero     0x2000'0b1c    0x38  main.o [2]
  .bss               zero     0x2000'0b54    0x38  main.o [2]
  .bss               zero     0x2000'0b8c    0x10  main.o [2]
  .bss               zero     0x2000'0b9c     0xc  main.o [2]
  .bss               zero     0x2000'0ba8     0xc  main.o [2]
  .bss               zero     0x2000'0bb4     0xc  main.o [2]
  .bss               zero     0x2000'0bc0     0xc  main.o [2]
  .bss               zero     0x2000'0bcc     0xc  main.o [2]
  .bss               zero     0x2000'0bd8     0x4  main.o [2]
  .bss               zero     0x2000'0bdc     0x4  main.o [2]
  .bss               zero     0x2000'0be0     0x4  main.o [2]
  .bss               zero     0x2000'0be4     0x4  main.o [2]
  .bss               zero     0x2000'0be8     0x4  stm32f0xx_hal.o [4]
  .bss               zero     0x2000'0bec     0x2  main.o [2]
  .bss               zero     0x2000'0bee     0x2  main.o [2]
  .bss               zero     0x2000'0bf0     0x2  stm32f0xx_it.o [2]
  .bss               zero     0x2000'0bf2     0x2  stm32f0xx_it.o [2]
  .bss               zero     0x2000'0bf4     0x1  main.o [2]
  .bss               zero     0x2000'0bf5     0x1  main.o [2]
  .bss               zero     0x2000'0bf6     0x1  main.o [2]
  .bss               zero     0x2000'0bf7     0x1  main.o [2]
  .bss               zero     0x2000'0bf8     0x1  main.o [2]
  .bss               zero     0x2000'0bf9     0x1  main.o [2]
  .bss               zero     0x2000'0bfa     0x1  main.o [2]
  .bss               zero     0x2000'0bfb     0x1  stm32f0xx_it.o [2]
  .bss               zero     0x2000'0bfc     0x1  stm32f0xx_it.o [2]
                            - 0x2000'0bfd   0xbe9

"P2", part 3 of 3:                          0x400
  CSTACK                      0x2000'0c00   0x400  <Block>
    CSTACK           uninit   0x2000'0c00   0x400  <Block tail>
                            - 0x2000'1000   0x400

Unused ranges:

        From          To    Size
        ----          --    ----
  0x800'4ab2  0x800'7fff  0x354e


*******************************************************************************
*** INIT TABLE
***

          Address      Size
          -------      ----
Zero (__iar_zero_init3)
    1 destination range, total size 0xbe9:
          0x2000'0014  0xbe9

Copy (__iar_copy_init3)
    1 source range, total size 0x14 (117% of destination):
           0x800'4a4c   0x14
    1 destination range, total size 0x11:
          0x2000'0000   0x11



*******************************************************************************
*** MODULE SUMMARY
***

    Module                  ro code  ro data  rw data
    ------                  -------  -------  -------
command line/config:
    -------------------------------------------------
    Total:

E:\Storage_W\MEGA\Other\Amin\STM\PowerSupply_2\EWARM\PowerSupply_2\Obj\Application\EWARM: [1]
    startup_stm32f030x6.o       218
    -------------------------------------------------
    Total:                      218

E:\Storage_W\MEGA\Other\Amin\STM\PowerSupply_2\EWARM\PowerSupply_2\Obj\Application\User\Core: [2]
    main.o                    5'754        6    3'045
    stm32f0xx_hal_msp.o         884
    stm32f0xx_it.o              692        2        8
    -------------------------------------------------
    Total:                    7'330        8    3'053

E:\Storage_W\MEGA\Other\Amin\STM\PowerSupply_2\EWARM\PowerSupply_2\Obj\Drivers\CMSIS: [3]
    system_stm32f0xx.o            2       20        4
    -------------------------------------------------
    Total:                        2       20        4

E:\Storage_W\MEGA\Other\Amin\STM\PowerSupply_2\EWARM\PowerSupply_2\Obj\Drivers\STM32F0xx_HAL_Driver: [4]
    stm32f0xx_hal.o             148        5        9
    stm32f0xx_hal_adc.o       1'356
    stm32f0xx_hal_adc_ex.o      220
    stm32f0xx_hal_cortex.o      260
    stm32f0xx_hal_dma.o         520
    stm32f0xx_hal_gpio.o        580
    stm32f0xx_hal_i2c.o       1'856
    stm32f0xx_hal_i2c_ex.o      248
    stm32f0xx_hal_rcc.o       1'692       32
    stm32f0xx_hal_rcc_ex.o      304
    stm32f0xx_hal_tim.o       2'386
    stm32f0xx_hal_tim_ex.o      224
    -------------------------------------------------
    Total:                    9'794       37        9

dl6M_tln.a: [5]
    exit.o                        8
    low_level_init.o              4
    -------------------------------------------------
    Total:                       12

m6M_tl.a: [6]
    DblCmpLe.o                   50
    DblMul.o                    388
    FltAddSub.o                 288
    FltMul.o                    176
    FltToS32.o                   58
    IxxToDbl.o                   32
    IxxToFlt.o                   54
    -------------------------------------------------
    Total:                    1'046

rt6M_tl.a: [7]
    ABImemcpy.o                  52
    ABImemset.o                  78
    I32DivModFast.o             224
    IntDivZer.o                   2
    cexit.o                      10
    cmain.o                      30
    copy_init3.o                 48
    cstartup_M.o                 28
    data_init.o                  40
    memset.o                     20
    zero_init3.o                 60
    -------------------------------------------------
    Total:                      592

shb_l.a: [8]
    exit.o                       20
    -------------------------------------------------
    Total:                       20

    Gaps                          2        2
    Linker created                        39    1'024
-----------------------------------------------------
    Grand Total:             19'016      106    4'090


*******************************************************************************
*** ENTRY LIST
***

Entry                       Address   Size  Type      Object
-----                       -------   ----  ----      ------
.iar.init_table$$Base    0x800'49c0          --   Gb  - Linker created -
.iar.init_table$$Limit   0x800'49e4          --   Gb  - Linker created -
?main                    0x800'49e5         Code  Gb  cmain.o [7]
ADC1_IRQHandler          0x800'4a1b         Code  Wk  startup_stm32f030x6.o [1]
ADC_DMAConvCplt          0x800'26ed   0x7a  Code  Lc  stm32f0xx_hal_adc.o [4]
ADC_DMAError             0x800'277f   0x1e  Code  Lc  stm32f0xx_hal_adc.o [4]
ADC_DMAHalfConvCplt      0x800'2771    0xe  Code  Lc  stm32f0xx_hal_adc.o [4]
ADC_Enable               0x800'2629   0xb2  Code  Lc  stm32f0xx_hal_adc.o [4]
AData                   0x2000'0b9c    0xc  Data  Gb  main.o [2]
AFIFO                   0x2000'0014  0x834  Data  Gb  main.o [2]
AHBPrescTable            0x800'4a84   0x10  Data  Gb  system_stm32f0xx.o [3]
ArrNumFIFO              0x2000'0be4    0x4  Data  Gb  main.o [2]
CSTACK$$Base            0x2000'0c00          --   Gb  - Linker created -
CSTACK$$Limit           0x2000'1000          --   Gb  - Linker created -
Curr                    0x2000'0b1c   0x38  Data  Gb  main.o [2]
DMA1_Channel1_IRQHandler
                         0x800'46cf    0xa  Code  Gb  stm32f0xx_it.o [2]
DMA1_Channel2_3_IRQHandler
                         0x800'4913         Code  Wk  startup_stm32f030x6.o [1]
DMA1_Channel4_5_IRQHandler
                         0x800'4a0f         Code  Wk  startup_stm32f030x6.o [1]
DMA_CalcBaseAndBitshift
                         0x800'43dd   0x1a  Code  Lc  stm32f0xx_hal_dma.o [4]
DMA_SetConfig            0x800'43b3   0x2a  Code  Lc  stm32f0xx_hal_dma.o [4]
Delay                    0x800'0673   0x14  Code  Gb  main.o [2]
Disp3s                  0x2000'000c    0x2  Data  Gb  main.o [2]
EXIS1PrePrs             0x2000'0ba8    0xc  Data  Gb  main.o [2]
EXIS2PrePrs             0x2000'0bb4    0xc  Data  Gb  main.o [2]
EXTI0_1_IRQHandler       0x800'46af    0xa  Code  Gb  stm32f0xx_it.o [2]
EXTI2_3_IRQHandler       0x800'46b9    0xa  Code  Gb  stm32f0xx_it.o [2]
EXTI4_15_IRQHandler      0x800'46c3    0xc  Code  Gb  stm32f0xx_it.o [2]
Error_Handler            0x800'1725    0x6  Code  Gb  main.o [2]
FLASH_IRQHandler         0x800'418f         Code  Wk  startup_stm32f030x6.o [1]
FirsRead                0x2000'0bfc    0x1  Data  Gb  stm32f0xx_it.o [2]
HAL_ADCEx_Calibration_Start
                         0x800'2179   0xdc  Code  Gb  stm32f0xx_hal_adc_ex.o [4]
HAL_ADC_ConfigChannel    0x800'24d1  0x158  Code  Gb  stm32f0xx_hal_adc.o [4]
HAL_ADC_ConvCpltCallback
                         0x800'14bd  0x14e  Code  Gb  main.o [2]
HAL_ADC_ConvHalfCpltCallback
                         0x800'4401    0x2  Code  Wk  stm32f0xx_hal_adc.o [4]
HAL_ADC_ErrorCallback    0x800'4403    0x2  Code  Wk  stm32f0xx_hal_adc.o [4]
HAL_ADC_Init             0x800'2255  0x1ae  Code  Gb  stm32f0xx_hal_adc.o [4]
HAL_ADC_MspInit          0x800'38bd   0x88  Code  Gb  stm32f0xx_hal_msp.o [2]
HAL_ADC_Start_DMA        0x800'2411   0xae  Code  Gb  stm32f0xx_hal_adc.o [4]
HAL_DMA_IRQHandler       0x800'42dd   0xd6  Code  Gb  stm32f0xx_hal_dma.o [4]
HAL_DMA_Init             0x800'41f9   0x54  Code  Gb  stm32f0xx_hal_dma.o [4]
HAL_DMA_Start_IT         0x800'4251   0x8c  Code  Gb  stm32f0xx_hal_dma.o [4]
HAL_GPIO_EXTI_Callback   0x800'161d   0xd0  Code  Gb  main.o [2]
HAL_GPIO_EXTI_IRQHandler
                         0x800'3f03   0x22  Code  Gb  stm32f0xx_hal_gpio.o [4]
HAL_GPIO_Init            0x800'3d09  0x1c6  Code  Gb  stm32f0xx_hal_gpio.o [4]
HAL_GPIO_ReadPin         0x800'3ecf   0x1a  Code  Gb  stm32f0xx_hal_gpio.o [4]
HAL_GPIO_WritePin        0x800'3ee9   0x1a  Code  Gb  stm32f0xx_hal_gpio.o [4]
HAL_GetTick              0x800'41ed    0xc  Code  Wk  stm32f0xx_hal.o [4]
HAL_I2CEx_ConfigAnalogFilter
                         0x800'36bd   0x66  Code  Gb  stm32f0xx_hal_i2c_ex.o [4]
HAL_I2CEx_ConfigDigitalFilter
                         0x800'3723   0x60  Code  Gb  stm32f0xx_hal_i2c_ex.o [4]
HAL_I2CEx_EnableFastModePlus
                         0x800'3783   0x20  Code  Gb  stm32f0xx_hal_i2c_ex.o [4]
HAL_I2C_Init             0x800'2f7d   0xc6  Code  Gb  stm32f0xx_hal_i2c.o [4]
HAL_I2C_Mem_Read         0x800'31f5  0x1a8  Code  Gb  stm32f0xx_hal_i2c.o [4]
HAL_I2C_Mem_Write        0x800'3051  0x1a4  Code  Gb  stm32f0xx_hal_i2c.o [4]
HAL_I2C_MspInit          0x800'3945   0x60  Code  Gb  stm32f0xx_hal_msp.o [2]
HAL_IncTick              0x800'4915   0x18  Code  Wk  stm32f0xx_hal.o [4]
HAL_Init                 0x800'172d   0x1a  Code  Gb  stm32f0xx_hal.o [4]
HAL_InitTick             0x800'4191   0x50  Code  Wk  stm32f0xx_hal.o [4]
HAL_MspInit              0x800'3891   0x2c  Code  Gb  stm32f0xx_hal_msp.o [2]
HAL_NVIC_EnableIRQ       0x800'3cd7    0xe  Code  Gb  stm32f0xx_hal_cortex.o [4]
HAL_NVIC_SetPriority     0x800'3cc3   0x14  Code  Gb  stm32f0xx_hal_cortex.o [4]
HAL_RCCEx_PeriphCLKConfig
                         0x800'2e4d  0x110  Code  Gb  stm32f0xx_hal_rcc_ex.o [4]
HAL_RCC_ClockConfig      0x800'2c71  0x128  Code  Gb  stm32f0xx_hal_rcc.o [4]
HAL_RCC_GetSysClockFreq
                         0x800'2dad   0x72  Code  Gb  stm32f0xx_hal_rcc.o [4]
HAL_RCC_OscConfig        0x800'27b1  0x4ac  Code  Gb  stm32f0xx_hal_rcc.o [4]
HAL_SYSTICK_Config       0x800'3ce5    0xc  Code  Gb  stm32f0xx_hal_cortex.o [4]
HAL_TIMEx_BreakCallback
                         0x800'41e7    0x2  Code  Wk  stm32f0xx_hal_tim_ex.o [4]
HAL_TIMEx_CommutCallback
                         0x800'41eb    0x2  Code  Wk  stm32f0xx_hal_tim_ex.o [4]
HAL_TIMEx_ConfigBreakDeadTime
                         0x800'3811   0x5e  Code  Gb  stm32f0xx_hal_tim_ex.o [4]
HAL_TIMEx_MasterConfigSynchronization
                         0x800'37b5   0x5c  Code  Gb  stm32f0xx_hal_tim_ex.o [4]
HAL_TIM_Base_Init        0x800'182d   0x5c  Code  Gb  stm32f0xx_hal_tim.o [4]
HAL_TIM_Base_MspInit     0x800'3a95   0x6e  Code  Gb  stm32f0xx_hal_msp.o [2]
HAL_TIM_Base_Start_IT    0x800'18bb   0x5a  Code  Gb  stm32f0xx_hal_tim.o [4]
HAL_TIM_Base_Stop        0x800'1889   0x32  Code  Gb  stm32f0xx_hal_tim.o [4]
HAL_TIM_Encoder_Init     0x800'1a69   0xc4  Code  Gb  stm32f0xx_hal_tim.o [4]
HAL_TIM_Encoder_MspInit
                         0x800'39a5   0x7c  Code  Gb  stm32f0xx_hal_msp.o [2]
HAL_TIM_Encoder_Start_IT
                         0x800'1b3d  0x12e  Code  Gb  stm32f0xx_hal_tim.o [4]
HAL_TIM_IC_CaptureCallback
                         0x800'13e1   0xc0  Code  Gb  main.o [2]
HAL_TIM_IRQHandler       0x800'1c6b  0x1ac  Code  Gb  stm32f0xx_hal_tim.o [4]
HAL_TIM_MspPostInit      0x800'3b15   0xc2  Code  Gb  stm32f0xx_hal_msp.o [2]
HAL_TIM_OC_DelayElapsedCallback
                         0x800'41e3    0x2  Code  Wk  stm32f0xx_hal_tim.o [4]
HAL_TIM_PWM_ConfigChannel
                         0x800'1e17   0xfc  Code  Gb  stm32f0xx_hal_tim.o [4]
HAL_TIM_PWM_Init         0x800'1925   0x5c  Code  Gb  stm32f0xx_hal_tim.o [4]
HAL_TIM_PWM_MspInit      0x800'3a21   0x6e  Code  Gb  stm32f0xx_hal_msp.o [2]
HAL_TIM_PWM_PulseFinishedCallback
                         0x800'41e5    0x2  Code  Wk  stm32f0xx_hal_tim.o [4]
HAL_TIM_PWM_Start        0x800'1981   0xd8  Code  Gb  stm32f0xx_hal_tim.o [4]
HAL_TIM_PeriodElapsedCallback
                         0x800'09bd  0xa10  Code  Gb  main.o [2]
HAL_TIM_TriggerCallback
                         0x800'41e9    0x2  Code  Wk  stm32f0xx_hal_tim.o [4]
HardFault_Handler        0x800'448d    0x4  Code  Gb  stm32f0xx_it.o [2]
HighByte                0x2000'0bf6    0x1  Data  Gb  main.o [2]
I2C1_IRQHandler          0x800'4aa9         Code  Wk  startup_stm32f030x6.o [1]
I2C_Flush_TXDR           0x800'34b9   0x28  Code  Lc  stm32f0xx_hal_i2c.o [4]
I2C_IsAcknowledgeFailed
                         0x800'35e3   0xa0  Code  Lc  stm32f0xx_hal_i2c.o [4]
I2C_RequestMemoryRead    0x800'342f   0x84  Code  Lc  stm32f0xx_hal_i2c.o [4]
I2C_RequestMemoryWrite   0x800'33a9   0x86  Code  Lc  stm32f0xx_hal_i2c.o [4]
I2C_TransferConfig       0x800'3683   0x2e  Code  Lc  stm32f0xx_hal_i2c.o [4]
I2C_WaitOnFlagUntilTimeout
                         0x800'34e1   0x58  Code  Lc  stm32f0xx_hal_i2c.o [4]
I2C_WaitOnSTOPFlagUntilTimeout
                         0x800'3591   0x52  Code  Lc  stm32f0xx_hal_i2c.o [4]
I2C_WaitOnTXISFlagUntilTimeout
                         0x800'3539   0x58  Code  Lc  stm32f0xx_hal_i2c.o [4]
InitCount               0x2000'0bf0    0x2  Data  Gb  stm32f0xx_it.o [2]
InitFlag                0x2000'0bfb    0x1  Data  Gb  stm32f0xx_it.o [2]
Kd                      0x2000'0be0    0x4  Data  Gb  main.o [2]
Ki                      0x2000'0bdc    0x4  Data  Gb  main.o [2]
Kp                      0x2000'0bd8    0x4  Data  Gb  main.o [2]
LED_Data                0x2000'0848   0x64  Data  Gb  main.o [2]
LowByte                 0x2000'0bf5    0x1  Data  Gb  main.o [2]
MX_ADC_Init              0x800'01d7   0x98  Code  Lc  main.o [2]
MX_DMA_Init              0x800'055f   0x26  Code  Lc  main.o [2]
MX_GPIO_Init             0x800'0599   0xda  Code  Lc  main.o [2]
MX_I2C1_Init             0x800'026f   0x4e  Code  Lc  main.o [2]
MX_TIM14_Init            0x800'03e5   0x24  Code  Lc  main.o [2]
MX_TIM16_Init            0x800'0425   0x9a  Code  Lc  main.o [2]
MX_TIM17_Init            0x800'04c5   0x9a  Code  Lc  main.o [2]
MX_TIM1_Init             0x800'02bd   0x6e  Code  Lc  main.o [2]
MX_TIM3_Init             0x800'032b   0xa6  Code  Lc  main.o [2]
MaxArrNumFIFO           0x2000'0000    0x4  Data  Gb  main.o [2]
MaxInitCount            0x2000'000e    0x2  Data  Gb  stm32f0xx_it.o [2]
Mon2Seg                  0x800'0929   0x86  Code  Gb  main.o [2]
Mon4Seg                  0x800'07c5  0x15c  Code  Gb  main.o [2]
NMI_Handler              0x800'4489    0x4  Code  Gb  stm32f0xx_it.o [2]
PIDEn                   0x2000'0bf9    0x1  Data  Gb  main.o [2]
PendSV_Handler           0x800'4493    0x2  Code  Gb  stm32f0xx_it.o [2]
RCC_IRQHandler           0x800'4453         Code  Wk  startup_stm32f030x6.o [1]
RTC_IRQHandler           0x800'4153         Code  Wk  startup_stm32f030x6.o [1]
Region$$Table$$Base      0x800'49c0          --   Gb  - Linker created -
Region$$Table$$Limit     0x800'49e4          --   Gb  - Linker created -
Reset_Handler            0x800'4a95         Code  Wk  startup_stm32f030x6.o [1]
SPI1_IRQHandler          0x800'4aab         Code  Wk  startup_stm32f030x6.o [1]
SVC_Handler              0x800'4491    0x2  Code  Gb  stm32f0xx_it.o [2]
SevSegm                  0x800'069d  0x11c  Code  Gb  main.o [2]
SevSegm::Buf            0x2000'0b8c   0x10  Data  Lc  main.o [2]
SysTick_Config           0x800'3c91   0x32  Code  Lc  stm32f0xx_hal_cortex.o [4]
SysTick_Handler          0x800'4495  0x21a  Code  Gb  stm32f0xx_it.o [2]
SystemClock_Config       0x800'0153   0x84  Code  Gb  main.o [2]
SystemCoreClock         0x2000'0008    0x4  Data  Gb  system_stm32f0xx.o [3]
SystemInit               0x800'4ab1    0x2  Code  Gb  system_stm32f0xx.o [3]
TIM14_IRQHandler         0x800'46ed    0xa  Code  Gb  stm32f0xx_it.o [2]
TIM16_IRQHandler         0x800'4aa5         Code  Wk  startup_stm32f030x6.o [1]
TIM17_IRQHandler         0x800'4aa7         Code  Wk  startup_stm32f030x6.o [1]
TIM1_BRK_UP_TRG_COM_IRQHandler
                         0x800'4a61         Code  Wk  startup_stm32f030x6.o [1]
TIM1_CC_IRQHandler       0x800'46d9    0xa  Code  Gb  stm32f0xx_it.o [2]
TIM3_IRQHandler          0x800'46e3    0xa  Code  Gb  stm32f0xx_it.o [2]
TIM_Base_SetConfig       0x800'1f19   0x6a  Code  Gb  stm32f0xx_hal_tim.o [4]
TIM_CCxChannelCmd        0x800'2155   0x24  Code  Gb  stm32f0xx_hal_tim.o [4]
TIM_OC1_SetConfig        0x800'1f83   0x70  Code  Lc  stm32f0xx_hal_tim.o [4]
TIM_OC2_SetConfig        0x800'1ff3   0x6e  Code  Gb  stm32f0xx_hal_tim.o [4]
TIM_OC3_SetConfig        0x800'2061   0x6a  Code  Lc  stm32f0xx_hal_tim.o [4]
TIM_OC4_SetConfig        0x800'20cb   0x50  Code  Lc  stm32f0xx_hal_tim.o [4]
TempVolt                0x2000'0bf2    0x2  Data  Gb  stm32f0xx_it.o [2]
USART1_IRQHandler        0x800'4aad         Code  Wk  startup_stm32f030x6.o [1]
USBCurr                 0x2000'0b54   0x38  Data  Gb  main.o [2]
VOLT2ENC                0x2000'0bfa    0x1  Data  Gb  main.o [2]
Volt                    0x2000'0ae4   0x38  Data  Gb  main.o [2]
WWDG_IRQHandler          0x800'172b         Code  Wk  startup_stm32f030x6.o [1]
__ICFEDIT_region_RAM_end__ {Abs}
                        0x2000'0fff         Data  Gb  <internal module>
__ICFEDIT_region_RAM_start__ {Abs}
                        0x2000'0000         Data  Gb  <internal module>
__NVIC_EnableIRQ         0x800'3c05   0x18  Code  Lc  stm32f0xx_hal_cortex.o [4]
__NVIC_SetPriority       0x800'3c1d   0x74  Code  Lc  stm32f0xx_hal_cortex.o [4]
__aeabi_cdcmple          0x800'48e1         Code  Gb  DblCmpLe.o [6]
__aeabi_dmul             0x800'475d         Code  Gb  DblMul.o [6]
__aeabi_f2iz             0x800'4155         Code  Gb  FltToS32.o [6]
__aeabi_fadd             0x800'4033         Code  Gb  FltAddSub.o [6]
__aeabi_fmul             0x800'3f83         Code  Gb  FltMul.o [6]
__aeabi_fsub             0x800'40a3         Code  Gb  FltAddSub.o [6]
__aeabi_i2f              0x800'3f6d         Code  Gb  IxxToFlt.o [6]
__aeabi_idiv             0x800'1779         Code  Gb  I32DivModFast.o [7]
__aeabi_idiv0            0x800'41e1         Code  Gb  IntDivZer.o [7]
__aeabi_idivmod          0x800'1779         Code  Gb  I32DivModFast.o [7]
__aeabi_memcpy4          0x800'4455         Code  Gb  ABImemcpy.o [7]
__aeabi_memcpy8          0x800'4455         Code  Gb  ABImemcpy.o [7]
__aeabi_memset           0x800'4405         Code  Gb  ABImemset.o [7]
__aeabi_ui2d             0x800'473d         Code  Gb  IxxToDbl.o [6]
__aeabi_ui2f             0x800'3f4d         Code  Gb  IxxToFlt.o [6]
__aeabi_uidiv            0x800'177f         Code  Gb  I32DivModFast.o [7]
__aeabi_uidivmod         0x800'177f         Code  Gb  I32DivModFast.o [7]
__cmain                  0x800'49e5         Code  Gb  cmain.o [7]
__exit                   0x800'4a1d   0x14  Code  Gb  exit.o [8]
__iar_Memset4_word       0x800'4425         Code  Gb  ABImemset.o [7]
__iar_Memset_word        0x800'4411         Code  Gb  ABImemset.o [7]
__iar_copy_init3         0x800'4969   0x30  Code  Gb  copy_init3.o [7]
__iar_data_init3         0x800'4999   0x28  Code  Gb  data_init.o [7]
__iar_program_start      0x800'4a31         Code  Gb  cstartup_M.o [7]
__iar_zero_init3         0x800'492d   0x3c  Code  Gb  zero_init3.o [7]
__low_level_init         0x800'4a03    0x4  Code  Gb  low_level_init.o [5]
__vector_table           0x800'0000         Data  Gb  startup_stm32f030x6.o [1]
_call_main               0x800'49f1         Code  Gb  cmain.o [7]
_exit                    0x800'4a11         Code  Gb  cexit.o [7]
cH                      0x2000'0bf8    0x1  Data  Gb  main.o [2]
cL                      0x2000'0bf7    0x1  Data  Gb  main.o [2]
exit                     0x800'4a07    0x8  Code  Gb  exit.o [5]
hadc                    0x2000'0aa4   0x40  Data  Gb  main.o [2]
hdma_adc                0x2000'0a60   0x44  Data  Gb  main.o [2]
hi2c1                   0x2000'08ac   0x4c  Data  Gb  main.o [2]
htim1                   0x2000'08f8   0x48  Data  Gb  main.o [2]
htim14                  0x2000'0988   0x48  Data  Gb  main.o [2]
htim16                  0x2000'09d0   0x48  Data  Gb  main.o [2]
htim17                  0x2000'0a18   0x48  Data  Gb  main.o [2]
htim3                   0x2000'0940   0x48  Data  Gb  main.o [2]
iEXIS1Prs               0x2000'0bc0    0xc  Data  Gb  main.o [2]
iLED                    0x2000'0bec    0x2  Data  Gb  main.o [2]
iPrsEXIS2               0x2000'0bcc    0xc  Data  Gb  main.o [2]
iSelEXI                 0x2000'0bf4    0x1  Data  Gb  main.o [2]
indx                    0x2000'0bee    0x2  Data  Gb  main.o [2]
main                     0x800'00b1   0xa2  Code  Gb  main.o [2]
memset                   0x800'279d   0x14  Code  Gb  memset.o [7]
uwTick                  0x2000'0be8    0x4  Data  Gb  stm32f0xx_hal.o [4]
uwTickFreq              0x2000'0010    0x1  Data  Gb  stm32f0xx_hal.o [4]
uwTickPrio              0x2000'0004    0x4  Data  Gb  stm32f0xx_hal.o [4]


[1] = E:\Storage_W\MEGA\Other\Amin\STM\PowerSupply_2\EWARM\PowerSupply_2\Obj\Application\EWARM
[2] = E:\Storage_W\MEGA\Other\Amin\STM\PowerSupply_2\EWARM\PowerSupply_2\Obj\Application\User\Core
[3] = E:\Storage_W\MEGA\Other\Amin\STM\PowerSupply_2\EWARM\PowerSupply_2\Obj\Drivers\CMSIS
[4] = E:\Storage_W\MEGA\Other\Amin\STM\PowerSupply_2\EWARM\PowerSupply_2\Obj\Drivers\STM32F0xx_HAL_Driver
[5] = dl6M_tln.a
[6] = m6M_tl.a
[7] = rt6M_tl.a
[8] = shb_l.a

  19'016 bytes of readonly  code memory
     106 bytes of readonly  data memory
   4'090 bytes of readwrite data memory

Errors: none
Warnings: none
