###############################################################################
#
# IAR ELF Linker V9.30.1.335/W64 for ARM                  25/Dec/2022  16:09:47
# Copyright 2007-2022 IAR Systems AB.
#
#    Output file  =
#        E:\Storage_W\MEGA\Other\Amin\STM\PowerSupply_2\EWARM\PowerSupply_2\Exe\PowerSupply_2.out
#    Map file     =
#        E:\Storage_W\MEGA\Other\Amin\STM\PowerSupply_2\EWARM\PowerSupply_2\List\PowerSupply_2.map
#    Command line =
#        -f
#        E:\Storage_W\MEGA\Other\Amin\STM\PowerSupply_2\EWARM\PowerSupply_2\Exe\PowerSupply_2.out.rsp
#        (E:\Storage_W\MEGA\Other\Amin\STM\PowerSupply_2\EWARM\PowerSupply_2\Obj\Application\User\Core\main.o
#        E:\Storage_W\MEGA\Other\Amin\STM\PowerSupply_2\EWARM\PowerSupply_2\Obj\Application\User\Core\PID.o
#        E:\Storage_W\MEGA\Other\Amin\STM\PowerSupply_2\EWARM\PowerSupply_2\Obj\Application\EWARM\startup_stm32f030x6.o
#        E:\Storage_W\MEGA\Other\Amin\STM\PowerSupply_2\EWARM\PowerSupply_2\Obj\Drivers\STM32F0xx_HAL_Driver\stm32f0xx_hal.o
#        E:\Storage_W\MEGA\Other\Amin\STM\PowerSupply_2\EWARM\PowerSupply_2\Obj\Drivers\STM32F0xx_HAL_Driver\stm32f0xx_hal_adc.o
#        E:\Storage_W\MEGA\Other\Amin\STM\PowerSupply_2\EWARM\PowerSupply_2\Obj\Drivers\STM32F0xx_HAL_Driver\stm32f0xx_hal_adc_ex.o
#        E:\Storage_W\MEGA\Other\Amin\STM\PowerSupply_2\EWARM\PowerSupply_2\Obj\Drivers\STM32F0xx_HAL_Driver\stm32f0xx_hal_cortex.o
#        E:\Storage_W\MEGA\Other\Amin\STM\PowerSupply_2\EWARM\PowerSupply_2\Obj\Drivers\STM32F0xx_HAL_Driver\stm32f0xx_hal_dma.o
#        E:\Storage_W\MEGA\Other\Amin\STM\PowerSupply_2\EWARM\PowerSupply_2\Obj\Drivers\STM32F0xx_HAL_Driver\stm32f0xx_hal_exti.o
#        E:\Storage_W\MEGA\Other\Amin\STM\PowerSupply_2\EWARM\PowerSupply_2\Obj\Drivers\STM32F0xx_HAL_Driver\stm32f0xx_hal_flash.o
#        E:\Storage_W\MEGA\Other\Amin\STM\PowerSupply_2\EWARM\PowerSupply_2\Obj\Drivers\STM32F0xx_HAL_Driver\stm32f0xx_hal_flash_ex.o
#        E:\Storage_W\MEGA\Other\Amin\STM\PowerSupply_2\EWARM\PowerSupply_2\Obj\Drivers\STM32F0xx_HAL_Driver\stm32f0xx_hal_gpio.o
#        E:\Storage_W\MEGA\Other\Amin\STM\PowerSupply_2\EWARM\PowerSupply_2\Obj\Drivers\STM32F0xx_HAL_Driver\stm32f0xx_hal_i2c.o
#        E:\Storage_W\MEGA\Other\Amin\STM\PowerSupply_2\EWARM\PowerSupply_2\Obj\Drivers\STM32F0xx_HAL_Driver\stm32f0xx_hal_i2c_ex.o
#        E:\Storage_W\MEGA\Other\Amin\STM\PowerSupply_2\EWARM\PowerSupply_2\Obj\Application\User\Core\stm32f0xx_hal_msp.o
#        E:\Storage_W\MEGA\Other\Amin\STM\PowerSupply_2\EWARM\PowerSupply_2\Obj\Drivers\STM32F0xx_HAL_Driver\stm32f0xx_hal_pwr.o
#        E:\Storage_W\MEGA\Other\Amin\STM\PowerSupply_2\EWARM\PowerSupply_2\Obj\Drivers\STM32F0xx_HAL_Driver\stm32f0xx_hal_pwr_ex.o
#        E:\Storage_W\MEGA\Other\Amin\STM\PowerSupply_2\EWARM\PowerSupply_2\Obj\Drivers\STM32F0xx_HAL_Driver\stm32f0xx_hal_rcc.o
#        E:\Storage_W\MEGA\Other\Amin\STM\PowerSupply_2\EWARM\PowerSupply_2\Obj\Drivers\STM32F0xx_HAL_Driver\stm32f0xx_hal_rcc_ex.o
#        E:\Storage_W\MEGA\Other\Amin\STM\PowerSupply_2\EWARM\PowerSupply_2\Obj\Drivers\STM32F0xx_HAL_Driver\stm32f0xx_hal_tim.o
#        E:\Storage_W\MEGA\Other\Amin\STM\PowerSupply_2\EWARM\PowerSupply_2\Obj\Drivers\STM32F0xx_HAL_Driver\stm32f0xx_hal_tim_ex.o
#        E:\Storage_W\MEGA\Other\Amin\STM\PowerSupply_2\EWARM\PowerSupply_2\Obj\Application\User\Core\stm32f0xx_it.o
#        E:\Storage_W\MEGA\Other\Amin\STM\PowerSupply_2\EWARM\PowerSupply_2\Obj\Drivers\CMSIS\system_stm32f0xx.o
#        --no_out_extension -o
#        E:\Storage_W\MEGA\Other\Amin\STM\PowerSupply_2\EWARM\PowerSupply_2\Exe\PowerSupply_2.out
#        --redirect _Printf=_PrintfFullNoMb --redirect _Scanf=_ScanfFullNoMb
#        --map
#        E:\Storage_W\MEGA\Other\Amin\STM\PowerSupply_2\EWARM\PowerSupply_2\List\PowerSupply_2.map
#        --config
#        E:\Storage_W\MEGA\Other\Amin\STM\PowerSupply_2\EWARM/stm32f030x6_flash.icf
#        --semihosting --entry __iar_program_start --no_vfe --text_out locale
#        --cpu=Cortex-M0 --fpu=None)
#
###############################################################################

*******************************************************************************
*** RUNTIME MODEL ATTRIBUTES
***

CppFlavor       = *
__CPP_Runtime   = 1
__SystemLibrary = DLib
__dlib_version  = 6


*******************************************************************************
*** HEAP SELECTION
***

The basic heap was selected because --advanced_heap
was not specified and the application did not appear to
be primarily optimized for speed.


*******************************************************************************
*** PLACEMENT SUMMARY
***

"A0":  place at address 0x800'0000 { ro section .intvec };
"P1":  place in [from 0x800'0000 to 0x800'7fff] { ro };
define block CSTACK with size = 1K, alignment = 8 { };
define block HEAP with size = 512, alignment = 8 { };
"P2":  place in [from 0x2000'0000 to 0x2000'0fff] {
          rw, block CSTACK, block HEAP };
initialize by copy { rw };

  Section            Kind         Address    Size  Object
  -------            ----         -------    ----  ------
"A0":                                        0xb0
  .intvec            ro code   0x800'0000    0xb0  startup_stm32f030x6.o [1]
                             - 0x800'00b0    0xb0

"P1":                                      0x4e92
  .text              ro code   0x800'00b0  0x18ee  main.o [2]
  .text              ro code   0x800'199e     0x2  startup_stm32f030x6.o [1]
  .text              ro code   0x800'19a0    0x20  stm32f0xx_hal.o [4]
  .text              ro code   0x800'19c0    0x36  IxxToFlt.o [6]
  .text              ro code   0x800'19f6    0xe0  I32DivModFast.o [7]
  .text              ro code   0x800'1ad6     0x2  startup_stm32f030x6.o [1]
  .text              ro code   0x800'1ad8   0x94c  stm32f0xx_hal_tim.o [4]
  .text              ro code   0x800'2424    0xdc  stm32f0xx_hal_adc_ex.o [4]
  .text              ro code   0x800'2500   0x548  stm32f0xx_hal_adc.o [4]
  .text              ro code   0x800'2a48   0x104  PID.o [2]
  .text              ro code   0x800'2b4c    0x14  memset.o [7]
  .text              ro code   0x800'2b60   0x69c  stm32f0xx_hal_rcc.o [4]
  .text              ro code   0x800'31fc   0x130  stm32f0xx_hal_rcc_ex.o [4]
  .text              ro code   0x800'332c   0x740  stm32f0xx_hal_i2c.o [4]
  .text              ro code   0x800'3a6c    0xf8  stm32f0xx_hal_i2c_ex.o [4]
  .text              ro code   0x800'3b64    0xdc  stm32f0xx_hal_tim_ex.o [4]
  .text              ro code   0x800'3c40   0x374  stm32f0xx_hal_msp.o [2]
  .text              ro code   0x800'3fb4   0x104  stm32f0xx_hal_cortex.o [4]
  .text              ro code   0x800'40b8   0x244  stm32f0xx_hal_gpio.o [4]
  .text              ro code   0x800'42fc    0xb0  FltMul.o [6]
  .text              ro code   0x800'43ac   0x120  FltAddSub.o [6]
  .text              ro code   0x800'44cc    0x3a  FltToS32.o [6]
  .text              ro code   0x800'4506     0x2  startup_stm32f030x6.o [1]
  .text              ro code   0x800'4508    0x20  IxxToDbl.o [6]
  .text              ro code   0x800'4528   0x184  DblMul.o [6]
  .text              ro code   0x800'46ac    0x32  DblCmpLe.o [6]
  .text              ro code   0x800'46de     0x2  startup_stm32f030x6.o [1]
  .text              ro code   0x800'46e0    0x26  FltCmpLe.o [6]
  .text              ro code   0x800'4706     0x2  startup_stm32f030x6.o [1]
  .text              ro code   0x800'4708    0x50  stm32f0xx_hal.o [4]
  .text              ro code   0x800'4758     0x2  IntDivZer.o [7]
  .text              ro code   0x800'475a     0x2  stm32f0xx_hal_tim.o [4]
  .text              ro code   0x800'475c     0x2  stm32f0xx_hal_tim.o [4]
  .text              ro code   0x800'475e     0x2  stm32f0xx_hal_tim_ex.o [4]
  .text              ro code   0x800'4760     0x2  stm32f0xx_hal_tim.o [4]
  .text              ro code   0x800'4762     0x2  stm32f0xx_hal_tim_ex.o [4]
  .text              ro code   0x800'4764     0xc  stm32f0xx_hal.o [4]
  .text              ro code   0x800'4770   0x208  stm32f0xx_hal_dma.o [4]
  .text              ro code   0x800'4978     0x2  stm32f0xx_hal_adc.o [4]
  .text              ro code   0x800'497a     0x2  stm32f0xx_hal_adc.o [4]
  .text              ro code   0x800'497c    0xa4  FltDiv.o [6]
  .text              ro code   0x800'4a20    0x4e  ABImemset.o [7]
  .text              ro code   0x800'4a6e     0x2  startup_stm32f030x6.o [1]
  .text              ro code   0x800'4a70    0x34  ABImemcpy.o [7]
  .text              ro code   0x800'4aa4   0x2b8  stm32f0xx_it.o [2]
  .text              ro code   0x800'4d5c    0x18  stm32f0xx_hal.o [4]
  Initializer bytes  const     0x800'4d74    0x60  <for P2-1>
  .text              ro code   0x800'4dd4    0x3c  zero_init3.o [7]
  .text              ro code   0x800'4e10    0x30  copy_init3.o [7]
  .text              ro code   0x800'4e40     0x2  startup_stm32f030x6.o [1]
  .text              ro code   0x800'4e44    0x28  data_init.o [7]
  .iar.init_table    const     0x800'4e6c    0x24  - Linker created -
  .text              ro code   0x800'4e90    0x1e  cmain.o [7]
  .text              ro code   0x800'4eae     0x4  low_level_init.o [5]
  .text              ro code   0x800'4eb2     0x8  exit.o [5]
  .text              ro code   0x800'4eba     0x2  startup_stm32f030x6.o [1]
  .text              ro code   0x800'4ebc     0xa  cexit.o [7]
  .text              ro code   0x800'4ec6     0x2  startup_stm32f030x6.o [1]
  .text              ro code   0x800'4ec8    0x14  exit.o [8]
  .text              ro code   0x800'4edc    0x1c  cstartup_M.o [7]
  .rodata            const     0x800'4ef8    0x10  stm32f0xx_hal_rcc.o [4]
  .rodata            const     0x800'4f08    0x10  stm32f0xx_hal_rcc.o [4]
  .rodata            const     0x800'4f18    0x10  system_stm32f0xx.o [3]
  .text              ro code   0x800'4f28    0x10  startup_stm32f030x6.o [1]
  .text              ro code   0x800'4f38     0x2  startup_stm32f030x6.o [1]
  .text              ro code   0x800'4f3a     0x2  startup_stm32f030x6.o [1]
  .text              ro code   0x800'4f3c     0x2  startup_stm32f030x6.o [1]
  .text              ro code   0x800'4f3e     0x2  startup_stm32f030x6.o [1]
  .text              ro code   0x800'4f40     0x2  system_stm32f0xx.o [3]
  .rodata            const     0x800'4f42     0x0  zero_init3.o [7]
  .rodata            const     0x800'4f42     0x0  copy_init3.o [7]
                             - 0x800'4f42  0x4e92

"P2", part 1 of 3:                           0x60
  P2-1                        0x2000'0000    0x5e  <Init block>
    .data            inited   0x2000'0000     0x4  main.o [2]
    .data            inited   0x2000'0004     0x4  main.o [2]
    .data            inited   0x2000'0008     0x4  main.o [2]
    .data            inited   0x2000'000c     0x4  main.o [2]
    .data            inited   0x2000'0010     0x4  main.o [2]
    .data            inited   0x2000'0014     0x4  main.o [2]
    .data            inited   0x2000'0018     0x4  main.o [2]
    .data            inited   0x2000'001c     0x4  main.o [2]
    .data            inited   0x2000'0020     0x4  main.o [2]
    .data            inited   0x2000'0024     0x4  main.o [2]
    .data            inited   0x2000'0028     0x4  main.o [2]
    .data            inited   0x2000'002c     0x4  main.o [2]
    .data            inited   0x2000'0030     0x4  main.o [2]
    .data            inited   0x2000'0034     0x4  main.o [2]
    .data            inited   0x2000'0038     0x4  main.o [2]
    .data            inited   0x2000'003c     0x4  main.o [2]
    .data            inited   0x2000'0040     0x4  main.o [2]
    .data            inited   0x2000'0044     0x4  stm32f0xx_hal.o [4]
    .data            inited   0x2000'0048     0x4  system_stm32f0xx.o [3]
    .data            inited   0x2000'004c     0x2  main.o [2]
    .data            inited   0x2000'004e     0x2  main.o [2]
    .data            inited   0x2000'0050     0x2  main.o [2]
    .data            inited   0x2000'0052     0x2  main.o [2]
    .data            inited   0x2000'0054     0x2  main.o [2]
    .data            inited   0x2000'0056     0x2  main.o [2]
    .data            inited   0x2000'0058     0x2  main.o [2]
    .data            inited   0x2000'005a     0x2  main.o [2]
    .data            inited   0x2000'005c     0x1  main.o [2]
    .data            inited   0x2000'005d     0x1  stm32f0xx_hal.o [4]
                            - 0x2000'005e    0x5e

"P2", part 2 of 3:                          0xb20
  .bss               zero     0x2000'0060   0x708  main.o [2]
  .bss               zero     0x2000'0768    0x80  main.o [2]
  .bss               zero     0x2000'07e8    0x80  main.o [2]
  .bss               zero     0x2000'0868    0x64  main.o [2]
  .bss               zero     0x2000'08cc    0x4c  main.o [2]
  .bss               zero     0x2000'0918    0x48  main.o [2]
  .bss               zero     0x2000'0960    0x48  main.o [2]
  .bss               zero     0x2000'09a8    0x48  main.o [2]
  .bss               zero     0x2000'09f0    0x48  main.o [2]
  .bss               zero     0x2000'0a38    0x48  main.o [2]
  .bss               zero     0x2000'0a80    0x44  main.o [2]
  .bss               zero     0x2000'0ac4    0x40  main.o [2]
  .bss               zero     0x2000'0b04    0x14  main.o [2]
  .bss               zero     0x2000'0b18    0x10  main.o [2]
  .bss               zero     0x2000'0b28     0xc  main.o [2]
  .bss               zero     0x2000'0b34     0xc  main.o [2]
  .bss               zero     0x2000'0b40     0xc  main.o [2]
  .bss               zero     0x2000'0b4c     0xc  main.o [2]
  .bss               zero     0x2000'0b58     0xc  main.o [2]
  .bss               zero     0x2000'0b64     0x4  main.o [2]
  .bss               zero     0x2000'0b68     0x4  stm32f0xx_hal.o [4]
  .bss               zero     0x2000'0b6c     0x2  main.o [2]
  .bss               zero     0x2000'0b6e     0x2  main.o [2]
  .bss               zero     0x2000'0b70     0x2  main.o [2]
  .bss               zero     0x2000'0b72     0x2  main.o [2]
  .bss               zero     0x2000'0b74     0x2  main.o [2]
  .bss               zero     0x2000'0b76     0x1  main.o [2]
  .bss               zero     0x2000'0b77     0x1  main.o [2]
  .bss               zero     0x2000'0b78     0x1  main.o [2]
  .bss               zero     0x2000'0b79     0x1  main.o [2]
  .bss               zero     0x2000'0b7a     0x1  main.o [2]
  .bss               zero     0x2000'0b7b     0x1  main.o [2]
  .bss               zero     0x2000'0b7c     0x1  main.o [2]
                            - 0x2000'0b7d   0xb1d

"P2", part 3 of 3:                          0x400
  CSTACK                      0x2000'0b80   0x400  <Block>
    CSTACK           uninit   0x2000'0b80   0x400  <Block tail>
                            - 0x2000'0f80   0x400

Unused ranges:

         From           To    Size
         ----           --    ----
   0x800'4f42   0x800'7fff  0x30be
  0x2000'0f80  0x2000'0fff    0x80


*******************************************************************************
*** INIT TABLE
***

          Address      Size
          -------      ----
Zero (__iar_zero_init3)
    1 destination range, total size 0xb1d:
          0x2000'0060  0xb1d

Copy (__iar_copy_init3)
    1 source range, total size 0x60 (102% of destination):
           0x800'4d74   0x60
    1 destination range, total size 0x5e:
          0x2000'0000   0x5e



*******************************************************************************
*** MODULE SUMMARY
***

    Module                  ro code  ro data  rw data
    ------                  -------  -------  -------
command line/config:
    -------------------------------------------------
    Total:

E:\Storage_W\MEGA\Other\Amin\STM\PowerSupply_2\EWARM\PowerSupply_2\Obj\Application\EWARM: [1]
    startup_stm32f030x6.o       218
    -------------------------------------------------
    Total:                      218

E:\Storage_W\MEGA\Other\Amin\STM\PowerSupply_2\EWARM\PowerSupply_2\Obj\Application\User\Core: [2]
    PID.o                       260
    main.o                    6'382       85    2'926
    stm32f0xx_hal_msp.o         884
    stm32f0xx_it.o              696
    -------------------------------------------------
    Total:                    8'222       85    2'926

E:\Storage_W\MEGA\Other\Amin\STM\PowerSupply_2\EWARM\PowerSupply_2\Obj\Drivers\CMSIS: [3]
    system_stm32f0xx.o            2       20        4
    -------------------------------------------------
    Total:                        2       20        4

E:\Storage_W\MEGA\Other\Amin\STM\PowerSupply_2\EWARM\PowerSupply_2\Obj\Drivers\STM32F0xx_HAL_Driver: [4]
    stm32f0xx_hal.o             148        5        9
    stm32f0xx_hal_adc.o       1'356
    stm32f0xx_hal_adc_ex.o      220
    stm32f0xx_hal_cortex.o      260
    stm32f0xx_hal_dma.o         520
    stm32f0xx_hal_gpio.o        580
    stm32f0xx_hal_i2c.o       1'856
    stm32f0xx_hal_i2c_ex.o      248
    stm32f0xx_hal_rcc.o       1'692       32
    stm32f0xx_hal_rcc_ex.o      304
    stm32f0xx_hal_tim.o       2'386
    stm32f0xx_hal_tim_ex.o      224
    -------------------------------------------------
    Total:                    9'794       37        9

dl6M_tlf.a: [5]
    exit.o                        8
    low_level_init.o              4
    -------------------------------------------------
    Total:                       12

m6M_tl.a: [6]
    DblCmpLe.o                   50
    DblMul.o                    388
    FltAddSub.o                 288
    FltCmpLe.o                   38
    FltDiv.o                    164
    FltMul.o                    176
    FltToS32.o                   58
    IxxToDbl.o                   32
    IxxToFlt.o                   54
    -------------------------------------------------
    Total:                    1'248

rt6M_tl.a: [7]
    ABImemcpy.o                  52
    ABImemset.o                  78
    I32DivModFast.o             224
    IntDivZer.o                   2
    cexit.o                      10
    cmain.o                      30
    copy_init3.o                 48
    cstartup_M.o                 28
    data_init.o                  40
    memset.o                     20
    zero_init3.o                 60
    -------------------------------------------------
    Total:                      592

shb_l.a: [8]
    exit.o                       20
    -------------------------------------------------
    Total:                       20

    Gaps                          2
    Linker created                        38    1'024
-----------------------------------------------------
    Grand Total:             20'110      180    3'963


*******************************************************************************
*** ENTRY LIST
***

Entry                       Address   Size  Type      Object
-----                       -------   ----  ----      ------
.iar.init_table$$Base    0x800'4e6c          --   Gb  - Linker created -
.iar.init_table$$Limit   0x800'4e90          --   Gb  - Linker created -
?main                    0x800'4e91         Code  Gb  cmain.o [7]
ADC1_IRQHandler          0x800'4e41         Code  Wk  startup_stm32f030x6.o [1]
ADC_DMAConvCplt          0x800'2999   0x7a  Code  Lc  stm32f0xx_hal_adc.o [4]
ADC_DMAError             0x800'2a2b   0x1e  Code  Lc  stm32f0xx_hal_adc.o [4]
ADC_DMAHalfConvCplt      0x800'2a1d    0xe  Code  Lc  stm32f0xx_hal_adc.o [4]
ADC_Enable               0x800'28d5   0xb2  Code  Lc  stm32f0xx_hal_adc.o [4]
AData                   0x2000'0b28    0xc  Data  Gb  main.o [2]
AFIFO                   0x2000'0060  0x708  Data  Gb  main.o [2]
AHBPrescTable            0x800'4f18   0x10  Data  Gb  system_stm32f0xx.o [3]
ArrNumFIFO              0x2000'0b64    0x4  Data  Gb  main.o [2]
CSTACK$$Base            0x2000'0b80          --   Gb  - Linker created -
CSTACK$$Limit           0x2000'0f80          --   Gb  - Linker created -
Curr                    0x2000'07e8   0x80  Data  Gb  main.o [2]
CurrErrStp1             0x2000'0056    0x2  Data  Gb  main.o [2]
CurrKd1                 0x2000'0028    0x4  Data  Gb  main.o [2]
CurrKd2                 0x2000'0038    0x4  Data  Gb  main.o [2]
CurrKi1                 0x2000'0024    0x4  Data  Gb  main.o [2]
CurrKi2                 0x2000'0034    0x4  Data  Gb  main.o [2]
CurrKp1                 0x2000'0020    0x4  Data  Gb  main.o [2]
CurrKp2                 0x2000'0030    0x4  Data  Gb  main.o [2]
CurrTau1                0x2000'002c    0x4  Data  Gb  main.o [2]
CurrTau2                0x2000'003c    0x4  Data  Gb  main.o [2]
DMA1_Channel1_IRQHandler
                         0x800'4d05    0xa  Code  Gb  stm32f0xx_it.o [2]
DMA1_Channel2_3_IRQHandler
                         0x800'4707         Code  Wk  startup_stm32f030x6.o [1]
DMA1_Channel4_5_IRQHandler
                         0x800'4a6f         Code  Wk  startup_stm32f030x6.o [1]
DMA_CalcBaseAndBitshift
                         0x800'4955   0x1a  Code  Lc  stm32f0xx_hal_dma.o [4]
DMA_SetConfig            0x800'492b   0x2a  Code  Lc  stm32f0xx_hal_dma.o [4]
Delay                    0x800'0717   0x14  Code  Gb  main.o [2]
Disp3s                  0x2000'004c    0x2  Data  Gb  main.o [2]
EXIS1PrePrs             0x2000'0b34    0xc  Data  Gb  main.o [2]
EXIS2PrePrs             0x2000'0b40    0xc  Data  Gb  main.o [2]
EXTI0_1_IRQHandler       0x800'4ce5    0xa  Code  Gb  stm32f0xx_it.o [2]
EXTI2_3_IRQHandler       0x800'4cef    0xa  Code  Gb  stm32f0xx_it.o [2]
EXTI4_15_IRQHandler      0x800'4cf9    0xc  Code  Gb  stm32f0xx_it.o [2]
ErrStp1                 0x2000'0054    0x2  Data  Gb  main.o [2]
Error_Handler            0x800'1999    0x6  Code  Gb  main.o [2]
FLASH_IRQHandler         0x800'4507         Code  Wk  startup_stm32f030x6.o [1]
FirsRead                0x2000'0b7c    0x1  Data  Gb  main.o [2]
HAL_ADCEx_Calibration_Start
                         0x800'2425   0xdc  Code  Gb  stm32f0xx_hal_adc_ex.o [4]
HAL_ADC_ConfigChannel    0x800'277d  0x158  Code  Gb  stm32f0xx_hal_adc.o [4]
HAL_ADC_ConvCpltCallback
                         0x800'1731  0x14e  Code  Gb  main.o [2]
HAL_ADC_ConvHalfCpltCallback
                         0x800'4979    0x2  Code  Wk  stm32f0xx_hal_adc.o [4]
HAL_ADC_ErrorCallback    0x800'497b    0x2  Code  Wk  stm32f0xx_hal_adc.o [4]
HAL_ADC_Init             0x800'2501  0x1ae  Code  Gb  stm32f0xx_hal_adc.o [4]
HAL_ADC_MspInit          0x800'3c6d   0x88  Code  Gb  stm32f0xx_hal_msp.o [2]
HAL_ADC_Start_DMA        0x800'26bd   0xae  Code  Gb  stm32f0xx_hal_adc.o [4]
HAL_DMA_IRQHandler       0x800'4855   0xd6  Code  Gb  stm32f0xx_hal_dma.o [4]
HAL_DMA_Init             0x800'4771   0x54  Code  Gb  stm32f0xx_hal_dma.o [4]
HAL_DMA_Start_IT         0x800'47c9   0x8c  Code  Gb  stm32f0xx_hal_dma.o [4]
HAL_GPIO_EXTI_Callback   0x800'1891   0xd0  Code  Gb  main.o [2]
HAL_GPIO_EXTI_IRQHandler
                         0x800'42b3   0x22  Code  Gb  stm32f0xx_hal_gpio.o [4]
HAL_GPIO_Init            0x800'40b9  0x1c6  Code  Gb  stm32f0xx_hal_gpio.o [4]
HAL_GPIO_ReadPin         0x800'427f   0x1a  Code  Gb  stm32f0xx_hal_gpio.o [4]
HAL_GPIO_WritePin        0x800'4299   0x1a  Code  Gb  stm32f0xx_hal_gpio.o [4]
HAL_GetTick              0x800'4765    0xc  Code  Wk  stm32f0xx_hal.o [4]
HAL_I2CEx_ConfigAnalogFilter
                         0x800'3a6d   0x66  Code  Gb  stm32f0xx_hal_i2c_ex.o [4]
HAL_I2CEx_ConfigDigitalFilter
                         0x800'3ad3   0x60  Code  Gb  stm32f0xx_hal_i2c_ex.o [4]
HAL_I2CEx_EnableFastModePlus
                         0x800'3b33   0x20  Code  Gb  stm32f0xx_hal_i2c_ex.o [4]
HAL_I2C_Init             0x800'332d   0xc6  Code  Gb  stm32f0xx_hal_i2c.o [4]
HAL_I2C_Mem_Read         0x800'35a5  0x1a8  Code  Gb  stm32f0xx_hal_i2c.o [4]
HAL_I2C_Mem_Write        0x800'3401  0x1a4  Code  Gb  stm32f0xx_hal_i2c.o [4]
HAL_I2C_MspInit          0x800'3cf5   0x60  Code  Gb  stm32f0xx_hal_msp.o [2]
HAL_IncTick              0x800'4d5d   0x18  Code  Wk  stm32f0xx_hal.o [4]
HAL_Init                 0x800'19a1   0x1a  Code  Gb  stm32f0xx_hal.o [4]
HAL_InitTick             0x800'4709   0x50  Code  Wk  stm32f0xx_hal.o [4]
HAL_MspInit              0x800'3c41   0x2c  Code  Gb  stm32f0xx_hal_msp.o [2]
HAL_NVIC_EnableIRQ       0x800'4087    0xe  Code  Gb  stm32f0xx_hal_cortex.o [4]
HAL_NVIC_SetPriority     0x800'4073   0x14  Code  Gb  stm32f0xx_hal_cortex.o [4]
HAL_RCCEx_PeriphCLKConfig
                         0x800'31fd  0x110  Code  Gb  stm32f0xx_hal_rcc_ex.o [4]
HAL_RCC_ClockConfig      0x800'3021  0x128  Code  Gb  stm32f0xx_hal_rcc.o [4]
HAL_RCC_GetSysClockFreq
                         0x800'315d   0x72  Code  Gb  stm32f0xx_hal_rcc.o [4]
HAL_RCC_OscConfig        0x800'2b61  0x4ac  Code  Gb  stm32f0xx_hal_rcc.o [4]
HAL_SYSTICK_Config       0x800'4095    0xc  Code  Gb  stm32f0xx_hal_cortex.o [4]
HAL_TIMEx_BreakCallback
                         0x800'475f    0x2  Code  Wk  stm32f0xx_hal_tim_ex.o [4]
HAL_TIMEx_CommutCallback
                         0x800'4763    0x2  Code  Wk  stm32f0xx_hal_tim_ex.o [4]
HAL_TIMEx_ConfigBreakDeadTime
                         0x800'3bc1   0x5e  Code  Gb  stm32f0xx_hal_tim_ex.o [4]
HAL_TIMEx_MasterConfigSynchronization
                         0x800'3b65   0x5c  Code  Gb  stm32f0xx_hal_tim_ex.o [4]
HAL_TIM_Base_Init        0x800'1ad9   0x5c  Code  Gb  stm32f0xx_hal_tim.o [4]
HAL_TIM_Base_MspInit     0x800'3e45   0x6e  Code  Gb  stm32f0xx_hal_msp.o [2]
HAL_TIM_Base_Start_IT    0x800'1b67   0x5a  Code  Gb  stm32f0xx_hal_tim.o [4]
HAL_TIM_Base_Stop        0x800'1b35   0x32  Code  Gb  stm32f0xx_hal_tim.o [4]
HAL_TIM_Encoder_Init     0x800'1d15   0xc4  Code  Gb  stm32f0xx_hal_tim.o [4]
HAL_TIM_Encoder_MspInit
                         0x800'3d55   0x7c  Code  Gb  stm32f0xx_hal_msp.o [2]
HAL_TIM_Encoder_Start_IT
                         0x800'1de9  0x12e  Code  Gb  stm32f0xx_hal_tim.o [4]
HAL_TIM_IC_CaptureCallback
                         0x800'1659   0xbe  Code  Gb  main.o [2]
HAL_TIM_IRQHandler       0x800'1f17  0x1ac  Code  Gb  stm32f0xx_hal_tim.o [4]
HAL_TIM_MspPostInit      0x800'3ec5   0xc2  Code  Gb  stm32f0xx_hal_msp.o [2]
HAL_TIM_OC_DelayElapsedCallback
                         0x800'475b    0x2  Code  Wk  stm32f0xx_hal_tim.o [4]
HAL_TIM_PWM_ConfigChannel
                         0x800'20c3   0xfc  Code  Gb  stm32f0xx_hal_tim.o [4]
HAL_TIM_PWM_Init         0x800'1bd1   0x5c  Code  Gb  stm32f0xx_hal_tim.o [4]
HAL_TIM_PWM_MspInit      0x800'3dd1   0x6e  Code  Gb  stm32f0xx_hal_msp.o [2]
HAL_TIM_PWM_PulseFinishedCallback
                         0x800'475d    0x2  Code  Wk  stm32f0xx_hal_tim.o [4]
HAL_TIM_PWM_Start        0x800'1c2d   0xd8  Code  Gb  stm32f0xx_hal_tim.o [4]
HAL_TIM_PeriodElapsedCallback
                         0x800'0a61  0xbde  Code  Gb  main.o [2]
HAL_TIM_TriggerCallback
                         0x800'4761    0x2  Code  Wk  stm32f0xx_hal_tim.o [4]
HardFault_Handler        0x800'4aa9    0x4  Code  Gb  stm32f0xx_it.o [2]
HighByte                0x2000'0b78    0x1  Data  Gb  main.o [2]
I2C1_IRQHandler          0x800'4f3b         Code  Wk  startup_stm32f030x6.o [1]
I2C_Flush_TXDR           0x800'3869   0x28  Code  Lc  stm32f0xx_hal_i2c.o [4]
I2C_IsAcknowledgeFailed
                         0x800'3993   0xa0  Code  Lc  stm32f0xx_hal_i2c.o [4]
I2C_RequestMemoryRead    0x800'37df   0x84  Code  Lc  stm32f0xx_hal_i2c.o [4]
I2C_RequestMemoryWrite   0x800'3759   0x86  Code  Lc  stm32f0xx_hal_i2c.o [4]
I2C_TransferConfig       0x800'3a33   0x2e  Code  Lc  stm32f0xx_hal_i2c.o [4]
I2C_WaitOnFlagUntilTimeout
                         0x800'3891   0x58  Code  Lc  stm32f0xx_hal_i2c.o [4]
I2C_WaitOnSTOPFlagUntilTimeout
                         0x800'3941   0x52  Code  Lc  stm32f0xx_hal_i2c.o [4]
I2C_WaitOnTXISFlagUntilTimeout
                         0x800'38e9   0x58  Code  Lc  stm32f0xx_hal_i2c.o [4]
InitCount               0x2000'0b72    0x2  Data  Gb  main.o [2]
InitFlag                0x2000'0b7b    0x1  Data  Gb  main.o [2]
Kd1                     0x2000'0008    0x4  Data  Gb  main.o [2]
Kd2                     0x2000'0018    0x4  Data  Gb  main.o [2]
Ki1                     0x2000'0004    0x4  Data  Gb  main.o [2]
Ki2                     0x2000'0014    0x4  Data  Gb  main.o [2]
Kp1                     0x2000'0000    0x4  Data  Gb  main.o [2]
Kp2                     0x2000'0010    0x4  Data  Gb  main.o [2]
LED_Data                0x2000'0868   0x64  Data  Gb  main.o [2]
LowByte                 0x2000'0b77    0x1  Data  Gb  main.o [2]
MX_ADC_Init              0x800'0251   0x98  Code  Lc  main.o [2]
MX_DMA_Init              0x800'060d   0x26  Code  Lc  main.o [2]
MX_GPIO_Init             0x800'063d   0xda  Code  Lc  main.o [2]
MX_I2C1_Init             0x800'02e9   0x4e  Code  Lc  main.o [2]
MX_TIM14_Init            0x800'0499   0x24  Code  Lc  main.o [2]
MX_TIM16_Init            0x800'04c9   0x9a  Code  Lc  main.o [2]
MX_TIM17_Init            0x800'0569   0x9a  Code  Lc  main.o [2]
MX_TIM1_Init             0x800'0337   0x70  Code  Lc  main.o [2]
MX_TIM3_Init             0x800'03d5   0xa8  Code  Lc  main.o [2]
MaxArrNumFIFO           0x2000'0040    0x4  Data  Gb  main.o [2]
MaxEncInc               0x2000'005a    0x2  Data  Gb  main.o [2]
MaxEncSpeed             0x2000'0058    0x2  Data  Gb  main.o [2]
MaxFIR                  0x2000'0050    0x2  Data  Gb  main.o [2]
MaxInitCount            0x2000'0052    0x2  Data  Gb  main.o [2]
Mon2Seg                  0x800'09cd   0x86  Code  Gb  main.o [2]
Mon4Seg                  0x800'0869  0x15a  Code  Gb  main.o [2]
NMI_Handler              0x800'4aa5    0x4  Code  Gb  stm32f0xx_it.o [2]
PIDController_Init       0x800'2a49    0xe  Code  Gb  PID.o [2]
PIDController_Update     0x800'2a57   0xf6  Code  Gb  PID.o [2]
PendSV_Handler           0x800'4aaf    0x2  Code  Gb  stm32f0xx_it.o [2]
RCC_IRQHandler           0x800'46df         Code  Wk  startup_stm32f030x6.o [1]
RTC_IRQHandler           0x800'1ad7         Code  Wk  startup_stm32f030x6.o [1]
Region$$Table$$Base      0x800'4e6c          --   Gb  - Linker created -
Region$$Table$$Limit     0x800'4e90          --   Gb  - Linker created -
Reset_Handler            0x800'4f29         Code  Wk  startup_stm32f030x6.o [1]
SPI1_IRQHandler          0x800'4f3d         Code  Wk  startup_stm32f030x6.o [1]
SVC_Handler              0x800'4aad    0x2  Code  Gb  stm32f0xx_it.o [2]
SevSegm                  0x800'0741  0x11c  Code  Gb  main.o [2]
SevSegm::Buf            0x2000'0b18   0x10  Data  Lc  main.o [2]
SysTick_Config           0x800'4041   0x32  Code  Lc  stm32f0xx_hal_cortex.o [4]
SysTick_Handler          0x800'4ab1  0x234  Code  Gb  stm32f0xx_it.o [2]
SystemClock_Config       0x800'01cd   0x84  Code  Gb  main.o [2]
SystemCoreClock         0x2000'0048    0x4  Data  Gb  system_stm32f0xx.o [3]
SystemInit               0x800'4f41    0x2  Code  Gb  system_stm32f0xx.o [3]
TIM14_IRQHandler         0x800'4d23    0xa  Code  Gb  stm32f0xx_it.o [2]
TIM16_IRQHandler         0x800'4ec7         Code  Wk  startup_stm32f030x6.o [1]
TIM17_IRQHandler         0x800'4f39         Code  Wk  startup_stm32f030x6.o [1]
TIM1_BRK_UP_TRG_COM_IRQHandler
                         0x800'4ebb         Code  Wk  startup_stm32f030x6.o [1]
TIM1_CC_IRQHandler       0x800'4d0f    0xa  Code  Gb  stm32f0xx_it.o [2]
TIM3_IRQHandler          0x800'4d19    0xa  Code  Gb  stm32f0xx_it.o [2]
TIM_Base_SetConfig       0x800'21c5   0x6a  Code  Gb  stm32f0xx_hal_tim.o [4]
TIM_CCxChannelCmd        0x800'2401   0x24  Code  Gb  stm32f0xx_hal_tim.o [4]
TIM_OC1_SetConfig        0x800'222f   0x70  Code  Lc  stm32f0xx_hal_tim.o [4]
TIM_OC2_SetConfig        0x800'229f   0x6e  Code  Gb  stm32f0xx_hal_tim.o [4]
TIM_OC3_SetConfig        0x800'230d   0x6a  Code  Lc  stm32f0xx_hal_tim.o [4]
TIM_OC4_SetConfig        0x800'2377   0x50  Code  Lc  stm32f0xx_hal_tim.o [4]
Tau1                    0x2000'000c    0x4  Data  Gb  main.o [2]
Tau2                    0x2000'001c    0x4  Data  Gb  main.o [2]
TempVolt                0x2000'0b74    0x2  Data  Gb  main.o [2]
USART1_IRQHandler        0x800'4f3f         Code  Wk  startup_stm32f030x6.o [1]
USBCurr                 0x2000'0b04   0x14  Data  Gb  main.o [2]
VOLT2ENC                0x2000'005c    0x1  Data  Gb  main.o [2]
Volt                    0x2000'0768   0x80  Data  Gb  main.o [2]
VoltBstKnew             0x2000'004e    0x2  Data  Gb  main.o [2]
WWDG_IRQHandler          0x800'199f         Code  Wk  startup_stm32f030x6.o [1]
__ICFEDIT_region_RAM_end__ {Abs}
                        0x2000'0fff         Data  Gb  <internal module>
__ICFEDIT_region_RAM_start__ {Abs}
                        0x2000'0000         Data  Gb  <internal module>
__NVIC_EnableIRQ         0x800'3fb5   0x18  Code  Lc  stm32f0xx_hal_cortex.o [4]
__NVIC_SetPriority       0x800'3fcd   0x74  Code  Lc  stm32f0xx_hal_cortex.o [4]
__aeabi_cdcmple          0x800'46ad         Code  Gb  DblCmpLe.o [6]
__aeabi_cfcmple          0x800'46e1         Code  Gb  FltCmpLe.o [6]
__aeabi_dmul             0x800'4529         Code  Gb  DblMul.o [6]
__aeabi_f2iz             0x800'44cd         Code  Gb  FltToS32.o [6]
__aeabi_fadd             0x800'43ad         Code  Gb  FltAddSub.o [6]
__aeabi_fdiv             0x800'497d         Code  Gb  FltDiv.o [6]
__aeabi_fmul             0x800'42fd         Code  Gb  FltMul.o [6]
__aeabi_fsub             0x800'441d         Code  Gb  FltAddSub.o [6]
__aeabi_i2f              0x800'19e1         Code  Gb  IxxToFlt.o [6]
__aeabi_idiv             0x800'1a23         Code  Gb  I32DivModFast.o [7]
__aeabi_idiv0            0x800'4759         Code  Gb  IntDivZer.o [7]
__aeabi_idivmod          0x800'1a23         Code  Gb  I32DivModFast.o [7]
__aeabi_memcpy4          0x800'4a71         Code  Gb  ABImemcpy.o [7]
__aeabi_memcpy8          0x800'4a71         Code  Gb  ABImemcpy.o [7]
__aeabi_memset           0x800'4a21         Code  Gb  ABImemset.o [7]
__aeabi_ui2d             0x800'4509         Code  Gb  IxxToDbl.o [6]
__aeabi_ui2f             0x800'19c1         Code  Gb  IxxToFlt.o [6]
__aeabi_uidiv            0x800'1a29         Code  Gb  I32DivModFast.o [7]
__aeabi_uidivmod         0x800'1a29         Code  Gb  I32DivModFast.o [7]
__cmain                  0x800'4e91         Code  Gb  cmain.o [7]
__exit                   0x800'4ec9   0x14  Code  Gb  exit.o [8]
__iar_Memset4_word       0x800'4a41         Code  Gb  ABImemset.o [7]
__iar_Memset_word        0x800'4a2d         Code  Gb  ABImemset.o [7]
__iar_copy_init3         0x800'4e11   0x30  Code  Gb  copy_init3.o [7]
__iar_data_init3         0x800'4e45   0x28  Code  Gb  data_init.o [7]
__iar_program_start      0x800'4edd         Code  Gb  cstartup_M.o [7]
__iar_zero_init3         0x800'4dd5   0x3c  Code  Gb  zero_init3.o [7]
__low_level_init         0x800'4eaf    0x4  Code  Gb  low_level_init.o [5]
__vector_table           0x800'0000         Data  Gb  startup_stm32f030x6.o [1]
_call_main               0x800'4e9d         Code  Gb  cmain.o [7]
_exit                    0x800'4ebd         Code  Gb  cexit.o [7]
cH                      0x2000'0b7a    0x1  Data  Gb  main.o [2]
cL                      0x2000'0b79    0x1  Data  Gb  main.o [2]
exit                     0x800'4eb3    0x8  Code  Gb  exit.o [5]
hadc                    0x2000'0ac4   0x40  Data  Gb  main.o [2]
hdma_adc                0x2000'0a80   0x44  Data  Gb  main.o [2]
hi2c1                   0x2000'08cc   0x4c  Data  Gb  main.o [2]
htim1                   0x2000'0918   0x48  Data  Gb  main.o [2]
htim14                  0x2000'09a8   0x48  Data  Gb  main.o [2]
htim16                  0x2000'09f0   0x48  Data  Gb  main.o [2]
htim17                  0x2000'0a38   0x48  Data  Gb  main.o [2]
htim3                   0x2000'0960   0x48  Data  Gb  main.o [2]
iEXIS1Prs               0x2000'0b4c    0xc  Data  Gb  main.o [2]
iLED                    0x2000'0b6c    0x2  Data  Gb  main.o [2]
iMaxFIR                 0x2000'0b70    0x2  Data  Gb  main.o [2]
iPrsEXIS2               0x2000'0b58    0xc  Data  Gb  main.o [2]
iSelEXI                 0x2000'0b76    0x1  Data  Gb  main.o [2]
indx                    0x2000'0b6e    0x2  Data  Gb  main.o [2]
main                     0x800'00b1  0x11c  Code  Gb  main.o [2]
memset                   0x800'2b4d   0x14  Code  Gb  memset.o [7]
uwTick                  0x2000'0b68    0x4  Data  Gb  stm32f0xx_hal.o [4]
uwTickFreq              0x2000'005d    0x1  Data  Gb  stm32f0xx_hal.o [4]
uwTickPrio              0x2000'0044    0x4  Data  Gb  stm32f0xx_hal.o [4]


[1] = E:\Storage_W\MEGA\Other\Amin\STM\PowerSupply_2\EWARM\PowerSupply_2\Obj\Application\EWARM
[2] = E:\Storage_W\MEGA\Other\Amin\STM\PowerSupply_2\EWARM\PowerSupply_2\Obj\Application\User\Core
[3] = E:\Storage_W\MEGA\Other\Amin\STM\PowerSupply_2\EWARM\PowerSupply_2\Obj\Drivers\CMSIS
[4] = E:\Storage_W\MEGA\Other\Amin\STM\PowerSupply_2\EWARM\PowerSupply_2\Obj\Drivers\STM32F0xx_HAL_Driver
[5] = dl6M_tlf.a
[6] = m6M_tl.a
[7] = rt6M_tl.a
[8] = shb_l.a

  20'110 bytes of readonly  code memory
     180 bytes of readonly  data memory
   3'963 bytes of readwrite data memory

Errors: none
Warnings: none
