###############################################################################
#
# IAR ELF Linker V9.30.1.335/W64 for ARM                  22/Oct/2022  06:54:45
# Copyright 2007-2022 IAR Systems AB.
#
#    Output file  =
#        E:\Storage_W\MEGA\Other\Amin\STM\PowerSupply_2\EWARM\PowerSupply_2\Exe\PowerSupply_2.out
#    Map file     =
#        E:\Storage_W\MEGA\Other\Amin\STM\PowerSupply_2\EWARM\PowerSupply_2\List\PowerSupply_2.map
#    Command line =
#        -f
#        E:\Storage_W\MEGA\Other\Amin\STM\PowerSupply_2\EWARM\PowerSupply_2\Exe\PowerSupply_2.out.rsp
#        (E:\Storage_W\MEGA\Other\Amin\STM\PowerSupply_2\EWARM\PowerSupply_2\Obj\Application\User\Core\main.o
#        E:\Storage_W\MEGA\Other\Amin\STM\PowerSupply_2\EWARM\PowerSupply_2\Obj\Application\EWARM\startup_stm32f030x6.o
#        E:\Storage_W\MEGA\Other\Amin\STM\PowerSupply_2\EWARM\PowerSupply_2\Obj\Drivers\STM32F0xx_HAL_Driver\stm32f0xx_hal.o
#        E:\Storage_W\MEGA\Other\Amin\STM\PowerSupply_2\EWARM\PowerSupply_2\Obj\Drivers\STM32F0xx_HAL_Driver\stm32f0xx_hal_adc.o
#        E:\Storage_W\MEGA\Other\Amin\STM\PowerSupply_2\EWARM\PowerSupply_2\Obj\Drivers\STM32F0xx_HAL_Driver\stm32f0xx_hal_adc_ex.o
#        E:\Storage_W\MEGA\Other\Amin\STM\PowerSupply_2\EWARM\PowerSupply_2\Obj\Drivers\STM32F0xx_HAL_Driver\stm32f0xx_hal_cortex.o
#        E:\Storage_W\MEGA\Other\Amin\STM\PowerSupply_2\EWARM\PowerSupply_2\Obj\Drivers\STM32F0xx_HAL_Driver\stm32f0xx_hal_dma.o
#        E:\Storage_W\MEGA\Other\Amin\STM\PowerSupply_2\EWARM\PowerSupply_2\Obj\Drivers\STM32F0xx_HAL_Driver\stm32f0xx_hal_exti.o
#        E:\Storage_W\MEGA\Other\Amin\STM\PowerSupply_2\EWARM\PowerSupply_2\Obj\Drivers\STM32F0xx_HAL_Driver\stm32f0xx_hal_flash.o
#        E:\Storage_W\MEGA\Other\Amin\STM\PowerSupply_2\EWARM\PowerSupply_2\Obj\Drivers\STM32F0xx_HAL_Driver\stm32f0xx_hal_flash_ex.o
#        E:\Storage_W\MEGA\Other\Amin\STM\PowerSupply_2\EWARM\PowerSupply_2\Obj\Drivers\STM32F0xx_HAL_Driver\stm32f0xx_hal_gpio.o
#        E:\Storage_W\MEGA\Other\Amin\STM\PowerSupply_2\EWARM\PowerSupply_2\Obj\Drivers\STM32F0xx_HAL_Driver\stm32f0xx_hal_i2c.o
#        E:\Storage_W\MEGA\Other\Amin\STM\PowerSupply_2\EWARM\PowerSupply_2\Obj\Drivers\STM32F0xx_HAL_Driver\stm32f0xx_hal_i2c_ex.o
#        E:\Storage_W\MEGA\Other\Amin\STM\PowerSupply_2\EWARM\PowerSupply_2\Obj\Application\User\Core\stm32f0xx_hal_msp.o
#        E:\Storage_W\MEGA\Other\Amin\STM\PowerSupply_2\EWARM\PowerSupply_2\Obj\Drivers\STM32F0xx_HAL_Driver\stm32f0xx_hal_pwr.o
#        E:\Storage_W\MEGA\Other\Amin\STM\PowerSupply_2\EWARM\PowerSupply_2\Obj\Drivers\STM32F0xx_HAL_Driver\stm32f0xx_hal_pwr_ex.o
#        E:\Storage_W\MEGA\Other\Amin\STM\PowerSupply_2\EWARM\PowerSupply_2\Obj\Drivers\STM32F0xx_HAL_Driver\stm32f0xx_hal_rcc.o
#        E:\Storage_W\MEGA\Other\Amin\STM\PowerSupply_2\EWARM\PowerSupply_2\Obj\Drivers\STM32F0xx_HAL_Driver\stm32f0xx_hal_rcc_ex.o
#        E:\Storage_W\MEGA\Other\Amin\STM\PowerSupply_2\EWARM\PowerSupply_2\Obj\Drivers\STM32F0xx_HAL_Driver\stm32f0xx_hal_tim.o
#        E:\Storage_W\MEGA\Other\Amin\STM\PowerSupply_2\EWARM\PowerSupply_2\Obj\Drivers\STM32F0xx_HAL_Driver\stm32f0xx_hal_tim_ex.o
#        E:\Storage_W\MEGA\Other\Amin\STM\PowerSupply_2\EWARM\PowerSupply_2\Obj\Application\User\Core\stm32f0xx_it.o
#        E:\Storage_W\MEGA\Other\Amin\STM\PowerSupply_2\EWARM\PowerSupply_2\Obj\Drivers\CMSIS\system_stm32f0xx.o
#        --no_out_extension -o
#        E:\Storage_W\MEGA\Other\Amin\STM\PowerSupply_2\EWARM\PowerSupply_2\Exe\PowerSupply_2.out
#        --redirect _Printf=_PrintfFullNoMb --redirect _Scanf=_ScanfFullNoMb
#        --map
#        E:\Storage_W\MEGA\Other\Amin\STM\PowerSupply_2\EWARM\PowerSupply_2\List\PowerSupply_2.map
#        --config
#        E:\Storage_W\MEGA\Other\Amin\STM\PowerSupply_2\EWARM/stm32f030x6_flash.icf
#        --semihosting --entry __iar_program_start --no_vfe --text_out locale
#        --cpu=Cortex-M0 --fpu=None)
#
###############################################################################

*******************************************************************************
*** RUNTIME MODEL ATTRIBUTES
***

CppFlavor       = *
__CPP_Runtime   = 1
__SystemLibrary = DLib
__dlib_version  = 6


*******************************************************************************
*** HEAP SELECTION
***

The basic heap was selected because --advanced_heap
was not specified and the application did not appear to
be primarily optimized for speed.


*******************************************************************************
*** PLACEMENT SUMMARY
***

"A0":  place at address 0x800'0000 { ro section .intvec };
"P1":  place in [from 0x800'0000 to 0x800'7fff] { ro };
define block CSTACK with size = 1K, alignment = 8 { };
define block HEAP with size = 512, alignment = 8 { };
"P2":  place in [from 0x2000'0000 to 0x2000'0fff] {
          rw, block CSTACK, block HEAP };
initialize by copy { rw };

  Section            Kind         Address    Size  Object
  -------            ----         -------    ----  ------
"A0":                                        0xb0
  .intvec            ro code   0x800'0000    0xb0  startup_stm32f030x6.o [1]
                             - 0x800'00b0    0xb0

"P1":                                      0x3972
  .text              ro code   0x800'00b0  0x140a  main.o [2]
  .text              ro code   0x800'14ba     0x2  startup_stm32f030x6.o [1]
  .text              ro code   0x800'14bc    0x20  stm32f0xx_hal.o [4]
  .text              ro code   0x800'14dc   0x740  stm32f0xx_hal_i2c.o [4]
  .text              ro code   0x800'1c1c   0x94c  stm32f0xx_hal_tim.o [4]
  .text              ro code   0x800'2568    0x14  memset.o [6]
  .text              ro code   0x800'257c   0x69c  stm32f0xx_hal_rcc.o [4]
  .text              ro code   0x800'2c18   0x130  stm32f0xx_hal_rcc_ex.o [4]
  .text              ro code   0x800'2d48    0xf8  stm32f0xx_hal_i2c_ex.o [4]
  .text              ro code   0x800'2e40    0xdc  stm32f0xx_hal_tim_ex.o [4]
  .text              ro code   0x800'2f1c   0x2dc  stm32f0xx_hal_msp.o [2]
  .text              ro code   0x800'31f8   0x104  stm32f0xx_hal_cortex.o [4]
  .text              ro code   0x800'32fc   0x244  stm32f0xx_hal_gpio.o [4]
  .text              ro code   0x800'3540    0xe0  I32DivModFast.o [6]
  .text              ro code   0x800'3620    0x50  stm32f0xx_hal.o [4]
  .text              ro code   0x800'3670     0xc  stm32f0xx_hal.o [4]
  .text              ro code   0x800'367c     0x2  stm32f0xx_hal_tim.o [4]
  .text              ro code   0x800'367e     0x2  stm32f0xx_hal_tim.o [4]
  .text              ro code   0x800'3680     0x2  stm32f0xx_hal_tim_ex.o [4]
  .text              ro code   0x800'3682     0x2  stm32f0xx_hal_tim.o [4]
  .text              ro code   0x800'3684     0x2  stm32f0xx_hal_tim_ex.o [4]
  .text              ro code   0x800'3686     0x2  startup_stm32f030x6.o [1]
  .text              ro code   0x800'3688    0x4e  ABImemset.o [6]
  .text              ro code   0x800'36d6     0x2  startup_stm32f030x6.o [1]
  .text              ro code   0x800'36d8    0x34  ABImemcpy.o [6]
  .text              ro code   0x800'370c     0x2  IntDivZer.o [6]
  .text              ro code   0x800'370e     0x2  startup_stm32f030x6.o [1]
  .text              ro code   0x800'3710    0xd6  stm32f0xx_hal_dma.o [4]
  .text              ro code   0x800'37e6     0x2  startup_stm32f030x6.o [1]
  .text              ro code   0x800'37e8    0x98  stm32f0xx_it.o [2]
  .text              ro code   0x800'3880    0x18  stm32f0xx_hal.o [4]
  .text              ro code   0x800'3898    0x3c  zero_init3.o [6]
  .text              ro code   0x800'38d4    0x30  copy_init3.o [6]
  .text              ro code   0x800'3904    0x28  data_init.o [6]
  .iar.init_table    const     0x800'392c    0x24  - Linker created -
  .text              ro code   0x800'3950    0x1e  cmain.o [6]
  .text              ro code   0x800'396e     0x4  low_level_init.o [5]
  .text              ro code   0x800'3972     0x8  exit.o [5]
  .text              ro code   0x800'397a     0x2  startup_stm32f030x6.o [1]
  .text              ro code   0x800'397c     0xa  cexit.o [6]
  .text              ro code   0x800'3986     0x2  startup_stm32f030x6.o [1]
  .text              ro code   0x800'3988    0x14  exit.o [7]
  .text              ro code   0x800'399c    0x1c  cstartup_M.o [6]
  Initializer bytes  const     0x800'39b8    0x18  <for P2-1>
  .text              ro code   0x800'39d0     0x2  startup_stm32f030x6.o [1]
  .rodata            const     0x800'39d4    0x10  stm32f0xx_hal_rcc.o [4]
  .rodata            const     0x800'39e4    0x10  stm32f0xx_hal_rcc.o [4]
  .rodata            const     0x800'39f4    0x10  system_stm32f0xx.o [3]
  .text              ro code   0x800'3a04    0x10  startup_stm32f030x6.o [1]
  .text              ro code   0x800'3a14     0x2  startup_stm32f030x6.o [1]
  .text              ro code   0x800'3a16     0x2  startup_stm32f030x6.o [1]
  .text              ro code   0x800'3a18     0x2  startup_stm32f030x6.o [1]
  .text              ro code   0x800'3a1a     0x2  startup_stm32f030x6.o [1]
  .text              ro code   0x800'3a1c     0x2  startup_stm32f030x6.o [1]
  .text              ro code   0x800'3a20     0x2  system_stm32f0xx.o [3]
  .rodata            const     0x800'3a22     0x0  zero_init3.o [6]
  .rodata            const     0x800'3a22     0x0  copy_init3.o [6]
                             - 0x800'3a22  0x3972

"P2", part 1 of 3:                           0x18
  P2-1                        0x2000'0000    0x15  <Init block>
    .data            inited   0x2000'0000     0x4  stm32f0xx_hal.o [4]
    .data            inited   0x2000'0004     0x4  system_stm32f0xx.o [3]
    .data            inited   0x2000'0008     0x2  main.o [2]
    .data            inited   0x2000'000a     0x2  main.o [2]
    .data            inited   0x2000'000c     0x2  main.o [2]
    .data            inited   0x2000'000e     0x2  main.o [2]
    .data            inited   0x2000'0010     0x2  main.o [2]
    .data            inited   0x2000'0012     0x2  main.o [2]
    .data            inited   0x2000'0014     0x1  stm32f0xx_hal.o [4]
                            - 0x2000'0015    0x15

"P2", part 2 of 3:                          0x2e4
  .bss               zero     0x2000'0018    0x64  main.o [2]
  .bss               zero     0x2000'007c    0x4c  main.o [2]
  .bss               zero     0x2000'00c8    0x48  main.o [2]
  .bss               zero     0x2000'0110    0x48  main.o [2]
  .bss               zero     0x2000'0158    0x48  main.o [2]
  .bss               zero     0x2000'01a0    0x48  main.o [2]
  .bss               zero     0x2000'01e8    0x48  main.o [2]
  .bss               zero     0x2000'0230    0x44  main.o [2]
  .bss               zero     0x2000'0274    0x14  main.o [2]
  .bss               zero     0x2000'0288    0x14  main.o [2]
  .bss               zero     0x2000'029c    0x10  main.o [2]
  .bss               zero     0x2000'02ac     0xc  main.o [2]
  .bss               zero     0x2000'02b8     0xc  main.o [2]
  .bss               zero     0x2000'02c4     0xc  main.o [2]
  .bss               zero     0x2000'02d0     0xc  main.o [2]
  .bss               zero     0x2000'02dc     0x8  main.o [2]
  .bss               zero     0x2000'02e4     0x4  stm32f0xx_hal.o [4]
  .bss               zero     0x2000'02e8     0x2  main.o [2]
  .bss               zero     0x2000'02ea     0x2  main.o [2]
  .bss               zero     0x2000'02ec     0x2  main.o [2]
  .bss               zero     0x2000'02ee     0x2  main.o [2]
  .bss               zero     0x2000'02f0     0x2  main.o [2]
  .bss               zero     0x2000'02f2     0x2  main.o [2]
  .bss               zero     0x2000'02f4     0x1  main.o [2]
  .bss               zero     0x2000'02f5     0x1  main.o [2]
  .bss               zero     0x2000'02f6     0x1  main.o [2]
  .bss               zero     0x2000'02f7     0x1  main.o [2]
  .bss               zero     0x2000'02f8     0x1  main.o [2]
  .bss               zero     0x2000'02f9     0x1  main.o [2]
  .bss               zero     0x2000'02fa     0x1  main.o [2]
                            - 0x2000'02fb   0x2e3

"P2", part 3 of 3:                          0x400
  CSTACK                      0x2000'0300   0x400  <Block>
    CSTACK           uninit   0x2000'0300   0x400  <Block tail>
                            - 0x2000'0700   0x400

Unused ranges:

         From           To    Size
         ----           --    ----
   0x800'3a22   0x800'7fff  0x45de
  0x2000'02fc  0x2000'02ff     0x4
  0x2000'0700  0x2000'0fff   0x900


*******************************************************************************
*** INIT TABLE
***

          Address      Size
          -------      ----
Zero (__iar_zero_init3)
    1 destination range, total size 0x2e3:
          0x2000'0018  0x2e3

Copy (__iar_copy_init3)
    1 source range, total size 0x18 (114% of destination):
           0x800'39b8   0x18
    1 destination range, total size 0x15:
          0x2000'0000   0x15



*******************************************************************************
*** MODULE SUMMARY
***

    Module                  ro code  ro data  rw data
    ------                  -------  -------  -------
command line/config:
    -------------------------------------------------
    Total:

E:\Storage_W\MEGA\Other\Amin\STM\PowerSupply_2\EWARM\PowerSupply_2\Obj\Application\EWARM: [1]
    startup_stm32f030x6.o       218
    -------------------------------------------------
    Total:                      218

E:\Storage_W\MEGA\Other\Amin\STM\PowerSupply_2\EWARM\PowerSupply_2\Obj\Application\User\Core: [2]
    main.o                    5'130       12      747
    stm32f0xx_hal_msp.o         732
    stm32f0xx_it.o              152
    -------------------------------------------------
    Total:                    6'014       12      747

E:\Storage_W\MEGA\Other\Amin\STM\PowerSupply_2\EWARM\PowerSupply_2\Obj\Drivers\CMSIS: [3]
    system_stm32f0xx.o            2       20        4
    -------------------------------------------------
    Total:                        2       20        4

E:\Storage_W\MEGA\Other\Amin\STM\PowerSupply_2\EWARM\PowerSupply_2\Obj\Drivers\STM32F0xx_HAL_Driver: [4]
    stm32f0xx_hal.o             148        5        9
    stm32f0xx_hal_cortex.o      260
    stm32f0xx_hal_dma.o         214
    stm32f0xx_hal_gpio.o        580
    stm32f0xx_hal_i2c.o       1'856
    stm32f0xx_hal_i2c_ex.o      248
    stm32f0xx_hal_rcc.o       1'692       32
    stm32f0xx_hal_rcc_ex.o      304
    stm32f0xx_hal_tim.o       2'386
    stm32f0xx_hal_tim_ex.o      224
    -------------------------------------------------
    Total:                    7'912       37        9

dl6M_tln.a: [5]
    exit.o                        8
    low_level_init.o              4
    -------------------------------------------------
    Total:                       12

rt6M_tl.a: [6]
    ABImemcpy.o                  52
    ABImemset.o                  78
    I32DivModFast.o             224
    IntDivZer.o                   2
    cexit.o                      10
    cmain.o                      30
    copy_init3.o                 48
    cstartup_M.o                 28
    data_init.o                  40
    memset.o                     20
    zero_init3.o                 60
    -------------------------------------------------
    Total:                      592

shb_l.a: [7]
    exit.o                       20
    -------------------------------------------------
    Total:                       20

    Gaps                          2        2
    Linker created                        39    1'024
-----------------------------------------------------
    Grand Total:             14'772      110    1'784


*******************************************************************************
*** ENTRY LIST
***

Entry                       Address   Size  Type      Object
-----                       -------   ----  ----      ------
.iar.init_table$$Base    0x800'392c          --   Gb  - Linker created -
.iar.init_table$$Limit   0x800'3950          --   Gb  - Linker created -
?main                    0x800'3951         Code  Gb  cmain.o [6]
ADC1_IRQHandler          0x800'3987         Code  Wk  startup_stm32f030x6.o [1]
AData                   0x2000'02dc    0x8  Data  Gb  main.o [2]
AHBPrescTable            0x800'39f4   0x10  Data  Gb  system_stm32f0xx.o [3]
CSTACK$$Base            0x2000'0300          --   Gb  - Linker created -
CSTACK$$Limit           0x2000'0700          --   Gb  - Linker created -
Change                  0x2000'02ee    0x2  Data  Gb  main.o [2]
CountDispEncI           0x2000'02f0    0x2  Data  Gb  main.o [2]
Curr                    0x2000'0288   0x14  Data  Gb  main.o [2]
DMA1_Channel1_IRQHandler
                         0x800'383d    0xa  Code  Gb  stm32f0xx_it.o [2]
DMA1_Channel2_3_IRQHandler
                         0x800'37e7         Code  Wk  startup_stm32f030x6.o [1]
DMA1_Channel4_5_IRQHandler
                         0x800'397b         Code  Wk  startup_stm32f030x6.o [1]
Delay                    0x800'0613   0x14  Code  Gb  main.o [2]
Disp3s                  0x2000'000e    0x2  Data  Gb  main.o [2]
DispEncI                0x2000'02f2    0x2  Data  Gb  main.o [2]
EXIS1Prs                0x2000'02ac    0xc  Data  Gb  main.o [2]
EXIS2PrePrs             0x2000'02b8    0xc  Data  Gb  main.o [2]
EXTI0_1_IRQHandler       0x800'381d    0xa  Code  Gb  stm32f0xx_it.o [2]
EXTI2_3_IRQHandler       0x800'3827    0xa  Code  Gb  stm32f0xx_it.o [2]
EXTI4_15_IRQHandler      0x800'3831    0xc  Code  Gb  stm32f0xx_it.o [2]
Error_Handler            0x800'14b5    0x6  Code  Gb  main.o [2]
FLASH_IRQHandler         0x800'36d7         Code  Wk  startup_stm32f030x6.o [1]
HAL_DMA_IRQHandler       0x800'3711   0xd6  Code  Gb  stm32f0xx_hal_dma.o [4]
HAL_GPIO_EXTI_Callback   0x800'13b1   0xd0  Code  Gb  main.o [2]
HAL_GPIO_EXTI_IRQHandler
                         0x800'34f7   0x22  Code  Gb  stm32f0xx_hal_gpio.o [4]
HAL_GPIO_Init            0x800'32fd  0x1c6  Code  Gb  stm32f0xx_hal_gpio.o [4]
HAL_GPIO_ReadPin         0x800'34c3   0x1a  Code  Gb  stm32f0xx_hal_gpio.o [4]
HAL_GPIO_WritePin        0x800'34dd   0x1a  Code  Gb  stm32f0xx_hal_gpio.o [4]
HAL_GetTick              0x800'3671    0xc  Code  Wk  stm32f0xx_hal.o [4]
HAL_I2CEx_ConfigAnalogFilter
                         0x800'2d49   0x66  Code  Gb  stm32f0xx_hal_i2c_ex.o [4]
HAL_I2CEx_ConfigDigitalFilter
                         0x800'2daf   0x60  Code  Gb  stm32f0xx_hal_i2c_ex.o [4]
HAL_I2CEx_EnableFastModePlus
                         0x800'2e0f   0x20  Code  Gb  stm32f0xx_hal_i2c_ex.o [4]
HAL_I2C_Init             0x800'14dd   0xc6  Code  Gb  stm32f0xx_hal_i2c.o [4]
HAL_I2C_Mem_Read         0x800'1755  0x1a8  Code  Gb  stm32f0xx_hal_i2c.o [4]
HAL_I2C_Mem_Write        0x800'15b1  0x1a4  Code  Gb  stm32f0xx_hal_i2c.o [4]
HAL_I2C_MspInit          0x800'2f49   0x60  Code  Gb  stm32f0xx_hal_msp.o [2]
HAL_IncTick              0x800'3881   0x18  Code  Wk  stm32f0xx_hal.o [4]
HAL_Init                 0x800'14bd   0x1a  Code  Gb  stm32f0xx_hal.o [4]
HAL_InitTick             0x800'3621   0x50  Code  Wk  stm32f0xx_hal.o [4]
HAL_MspInit              0x800'2f1d   0x2c  Code  Gb  stm32f0xx_hal_msp.o [2]
HAL_NVIC_EnableIRQ       0x800'32cb    0xe  Code  Gb  stm32f0xx_hal_cortex.o [4]
HAL_NVIC_SetPriority     0x800'32b7   0x14  Code  Gb  stm32f0xx_hal_cortex.o [4]
HAL_RCCEx_PeriphCLKConfig
                         0x800'2c19  0x110  Code  Gb  stm32f0xx_hal_rcc_ex.o [4]
HAL_RCC_ClockConfig      0x800'2a3d  0x128  Code  Gb  stm32f0xx_hal_rcc.o [4]
HAL_RCC_GetSysClockFreq
                         0x800'2b79   0x72  Code  Gb  stm32f0xx_hal_rcc.o [4]
HAL_RCC_OscConfig        0x800'257d  0x4ac  Code  Gb  stm32f0xx_hal_rcc.o [4]
HAL_SYSTICK_Config       0x800'32d9    0xc  Code  Gb  stm32f0xx_hal_cortex.o [4]
HAL_TIMEx_BreakCallback
                         0x800'3681    0x2  Code  Wk  stm32f0xx_hal_tim_ex.o [4]
HAL_TIMEx_CommutCallback
                         0x800'3685    0x2  Code  Wk  stm32f0xx_hal_tim_ex.o [4]
HAL_TIMEx_ConfigBreakDeadTime
                         0x800'2e9d   0x5e  Code  Gb  stm32f0xx_hal_tim_ex.o [4]
HAL_TIMEx_MasterConfigSynchronization
                         0x800'2e41   0x5c  Code  Gb  stm32f0xx_hal_tim_ex.o [4]
HAL_TIM_Base_Init        0x800'1c1d   0x5c  Code  Gb  stm32f0xx_hal_tim.o [4]
HAL_TIM_Base_MspInit     0x800'3095   0x6e  Code  Gb  stm32f0xx_hal_msp.o [2]
HAL_TIM_Base_Start_IT    0x800'1cab   0x5a  Code  Gb  stm32f0xx_hal_tim.o [4]
HAL_TIM_Base_Stop        0x800'1c79   0x32  Code  Gb  stm32f0xx_hal_tim.o [4]
HAL_TIM_Encoder_Init     0x800'1e59   0xc4  Code  Gb  stm32f0xx_hal_tim.o [4]
HAL_TIM_Encoder_MspInit
                         0x800'2fa9   0x7a  Code  Gb  stm32f0xx_hal_msp.o [2]
HAL_TIM_Encoder_Start_IT
                         0x800'1f2d  0x12e  Code  Gb  stm32f0xx_hal_tim.o [4]
HAL_TIM_IC_CaptureCallback
                         0x800'12b1   0xd2  Code  Gb  main.o [2]
HAL_TIM_IRQHandler       0x800'205b  0x1ac  Code  Gb  stm32f0xx_hal_tim.o [4]
HAL_TIM_MspPostInit      0x800'310d   0xc2  Code  Gb  stm32f0xx_hal_msp.o [2]
HAL_TIM_OC_DelayElapsedCallback
                         0x800'367d    0x2  Code  Wk  stm32f0xx_hal_tim.o [4]
HAL_TIM_PWM_ConfigChannel
                         0x800'2207   0xfc  Code  Gb  stm32f0xx_hal_tim.o [4]
HAL_TIM_PWM_Init         0x800'1d15   0x5c  Code  Gb  stm32f0xx_hal_tim.o [4]
HAL_TIM_PWM_MspInit      0x800'3023   0x6c  Code  Gb  stm32f0xx_hal_msp.o [2]
HAL_TIM_PWM_PulseFinishedCallback
                         0x800'367f    0x2  Code  Wk  stm32f0xx_hal_tim.o [4]
HAL_TIM_PWM_Start        0x800'1d71   0xd8  Code  Gb  stm32f0xx_hal_tim.o [4]
HAL_TIM_PeriodElapsedCallback
                         0x800'0999  0x8fe  Code  Gb  main.o [2]
HAL_TIM_TriggerCallback
                         0x800'3683    0x2  Code  Wk  stm32f0xx_hal_tim.o [4]
HardFault_Handler        0x800'37ed    0x4  Code  Gb  stm32f0xx_it.o [2]
HighByte                0x2000'02f6    0x1  Data  Gb  main.o [2]
I2C1_IRQHandler          0x800'3a19         Code  Wk  startup_stm32f030x6.o [1]
I2C_Flush_TXDR           0x800'1a19   0x28  Code  Lc  stm32f0xx_hal_i2c.o [4]
I2C_IsAcknowledgeFailed
                         0x800'1b43   0xa0  Code  Lc  stm32f0xx_hal_i2c.o [4]
I2C_RequestMemoryRead    0x800'198f   0x84  Code  Lc  stm32f0xx_hal_i2c.o [4]
I2C_RequestMemoryWrite   0x800'1909   0x86  Code  Lc  stm32f0xx_hal_i2c.o [4]
I2C_TransferConfig       0x800'1be3   0x2e  Code  Lc  stm32f0xx_hal_i2c.o [4]
I2C_WaitOnFlagUntilTimeout
                         0x800'1a41   0x58  Code  Lc  stm32f0xx_hal_i2c.o [4]
I2C_WaitOnSTOPFlagUntilTimeout
                         0x800'1af1   0x52  Code  Lc  stm32f0xx_hal_i2c.o [4]
I2C_WaitOnTXISFlagUntilTimeout
                         0x800'1a99   0x58  Code  Lc  stm32f0xx_hal_i2c.o [4]
LED_Data                0x2000'0018   0x64  Data  Gb  main.o [2]
LowByte                 0x2000'02f5    0x1  Data  Gb  main.o [2]
MX_DMA_Init              0x800'0505   0x26  Code  Lc  main.o [2]
MX_GPIO_Init             0x800'0539   0xda  Code  Lc  main.o [2]
MX_I2C1_Init             0x800'0213   0x4e  Code  Lc  main.o [2]
MX_TIM14_Init            0x800'0379   0x24  Code  Lc  main.o [2]
MX_TIM16_Init            0x800'03b1   0x9a  Code  Lc  main.o [2]
MX_TIM17_Init            0x800'0465   0xa0  Code  Lc  main.o [2]
MX_TIM1_Init             0x800'0261   0x70  Code  Lc  main.o [2]
MX_TIM3_Init             0x800'02d1   0xa8  Code  Lc  main.o [2]
MaxVolt                 0x2000'000c    0x2  Data  Gb  main.o [2]
Mon2Seg                  0x800'0909   0x86  Code  Gb  main.o [2]
Mon4Seg                  0x800'0761  0x19e  Code  Gb  main.o [2]
NMI_Handler              0x800'37e9    0x4  Code  Gb  stm32f0xx_it.o [2]
Oldindx                 0x2000'02ec    0x2  Data  Gb  main.o [2]
PendSV_Handler           0x800'37f3    0x2  Code  Gb  stm32f0xx_it.o [2]
RCC_IRQHandler           0x800'370f         Code  Wk  startup_stm32f030x6.o [1]
RTC_IRQHandler           0x800'3687         Code  Wk  startup_stm32f030x6.o [1]
Region$$Table$$Base      0x800'392c          --   Gb  - Linker created -
Region$$Table$$Limit     0x800'3950          --   Gb  - Linker created -
Reset_Handler            0x800'3a05         Code  Wk  startup_stm32f030x6.o [1]
SPI1_IRQHandler          0x800'3a1b         Code  Wk  startup_stm32f030x6.o [1]
SVC_Handler              0x800'37f1    0x2  Code  Gb  stm32f0xx_it.o [2]
SampleTimeEncSpeed      0x2000'0010    0x2  Data  Gb  main.o [2]
SevSegm                  0x800'0639  0x11c  Code  Gb  main.o [2]
SevSegm::Buf            0x2000'029c   0x10  Data  Lc  main.o [2]
SysTick_Config           0x800'3285   0x32  Code  Lc  stm32f0xx_hal_cortex.o [4]
SysTick_Handler          0x800'37f5   0x28  Code  Gb  stm32f0xx_it.o [2]
SystemClock_Config       0x800'018f   0x84  Code  Gb  main.o [2]
SystemCoreClock         0x2000'0004    0x4  Data  Gb  system_stm32f0xx.o [3]
SystemInit               0x800'3a21    0x2  Code  Gb  system_stm32f0xx.o [3]
TIM14_IRQHandler         0x800'385b    0xa  Code  Gb  stm32f0xx_it.o [2]
TIM16_IRQHandler         0x800'3a15         Code  Wk  startup_stm32f030x6.o [1]
TIM17_IRQHandler         0x800'3a17         Code  Wk  startup_stm32f030x6.o [1]
TIM1_BRK_UP_TRG_COM_IRQHandler
                         0x800'39d1         Code  Wk  startup_stm32f030x6.o [1]
TIM1_CC_IRQHandler       0x800'3847    0xa  Code  Gb  stm32f0xx_it.o [2]
TIM3_IRQHandler          0x800'3851    0xa  Code  Gb  stm32f0xx_it.o [2]
TIM_Base_SetConfig       0x800'2309   0x6a  Code  Gb  stm32f0xx_hal_tim.o [4]
TIM_CCxChannelCmd        0x800'2545   0x24  Code  Gb  stm32f0xx_hal_tim.o [4]
TIM_OC1_SetConfig        0x800'2373   0x70  Code  Lc  stm32f0xx_hal_tim.o [4]
TIM_OC2_SetConfig        0x800'23e3   0x6e  Code  Gb  stm32f0xx_hal_tim.o [4]
TIM_OC3_SetConfig        0x800'2451   0x6a  Code  Lc  stm32f0xx_hal_tim.o [4]
TIM_OC4_SetConfig        0x800'24bb   0x50  Code  Lc  stm32f0xx_hal_tim.o [4]
USART1_IRQHandler        0x800'3a1d         Code  Wk  startup_stm32f030x6.o [1]
Volt                    0x2000'0274   0x14  Data  Gb  main.o [2]
WWDG_IRQHandler          0x800'14bb         Code  Wk  startup_stm32f030x6.o [1]
__ICFEDIT_region_RAM_end__ {Abs}
                        0x2000'0fff         Data  Gb  <internal module>
__ICFEDIT_region_RAM_start__ {Abs}
                        0x2000'0000         Data  Gb  <internal module>
__NVIC_EnableIRQ         0x800'31f9   0x18  Code  Lc  stm32f0xx_hal_cortex.o [4]
__NVIC_SetPriority       0x800'3211   0x74  Code  Lc  stm32f0xx_hal_cortex.o [4]
__aeabi_idiv             0x800'356d         Code  Gb  I32DivModFast.o [6]
__aeabi_idiv0            0x800'370d         Code  Gb  IntDivZer.o [6]
__aeabi_idivmod          0x800'356d         Code  Gb  I32DivModFast.o [6]
__aeabi_memcpy4          0x800'36d9         Code  Gb  ABImemcpy.o [6]
__aeabi_memcpy8          0x800'36d9         Code  Gb  ABImemcpy.o [6]
__aeabi_memset           0x800'3689         Code  Gb  ABImemset.o [6]
__aeabi_uidiv            0x800'3573         Code  Gb  I32DivModFast.o [6]
__aeabi_uidivmod         0x800'3573         Code  Gb  I32DivModFast.o [6]
__cmain                  0x800'3951         Code  Gb  cmain.o [6]
__exit                   0x800'3989   0x14  Code  Gb  exit.o [7]
__iar_Memset4_word       0x800'36a9         Code  Gb  ABImemset.o [6]
__iar_Memset_word        0x800'3695         Code  Gb  ABImemset.o [6]
__iar_copy_init3         0x800'38d5   0x30  Code  Gb  copy_init3.o [6]
__iar_data_init3         0x800'3905   0x28  Code  Gb  data_init.o [6]
__iar_program_start      0x800'399d         Code  Gb  cstartup_M.o [6]
__iar_zero_init3         0x800'3899   0x3c  Code  Gb  zero_init3.o [6]
__low_level_init         0x800'396f    0x4  Code  Gb  low_level_init.o [5]
__vector_table           0x800'0000         Data  Gb  startup_stm32f030x6.o [1]
_call_main               0x800'395d         Code  Gb  cmain.o [6]
_exit                    0x800'397d         Code  Gb  cexit.o [6]
cH                      0x2000'02fa    0x1  Data  Gb  main.o [2]
cL                      0x2000'02f9    0x1  Data  Gb  main.o [2]
dH                      0x2000'02f8    0x1  Data  Gb  main.o [2]
dL                      0x2000'02f7    0x1  Data  Gb  main.o [2]
dd                      0x2000'0012    0x2  Data  Gb  main.o [2]
exit                     0x800'3973    0x8  Code  Gb  exit.o [5]
hdma_adc                0x2000'0230   0x44  Data  Gb  main.o [2]
hi2c1                   0x2000'007c   0x4c  Data  Gb  main.o [2]
htim1                   0x2000'00c8   0x48  Data  Gb  main.o [2]
htim14                  0x2000'0158   0x48  Data  Gb  main.o [2]
htim16                  0x2000'01a0   0x48  Data  Gb  main.o [2]
htim17                  0x2000'01e8   0x48  Data  Gb  main.o [2]
htim3                   0x2000'0110   0x48  Data  Gb  main.o [2]
iClkEXI                 0x2000'000a    0x2  Data  Gb  main.o [2]
iEXIS1Prs               0x2000'02c4    0xc  Data  Gb  main.o [2]
iKepEXI                 0x2000'0008    0x2  Data  Gb  main.o [2]
iLED                    0x2000'02e8    0x2  Data  Gb  main.o [2]
iPrsEXIS2               0x2000'02d0    0xc  Data  Gb  main.o [2]
iSelEXI                 0x2000'02f4    0x1  Data  Gb  main.o [2]
indx                    0x2000'02ea    0x2  Data  Gb  main.o [2]
main                     0x800'00b1   0xde  Code  Gb  main.o [2]
memset                   0x800'2569   0x14  Code  Gb  memset.o [6]
uwTick                  0x2000'02e4    0x4  Data  Gb  stm32f0xx_hal.o [4]
uwTickFreq              0x2000'0014    0x1  Data  Gb  stm32f0xx_hal.o [4]
uwTickPrio              0x2000'0000    0x4  Data  Gb  stm32f0xx_hal.o [4]


[1] = E:\Storage_W\MEGA\Other\Amin\STM\PowerSupply_2\EWARM\PowerSupply_2\Obj\Application\EWARM
[2] = E:\Storage_W\MEGA\Other\Amin\STM\PowerSupply_2\EWARM\PowerSupply_2\Obj\Application\User\Core
[3] = E:\Storage_W\MEGA\Other\Amin\STM\PowerSupply_2\EWARM\PowerSupply_2\Obj\Drivers\CMSIS
[4] = E:\Storage_W\MEGA\Other\Amin\STM\PowerSupply_2\EWARM\PowerSupply_2\Obj\Drivers\STM32F0xx_HAL_Driver
[5] = dl6M_tln.a
[6] = rt6M_tl.a
[7] = shb_l.a

  14'772 bytes of readonly  code memory
     110 bytes of readonly  data memory
   1'784 bytes of readwrite data memory

Errors: none
Warnings: none
