###############################################################################
#
# IAR ELF Linker V9.30.1.335/W64 for ARM                  04/Oct/2022  10:26:02
# Copyright 2007-2022 IAR Systems AB.
#
#    Output file  =
#        E:\Storage_W\MEGA\Other\Amin\STM\PowerSupply_2\EWARM\PowerSupply_2\Exe\PowerSupply_2.out
#    Map file     =
#        E:\Storage_W\MEGA\Other\Amin\STM\PowerSupply_2\EWARM\PowerSupply_2\List\PowerSupply_2.map
#    Command line =
#        -f
#        E:\Storage_W\MEGA\Other\Amin\STM\PowerSupply_2\EWARM\PowerSupply_2\Exe\PowerSupply_2.out.rsp
#        (E:\Storage_W\MEGA\Other\Amin\STM\PowerSupply_2\EWARM\PowerSupply_2\Obj\Application\User\Core\main.o
#        E:\Storage_W\MEGA\Other\Amin\STM\PowerSupply_2\EWARM\PowerSupply_2\Obj\Application\EWARM\startup_stm32f030x6.o
#        E:\Storage_W\MEGA\Other\Amin\STM\PowerSupply_2\EWARM\PowerSupply_2\Obj\Drivers\STM32F0xx_HAL_Driver\stm32f0xx_hal.o
#        E:\Storage_W\MEGA\Other\Amin\STM\PowerSupply_2\EWARM\PowerSupply_2\Obj\Drivers\STM32F0xx_HAL_Driver\stm32f0xx_hal_adc.o
#        E:\Storage_W\MEGA\Other\Amin\STM\PowerSupply_2\EWARM\PowerSupply_2\Obj\Drivers\STM32F0xx_HAL_Driver\stm32f0xx_hal_adc_ex.o
#        E:\Storage_W\MEGA\Other\Amin\STM\PowerSupply_2\EWARM\PowerSupply_2\Obj\Drivers\STM32F0xx_HAL_Driver\stm32f0xx_hal_cortex.o
#        E:\Storage_W\MEGA\Other\Amin\STM\PowerSupply_2\EWARM\PowerSupply_2\Obj\Drivers\STM32F0xx_HAL_Driver\stm32f0xx_hal_dma.o
#        E:\Storage_W\MEGA\Other\Amin\STM\PowerSupply_2\EWARM\PowerSupply_2\Obj\Drivers\STM32F0xx_HAL_Driver\stm32f0xx_hal_exti.o
#        E:\Storage_W\MEGA\Other\Amin\STM\PowerSupply_2\EWARM\PowerSupply_2\Obj\Drivers\STM32F0xx_HAL_Driver\stm32f0xx_hal_flash.o
#        E:\Storage_W\MEGA\Other\Amin\STM\PowerSupply_2\EWARM\PowerSupply_2\Obj\Drivers\STM32F0xx_HAL_Driver\stm32f0xx_hal_flash_ex.o
#        E:\Storage_W\MEGA\Other\Amin\STM\PowerSupply_2\EWARM\PowerSupply_2\Obj\Drivers\STM32F0xx_HAL_Driver\stm32f0xx_hal_gpio.o
#        E:\Storage_W\MEGA\Other\Amin\STM\PowerSupply_2\EWARM\PowerSupply_2\Obj\Drivers\STM32F0xx_HAL_Driver\stm32f0xx_hal_i2c.o
#        E:\Storage_W\MEGA\Other\Amin\STM\PowerSupply_2\EWARM\PowerSupply_2\Obj\Drivers\STM32F0xx_HAL_Driver\stm32f0xx_hal_i2c_ex.o
#        E:\Storage_W\MEGA\Other\Amin\STM\PowerSupply_2\EWARM\PowerSupply_2\Obj\Application\User\Core\stm32f0xx_hal_msp.o
#        E:\Storage_W\MEGA\Other\Amin\STM\PowerSupply_2\EWARM\PowerSupply_2\Obj\Drivers\STM32F0xx_HAL_Driver\stm32f0xx_hal_pwr.o
#        E:\Storage_W\MEGA\Other\Amin\STM\PowerSupply_2\EWARM\PowerSupply_2\Obj\Drivers\STM32F0xx_HAL_Driver\stm32f0xx_hal_pwr_ex.o
#        E:\Storage_W\MEGA\Other\Amin\STM\PowerSupply_2\EWARM\PowerSupply_2\Obj\Drivers\STM32F0xx_HAL_Driver\stm32f0xx_hal_rcc.o
#        E:\Storage_W\MEGA\Other\Amin\STM\PowerSupply_2\EWARM\PowerSupply_2\Obj\Drivers\STM32F0xx_HAL_Driver\stm32f0xx_hal_rcc_ex.o
#        E:\Storage_W\MEGA\Other\Amin\STM\PowerSupply_2\EWARM\PowerSupply_2\Obj\Drivers\STM32F0xx_HAL_Driver\stm32f0xx_hal_tim.o
#        E:\Storage_W\MEGA\Other\Amin\STM\PowerSupply_2\EWARM\PowerSupply_2\Obj\Drivers\STM32F0xx_HAL_Driver\stm32f0xx_hal_tim_ex.o
#        E:\Storage_W\MEGA\Other\Amin\STM\PowerSupply_2\EWARM\PowerSupply_2\Obj\Application\User\Core\stm32f0xx_it.o
#        E:\Storage_W\MEGA\Other\Amin\STM\PowerSupply_2\EWARM\PowerSupply_2\Obj\Drivers\CMSIS\system_stm32f0xx.o
#        --no_out_extension -o
#        E:\Storage_W\MEGA\Other\Amin\STM\PowerSupply_2\EWARM\PowerSupply_2\Exe\PowerSupply_2.out
#        --redirect _Printf=_PrintfFullNoMb --redirect _Scanf=_ScanfFullNoMb
#        --map
#        E:\Storage_W\MEGA\Other\Amin\STM\PowerSupply_2\EWARM\PowerSupply_2\List\PowerSupply_2.map
#        --config
#        E:\Storage_W\MEGA\Other\Amin\STM\PowerSupply_2\EWARM/stm32f030x6_flash.icf
#        --semihosting --entry __iar_program_start --vfe --text_out locale
#        --cpu=Cortex-M0 --fpu=None)
#
###############################################################################

*******************************************************************************
*** RUNTIME MODEL ATTRIBUTES
***

CppFlavor       = *
__CPP_Runtime   = 1
__SystemLibrary = DLib
__dlib_version  = 6


*******************************************************************************
*** HEAP SELECTION
***

The basic heap was selected because --advanced_heap
was not specified and the application did not appear to
be primarily optimized for speed.


*******************************************************************************
*** PLACEMENT SUMMARY
***

"A0":  place at address 0x800'0000 { ro section .intvec };
"P1":  place in [from 0x800'0000 to 0x800'7fff] { ro };
define block CSTACK with size = 1K, alignment = 8 { };
define block HEAP with size = 512, alignment = 8 { };
"P2":  place in [from 0x2000'0000 to 0x2000'0fff] {
          rw, block CSTACK, block HEAP };
initialize by copy { rw };

  Section            Kind         Address    Size  Object
  -------            ----         -------    ----  ------
"A0":                                        0xb0
  .intvec            ro code   0x800'0000    0xb0  startup_stm32f030x6.o [1]
                             - 0x800'00b0    0xb0

"P1":                                      0x2b5f
  .text              ro code   0x800'00b0   0x8e2  main.o [2]
  .text              ro code   0x800'0992    0x3e  packbits_init_single.o [6]
  .text              ro code   0x800'09d0    0x20  stm32f0xx_hal.o [4]
  .text              ro code   0x800'09f0   0x848  stm32f0xx_hal_tim.o [4]
  .text              ro code   0x800'1238    0x28  stm32f0xx_hal.o [4]
  .text              ro code   0x800'1260    0x14  memset.o [6]
  .text              ro code   0x800'1274   0x650  stm32f0xx_hal_rcc.o [4]
  .text              ro code   0x800'18c4   0x118  stm32f0xx_hal_rcc_ex.o [4]
  .text              ro code   0x800'19dc   0x320  stm32f0xx_hal_adc.o [4]
  .text              ro code   0x800'1cfc    0xd4  stm32f0xx_hal_i2c.o [4]
  .text              ro code   0x800'1dd0    0xf4  stm32f0xx_hal_i2c_ex.o [4]
  .text              ro code   0x800'1ec4    0xd8  stm32f0xx_hal_tim_ex.o [4]
  .text              ro code   0x800'1f9c   0x36c  stm32f0xx_hal_msp.o [2]
  .text              ro code   0x800'2308    0xf0  stm32f0xx_hal_cortex.o [4]
  .text              ro code   0x800'23f8   0x208  stm32f0xx_hal_gpio.o [4]
  .text              ro code   0x800'2600    0xe0  I32DivModFast.o [6]
  .text              ro code   0x800'26e0    0x50  stm32f0xx_hal.o [4]
  .text              ro code   0x800'2730     0x2  stm32f0xx_hal_tim.o [4]
  .text              ro code   0x800'2732     0x2  stm32f0xx_hal_tim.o [4]
  .text              ro code   0x800'2734     0x2  stm32f0xx_hal_tim_ex.o [4]
  .text              ro code   0x800'2736     0x2  stm32f0xx_hal_tim.o [4]
  .text              ro code   0x800'2738     0x2  stm32f0xx_hal_tim_ex.o [4]
  .text              ro code   0x800'273a     0x2  startup_stm32f030x6.o [1]
  .text              ro code   0x800'273c     0xc  stm32f0xx_hal.o [4]
  .text              ro code   0x800'2748    0x4e  ABImemset.o [6]
  .text              ro code   0x800'2796     0x2  startup_stm32f030x6.o [1]
  .text              ro code   0x800'2798    0x34  ABImemcpy.o [6]
  .text              ro code   0x800'27cc   0x14c  stm32f0xx_hal_dma.o [4]
  .text              ro code   0x800'2918     0x2  IntDivZer.o [6]
  .text              ro code   0x800'291a     0x2  startup_stm32f030x6.o [1]
  .text              ro code   0x800'291c   0x174  stm32f0xx_it.o [2]
  .text              ro code   0x800'2a90    0x18  stm32f0xx_hal.o [4]
  .text              ro code   0x800'2aa8    0x3c  zero_init3.o [6]
  .text              ro code   0x800'2ae4    0x28  data_init.o [6]
  .iar.init_table    const     0x800'2b0c    0x20  - Linker created -
  .text              ro code   0x800'2b2c    0x1e  cmain.o [6]
  .text              ro code   0x800'2b4a     0x4  low_level_init.o [5]
  .text              ro code   0x800'2b4e     0x8  exit.o [5]
  .text              ro code   0x800'2b56     0x2  startup_stm32f030x6.o [1]
  .text              ro code   0x800'2b58     0xa  cexit.o [6]
  .text              ro code   0x800'2b62     0x2  startup_stm32f030x6.o [1]
  .text              ro code   0x800'2b64    0x14  exit.o [7]
  .text              ro code   0x800'2b78    0x1c  cstartup_M.o [6]
  .rodata            const     0x800'2b94    0x10  stm32f0xx_hal_rcc.o [4]
  .rodata            const     0x800'2ba4    0x10  stm32f0xx_hal_rcc.o [4]
  .rodata            const     0x800'2bb4    0x10  system_stm32f0xx.o [3]
  .text              ro code   0x800'2bc4    0x10  startup_stm32f030x6.o [1]
  .text              ro code   0x800'2bd4     0x2  startup_stm32f030x6.o [1]
  .text              ro code   0x800'2bd6     0x2  startup_stm32f030x6.o [1]
  .text              ro code   0x800'2bd8     0x2  startup_stm32f030x6.o [1]
  .text              ro code   0x800'2bda     0x2  startup_stm32f030x6.o [1]
  .text              ro code   0x800'2bdc     0x2  startup_stm32f030x6.o [1]
  .text              ro code   0x800'2bde     0x2  startup_stm32f030x6.o [1]
  .text              ro code   0x800'2be0     0x2  startup_stm32f030x6.o [1]
  .text              ro code   0x800'2be2     0x2  startup_stm32f030x6.o [1]
  .text              ro code   0x800'2be4     0x2  startup_stm32f030x6.o [1]
  .text              ro code   0x800'2be6     0x2  startup_stm32f030x6.o [1]
  .text              ro code   0x800'2be8     0x2  startup_stm32f030x6.o [1]
  .text              ro code   0x800'2bec     0x2  system_stm32f0xx.o [3]
  .rodata            const     0x800'2bee     0x0  zero_init3.o [6]
  .rodata            const     0x800'2bee     0x0  packbits_init_single.o [6]
  Initializer bytes  const     0x800'2bee    0x21  <for P2-1>
                             - 0x800'2c0f  0x2b5f

"P2", part 1 of 3:                           0x69
  P2-1                        0x2000'0000    0x69  <Init block>
    .data            inited   0x2000'0000    0x60  main.o [2]
    .data            inited   0x2000'0060     0x4  stm32f0xx_hal.o [4]
    .data            inited   0x2000'0064     0x4  system_stm32f0xx.o [3]
    .data            inited   0x2000'0068     0x1  stm32f0xx_hal.o [4]
                            - 0x2000'0069    0x69

"P2", part 2 of 3:                          0x278
  .bss               zero     0x2000'006c    0x4c  main.o [2]
  .bss               zero     0x2000'00b8    0x48  main.o [2]
  .bss               zero     0x2000'0100    0x48  main.o [2]
  .bss               zero     0x2000'0148    0x48  main.o [2]
  .bss               zero     0x2000'0190    0x48  main.o [2]
  .bss               zero     0x2000'01d8    0x48  main.o [2]
  .bss               zero     0x2000'0220    0x44  main.o [2]
  .bss               zero     0x2000'0264    0x40  main.o [2]
  .bss               zero     0x2000'02a4    0x10  main.o [2]
  .bss               zero     0x2000'02b4     0x8  main.o [2]
  .bss               zero     0x2000'02bc     0x8  main.o [2]
  .bss               zero     0x2000'02c4     0x8  main.o [2]
  .bss               zero     0x2000'02cc     0x4  stm32f0xx_hal.o [4]
  .bss               zero     0x2000'02d0     0x2  main.o [2]
  .bss               zero     0x2000'02d2     0x2  main.o [2]
  .bss               zero     0x2000'02d4     0x2  main.o [2]
  .bss               zero     0x2000'02d6     0x2  main.o [2]
  .bss               zero     0x2000'02d8     0x2  main.o [2]
  .bss               zero     0x2000'02da     0x2  main.o [2]
  .bss               zero     0x2000'02dc     0x2  stm32f0xx_it.o [2]
  .bss               zero     0x2000'02de     0x2  stm32f0xx_it.o [2]
  .bss               zero     0x2000'02e0     0x2  stm32f0xx_it.o [2]
  .bss               zero     0x2000'02e2     0x2  stm32f0xx_it.o [2]
                            - 0x2000'02e4   0x278

"P2", part 3 of 3:                          0x400
  CSTACK                      0x2000'02e8   0x400  <Block>
    CSTACK           uninit   0x2000'02e8   0x400  <Block tail>
                            - 0x2000'06e8   0x400

Unused ranges:

         From           To    Size
         ----           --    ----
   0x800'2c0f   0x800'7fff  0x53f1
  0x2000'0069  0x2000'006b     0x3
  0x2000'02e4  0x2000'02e7     0x4
  0x2000'06e8  0x2000'0fff   0x918


*******************************************************************************
*** INIT TABLE
***

          Address      Size
          -------      ----
Zero (__iar_zero_init3)
    1 destination range, total size 0x278:
          0x2000'006c  0x278

Copy/packbits (__iar_packbits_init_single3)
    1 source range, total size 0x21 (31% of destination):
           0x800'2bee   0x21
    1 destination range, total size 0x69:
          0x2000'0000   0x69



*******************************************************************************
*** MODULE SUMMARY
***

    Module                  ro code  ro data  rw data
    ------                  -------  -------  -------
command line/config:
    -------------------------------------------------
    Total:

E:\Storage_W\MEGA\Other\Amin\STM\PowerSupply_2\EWARM\PowerSupply_2\Obj\Application\EWARM: [1]
    startup_stm32f030x6.o       224
    -------------------------------------------------
    Total:                      224

E:\Storage_W\MEGA\Other\Amin\STM\PowerSupply_2\EWARM\PowerSupply_2\Obj\Application\User\Core: [2]
    main.o                    2'274       30      716
    stm32f0xx_hal_msp.o         876
    stm32f0xx_it.o              372                 8
    -------------------------------------------------
    Total:                    3'522       30      724

E:\Storage_W\MEGA\Other\Amin\STM\PowerSupply_2\EWARM\PowerSupply_2\Obj\Drivers\CMSIS: [3]
    system_stm32f0xx.o            2       17        4
    -------------------------------------------------
    Total:                        2       17        4

E:\Storage_W\MEGA\Other\Amin\STM\PowerSupply_2\EWARM\PowerSupply_2\Obj\Drivers\STM32F0xx_HAL_Driver: [4]
    stm32f0xx_hal.o             188        2        9
    stm32f0xx_hal_adc.o         800
    stm32f0xx_hal_cortex.o      240
    stm32f0xx_hal_dma.o         332
    stm32f0xx_hal_gpio.o        520
    stm32f0xx_hal_i2c.o         212
    stm32f0xx_hal_i2c_ex.o      244
    stm32f0xx_hal_rcc.o       1'616       32
    stm32f0xx_hal_rcc_ex.o      280
    stm32f0xx_hal_tim.o       2'126
    stm32f0xx_hal_tim_ex.o      220
    -------------------------------------------------
    Total:                    6'778       34        9

dl6M_tln.a: [5]
    exit.o                        8
    low_level_init.o              4
    -------------------------------------------------
    Total:                       12

rt6M_tl.a: [6]
    ABImemcpy.o                  52
    ABImemset.o                  78
    I32DivModFast.o             224
    IntDivZer.o                   2
    cexit.o                      10
    cmain.o                      30
    cstartup_M.o                 28
    data_init.o                  40
    memset.o                     20
    packbits_init_single.o       62
    zero_init3.o                 60
    -------------------------------------------------
    Total:                      606

shb_l.a: [7]
    exit.o                       20
    -------------------------------------------------
    Total:                       20

    Gaps                          2
    Linker created                        32    1'024
-----------------------------------------------------
    Grand Total:             11'166      113    1'761


*******************************************************************************
*** ENTRY LIST
***

Entry                       Address   Size  Type      Object
-----                       -------   ----  ----      ------
.iar.init_table$$Base    0x800'2b0c          --   Gb  - Linker created -
.iar.init_table$$Limit   0x800'2b2c          --   Gb  - Linker created -
?main                    0x800'2b2d         Code  Gb  cmain.o [6]
ADC1_IRQHandler          0x800'2bdd         Code  Wk  startup_stm32f030x6.o [1]
AHBPrescTable            0x800'2bb4   0x10  Data  Gb  system_stm32f0xx.o [3]
Amp                     0x2000'02bc    0x8  Data  Gb  main.o [2]
CSTACK$$Base            0x2000'02e8          --   Gb  - Linker created -
CSTACK$$Limit           0x2000'06e8          --   Gb  - Linker created -
DMA1_Channel1_IRQHandler
                         0x800'2a37    0xa  Code  Gb  stm32f0xx_it.o [2]
DMA1_Channel2_3_IRQHandler
                         0x800'2bd9         Code  Wk  startup_stm32f030x6.o [1]
DMA1_Channel4_5_IRQHandler
                         0x800'2bdb         Code  Wk  startup_stm32f030x6.o [1]
DMA_CalcBaseAndBitshift
                         0x800'28f3   0x1a  Code  Lc  stm32f0xx_hal_dma.o [4]
DispEncI                0x2000'02d6    0x2  Data  Gb  main.o [2]
DispEncV                0x2000'02d4    0x2  Data  Gb  main.o [2]
EXTI0_1_IRQHandler       0x800'2b63         Code  Wk  startup_stm32f030x6.o [1]
EXTI2_3_IRQHandler       0x800'2bd5         Code  Wk  startup_stm32f030x6.o [1]
EXTI4_15_IRQHandler      0x800'2bd7         Code  Wk  startup_stm32f030x6.o [1]
Enc_II                  0x2000'02da    0x2  Data  Gb  main.o [2]
Enc_VV                  0x2000'02d8    0x2  Data  Gb  main.o [2]
EncoderSpeed_I          0x2000'02de    0x2  Data  Gb  stm32f0xx_it.o [2]
EncoderSpeed_V          0x2000'02dc    0x2  Data  Gb  stm32f0xx_it.o [2]
Error_Handler            0x800'098d    0x6  Code  Gb  main.o [2]
FLASH_IRQHandler         0x800'291b         Code  Wk  startup_stm32f030x6.o [1]
HAL_ADC_ConfigChannel    0x800'1b95  0x156  Code  Gb  stm32f0xx_hal_adc.o [4]
HAL_ADC_Init             0x800'19dd  0x1aa  Code  Gb  stm32f0xx_hal_adc.o [4]
HAL_ADC_MspInit          0x800'1fc9   0x8a  Code  Gb  stm32f0xx_hal_msp.o [2]
HAL_DMA_IRQHandler       0x800'2825   0xce  Code  Gb  stm32f0xx_hal_dma.o [4]
HAL_DMA_Init             0x800'27cd   0x54  Code  Gb  stm32f0xx_hal_dma.o [4]
HAL_Delay                0x800'1239   0x28  Code  Wk  stm32f0xx_hal.o [4]
HAL_GPIO_Init            0x800'23f9  0x1b8  Code  Gb  stm32f0xx_hal_gpio.o [4]
HAL_GPIO_ReadPin         0x800'25c9   0x16  Code  Gb  stm32f0xx_hal_gpio.o [4]
HAL_GPIO_WritePin        0x800'25df   0x14  Code  Gb  stm32f0xx_hal_gpio.o [4]
HAL_GetTick              0x800'273d    0xc  Code  Wk  stm32f0xx_hal.o [4]
HAL_I2CEx_ConfigAnalogFilter
                         0x800'1dd1   0x64  Code  Gb  stm32f0xx_hal_i2c_ex.o [4]
HAL_I2CEx_ConfigDigitalFilter
                         0x800'1e35   0x5e  Code  Gb  stm32f0xx_hal_i2c_ex.o [4]
HAL_I2CEx_EnableFastModePlus
                         0x800'1e93   0x20  Code  Gb  stm32f0xx_hal_i2c_ex.o [4]
HAL_I2C_Init             0x800'1cfd   0xc6  Code  Gb  stm32f0xx_hal_i2c.o [4]
HAL_I2C_MspInit          0x800'2053   0x60  Code  Gb  stm32f0xx_hal_msp.o [2]
HAL_IncTick              0x800'2a91   0x18  Code  Wk  stm32f0xx_hal.o [4]
HAL_Init                 0x800'09d1   0x1a  Code  Gb  stm32f0xx_hal.o [4]
HAL_InitTick             0x800'26e1   0x50  Code  Wk  stm32f0xx_hal.o [4]
HAL_MspInit              0x800'1f9d   0x2c  Code  Gb  stm32f0xx_hal_msp.o [2]
HAL_NVIC_EnableIRQ       0x800'23cd    0xa  Code  Gb  stm32f0xx_hal_cortex.o [4]
HAL_NVIC_SetPriority     0x800'23c3    0xa  Code  Gb  stm32f0xx_hal_cortex.o [4]
HAL_RCCEx_PeriphCLKConfig
                         0x800'18c5   0xf8  Code  Gb  stm32f0xx_hal_rcc_ex.o [4]
HAL_RCC_ClockConfig      0x800'16ed  0x128  Code  Gb  stm32f0xx_hal_rcc.o [4]
HAL_RCC_GetSysClockFreq
                         0x800'1829   0x6c  Code  Gb  stm32f0xx_hal_rcc.o [4]
HAL_RCC_OscConfig        0x800'1275  0x466  Code  Gb  stm32f0xx_hal_rcc.o [4]
HAL_SYSTICK_Config       0x800'23d7    0x8  Code  Gb  stm32f0xx_hal_cortex.o [4]
HAL_TIMEx_BreakCallback
                         0x800'2735    0x2  Code  Wk  stm32f0xx_hal_tim_ex.o [4]
HAL_TIMEx_CommutCallback
                         0x800'2739    0x2  Code  Wk  stm32f0xx_hal_tim_ex.o [4]
HAL_TIMEx_ConfigBreakDeadTime
                         0x800'1f1d   0x5c  Code  Gb  stm32f0xx_hal_tim_ex.o [4]
HAL_TIMEx_MasterConfigSynchronization
                         0x800'1ec5   0x58  Code  Gb  stm32f0xx_hal_tim_ex.o [4]
HAL_TIM_Base_Init        0x800'09f1   0x5c  Code  Gb  stm32f0xx_hal_tim.o [4]
HAL_TIM_Base_MspInit     0x800'219d   0x6c  Code  Gb  stm32f0xx_hal_msp.o [2]
HAL_TIM_Base_Start_IT    0x800'0a4d   0x56  Code  Gb  stm32f0xx_hal_tim.o [4]
HAL_TIM_Base_Stop_IT     0x800'0aa3   0x3c  Code  Gb  stm32f0xx_hal_tim.o [4]
HAL_TIM_Encoder_Init     0x800'0b4d   0xc4  Code  Gb  stm32f0xx_hal_tim.o [4]
HAL_TIM_Encoder_MspInit
                         0x800'20b3   0x7a  Code  Gb  stm32f0xx_hal_msp.o [2]
HAL_TIM_Encoder_Start_IT
                         0x800'0c21  0x112  Code  Gb  stm32f0xx_hal_tim.o [4]
HAL_TIM_IC_CaptureCallback
                         0x800'0611   0x26  Code  Gb  main.o [2]
HAL_TIM_IRQHandler       0x800'0d33  0x1ac  Code  Gb  stm32f0xx_hal_tim.o [4]
HAL_TIM_MspPostInit      0x800'2219   0xc2  Code  Gb  stm32f0xx_hal_msp.o [2]
HAL_TIM_OC_DelayElapsedCallback
                         0x800'2731    0x2  Code  Wk  stm32f0xx_hal_tim.o [4]
HAL_TIM_PWM_ConfigChannel
                         0x800'0edf   0xfa  Code  Gb  stm32f0xx_hal_tim.o [4]
HAL_TIM_PWM_Init         0x800'0af1   0x5c  Code  Gb  stm32f0xx_hal_tim.o [4]
HAL_TIM_PWM_MspInit      0x800'212d   0x6c  Code  Gb  stm32f0xx_hal_msp.o [2]
HAL_TIM_PWM_PulseFinishedCallback
                         0x800'2733    0x2  Code  Wk  stm32f0xx_hal_tim.o [4]
HAL_TIM_PeriodElapsedCallback
                         0x800'08f5   0x7e  Code  Gb  main.o [2]
HAL_TIM_TriggerCallback
                         0x800'2737    0x2  Code  Wk  stm32f0xx_hal_tim.o [4]
HardFault_Handler        0x800'2921    0x4  Code  Gb  stm32f0xx_it.o [2]
I2C1_IRQHandler          0x800'2be5         Code  Wk  startup_stm32f030x6.o [1]
LED_Data                0x2000'0000   0x60  Data  Gb  main.o [2]
MX_ADC_Init              0x800'01a5   0x9a  Code  Lc  main.o [2]
MX_DMA_Init              0x800'052f   0x26  Code  Lc  main.o [2]
MX_GPIO_Init             0x800'0561   0xaa  Code  Lc  main.o [2]
MX_I2C1_Init             0x800'023f   0x4e  Code  Lc  main.o [2]
MX_TIM14_Init            0x800'03a3   0x24  Code  Lc  main.o [2]
MX_TIM16_Init            0x800'03f1   0x9a  Code  Lc  main.o [2]
MX_TIM17_Init            0x800'0495   0x9a  Code  Lc  main.o [2]
MX_TIM1_Init             0x800'028d   0x6e  Code  Lc  main.o [2]
MX_TIM3_Init             0x800'02fb   0xa8  Code  Lc  main.o [2]
Mon4Seg                  0x800'0771  0x172  Code  Gb  main.o [2]
NMI_Handler              0x800'291d    0x4  Code  Gb  stm32f0xx_it.o [2]
PendSV_Handler           0x800'2927    0x2  Code  Gb  stm32f0xx_it.o [2]
RCC_IRQHandler           0x800'2b57         Code  Wk  startup_stm32f030x6.o [1]
RTC_IRQHandler           0x800'2797         Code  Wk  startup_stm32f030x6.o [1]
Region$$Table$$Base      0x800'2b0c          --   Gb  - Linker created -
Region$$Table$$Limit     0x800'2b2c          --   Gb  - Linker created -
Reset_Handler            0x800'2bc5         Code  Wk  startup_stm32f030x6.o [1]
SPI1_IRQHandler          0x800'2be7         Code  Wk  startup_stm32f030x6.o [1]
SVC_Handler              0x800'2925    0x2  Code  Gb  stm32f0xx_it.o [2]
SevSegm                  0x800'064d  0x118  Code  Gb  main.o [2]
SevSegm::Buf            0x2000'02a4   0x10  Data  Lc  main.o [2]
SysTick_Config           0x800'2393   0x30  Code  Lc  stm32f0xx_hal_cortex.o [4]
SysTick_Handler          0x800'2929  0x10e  Code  Gb  stm32f0xx_it.o [2]
SystemClock_Config       0x800'0121   0x84  Code  Gb  main.o [2]
SystemCoreClock         0x2000'0064    0x4  Data  Gb  system_stm32f0xx.o [3]
SystemInit               0x800'2bed    0x2  Code  Gb  system_stm32f0xx.o [3]
TIM14_IRQHandler         0x800'2a55    0xa  Code  Gb  stm32f0xx_it.o [2]
TIM16_IRQHandler         0x800'2be1         Code  Wk  startup_stm32f030x6.o [1]
TIM17_IRQHandler         0x800'2be3         Code  Wk  startup_stm32f030x6.o [1]
TIM1_BRK_UP_TRG_COM_IRQHandler
                         0x800'2bdf         Code  Wk  startup_stm32f030x6.o [1]
TIM1_CC_IRQHandler       0x800'2a41    0xa  Code  Gb  stm32f0xx_it.o [2]
TIM3_IRQHandler          0x800'2a4b    0xa  Code  Gb  stm32f0xx_it.o [2]
TIM_Base_SetConfig       0x800'0fdd   0x6a  Code  Gb  stm32f0xx_hal_tim.o [4]
TIM_CCxChannelCmd        0x800'1219   0x20  Code  Gb  stm32f0xx_hal_tim.o [4]
TIM_OC1_SetConfig        0x800'1047   0x70  Code  Lc  stm32f0xx_hal_tim.o [4]
TIM_OC2_SetConfig        0x800'10b7   0x6e  Code  Gb  stm32f0xx_hal_tim.o [4]
TIM_OC3_SetConfig        0x800'1125   0x6a  Code  Lc  stm32f0xx_hal_tim.o [4]
TIM_OC4_SetConfig        0x800'118f   0x50  Code  Lc  stm32f0xx_hal_tim.o [4]
USART1_IRQHandler        0x800'2be9         Code  Wk  startup_stm32f030x6.o [1]
USBAmp                  0x2000'02c4    0x8  Data  Gb  main.o [2]
Volt                    0x2000'02b4    0x8  Data  Gb  main.o [2]
WWDG_IRQHandler          0x800'273b         Code  Wk  startup_stm32f030x6.o [1]
__ICFEDIT_region_RAM_end__ {Abs}
                        0x2000'0fff         Data  Gb  <internal module>
__ICFEDIT_region_RAM_start__ {Abs}
                        0x2000'0000         Data  Gb  <internal module>
__NVIC_EnableIRQ         0x800'2309   0x18  Code  Lc  stm32f0xx_hal_cortex.o [4]
__NVIC_SetPriority       0x800'2321   0x72  Code  Lc  stm32f0xx_hal_cortex.o [4]
__aeabi_idiv             0x800'262d         Code  Gb  I32DivModFast.o [6]
__aeabi_idiv0            0x800'2919         Code  Gb  IntDivZer.o [6]
__aeabi_idivmod          0x800'262d         Code  Gb  I32DivModFast.o [6]
__aeabi_memcpy4          0x800'2799         Code  Gb  ABImemcpy.o [6]
__aeabi_memcpy8          0x800'2799         Code  Gb  ABImemcpy.o [6]
__aeabi_memset           0x800'2749         Code  Gb  ABImemset.o [6]
__aeabi_uidiv            0x800'2633         Code  Gb  I32DivModFast.o [6]
__aeabi_uidivmod         0x800'2633         Code  Gb  I32DivModFast.o [6]
__cmain                  0x800'2b2d         Code  Gb  cmain.o [6]
__exit                   0x800'2b65   0x14  Code  Gb  exit.o [7]
__iar_Memset4_word       0x800'2769         Code  Gb  ABImemset.o [6]
__iar_Memset_word        0x800'2755         Code  Gb  ABImemset.o [6]
__iar_data_init3         0x800'2ae5   0x28  Code  Gb  data_init.o [6]
__iar_packbits_init_single3
                         0x800'0993   0x3e  Code  Gb  packbits_init_single.o [6]
__iar_program_start      0x800'2b79         Code  Gb  cstartup_M.o [6]
__iar_zero_init3         0x800'2aa9   0x3c  Code  Gb  zero_init3.o [6]
__low_level_init         0x800'2b4b    0x4  Code  Gb  low_level_init.o [5]
__vector_table           0x800'0000         Data  Gb  startup_stm32f030x6.o [1]
_call_main               0x800'2b39         Code  Gb  cmain.o [6]
_exit                    0x800'2b59         Code  Gb  cexit.o [6]
exit                     0x800'2b4f    0x8  Code  Gb  exit.o [5]
hadc                    0x2000'0264   0x40  Data  Gb  main.o [2]
hdma_adc                0x2000'0220   0x44  Data  Gb  main.o [2]
hi2c1                   0x2000'006c   0x4c  Data  Gb  main.o [2]
htim1                   0x2000'00b8   0x48  Data  Gb  main.o [2]
htim14                  0x2000'0148   0x48  Data  Gb  main.o [2]
htim16                  0x2000'0190   0x48  Data  Gb  main.o [2]
htim17                  0x2000'01d8   0x48  Data  Gb  main.o [2]
htim3                   0x2000'0100   0x48  Data  Gb  main.o [2]
iLED                    0x2000'02d0    0x2  Data  Gb  main.o [2]
indx                    0x2000'02d2    0x2  Data  Gb  main.o [2]
main                     0x800'00b1   0x70  Code  Gb  main.o [2]
memset                   0x800'1261   0x14  Code  Gb  memset.o [6]
oldpos_I                0x2000'02e2    0x2  Data  Gb  stm32f0xx_it.o [2]
oldpos_V                0x2000'02e0    0x2  Data  Gb  stm32f0xx_it.o [2]
uwTick                  0x2000'02cc    0x4  Data  Gb  stm32f0xx_hal.o [4]
uwTickFreq              0x2000'0068    0x1  Data  Gb  stm32f0xx_hal.o [4]
uwTickPrio              0x2000'0060    0x4  Data  Gb  stm32f0xx_hal.o [4]


[1] = E:\Storage_W\MEGA\Other\Amin\STM\PowerSupply_2\EWARM\PowerSupply_2\Obj\Application\EWARM
[2] = E:\Storage_W\MEGA\Other\Amin\STM\PowerSupply_2\EWARM\PowerSupply_2\Obj\Application\User\Core
[3] = E:\Storage_W\MEGA\Other\Amin\STM\PowerSupply_2\EWARM\PowerSupply_2\Obj\Drivers\CMSIS
[4] = E:\Storage_W\MEGA\Other\Amin\STM\PowerSupply_2\EWARM\PowerSupply_2\Obj\Drivers\STM32F0xx_HAL_Driver
[5] = dl6M_tln.a
[6] = rt6M_tl.a
[7] = shb_l.a

  11'166 bytes of readonly  code memory
     113 bytes of readonly  data memory
   1'761 bytes of readwrite data memory

Errors: none
Warnings: none
