###############################################################################
#
# IAR ELF Linker V9.30.1.335/W64 for ARM                  02/Nov/2022  18:49:14
# Copyright 2007-2022 IAR Systems AB.
#
#    Output file  =
#        E:\Storage_W\MEGA\Other\Amin\STM\PowerSupply_2\EWARM\PowerSupply_2\Exe\PowerSupply_2.out
#    Map file     =
#        E:\Storage_W\MEGA\Other\Amin\STM\PowerSupply_2\EWARM\PowerSupply_2\List\PowerSupply_2.map
#    Command line =
#        -f
#        E:\Storage_W\MEGA\Other\Amin\STM\PowerSupply_2\EWARM\PowerSupply_2\Exe\PowerSupply_2.out.rsp
#        (E:\Storage_W\MEGA\Other\Amin\STM\PowerSupply_2\EWARM\PowerSupply_2\Obj\Application\User\Core\main.o
#        E:\Storage_W\MEGA\Other\Amin\STM\PowerSupply_2\EWARM\PowerSupply_2\Obj\Application\EWARM\startup_stm32f030x6.o
#        E:\Storage_W\MEGA\Other\Amin\STM\PowerSupply_2\EWARM\PowerSupply_2\Obj\Drivers\STM32F0xx_HAL_Driver\stm32f0xx_hal.o
#        E:\Storage_W\MEGA\Other\Amin\STM\PowerSupply_2\EWARM\PowerSupply_2\Obj\Drivers\STM32F0xx_HAL_Driver\stm32f0xx_hal_adc.o
#        E:\Storage_W\MEGA\Other\Amin\STM\PowerSupply_2\EWARM\PowerSupply_2\Obj\Drivers\STM32F0xx_HAL_Driver\stm32f0xx_hal_adc_ex.o
#        E:\Storage_W\MEGA\Other\Amin\STM\PowerSupply_2\EWARM\PowerSupply_2\Obj\Drivers\STM32F0xx_HAL_Driver\stm32f0xx_hal_cortex.o
#        E:\Storage_W\MEGA\Other\Amin\STM\PowerSupply_2\EWARM\PowerSupply_2\Obj\Drivers\STM32F0xx_HAL_Driver\stm32f0xx_hal_dma.o
#        E:\Storage_W\MEGA\Other\Amin\STM\PowerSupply_2\EWARM\PowerSupply_2\Obj\Drivers\STM32F0xx_HAL_Driver\stm32f0xx_hal_exti.o
#        E:\Storage_W\MEGA\Other\Amin\STM\PowerSupply_2\EWARM\PowerSupply_2\Obj\Drivers\STM32F0xx_HAL_Driver\stm32f0xx_hal_flash.o
#        E:\Storage_W\MEGA\Other\Amin\STM\PowerSupply_2\EWARM\PowerSupply_2\Obj\Drivers\STM32F0xx_HAL_Driver\stm32f0xx_hal_flash_ex.o
#        E:\Storage_W\MEGA\Other\Amin\STM\PowerSupply_2\EWARM\PowerSupply_2\Obj\Drivers\STM32F0xx_HAL_Driver\stm32f0xx_hal_gpio.o
#        E:\Storage_W\MEGA\Other\Amin\STM\PowerSupply_2\EWARM\PowerSupply_2\Obj\Drivers\STM32F0xx_HAL_Driver\stm32f0xx_hal_i2c.o
#        E:\Storage_W\MEGA\Other\Amin\STM\PowerSupply_2\EWARM\PowerSupply_2\Obj\Drivers\STM32F0xx_HAL_Driver\stm32f0xx_hal_i2c_ex.o
#        E:\Storage_W\MEGA\Other\Amin\STM\PowerSupply_2\EWARM\PowerSupply_2\Obj\Application\User\Core\stm32f0xx_hal_msp.o
#        E:\Storage_W\MEGA\Other\Amin\STM\PowerSupply_2\EWARM\PowerSupply_2\Obj\Drivers\STM32F0xx_HAL_Driver\stm32f0xx_hal_pwr.o
#        E:\Storage_W\MEGA\Other\Amin\STM\PowerSupply_2\EWARM\PowerSupply_2\Obj\Drivers\STM32F0xx_HAL_Driver\stm32f0xx_hal_pwr_ex.o
#        E:\Storage_W\MEGA\Other\Amin\STM\PowerSupply_2\EWARM\PowerSupply_2\Obj\Drivers\STM32F0xx_HAL_Driver\stm32f0xx_hal_rcc.o
#        E:\Storage_W\MEGA\Other\Amin\STM\PowerSupply_2\EWARM\PowerSupply_2\Obj\Drivers\STM32F0xx_HAL_Driver\stm32f0xx_hal_rcc_ex.o
#        E:\Storage_W\MEGA\Other\Amin\STM\PowerSupply_2\EWARM\PowerSupply_2\Obj\Drivers\STM32F0xx_HAL_Driver\stm32f0xx_hal_tim.o
#        E:\Storage_W\MEGA\Other\Amin\STM\PowerSupply_2\EWARM\PowerSupply_2\Obj\Drivers\STM32F0xx_HAL_Driver\stm32f0xx_hal_tim_ex.o
#        E:\Storage_W\MEGA\Other\Amin\STM\PowerSupply_2\EWARM\PowerSupply_2\Obj\Application\User\Core\stm32f0xx_it.o
#        E:\Storage_W\MEGA\Other\Amin\STM\PowerSupply_2\EWARM\PowerSupply_2\Obj\Drivers\CMSIS\system_stm32f0xx.o
#        --no_out_extension -o
#        E:\Storage_W\MEGA\Other\Amin\STM\PowerSupply_2\EWARM\PowerSupply_2\Exe\PowerSupply_2.out
#        --redirect _Printf=_PrintfFullNoMb --redirect _Scanf=_ScanfFullNoMb
#        --map
#        E:\Storage_W\MEGA\Other\Amin\STM\PowerSupply_2\EWARM\PowerSupply_2\List\PowerSupply_2.map
#        --config
#        E:\Storage_W\MEGA\Other\Amin\STM\PowerSupply_2\EWARM/stm32f030x6_flash.icf
#        --semihosting --entry __iar_program_start --no_vfe --text_out locale
#        --cpu=Cortex-M0 --fpu=None)
#
###############################################################################

*******************************************************************************
*** RUNTIME MODEL ATTRIBUTES
***

CppFlavor       = *
__CPP_Runtime   = 1
__SystemLibrary = DLib
__dlib_version  = 6


*******************************************************************************
*** HEAP SELECTION
***

The basic heap was selected because --advanced_heap
was not specified and the application did not appear to
be primarily optimized for speed.


*******************************************************************************
*** PLACEMENT SUMMARY
***

"A0":  place at address 0x800'0000 { ro section .intvec };
"P1":  place in [from 0x800'0000 to 0x800'7fff] { ro };
define block CSTACK with size = 1K, alignment = 8 { };
define block HEAP with size = 512, alignment = 8 { };
"P2":  place in [from 0x2000'0000 to 0x2000'0fff] {
          rw, block CSTACK, block HEAP };
initialize by copy { rw };

  Section            Kind         Address    Size  Object
  -------            ----         -------    ----  ------
"A0":                                        0xb0
  .intvec            ro code   0x800'0000    0xb0  startup_stm32f030x6.o [1]
                             - 0x800'00b0    0xb0

"P1":                                      0x4622
  .text              ro code   0x800'00b0  0x153a  main.o [2]
  .text              ro code   0x800'15ea     0x2  startup_stm32f030x6.o [1]
  .text              ro code   0x800'15ec    0x20  stm32f0xx_hal.o [4]
  .text              ro code   0x800'160c    0xe0  I32DivModFast.o [7]
  .text              ro code   0x800'16ec   0x94c  stm32f0xx_hal_tim.o [4]
  .text              ro code   0x800'2038    0xdc  stm32f0xx_hal_adc_ex.o [4]
  .text              ro code   0x800'2114   0x548  stm32f0xx_hal_adc.o [4]
  .text              ro code   0x800'265c    0x14  memset.o [7]
  .text              ro code   0x800'2670   0x69c  stm32f0xx_hal_rcc.o [4]
  .text              ro code   0x800'2d0c   0x130  stm32f0xx_hal_rcc_ex.o [4]
  .text              ro code   0x800'2e3c   0x740  stm32f0xx_hal_i2c.o [4]
  .text              ro code   0x800'357c    0xf8  stm32f0xx_hal_i2c_ex.o [4]
  .text              ro code   0x800'3674    0xdc  stm32f0xx_hal_tim_ex.o [4]
  .text              ro code   0x800'3750   0x374  stm32f0xx_hal_msp.o [2]
  .text              ro code   0x800'3ac4   0x104  stm32f0xx_hal_cortex.o [4]
  .text              ro code   0x800'3bc8   0x244  stm32f0xx_hal_gpio.o [4]
  .text              ro code   0x800'3e0c    0x20  IxxToFlt.o [6]
  .text              ro code   0x800'3e2c    0xb0  FltMul.o [6]
  .text              ro code   0x800'3edc   0x120  FltAddSub.o [6]
  .text              ro code   0x800'3ffc    0x3a  FltToS32.o [6]
  .text              ro code   0x800'4036     0x2  startup_stm32f030x6.o [1]
  .text              ro code   0x800'4038    0x50  stm32f0xx_hal.o [4]
  .text              ro code   0x800'4088     0x2  IntDivZer.o [7]
  .text              ro code   0x800'408a     0x2  stm32f0xx_hal_tim.o [4]
  .text              ro code   0x800'408c     0x2  stm32f0xx_hal_tim.o [4]
  .text              ro code   0x800'408e     0x2  stm32f0xx_hal_tim_ex.o [4]
  .text              ro code   0x800'4090     0x2  stm32f0xx_hal_tim.o [4]
  .text              ro code   0x800'4092     0x2  stm32f0xx_hal_tim_ex.o [4]
  .text              ro code   0x800'4094     0xc  stm32f0xx_hal.o [4]
  .text              ro code   0x800'40a0   0x208  stm32f0xx_hal_dma.o [4]
  .text              ro code   0x800'42a8     0x2  stm32f0xx_hal_adc.o [4]
  .text              ro code   0x800'42aa     0x2  stm32f0xx_hal_adc.o [4]
  .text              ro code   0x800'42ac    0x4e  ABImemset.o [7]
  .text              ro code   0x800'42fa     0x2  startup_stm32f030x6.o [1]
  .text              ro code   0x800'42fc    0x34  ABImemcpy.o [7]
  .text              ro code   0x800'4330   0x1f4  stm32f0xx_it.o [2]
  .text              ro code   0x800'4524    0x18  stm32f0xx_hal.o [4]
  .text              ro code   0x800'453c    0x3c  zero_init3.o [7]
  .text              ro code   0x800'4578    0x30  copy_init3.o [7]
  .text              ro code   0x800'45a8    0x28  data_init.o [7]
  .iar.init_table    const     0x800'45d0    0x24  - Linker created -
  .text              ro code   0x800'45f4    0x1e  cmain.o [7]
  .text              ro code   0x800'4612     0x4  low_level_init.o [5]
  .text              ro code   0x800'4616     0x8  exit.o [5]
  .text              ro code   0x800'461e     0x2  startup_stm32f030x6.o [1]
  .text              ro code   0x800'4620     0xa  cexit.o [7]
  .text              ro code   0x800'462a     0x2  startup_stm32f030x6.o [1]
  .text              ro code   0x800'462c    0x14  exit.o [8]
  Initializer bytes  const     0x800'4640    0x20  <for P2-1>
  .text              ro code   0x800'4660     0x2  startup_stm32f030x6.o [1]
  .text              ro code   0x800'4664    0x1c  cstartup_M.o [7]
  .rodata            const     0x800'4680    0x10  stm32f0xx_hal_rcc.o [4]
  .rodata            const     0x800'4690    0x10  stm32f0xx_hal_rcc.o [4]
  .rodata            const     0x800'46a0    0x10  system_stm32f0xx.o [3]
  .text              ro code   0x800'46b0    0x10  startup_stm32f030x6.o [1]
  .text              ro code   0x800'46c0     0x2  startup_stm32f030x6.o [1]
  .text              ro code   0x800'46c2     0x2  startup_stm32f030x6.o [1]
  .text              ro code   0x800'46c4     0x2  startup_stm32f030x6.o [1]
  .text              ro code   0x800'46c6     0x2  startup_stm32f030x6.o [1]
  .text              ro code   0x800'46c8     0x2  startup_stm32f030x6.o [1]
  .text              ro code   0x800'46ca     0x2  startup_stm32f030x6.o [1]
  .text              ro code   0x800'46cc     0x2  startup_stm32f030x6.o [1]
  .text              ro code   0x800'46d0     0x2  system_stm32f0xx.o [3]
  .rodata            const     0x800'46d2     0x0  zero_init3.o [7]
  .rodata            const     0x800'46d2     0x0  copy_init3.o [7]
                             - 0x800'46d2  0x4622

"P2", part 1 of 3:                           0x20
  P2-1                        0x2000'0000    0x1d  <Init block>
    .data            inited   0x2000'0000     0x4  main.o [2]
    .data            inited   0x2000'0004     0x4  main.o [2]
    .data            inited   0x2000'0008     0x4  stm32f0xx_hal.o [4]
    .data            inited   0x2000'000c     0x4  system_stm32f0xx.o [3]
    .data            inited   0x2000'0010     0x2  main.o [2]
    .data            inited   0x2000'0012     0x2  main.o [2]
    .data            inited   0x2000'0014     0x2  main.o [2]
    .data            inited   0x2000'0016     0x2  main.o [2]
    .data            inited   0x2000'0018     0x2  main.o [2]
    .data            inited   0x2000'001a     0x2  main.o [2]
    .data            inited   0x2000'001c     0x1  stm32f0xx_hal.o [4]
                            - 0x2000'001d    0x1d

"P2", part 2 of 3:                          0x374
  .bss               zero     0x2000'0020    0x64  main.o [2]
  .bss               zero     0x2000'0084    0x4c  main.o [2]
  .bss               zero     0x2000'00d0    0x48  main.o [2]
  .bss               zero     0x2000'0118    0x48  main.o [2]
  .bss               zero     0x2000'0160    0x48  main.o [2]
  .bss               zero     0x2000'01a8    0x48  main.o [2]
  .bss               zero     0x2000'01f0    0x48  main.o [2]
  .bss               zero     0x2000'0238    0x44  main.o [2]
  .bss               zero     0x2000'027c    0x40  main.o [2]
  .bss               zero     0x2000'02bc    0x24  main.o [2]
  .bss               zero     0x2000'02e0    0x24  main.o [2]
  .bss               zero     0x2000'0304    0x24  main.o [2]
  .bss               zero     0x2000'0328    0x10  main.o [2]
  .bss               zero     0x2000'0338     0xc  main.o [2]
  .bss               zero     0x2000'0344     0xc  main.o [2]
  .bss               zero     0x2000'0350     0xc  main.o [2]
  .bss               zero     0x2000'035c     0xc  main.o [2]
  .bss               zero     0x2000'0368     0xc  main.o [2]
  .bss               zero     0x2000'0374     0xc  main.o [2]
  .bss               zero     0x2000'0380     0x4  main.o [2]
  .bss               zero     0x2000'0384     0x4  stm32f0xx_hal.o [4]
  .bss               zero     0x2000'0388     0x2  main.o [2]
  .bss               zero     0x2000'038a     0x2  main.o [2]
  .bss               zero     0x2000'038c     0x1  main.o [2]
  .bss               zero     0x2000'038d     0x1  main.o [2]
  .bss               zero     0x2000'038e     0x1  main.o [2]
  .bss               zero     0x2000'038f     0x1  main.o [2]
  .bss               zero     0x2000'0390     0x1  main.o [2]
                            - 0x2000'0391   0x371

"P2", part 3 of 3:                          0x400
  CSTACK                      0x2000'0398   0x400  <Block>
    CSTACK           uninit   0x2000'0398   0x400  <Block tail>
                            - 0x2000'0798   0x400

Unused ranges:

         From           To    Size
         ----           --    ----
   0x800'46d2   0x800'7fff  0x392e
  0x2000'0394  0x2000'0397     0x4
  0x2000'0798  0x2000'0fff   0x868


*******************************************************************************
*** INIT TABLE
***

          Address      Size
          -------      ----
Zero (__iar_zero_init3)
    1 destination range, total size 0x371:
          0x2000'0020  0x371

Copy (__iar_copy_init3)
    1 source range, total size 0x20 (110% of destination):
           0x800'4640   0x20
    1 destination range, total size 0x1d:
          0x2000'0000   0x1d



*******************************************************************************
*** MODULE SUMMARY
***

    Module                  ro code  ro data  rw data
    ------                  -------  -------  -------
command line/config:
    -------------------------------------------------
    Total:

E:\Storage_W\MEGA\Other\Amin\STM\PowerSupply_2\EWARM\PowerSupply_2\Obj\Application\EWARM: [1]
    startup_stm32f030x6.o       218
    -------------------------------------------------
    Total:                      218

E:\Storage_W\MEGA\Other\Amin\STM\PowerSupply_2\EWARM\PowerSupply_2\Obj\Application\User\Core: [2]
    main.o                    5'434       20      897
    stm32f0xx_hal_msp.o         884
    stm32f0xx_it.o              500
    -------------------------------------------------
    Total:                    6'818       20      897

E:\Storage_W\MEGA\Other\Amin\STM\PowerSupply_2\EWARM\PowerSupply_2\Obj\Drivers\CMSIS: [3]
    system_stm32f0xx.o            2       20        4
    -------------------------------------------------
    Total:                        2       20        4

E:\Storage_W\MEGA\Other\Amin\STM\PowerSupply_2\EWARM\PowerSupply_2\Obj\Drivers\STM32F0xx_HAL_Driver: [4]
    stm32f0xx_hal.o             148        5        9
    stm32f0xx_hal_adc.o       1'356
    stm32f0xx_hal_adc_ex.o      220
    stm32f0xx_hal_cortex.o      260
    stm32f0xx_hal_dma.o         520
    stm32f0xx_hal_gpio.o        580
    stm32f0xx_hal_i2c.o       1'856
    stm32f0xx_hal_i2c_ex.o      248
    stm32f0xx_hal_rcc.o       1'692       32
    stm32f0xx_hal_rcc_ex.o      304
    stm32f0xx_hal_tim.o       2'386
    stm32f0xx_hal_tim_ex.o      224
    -------------------------------------------------
    Total:                    9'794       37        9

dl6M_tln.a: [5]
    exit.o                        8
    low_level_init.o              4
    -------------------------------------------------
    Total:                       12

m6M_tl.a: [6]
    FltAddSub.o                 288
    FltMul.o                    176
    FltToS32.o                   58
    IxxToFlt.o                   32
    -------------------------------------------------
    Total:                      554

rt6M_tl.a: [7]
    ABImemcpy.o                  52
    ABImemset.o                  78
    I32DivModFast.o             224
    IntDivZer.o                   2
    cexit.o                      10
    cmain.o                      30
    copy_init3.o                 48
    cstartup_M.o                 28
    data_init.o                  40
    memset.o                     20
    zero_init3.o                 60
    -------------------------------------------------
    Total:                      592

shb_l.a: [8]
    exit.o                       20
    -------------------------------------------------
    Total:                       20

    Gaps                          4
    Linker created                        39    1'024
-----------------------------------------------------
    Grand Total:             18'014      116    1'934


*******************************************************************************
*** ENTRY LIST
***

Entry                       Address   Size  Type      Object
-----                       -------   ----  ----      ------
.iar.init_table$$Base    0x800'45d0          --   Gb  - Linker created -
.iar.init_table$$Limit   0x800'45f4          --   Gb  - Linker created -
?main                    0x800'45f5         Code  Gb  cmain.o [7]
ADC1_IRQHandler          0x800'46c1         Code  Wk  startup_stm32f030x6.o [1]
ADC_DMAConvCplt          0x800'25ad   0x7a  Code  Lc  stm32f0xx_hal_adc.o [4]
ADC_DMAError             0x800'263f   0x1e  Code  Lc  stm32f0xx_hal_adc.o [4]
ADC_DMAHalfConvCplt      0x800'2631    0xe  Code  Lc  stm32f0xx_hal_adc.o [4]
ADC_Enable               0x800'24e9   0xb2  Code  Lc  stm32f0xx_hal_adc.o [4]
AData                   0x2000'0338    0xc  Data  Gb  main.o [2]
AHBPrescTable            0x800'46a0   0x10  Data  Gb  system_stm32f0xx.o [3]
ArrNumFIFO              0x2000'0000    0x4  Data  Gb  main.o [2]
CSTACK$$Base            0x2000'0398          --   Gb  - Linker created -
CSTACK$$Limit           0x2000'0798          --   Gb  - Linker created -
Curr                    0x2000'02e0   0x24  Data  Gb  main.o [2]
DMA1_Channel1_IRQHandler
                         0x800'44c7    0xa  Code  Gb  stm32f0xx_it.o [2]
DMA1_Channel2_3_IRQHandler
                         0x800'462b         Code  Wk  startup_stm32f030x6.o [1]
DMA1_Channel4_5_IRQHandler
                         0x800'4661         Code  Wk  startup_stm32f030x6.o [1]
DMA_CalcBaseAndBitshift
                         0x800'4285   0x1a  Code  Lc  stm32f0xx_hal_dma.o [4]
DMA_SetConfig            0x800'425b   0x2a  Code  Lc  stm32f0xx_hal_dma.o [4]
Delay                    0x800'0673   0x14  Code  Gb  main.o [2]
Disp3s                  0x2000'0014    0x2  Data  Gb  main.o [2]
EXIS1PrePrs             0x2000'0344    0xc  Data  Gb  main.o [2]
EXIS2PrePrs             0x2000'0350    0xc  Data  Gb  main.o [2]
EXTI0_1_IRQHandler       0x800'44a7    0xa  Code  Gb  stm32f0xx_it.o [2]
EXTI2_3_IRQHandler       0x800'44b1    0xa  Code  Gb  stm32f0xx_it.o [2]
EXTI4_15_IRQHandler      0x800'44bb    0xc  Code  Gb  stm32f0xx_it.o [2]
Error_Handler            0x800'15e5    0x6  Code  Gb  main.o [2]
FLASH_IRQHandler         0x800'42fb         Code  Wk  startup_stm32f030x6.o [1]
HAL_ADCEx_Calibration_Start
                         0x800'2039   0xdc  Code  Gb  stm32f0xx_hal_adc_ex.o [4]
HAL_ADC_ConfigChannel    0x800'2391  0x158  Code  Gb  stm32f0xx_hal_adc.o [4]
HAL_ADC_ConvCpltCallback
                         0x800'1419   0xb4  Code  Gb  main.o [2]
HAL_ADC_ConvHalfCpltCallback
                         0x800'42a9    0x2  Code  Wk  stm32f0xx_hal_adc.o [4]
HAL_ADC_ErrorCallback    0x800'42ab    0x2  Code  Wk  stm32f0xx_hal_adc.o [4]
HAL_ADC_Init             0x800'2115  0x1ae  Code  Gb  stm32f0xx_hal_adc.o [4]
HAL_ADC_MspInit          0x800'377d   0x88  Code  Gb  stm32f0xx_hal_msp.o [2]
HAL_ADC_Start_DMA        0x800'22d1   0xae  Code  Gb  stm32f0xx_hal_adc.o [4]
HAL_DMA_IRQHandler       0x800'4185   0xd6  Code  Gb  stm32f0xx_hal_dma.o [4]
HAL_DMA_Init             0x800'40a1   0x54  Code  Gb  stm32f0xx_hal_dma.o [4]
HAL_DMA_Start_IT         0x800'40f9   0x8c  Code  Gb  stm32f0xx_hal_dma.o [4]
HAL_GPIO_EXTI_Callback   0x800'14d5   0xd0  Code  Gb  main.o [2]
HAL_GPIO_EXTI_IRQHandler
                         0x800'3dc3   0x22  Code  Gb  stm32f0xx_hal_gpio.o [4]
HAL_GPIO_Init            0x800'3bc9  0x1c6  Code  Gb  stm32f0xx_hal_gpio.o [4]
HAL_GPIO_ReadPin         0x800'3d8f   0x1a  Code  Gb  stm32f0xx_hal_gpio.o [4]
HAL_GPIO_WritePin        0x800'3da9   0x1a  Code  Gb  stm32f0xx_hal_gpio.o [4]
HAL_GetTick              0x800'4095    0xc  Code  Wk  stm32f0xx_hal.o [4]
HAL_I2CEx_ConfigAnalogFilter
                         0x800'357d   0x66  Code  Gb  stm32f0xx_hal_i2c_ex.o [4]
HAL_I2CEx_ConfigDigitalFilter
                         0x800'35e3   0x60  Code  Gb  stm32f0xx_hal_i2c_ex.o [4]
HAL_I2CEx_EnableFastModePlus
                         0x800'3643   0x20  Code  Gb  stm32f0xx_hal_i2c_ex.o [4]
HAL_I2C_Init             0x800'2e3d   0xc6  Code  Gb  stm32f0xx_hal_i2c.o [4]
HAL_I2C_Mem_Read         0x800'30b5  0x1a8  Code  Gb  stm32f0xx_hal_i2c.o [4]
HAL_I2C_Mem_Write        0x800'2f11  0x1a4  Code  Gb  stm32f0xx_hal_i2c.o [4]
HAL_I2C_MspInit          0x800'3805   0x60  Code  Gb  stm32f0xx_hal_msp.o [2]
HAL_IncTick              0x800'4525   0x18  Code  Wk  stm32f0xx_hal.o [4]
HAL_Init                 0x800'15ed   0x1a  Code  Gb  stm32f0xx_hal.o [4]
HAL_InitTick             0x800'4039   0x50  Code  Wk  stm32f0xx_hal.o [4]
HAL_MspInit              0x800'3751   0x2c  Code  Gb  stm32f0xx_hal_msp.o [2]
HAL_NVIC_EnableIRQ       0x800'3b97    0xe  Code  Gb  stm32f0xx_hal_cortex.o [4]
HAL_NVIC_SetPriority     0x800'3b83   0x14  Code  Gb  stm32f0xx_hal_cortex.o [4]
HAL_RCCEx_PeriphCLKConfig
                         0x800'2d0d  0x110  Code  Gb  stm32f0xx_hal_rcc_ex.o [4]
HAL_RCC_ClockConfig      0x800'2b31  0x128  Code  Gb  stm32f0xx_hal_rcc.o [4]
HAL_RCC_GetSysClockFreq
                         0x800'2c6d   0x72  Code  Gb  stm32f0xx_hal_rcc.o [4]
HAL_RCC_OscConfig        0x800'2671  0x4ac  Code  Gb  stm32f0xx_hal_rcc.o [4]
HAL_SYSTICK_Config       0x800'3ba5    0xc  Code  Gb  stm32f0xx_hal_cortex.o [4]
HAL_TIMEx_BreakCallback
                         0x800'408f    0x2  Code  Wk  stm32f0xx_hal_tim_ex.o [4]
HAL_TIMEx_CommutCallback
                         0x800'4093    0x2  Code  Wk  stm32f0xx_hal_tim_ex.o [4]
HAL_TIMEx_ConfigBreakDeadTime
                         0x800'36d1   0x5e  Code  Gb  stm32f0xx_hal_tim_ex.o [4]
HAL_TIMEx_MasterConfigSynchronization
                         0x800'3675   0x5c  Code  Gb  stm32f0xx_hal_tim_ex.o [4]
HAL_TIM_Base_Init        0x800'16ed   0x5c  Code  Gb  stm32f0xx_hal_tim.o [4]
HAL_TIM_Base_MspInit     0x800'3955   0x6e  Code  Gb  stm32f0xx_hal_msp.o [2]
HAL_TIM_Base_Start_IT    0x800'177b   0x5a  Code  Gb  stm32f0xx_hal_tim.o [4]
HAL_TIM_Base_Stop        0x800'1749   0x32  Code  Gb  stm32f0xx_hal_tim.o [4]
HAL_TIM_Encoder_Init     0x800'1929   0xc4  Code  Gb  stm32f0xx_hal_tim.o [4]
HAL_TIM_Encoder_MspInit
                         0x800'3865   0x7c  Code  Gb  stm32f0xx_hal_msp.o [2]
HAL_TIM_Encoder_Start_IT
                         0x800'19fd  0x12e  Code  Gb  stm32f0xx_hal_tim.o [4]
HAL_TIM_IC_CaptureCallback
                         0x800'132d   0xcc  Code  Gb  main.o [2]
HAL_TIM_IRQHandler       0x800'1b2b  0x1ac  Code  Gb  stm32f0xx_hal_tim.o [4]
HAL_TIM_MspPostInit      0x800'39d5   0xc2  Code  Gb  stm32f0xx_hal_msp.o [2]
HAL_TIM_OC_DelayElapsedCallback
                         0x800'408b    0x2  Code  Wk  stm32f0xx_hal_tim.o [4]
HAL_TIM_PWM_ConfigChannel
                         0x800'1cd7   0xfc  Code  Gb  stm32f0xx_hal_tim.o [4]
HAL_TIM_PWM_Init         0x800'17e5   0x5c  Code  Gb  stm32f0xx_hal_tim.o [4]
HAL_TIM_PWM_MspInit      0x800'38e1   0x6e  Code  Gb  stm32f0xx_hal_msp.o [2]
HAL_TIM_PWM_PulseFinishedCallback
                         0x800'408d    0x2  Code  Wk  stm32f0xx_hal_tim.o [4]
HAL_TIM_PWM_Start        0x800'1841   0xd8  Code  Gb  stm32f0xx_hal_tim.o [4]
HAL_TIM_PeriodElapsedCallback
                         0x800'09bd  0x95c  Code  Gb  main.o [2]
HAL_TIM_TriggerCallback
                         0x800'4091    0x2  Code  Wk  stm32f0xx_hal_tim.o [4]
HardFault_Handler        0x800'4335    0x4  Code  Gb  stm32f0xx_it.o [2]
HighByte                0x2000'038e    0x1  Data  Gb  main.o [2]
I2C1_IRQHandler          0x800'46c9         Code  Wk  startup_stm32f030x6.o [1]
I2C_Flush_TXDR           0x800'3379   0x28  Code  Lc  stm32f0xx_hal_i2c.o [4]
I2C_IsAcknowledgeFailed
                         0x800'34a3   0xa0  Code  Lc  stm32f0xx_hal_i2c.o [4]
I2C_RequestMemoryRead    0x800'32ef   0x84  Code  Lc  stm32f0xx_hal_i2c.o [4]
I2C_RequestMemoryWrite   0x800'3269   0x86  Code  Lc  stm32f0xx_hal_i2c.o [4]
I2C_TransferConfig       0x800'3543   0x2e  Code  Lc  stm32f0xx_hal_i2c.o [4]
I2C_WaitOnFlagUntilTimeout
                         0x800'33a1   0x58  Code  Lc  stm32f0xx_hal_i2c.o [4]
I2C_WaitOnSTOPFlagUntilTimeout
                         0x800'3451   0x52  Code  Lc  stm32f0xx_hal_i2c.o [4]
I2C_WaitOnTXISFlagUntilTimeout
                         0x800'33f9   0x58  Code  Lc  stm32f0xx_hal_i2c.o [4]
LED_Data                0x2000'0020   0x64  Data  Gb  main.o [2]
LowByte                 0x2000'038d    0x1  Data  Gb  main.o [2]
MX_ADC_Init              0x800'01d7   0x98  Code  Lc  main.o [2]
MX_DMA_Init              0x800'055f   0x26  Code  Lc  main.o [2]
MX_GPIO_Init             0x800'0599   0xda  Code  Lc  main.o [2]
MX_I2C1_Init             0x800'026f   0x4e  Code  Lc  main.o [2]
MX_TIM14_Init            0x800'03e5   0x24  Code  Lc  main.o [2]
MX_TIM16_Init            0x800'0425   0x9a  Code  Lc  main.o [2]
MX_TIM17_Init            0x800'04c5   0x9a  Code  Lc  main.o [2]
MX_TIM1_Init             0x800'02bd   0x6e  Code  Lc  main.o [2]
MX_TIM3_Init             0x800'032b   0xa6  Code  Lc  main.o [2]
MaxArrNumFIFO           0x2000'0004    0x4  Data  Gb  main.o [2]
MaxEncSpeed             0x2000'0018    0x2  Data  Gb  main.o [2]
MaxSamEncTime           0x2000'0016    0x2  Data  Gb  main.o [2]
MinEncSpeed             0x2000'001a    0x2  Data  Gb  main.o [2]
Mon2Seg                  0x800'0929   0x86  Code  Gb  main.o [2]
Mon4Seg                  0x800'07c5  0x15c  Code  Gb  main.o [2]
NMI_Handler              0x800'4331    0x4  Code  Gb  stm32f0xx_it.o [2]
PendSV_Handler           0x800'433b    0x2  Code  Gb  stm32f0xx_it.o [2]
RCC_IRQHandler           0x800'461f         Code  Wk  startup_stm32f030x6.o [1]
RTC_IRQHandler           0x800'4037         Code  Wk  startup_stm32f030x6.o [1]
Region$$Table$$Base      0x800'45d0          --   Gb  - Linker created -
Region$$Table$$Limit     0x800'45f4          --   Gb  - Linker created -
Reset_Handler            0x800'46b1         Code  Wk  startup_stm32f030x6.o [1]
SPI1_IRQHandler          0x800'46cb         Code  Wk  startup_stm32f030x6.o [1]
SVC_Handler              0x800'4339    0x2  Code  Gb  stm32f0xx_it.o [2]
SevSegm                  0x800'069d  0x11c  Code  Gb  main.o [2]
SevSegm::Buf            0x2000'0328   0x10  Data  Lc  main.o [2]
SumFIFO                 0x2000'0374    0xc  Data  Gb  main.o [2]
SysTick_Config           0x800'3b51   0x32  Code  Lc  stm32f0xx_hal_cortex.o [4]
SysTick_Handler          0x800'433d  0x16a  Code  Gb  stm32f0xx_it.o [2]
SystemClock_Config       0x800'0153   0x84  Code  Gb  main.o [2]
SystemCoreClock         0x2000'000c    0x4  Data  Gb  system_stm32f0xx.o [3]
SystemInit               0x800'46d1    0x2  Code  Gb  system_stm32f0xx.o [3]
TIM14_IRQHandler         0x800'44e5    0xa  Code  Gb  stm32f0xx_it.o [2]
TIM16_IRQHandler         0x800'46c5         Code  Wk  startup_stm32f030x6.o [1]
TIM17_IRQHandler         0x800'46c7         Code  Wk  startup_stm32f030x6.o [1]
TIM1_BRK_UP_TRG_COM_IRQHandler
                         0x800'46c3         Code  Wk  startup_stm32f030x6.o [1]
TIM1_CC_IRQHandler       0x800'44d1    0xa  Code  Gb  stm32f0xx_it.o [2]
TIM3_IRQHandler          0x800'44db    0xa  Code  Gb  stm32f0xx_it.o [2]
TIM_Base_SetConfig       0x800'1dd9   0x6a  Code  Gb  stm32f0xx_hal_tim.o [4]
TIM_CCxChannelCmd        0x800'2015   0x24  Code  Gb  stm32f0xx_hal_tim.o [4]
TIM_OC1_SetConfig        0x800'1e43   0x70  Code  Lc  stm32f0xx_hal_tim.o [4]
TIM_OC2_SetConfig        0x800'1eb3   0x6e  Code  Gb  stm32f0xx_hal_tim.o [4]
TIM_OC3_SetConfig        0x800'1f21   0x6a  Code  Lc  stm32f0xx_hal_tim.o [4]
TIM_OC4_SetConfig        0x800'1f8b   0x50  Code  Lc  stm32f0xx_hal_tim.o [4]
USART1_IRQHandler        0x800'46cd         Code  Wk  startup_stm32f030x6.o [1]
USBCurr                 0x2000'0304   0x24  Data  Gb  main.o [2]
Volt                    0x2000'02bc   0x24  Data  Gb  main.o [2]
WWDG_IRQHandler          0x800'15eb         Code  Wk  startup_stm32f030x6.o [1]
__ICFEDIT_region_RAM_end__ {Abs}
                        0x2000'0fff         Data  Gb  <internal module>
__ICFEDIT_region_RAM_start__ {Abs}
                        0x2000'0000         Data  Gb  <internal module>
__NVIC_EnableIRQ         0x800'3ac5   0x18  Code  Lc  stm32f0xx_hal_cortex.o [4]
__NVIC_SetPriority       0x800'3add   0x74  Code  Lc  stm32f0xx_hal_cortex.o [4]
__aeabi_f2iz             0x800'3ffd         Code  Gb  FltToS32.o [6]
__aeabi_fadd             0x800'3edd         Code  Gb  FltAddSub.o [6]
__aeabi_fmul             0x800'3e2d         Code  Gb  FltMul.o [6]
__aeabi_fsub             0x800'3f4d         Code  Gb  FltAddSub.o [6]
__aeabi_idiv             0x800'1639         Code  Gb  I32DivModFast.o [7]
__aeabi_idiv0            0x800'4089         Code  Gb  IntDivZer.o [7]
__aeabi_idivmod          0x800'1639         Code  Gb  I32DivModFast.o [7]
__aeabi_memcpy4          0x800'42fd         Code  Gb  ABImemcpy.o [7]
__aeabi_memcpy8          0x800'42fd         Code  Gb  ABImemcpy.o [7]
__aeabi_memset           0x800'42ad         Code  Gb  ABImemset.o [7]
__aeabi_ui2f             0x800'3e0d         Code  Gb  IxxToFlt.o [6]
__aeabi_uidiv            0x800'163f         Code  Gb  I32DivModFast.o [7]
__aeabi_uidivmod         0x800'163f         Code  Gb  I32DivModFast.o [7]
__cmain                  0x800'45f5         Code  Gb  cmain.o [7]
__exit                   0x800'462d   0x14  Code  Gb  exit.o [8]
__iar_Memset4_word       0x800'42cd         Code  Gb  ABImemset.o [7]
__iar_Memset_word        0x800'42b9         Code  Gb  ABImemset.o [7]
__iar_copy_init3         0x800'4579   0x30  Code  Gb  copy_init3.o [7]
__iar_data_init3         0x800'45a9   0x28  Code  Gb  data_init.o [7]
__iar_program_start      0x800'4665         Code  Gb  cstartup_M.o [7]
__iar_zero_init3         0x800'453d   0x3c  Code  Gb  zero_init3.o [7]
__low_level_init         0x800'4613    0x4  Code  Gb  low_level_init.o [5]
__vector_table           0x800'0000         Data  Gb  startup_stm32f030x6.o [1]
_call_main               0x800'4601         Code  Gb  cmain.o [7]
_exit                    0x800'4621         Code  Gb  cexit.o [7]
cH                      0x2000'0390    0x1  Data  Gb  main.o [2]
cL                      0x2000'038f    0x1  Data  Gb  main.o [2]
exit                     0x800'4617    0x8  Code  Gb  exit.o [5]
hadc                    0x2000'027c   0x40  Data  Gb  main.o [2]
hdma_adc                0x2000'0238   0x44  Data  Gb  main.o [2]
hi2c1                   0x2000'0084   0x4c  Data  Gb  main.o [2]
htim1                   0x2000'00d0   0x48  Data  Gb  main.o [2]
htim14                  0x2000'0160   0x48  Data  Gb  main.o [2]
htim16                  0x2000'01a8   0x48  Data  Gb  main.o [2]
htim17                  0x2000'01f0   0x48  Data  Gb  main.o [2]
htim3                   0x2000'0118   0x48  Data  Gb  main.o [2]
iClkEXI                 0x2000'0012    0x2  Data  Gb  main.o [2]
iEXIS1Prs               0x2000'035c    0xc  Data  Gb  main.o [2]
iFilADC                 0x2000'0380    0x4  Data  Gb  main.o [2]
iKepEXI                 0x2000'0010    0x2  Data  Gb  main.o [2]
iLED                    0x2000'0388    0x2  Data  Gb  main.o [2]
iPrsEXIS2               0x2000'0368    0xc  Data  Gb  main.o [2]
iSelEXI                 0x2000'038c    0x1  Data  Gb  main.o [2]
indx                    0x2000'038a    0x2  Data  Gb  main.o [2]
main                     0x800'00b1   0xa2  Code  Gb  main.o [2]
memset                   0x800'265d   0x14  Code  Gb  memset.o [7]
uwTick                  0x2000'0384    0x4  Data  Gb  stm32f0xx_hal.o [4]
uwTickFreq              0x2000'001c    0x1  Data  Gb  stm32f0xx_hal.o [4]
uwTickPrio              0x2000'0008    0x4  Data  Gb  stm32f0xx_hal.o [4]


[1] = E:\Storage_W\MEGA\Other\Amin\STM\PowerSupply_2\EWARM\PowerSupply_2\Obj\Application\EWARM
[2] = E:\Storage_W\MEGA\Other\Amin\STM\PowerSupply_2\EWARM\PowerSupply_2\Obj\Application\User\Core
[3] = E:\Storage_W\MEGA\Other\Amin\STM\PowerSupply_2\EWARM\PowerSupply_2\Obj\Drivers\CMSIS
[4] = E:\Storage_W\MEGA\Other\Amin\STM\PowerSupply_2\EWARM\PowerSupply_2\Obj\Drivers\STM32F0xx_HAL_Driver
[5] = dl6M_tln.a
[6] = m6M_tl.a
[7] = rt6M_tl.a
[8] = shb_l.a

  18'014 bytes of readonly  code memory
     116 bytes of readonly  data memory
   1'934 bytes of readwrite data memory

Errors: none
Warnings: none
