###############################################################################
#
# IAR ELF Linker V9.30.1.335/W64 for ARM                  25/Dec/2022  09:55:54
# Copyright 2007-2022 IAR Systems AB.
#
#    Output file  =
#        E:\Storage_W\MEGA\Other\Amin\STM\PowerSupply_2\EWARM\PowerSupply_2\Exe\PowerSupply_2.out
#    Map file     =
#        E:\Storage_W\MEGA\Other\Amin\STM\PowerSupply_2\EWARM\PowerSupply_2\List\PowerSupply_2.map
#    Command line =
#        -f
#        E:\Storage_W\MEGA\Other\Amin\STM\PowerSupply_2\EWARM\PowerSupply_2\Exe\PowerSupply_2.out.rsp
#        (E:\Storage_W\MEGA\Other\Amin\STM\PowerSupply_2\EWARM\PowerSupply_2\Obj\Application\User\Core\main.o
#        E:\Storage_W\MEGA\Other\Amin\STM\PowerSupply_2\EWARM\PowerSupply_2\Obj\Application\User\Core\PID.o
#        E:\Storage_W\MEGA\Other\Amin\STM\PowerSupply_2\EWARM\PowerSupply_2\Obj\Application\EWARM\startup_stm32f030x6.o
#        E:\Storage_W\MEGA\Other\Amin\STM\PowerSupply_2\EWARM\PowerSupply_2\Obj\Drivers\STM32F0xx_HAL_Driver\stm32f0xx_hal.o
#        E:\Storage_W\MEGA\Other\Amin\STM\PowerSupply_2\EWARM\PowerSupply_2\Obj\Drivers\STM32F0xx_HAL_Driver\stm32f0xx_hal_adc.o
#        E:\Storage_W\MEGA\Other\Amin\STM\PowerSupply_2\EWARM\PowerSupply_2\Obj\Drivers\STM32F0xx_HAL_Driver\stm32f0xx_hal_adc_ex.o
#        E:\Storage_W\MEGA\Other\Amin\STM\PowerSupply_2\EWARM\PowerSupply_2\Obj\Drivers\STM32F0xx_HAL_Driver\stm32f0xx_hal_cortex.o
#        E:\Storage_W\MEGA\Other\Amin\STM\PowerSupply_2\EWARM\PowerSupply_2\Obj\Drivers\STM32F0xx_HAL_Driver\stm32f0xx_hal_dma.o
#        E:\Storage_W\MEGA\Other\Amin\STM\PowerSupply_2\EWARM\PowerSupply_2\Obj\Drivers\STM32F0xx_HAL_Driver\stm32f0xx_hal_exti.o
#        E:\Storage_W\MEGA\Other\Amin\STM\PowerSupply_2\EWARM\PowerSupply_2\Obj\Drivers\STM32F0xx_HAL_Driver\stm32f0xx_hal_flash.o
#        E:\Storage_W\MEGA\Other\Amin\STM\PowerSupply_2\EWARM\PowerSupply_2\Obj\Drivers\STM32F0xx_HAL_Driver\stm32f0xx_hal_flash_ex.o
#        E:\Storage_W\MEGA\Other\Amin\STM\PowerSupply_2\EWARM\PowerSupply_2\Obj\Drivers\STM32F0xx_HAL_Driver\stm32f0xx_hal_gpio.o
#        E:\Storage_W\MEGA\Other\Amin\STM\PowerSupply_2\EWARM\PowerSupply_2\Obj\Drivers\STM32F0xx_HAL_Driver\stm32f0xx_hal_i2c.o
#        E:\Storage_W\MEGA\Other\Amin\STM\PowerSupply_2\EWARM\PowerSupply_2\Obj\Drivers\STM32F0xx_HAL_Driver\stm32f0xx_hal_i2c_ex.o
#        E:\Storage_W\MEGA\Other\Amin\STM\PowerSupply_2\EWARM\PowerSupply_2\Obj\Application\User\Core\stm32f0xx_hal_msp.o
#        E:\Storage_W\MEGA\Other\Amin\STM\PowerSupply_2\EWARM\PowerSupply_2\Obj\Drivers\STM32F0xx_HAL_Driver\stm32f0xx_hal_pwr.o
#        E:\Storage_W\MEGA\Other\Amin\STM\PowerSupply_2\EWARM\PowerSupply_2\Obj\Drivers\STM32F0xx_HAL_Driver\stm32f0xx_hal_pwr_ex.o
#        E:\Storage_W\MEGA\Other\Amin\STM\PowerSupply_2\EWARM\PowerSupply_2\Obj\Drivers\STM32F0xx_HAL_Driver\stm32f0xx_hal_rcc.o
#        E:\Storage_W\MEGA\Other\Amin\STM\PowerSupply_2\EWARM\PowerSupply_2\Obj\Drivers\STM32F0xx_HAL_Driver\stm32f0xx_hal_rcc_ex.o
#        E:\Storage_W\MEGA\Other\Amin\STM\PowerSupply_2\EWARM\PowerSupply_2\Obj\Drivers\STM32F0xx_HAL_Driver\stm32f0xx_hal_tim.o
#        E:\Storage_W\MEGA\Other\Amin\STM\PowerSupply_2\EWARM\PowerSupply_2\Obj\Drivers\STM32F0xx_HAL_Driver\stm32f0xx_hal_tim_ex.o
#        E:\Storage_W\MEGA\Other\Amin\STM\PowerSupply_2\EWARM\PowerSupply_2\Obj\Application\User\Core\stm32f0xx_it.o
#        E:\Storage_W\MEGA\Other\Amin\STM\PowerSupply_2\EWARM\PowerSupply_2\Obj\Drivers\CMSIS\system_stm32f0xx.o
#        --no_out_extension -o
#        E:\Storage_W\MEGA\Other\Amin\STM\PowerSupply_2\EWARM\PowerSupply_2\Exe\PowerSupply_2.out
#        --redirect _Printf=_PrintfFullNoMb --redirect _Scanf=_ScanfFullNoMb
#        --map
#        E:\Storage_W\MEGA\Other\Amin\STM\PowerSupply_2\EWARM\PowerSupply_2\List\PowerSupply_2.map
#        --config
#        E:\Storage_W\MEGA\Other\Amin\STM\PowerSupply_2\EWARM/stm32f030x6_flash.icf
#        --semihosting --entry __iar_program_start --no_vfe --text_out locale
#        --cpu=Cortex-M0 --fpu=None)
#
###############################################################################

*******************************************************************************
*** RUNTIME MODEL ATTRIBUTES
***

CppFlavor       = *
__CPP_Runtime   = 1
__SystemLibrary = DLib
__dlib_version  = 6


*******************************************************************************
*** HEAP SELECTION
***

The basic heap was selected because --advanced_heap
was not specified and the application did not appear to
be primarily optimized for speed.


*******************************************************************************
*** PLACEMENT SUMMARY
***

"A0":  place at address 0x800'0000 { ro section .intvec };
"P1":  place in [from 0x800'0000 to 0x800'7fff] { ro };
define block CSTACK with size = 1K, alignment = 8 { };
define block HEAP with size = 512, alignment = 8 { };
"P2":  place in [from 0x2000'0000 to 0x2000'0fff] {
          rw, block CSTACK, block HEAP };
initialize by copy { rw };

  Section            Kind         Address    Size  Object
  -------            ----         -------    ----  ------
"A0":                                        0xb0
  .intvec            ro code   0x800'0000    0xb0  startup_stm32f030x6.o [1]
                             - 0x800'00b0    0xb0

"P1":                                      0x4e06
  .text              ro code   0x800'00b0  0x187e  main.o [2]
  .text              ro code   0x800'192e     0x2  startup_stm32f030x6.o [1]
  .text              ro code   0x800'1930    0x20  stm32f0xx_hal.o [4]
  .text              ro code   0x800'1950    0x36  IxxToFlt.o [6]
  .text              ro code   0x800'1986    0xe0  I32DivModFast.o [7]
  .text              ro code   0x800'1a66     0x2  startup_stm32f030x6.o [1]
  .text              ro code   0x800'1a68   0x94c  stm32f0xx_hal_tim.o [4]
  .text              ro code   0x800'23b4    0xdc  stm32f0xx_hal_adc_ex.o [4]
  .text              ro code   0x800'2490   0x548  stm32f0xx_hal_adc.o [4]
  .text              ro code   0x800'29d8   0x10c  PID.o [2]
  .text              ro code   0x800'2ae4    0x14  memset.o [7]
  .text              ro code   0x800'2af8   0x69c  stm32f0xx_hal_rcc.o [4]
  .text              ro code   0x800'3194   0x130  stm32f0xx_hal_rcc_ex.o [4]
  .text              ro code   0x800'32c4   0x740  stm32f0xx_hal_i2c.o [4]
  .text              ro code   0x800'3a04    0xf8  stm32f0xx_hal_i2c_ex.o [4]
  .text              ro code   0x800'3afc    0xdc  stm32f0xx_hal_tim_ex.o [4]
  .text              ro code   0x800'3bd8   0x374  stm32f0xx_hal_msp.o [2]
  .text              ro code   0x800'3f4c   0x104  stm32f0xx_hal_cortex.o [4]
  .text              ro code   0x800'4050   0x244  stm32f0xx_hal_gpio.o [4]
  .text              ro code   0x800'4294    0x20  IxxToDbl.o [6]
  .text              ro code   0x800'42b4   0x184  DblMul.o [6]
  .text              ro code   0x800'4438    0x32  DblCmpLe.o [6]
  .text              ro code   0x800'446a     0x2  startup_stm32f030x6.o [1]
  .text              ro code   0x800'446c    0x3a  FltToS32.o [6]
  .text              ro code   0x800'44a6     0x2  startup_stm32f030x6.o [1]
  .text              ro code   0x800'44a8    0x26  FltCmpLe.o [6]
  .text              ro code   0x800'44ce    0xb0  FltMul.o [6]
  .text              ro code   0x800'457e   0x120  FltAddSub.o [6]
  .text              ro code   0x800'469e     0x2  startup_stm32f030x6.o [1]
  .text              ro code   0x800'46a0    0x50  stm32f0xx_hal.o [4]
  .text              ro code   0x800'46f0     0x2  IntDivZer.o [7]
  .text              ro code   0x800'46f2     0x2  stm32f0xx_hal_tim.o [4]
  .text              ro code   0x800'46f4     0x2  stm32f0xx_hal_tim.o [4]
  .text              ro code   0x800'46f6     0x2  stm32f0xx_hal_tim_ex.o [4]
  .text              ro code   0x800'46f8     0x2  stm32f0xx_hal_tim.o [4]
  .text              ro code   0x800'46fa     0x2  stm32f0xx_hal_tim_ex.o [4]
  .text              ro code   0x800'46fc     0xc  stm32f0xx_hal.o [4]
  .text              ro code   0x800'4708   0x208  stm32f0xx_hal_dma.o [4]
  .text              ro code   0x800'4910     0x2  stm32f0xx_hal_adc.o [4]
  .text              ro code   0x800'4912     0x2  stm32f0xx_hal_adc.o [4]
  .text              ro code   0x800'4914    0xa4  FltDiv.o [6]
  .text              ro code   0x800'49b8    0x4e  ABImemset.o [7]
  .text              ro code   0x800'4a06     0x2  startup_stm32f030x6.o [1]
  .text              ro code   0x800'4a08    0x34  ABImemcpy.o [7]
  .text              ro code   0x800'4a3c   0x2b8  stm32f0xx_it.o [2]
  .text              ro code   0x800'4cf4    0x18  stm32f0xx_hal.o [4]
  .text              ro code   0x800'4d0c    0x3c  zero_init3.o [7]
  Initializer bytes  const     0x800'4d48    0x3c  <for P2-1>
  .text              ro code   0x800'4d84    0x30  copy_init3.o [7]
  .text              ro code   0x800'4db4    0x28  data_init.o [7]
  .iar.init_table    const     0x800'4ddc    0x24  - Linker created -
  .text              ro code   0x800'4e00    0x1e  cmain.o [7]
  .text              ro code   0x800'4e1e     0x4  low_level_init.o [5]
  .text              ro code   0x800'4e22     0x8  exit.o [5]
  .text              ro code   0x800'4e2a     0x2  startup_stm32f030x6.o [1]
  .text              ro code   0x800'4e2c     0xa  cexit.o [7]
  .text              ro code   0x800'4e36     0x2  startup_stm32f030x6.o [1]
  .text              ro code   0x800'4e38    0x14  exit.o [8]
  .text              ro code   0x800'4e4c    0x1c  cstartup_M.o [7]
  .rodata            const     0x800'4e68    0x10  stm32f0xx_hal_rcc.o [4]
  .rodata            const     0x800'4e78    0x10  stm32f0xx_hal_rcc.o [4]
  .rodata            const     0x800'4e88    0x10  system_stm32f0xx.o [3]
  .text              ro code   0x800'4e98    0x10  startup_stm32f030x6.o [1]
  .text              ro code   0x800'4ea8     0x2  startup_stm32f030x6.o [1]
  .text              ro code   0x800'4eaa     0x2  startup_stm32f030x6.o [1]
  .text              ro code   0x800'4eac     0x2  startup_stm32f030x6.o [1]
  .text              ro code   0x800'4eae     0x2  startup_stm32f030x6.o [1]
  .text              ro code   0x800'4eb0     0x2  startup_stm32f030x6.o [1]
  .text              ro code   0x800'4eb4     0x2  system_stm32f0xx.o [3]
  .rodata            const     0x800'4eb6     0x0  zero_init3.o [7]
  .rodata            const     0x800'4eb6     0x0  copy_init3.o [7]
                             - 0x800'4eb6  0x4e06

"P2", part 1 of 3:                           0x3c
  P2-1                        0x2000'0000    0x3c  <Init block>
    .data            inited   0x2000'0000     0x4  main.o [2]
    .data            inited   0x2000'0004     0x4  main.o [2]
    .data            inited   0x2000'0008     0x4  main.o [2]
    .data            inited   0x2000'000c     0x4  main.o [2]
    .data            inited   0x2000'0010     0x4  main.o [2]
    .data            inited   0x2000'0014     0x4  main.o [2]
    .data            inited   0x2000'0018     0x4  main.o [2]
    .data            inited   0x2000'001c     0x4  main.o [2]
    .data            inited   0x2000'0020     0x4  main.o [2]
    .data            inited   0x2000'0024     0x4  stm32f0xx_hal.o [4]
    .data            inited   0x2000'0028     0x4  system_stm32f0xx.o [3]
    .data            inited   0x2000'002c     0x2  main.o [2]
    .data            inited   0x2000'002e     0x2  main.o [2]
    .data            inited   0x2000'0030     0x2  main.o [2]
    .data            inited   0x2000'0032     0x2  main.o [2]
    .data            inited   0x2000'0034     0x2  main.o [2]
    .data            inited   0x2000'0036     0x2  main.o [2]
    .data            inited   0x2000'0038     0x2  main.o [2]
    .data            inited   0x2000'003a     0x1  main.o [2]
    .data            inited   0x2000'003b     0x1  stm32f0xx_hal.o [4]
                            - 0x2000'003c    0x3c

"P2", part 2 of 3:                          0xb14
  .bss               zero     0x2000'003c   0x708  main.o [2]
  .bss               zero     0x2000'0744    0x78  main.o [2]
  .bss               zero     0x2000'07bc    0x78  main.o [2]
  .bss               zero     0x2000'0834    0x64  main.o [2]
  .bss               zero     0x2000'0898    0x4c  main.o [2]
  .bss               zero     0x2000'08e4    0x48  main.o [2]
  .bss               zero     0x2000'092c    0x48  main.o [2]
  .bss               zero     0x2000'0974    0x48  main.o [2]
  .bss               zero     0x2000'09bc    0x48  main.o [2]
  .bss               zero     0x2000'0a04    0x48  main.o [2]
  .bss               zero     0x2000'0a4c    0x44  main.o [2]
  .bss               zero     0x2000'0a90    0x40  main.o [2]
  .bss               zero     0x2000'0ad0    0x14  main.o [2]
  .bss               zero     0x2000'0ae4    0x10  main.o [2]
  .bss               zero     0x2000'0af4     0xc  main.o [2]
  .bss               zero     0x2000'0b00     0xc  main.o [2]
  .bss               zero     0x2000'0b0c     0xc  main.o [2]
  .bss               zero     0x2000'0b18     0xc  main.o [2]
  .bss               zero     0x2000'0b24     0xc  main.o [2]
  .bss               zero     0x2000'0b30     0x4  main.o [2]
  .bss               zero     0x2000'0b34     0x4  main.o [2]
  .bss               zero     0x2000'0b38     0x4  stm32f0xx_hal.o [4]
  .bss               zero     0x2000'0b3c     0x2  main.o [2]
  .bss               zero     0x2000'0b3e     0x2  main.o [2]
  .bss               zero     0x2000'0b40     0x2  main.o [2]
  .bss               zero     0x2000'0b42     0x2  main.o [2]
  .bss               zero     0x2000'0b44     0x2  main.o [2]
  .bss               zero     0x2000'0b46     0x1  main.o [2]
  .bss               zero     0x2000'0b47     0x1  main.o [2]
  .bss               zero     0x2000'0b48     0x1  main.o [2]
  .bss               zero     0x2000'0b49     0x1  main.o [2]
  .bss               zero     0x2000'0b4a     0x1  main.o [2]
  .bss               zero     0x2000'0b4b     0x1  main.o [2]
  .bss               zero     0x2000'0b4c     0x1  main.o [2]
                            - 0x2000'0b4d   0xb11

"P2", part 3 of 3:                          0x400
  CSTACK                      0x2000'0b50   0x400  <Block>
    CSTACK           uninit   0x2000'0b50   0x400  <Block tail>
                            - 0x2000'0f50   0x400

Unused ranges:

         From           To    Size
         ----           --    ----
   0x800'4eb6   0x800'7fff  0x314a
  0x2000'0f50  0x2000'0fff    0xb0


*******************************************************************************
*** INIT TABLE
***

          Address      Size
          -------      ----
Zero (__iar_zero_init3)
    1 destination range, total size 0xb11:
          0x2000'003c  0xb11

Copy (__iar_copy_init3)
    1 source range, total size 0x3c:
           0x800'4d48   0x3c
    1 destination range, total size 0x3c:
          0x2000'0000   0x3c



*******************************************************************************
*** MODULE SUMMARY
***

    Module                  ro code  ro data  rw data
    ------                  -------  -------  -------
command line/config:
    -------------------------------------------------
    Total:

E:\Storage_W\MEGA\Other\Amin\STM\PowerSupply_2\EWARM\PowerSupply_2\Obj\Application\EWARM: [1]
    startup_stm32f030x6.o       218
    -------------------------------------------------
    Total:                      218

E:\Storage_W\MEGA\Other\Amin\STM\PowerSupply_2\EWARM\PowerSupply_2\Obj\Application\User\Core: [2]
    PID.o                       268
    main.o                    6'270       51    2'880
    stm32f0xx_hal_msp.o         884
    stm32f0xx_it.o              696
    -------------------------------------------------
    Total:                    8'118       51    2'880

E:\Storage_W\MEGA\Other\Amin\STM\PowerSupply_2\EWARM\PowerSupply_2\Obj\Drivers\CMSIS: [3]
    system_stm32f0xx.o            2       20        4
    -------------------------------------------------
    Total:                        2       20        4

E:\Storage_W\MEGA\Other\Amin\STM\PowerSupply_2\EWARM\PowerSupply_2\Obj\Drivers\STM32F0xx_HAL_Driver: [4]
    stm32f0xx_hal.o             148        5        9
    stm32f0xx_hal_adc.o       1'356
    stm32f0xx_hal_adc_ex.o      220
    stm32f0xx_hal_cortex.o      260
    stm32f0xx_hal_dma.o         520
    stm32f0xx_hal_gpio.o        580
    stm32f0xx_hal_i2c.o       1'856
    stm32f0xx_hal_i2c_ex.o      248
    stm32f0xx_hal_rcc.o       1'692       32
    stm32f0xx_hal_rcc_ex.o      304
    stm32f0xx_hal_tim.o       2'386
    stm32f0xx_hal_tim_ex.o      224
    -------------------------------------------------
    Total:                    9'794       37        9

dl6M_tlf.a: [5]
    exit.o                        8
    low_level_init.o              4
    -------------------------------------------------
    Total:                       12

m6M_tl.a: [6]
    DblCmpLe.o                   50
    DblMul.o                    388
    FltAddSub.o                 288
    FltCmpLe.o                   38
    FltDiv.o                    164
    FltMul.o                    176
    FltToS32.o                   58
    IxxToDbl.o                   32
    IxxToFlt.o                   54
    -------------------------------------------------
    Total:                    1'248

rt6M_tl.a: [7]
    ABImemcpy.o                  52
    ABImemset.o                  78
    I32DivModFast.o             224
    IntDivZer.o                   2
    cexit.o                      10
    cmain.o                      30
    copy_init3.o                 48
    cstartup_M.o                 28
    data_init.o                  40
    memset.o                     20
    zero_init3.o                 60
    -------------------------------------------------
    Total:                      592

shb_l.a: [8]
    exit.o                       20
    -------------------------------------------------
    Total:                       20

    Gaps                          2
    Linker created                        36    1'024
-----------------------------------------------------
    Grand Total:             20'006      144    3'917


*******************************************************************************
*** ENTRY LIST
***

Entry                       Address   Size  Type      Object
-----                       -------   ----  ----      ------
.iar.init_table$$Base    0x800'4ddc          --   Gb  - Linker created -
.iar.init_table$$Limit   0x800'4e00          --   Gb  - Linker created -
?main                    0x800'4e01         Code  Gb  cmain.o [7]
ADC1_IRQHandler          0x800'4e2b         Code  Wk  startup_stm32f030x6.o [1]
ADC_DMAConvCplt          0x800'2929   0x7a  Code  Lc  stm32f0xx_hal_adc.o [4]
ADC_DMAError             0x800'29bb   0x1e  Code  Lc  stm32f0xx_hal_adc.o [4]
ADC_DMAHalfConvCplt      0x800'29ad    0xe  Code  Lc  stm32f0xx_hal_adc.o [4]
ADC_Enable               0x800'2865   0xb2  Code  Lc  stm32f0xx_hal_adc.o [4]
AData                   0x2000'0af4    0xc  Data  Gb  main.o [2]
AFIFO                   0x2000'003c  0x708  Data  Gb  main.o [2]
AHBPrescTable            0x800'4e88   0x10  Data  Gb  system_stm32f0xx.o [3]
ArrNumFIFO              0x2000'0b34    0x4  Data  Gb  main.o [2]
CSTACK$$Base            0x2000'0b50          --   Gb  - Linker created -
CSTACK$$Limit           0x2000'0f50          --   Gb  - Linker created -
Curr                    0x2000'07bc   0x78  Data  Gb  main.o [2]
DMA1_Channel1_IRQHandler
                         0x800'4c9d    0xa  Code  Gb  stm32f0xx_it.o [2]
DMA1_Channel2_3_IRQHandler
                         0x800'469f         Code  Wk  startup_stm32f030x6.o [1]
DMA1_Channel4_5_IRQHandler
                         0x800'4a07         Code  Wk  startup_stm32f030x6.o [1]
DMA_CalcBaseAndBitshift
                         0x800'48ed   0x1a  Code  Lc  stm32f0xx_hal_dma.o [4]
DMA_SetConfig            0x800'48c3   0x2a  Code  Lc  stm32f0xx_hal_dma.o [4]
Delay                    0x800'0717   0x14  Code  Gb  main.o [2]
Disp3s                  0x2000'002c    0x2  Data  Gb  main.o [2]
EXIS1PrePrs             0x2000'0b00    0xc  Data  Gb  main.o [2]
EXIS2PrePrs             0x2000'0b0c    0xc  Data  Gb  main.o [2]
EXTI0_1_IRQHandler       0x800'4c7d    0xa  Code  Gb  stm32f0xx_it.o [2]
EXTI2_3_IRQHandler       0x800'4c87    0xa  Code  Gb  stm32f0xx_it.o [2]
EXTI4_15_IRQHandler      0x800'4c91    0xc  Code  Gb  stm32f0xx_it.o [2]
ErrStp1                 0x2000'0034    0x2  Data  Gb  main.o [2]
Error_Handler            0x800'1929    0x6  Code  Gb  main.o [2]
FLASH_IRQHandler         0x800'446b         Code  Wk  startup_stm32f030x6.o [1]
FirsRead                0x2000'0b4c    0x1  Data  Gb  main.o [2]
HAL_ADCEx_Calibration_Start
                         0x800'23b5   0xdc  Code  Gb  stm32f0xx_hal_adc_ex.o [4]
HAL_ADC_ConfigChannel    0x800'270d  0x158  Code  Gb  stm32f0xx_hal_adc.o [4]
HAL_ADC_ConvCpltCallback
                         0x800'16c1  0x14e  Code  Gb  main.o [2]
HAL_ADC_ConvHalfCpltCallback
                         0x800'4911    0x2  Code  Wk  stm32f0xx_hal_adc.o [4]
HAL_ADC_ErrorCallback    0x800'4913    0x2  Code  Wk  stm32f0xx_hal_adc.o [4]
HAL_ADC_Init             0x800'2491  0x1ae  Code  Gb  stm32f0xx_hal_adc.o [4]
HAL_ADC_MspInit          0x800'3c05   0x88  Code  Gb  stm32f0xx_hal_msp.o [2]
HAL_ADC_Start_DMA        0x800'264d   0xae  Code  Gb  stm32f0xx_hal_adc.o [4]
HAL_DMA_IRQHandler       0x800'47ed   0xd6  Code  Gb  stm32f0xx_hal_dma.o [4]
HAL_DMA_Init             0x800'4709   0x54  Code  Gb  stm32f0xx_hal_dma.o [4]
HAL_DMA_Start_IT         0x800'4761   0x8c  Code  Gb  stm32f0xx_hal_dma.o [4]
HAL_GPIO_EXTI_Callback   0x800'1821   0xd0  Code  Gb  main.o [2]
HAL_GPIO_EXTI_IRQHandler
                         0x800'424b   0x22  Code  Gb  stm32f0xx_hal_gpio.o [4]
HAL_GPIO_Init            0x800'4051  0x1c6  Code  Gb  stm32f0xx_hal_gpio.o [4]
HAL_GPIO_ReadPin         0x800'4217   0x1a  Code  Gb  stm32f0xx_hal_gpio.o [4]
HAL_GPIO_WritePin        0x800'4231   0x1a  Code  Gb  stm32f0xx_hal_gpio.o [4]
HAL_GetTick              0x800'46fd    0xc  Code  Wk  stm32f0xx_hal.o [4]
HAL_I2CEx_ConfigAnalogFilter
                         0x800'3a05   0x66  Code  Gb  stm32f0xx_hal_i2c_ex.o [4]
HAL_I2CEx_ConfigDigitalFilter
                         0x800'3a6b   0x60  Code  Gb  stm32f0xx_hal_i2c_ex.o [4]
HAL_I2CEx_EnableFastModePlus
                         0x800'3acb   0x20  Code  Gb  stm32f0xx_hal_i2c_ex.o [4]
HAL_I2C_Init             0x800'32c5   0xc6  Code  Gb  stm32f0xx_hal_i2c.o [4]
HAL_I2C_Mem_Read         0x800'353d  0x1a8  Code  Gb  stm32f0xx_hal_i2c.o [4]
HAL_I2C_Mem_Write        0x800'3399  0x1a4  Code  Gb  stm32f0xx_hal_i2c.o [4]
HAL_I2C_MspInit          0x800'3c8d   0x60  Code  Gb  stm32f0xx_hal_msp.o [2]
HAL_IncTick              0x800'4cf5   0x18  Code  Wk  stm32f0xx_hal.o [4]
HAL_Init                 0x800'1931   0x1a  Code  Gb  stm32f0xx_hal.o [4]
HAL_InitTick             0x800'46a1   0x50  Code  Wk  stm32f0xx_hal.o [4]
HAL_MspInit              0x800'3bd9   0x2c  Code  Gb  stm32f0xx_hal_msp.o [2]
HAL_NVIC_EnableIRQ       0x800'401f    0xe  Code  Gb  stm32f0xx_hal_cortex.o [4]
HAL_NVIC_SetPriority     0x800'400b   0x14  Code  Gb  stm32f0xx_hal_cortex.o [4]
HAL_RCCEx_PeriphCLKConfig
                         0x800'3195  0x110  Code  Gb  stm32f0xx_hal_rcc_ex.o [4]
HAL_RCC_ClockConfig      0x800'2fb9  0x128  Code  Gb  stm32f0xx_hal_rcc.o [4]
HAL_RCC_GetSysClockFreq
                         0x800'30f5   0x72  Code  Gb  stm32f0xx_hal_rcc.o [4]
HAL_RCC_OscConfig        0x800'2af9  0x4ac  Code  Gb  stm32f0xx_hal_rcc.o [4]
HAL_SYSTICK_Config       0x800'402d    0xc  Code  Gb  stm32f0xx_hal_cortex.o [4]
HAL_TIMEx_BreakCallback
                         0x800'46f7    0x2  Code  Wk  stm32f0xx_hal_tim_ex.o [4]
HAL_TIMEx_CommutCallback
                         0x800'46fb    0x2  Code  Wk  stm32f0xx_hal_tim_ex.o [4]
HAL_TIMEx_ConfigBreakDeadTime
                         0x800'3b59   0x5e  Code  Gb  stm32f0xx_hal_tim_ex.o [4]
HAL_TIMEx_MasterConfigSynchronization
                         0x800'3afd   0x5c  Code  Gb  stm32f0xx_hal_tim_ex.o [4]
HAL_TIM_Base_Init        0x800'1a69   0x5c  Code  Gb  stm32f0xx_hal_tim.o [4]
HAL_TIM_Base_MspInit     0x800'3ddd   0x6e  Code  Gb  stm32f0xx_hal_msp.o [2]
HAL_TIM_Base_Start_IT    0x800'1af7   0x5a  Code  Gb  stm32f0xx_hal_tim.o [4]
HAL_TIM_Base_Stop        0x800'1ac5   0x32  Code  Gb  stm32f0xx_hal_tim.o [4]
HAL_TIM_Encoder_Init     0x800'1ca5   0xc4  Code  Gb  stm32f0xx_hal_tim.o [4]
HAL_TIM_Encoder_MspInit
                         0x800'3ced   0x7c  Code  Gb  stm32f0xx_hal_msp.o [2]
HAL_TIM_Encoder_Start_IT
                         0x800'1d79  0x12e  Code  Gb  stm32f0xx_hal_tim.o [4]
HAL_TIM_IC_CaptureCallback
                         0x800'15e9   0xbe  Code  Gb  main.o [2]
HAL_TIM_IRQHandler       0x800'1ea7  0x1ac  Code  Gb  stm32f0xx_hal_tim.o [4]
HAL_TIM_MspPostInit      0x800'3e5d   0xc2  Code  Gb  stm32f0xx_hal_msp.o [2]
HAL_TIM_OC_DelayElapsedCallback
                         0x800'46f3    0x2  Code  Wk  stm32f0xx_hal_tim.o [4]
HAL_TIM_PWM_ConfigChannel
                         0x800'2053   0xfc  Code  Gb  stm32f0xx_hal_tim.o [4]
HAL_TIM_PWM_Init         0x800'1b61   0x5c  Code  Gb  stm32f0xx_hal_tim.o [4]
HAL_TIM_PWM_MspInit      0x800'3d69   0x6e  Code  Gb  stm32f0xx_hal_msp.o [2]
HAL_TIM_PWM_PulseFinishedCallback
                         0x800'46f5    0x2  Code  Wk  stm32f0xx_hal_tim.o [4]
HAL_TIM_PWM_Start        0x800'1bbd   0xd8  Code  Gb  stm32f0xx_hal_tim.o [4]
HAL_TIM_PeriodElapsedCallback
                         0x800'0a61  0xb6c  Code  Gb  main.o [2]
HAL_TIM_TriggerCallback
                         0x800'46f9    0x2  Code  Wk  stm32f0xx_hal_tim.o [4]
HardFault_Handler        0x800'4a41    0x4  Code  Gb  stm32f0xx_it.o [2]
HighByte                0x2000'0b48    0x1  Data  Gb  main.o [2]
I2C1_IRQHandler          0x800'4ead         Code  Wk  startup_stm32f030x6.o [1]
I2C_Flush_TXDR           0x800'3801   0x28  Code  Lc  stm32f0xx_hal_i2c.o [4]
I2C_IsAcknowledgeFailed
                         0x800'392b   0xa0  Code  Lc  stm32f0xx_hal_i2c.o [4]
I2C_RequestMemoryRead    0x800'3777   0x84  Code  Lc  stm32f0xx_hal_i2c.o [4]
I2C_RequestMemoryWrite   0x800'36f1   0x86  Code  Lc  stm32f0xx_hal_i2c.o [4]
I2C_TransferConfig       0x800'39cb   0x2e  Code  Lc  stm32f0xx_hal_i2c.o [4]
I2C_WaitOnFlagUntilTimeout
                         0x800'3829   0x58  Code  Lc  stm32f0xx_hal_i2c.o [4]
I2C_WaitOnSTOPFlagUntilTimeout
                         0x800'38d9   0x52  Code  Lc  stm32f0xx_hal_i2c.o [4]
I2C_WaitOnTXISFlagUntilTimeout
                         0x800'3881   0x58  Code  Lc  stm32f0xx_hal_i2c.o [4]
InitCount               0x2000'0b42    0x2  Data  Gb  main.o [2]
InitFlag                0x2000'0b4b    0x1  Data  Gb  main.o [2]
Kd1                     0x2000'0008    0x4  Data  Gb  main.o [2]
Kd2                     0x2000'0018    0x4  Data  Gb  main.o [2]
Ki1                     0x2000'0004    0x4  Data  Gb  main.o [2]
Ki2                     0x2000'0014    0x4  Data  Gb  main.o [2]
Kp1                     0x2000'0000    0x4  Data  Gb  main.o [2]
Kp2                     0x2000'0010    0x4  Data  Gb  main.o [2]
LED_Data                0x2000'0834   0x64  Data  Gb  main.o [2]
LowByte                 0x2000'0b47    0x1  Data  Gb  main.o [2]
MX_ADC_Init              0x800'024d   0x98  Code  Lc  main.o [2]
MX_DMA_Init              0x800'060d   0x26  Code  Lc  main.o [2]
MX_GPIO_Init             0x800'063d   0xda  Code  Lc  main.o [2]
MX_I2C1_Init             0x800'02e5   0x4e  Code  Lc  main.o [2]
MX_TIM14_Init            0x800'0499   0x24  Code  Lc  main.o [2]
MX_TIM16_Init            0x800'04c9   0x9a  Code  Lc  main.o [2]
MX_TIM17_Init            0x800'0569   0x9a  Code  Lc  main.o [2]
MX_TIM1_Init             0x800'0333   0x70  Code  Lc  main.o [2]
MX_TIM3_Init             0x800'03d9   0xa8  Code  Lc  main.o [2]
MaxArrNumFIFO           0x2000'0020    0x4  Data  Gb  main.o [2]
MaxEncInc               0x2000'0038    0x2  Data  Gb  main.o [2]
MaxEncSpeed             0x2000'0036    0x2  Data  Gb  main.o [2]
MaxFIR                  0x2000'0030    0x2  Data  Gb  main.o [2]
MaxInitCount            0x2000'0032    0x2  Data  Gb  main.o [2]
Mon2Seg                  0x800'09cd   0x86  Code  Gb  main.o [2]
Mon4Seg                  0x800'0869  0x15a  Code  Gb  main.o [2]
NMI_Handler              0x800'4a3d    0x4  Code  Gb  stm32f0xx_it.o [2]
PIDController_Init       0x800'29d9    0xe  Code  Gb  PID.o [2]
PIDController_Update     0x800'29e7   0xf8  Code  Gb  PID.o [2]
PendSV_Handler           0x800'4a47    0x2  Code  Gb  stm32f0xx_it.o [2]
RCC_IRQHandler           0x800'44a7         Code  Wk  startup_stm32f030x6.o [1]
RTC_IRQHandler           0x800'1a67         Code  Wk  startup_stm32f030x6.o [1]
Region$$Table$$Base      0x800'4ddc          --   Gb  - Linker created -
Region$$Table$$Limit     0x800'4e00          --   Gb  - Linker created -
Reset_Handler            0x800'4e99         Code  Wk  startup_stm32f030x6.o [1]
SPI1_IRQHandler          0x800'4eaf         Code  Wk  startup_stm32f030x6.o [1]
SVC_Handler              0x800'4a45    0x2  Code  Gb  stm32f0xx_it.o [2]
SevSegm                  0x800'0741  0x11c  Code  Gb  main.o [2]
SevSegm::Buf            0x2000'0ae4   0x10  Data  Lc  main.o [2]
SysTick_Config           0x800'3fd9   0x32  Code  Lc  stm32f0xx_hal_cortex.o [4]
SysTick_Handler          0x800'4a49  0x234  Code  Gb  stm32f0xx_it.o [2]
SystemClock_Config       0x800'01c9   0x84  Code  Gb  main.o [2]
SystemCoreClock         0x2000'0028    0x4  Data  Gb  system_stm32f0xx.o [3]
SystemInit               0x800'4eb5    0x2  Code  Gb  system_stm32f0xx.o [3]
TIM14_IRQHandler         0x800'4cbb    0xa  Code  Gb  stm32f0xx_it.o [2]
TIM16_IRQHandler         0x800'4ea9         Code  Wk  startup_stm32f030x6.o [1]
TIM17_IRQHandler         0x800'4eab         Code  Wk  startup_stm32f030x6.o [1]
TIM1_BRK_UP_TRG_COM_IRQHandler
                         0x800'4e37         Code  Wk  startup_stm32f030x6.o [1]
TIM1_CC_IRQHandler       0x800'4ca7    0xa  Code  Gb  stm32f0xx_it.o [2]
TIM3_IRQHandler          0x800'4cb1    0xa  Code  Gb  stm32f0xx_it.o [2]
TIM_Base_SetConfig       0x800'2155   0x6a  Code  Gb  stm32f0xx_hal_tim.o [4]
TIM_CCxChannelCmd        0x800'2391   0x24  Code  Gb  stm32f0xx_hal_tim.o [4]
TIM_OC1_SetConfig        0x800'21bf   0x70  Code  Lc  stm32f0xx_hal_tim.o [4]
TIM_OC2_SetConfig        0x800'222f   0x6e  Code  Gb  stm32f0xx_hal_tim.o [4]
TIM_OC3_SetConfig        0x800'229d   0x6a  Code  Lc  stm32f0xx_hal_tim.o [4]
TIM_OC4_SetConfig        0x800'2307   0x50  Code  Lc  stm32f0xx_hal_tim.o [4]
Tau1                    0x2000'000c    0x4  Data  Gb  main.o [2]
Tau2                    0x2000'001c    0x4  Data  Gb  main.o [2]
TempVolt                0x2000'0b44    0x2  Data  Gb  main.o [2]
USART1_IRQHandler        0x800'4eb1         Code  Wk  startup_stm32f030x6.o [1]
USBCurr                 0x2000'0ad0   0x14  Data  Gb  main.o [2]
VOLT2ENC                0x2000'003a    0x1  Data  Gb  main.o [2]
Volt                    0x2000'0744   0x78  Data  Gb  main.o [2]
VoltBstKnew             0x2000'002e    0x2  Data  Gb  main.o [2]
WWDG_IRQHandler          0x800'192f         Code  Wk  startup_stm32f030x6.o [1]
__ICFEDIT_region_RAM_end__ {Abs}
                        0x2000'0fff         Data  Gb  <internal module>
__ICFEDIT_region_RAM_start__ {Abs}
                        0x2000'0000         Data  Gb  <internal module>
__NVIC_EnableIRQ         0x800'3f4d   0x18  Code  Lc  stm32f0xx_hal_cortex.o [4]
__NVIC_SetPriority       0x800'3f65   0x74  Code  Lc  stm32f0xx_hal_cortex.o [4]
__aeabi_cdcmple          0x800'4439         Code  Gb  DblCmpLe.o [6]
__aeabi_cfcmple          0x800'44a9         Code  Gb  FltCmpLe.o [6]
__aeabi_dmul             0x800'42b5         Code  Gb  DblMul.o [6]
__aeabi_f2iz             0x800'446d         Code  Gb  FltToS32.o [6]
__aeabi_fadd             0x800'457f         Code  Gb  FltAddSub.o [6]
__aeabi_fdiv             0x800'4915         Code  Gb  FltDiv.o [6]
__aeabi_fmul             0x800'44cf         Code  Gb  FltMul.o [6]
__aeabi_fsub             0x800'45ef         Code  Gb  FltAddSub.o [6]
__aeabi_i2f              0x800'1971         Code  Gb  IxxToFlt.o [6]
__aeabi_idiv             0x800'19b3         Code  Gb  I32DivModFast.o [7]
__aeabi_idiv0            0x800'46f1         Code  Gb  IntDivZer.o [7]
__aeabi_idivmod          0x800'19b3         Code  Gb  I32DivModFast.o [7]
__aeabi_memcpy4          0x800'4a09         Code  Gb  ABImemcpy.o [7]
__aeabi_memcpy8          0x800'4a09         Code  Gb  ABImemcpy.o [7]
__aeabi_memset           0x800'49b9         Code  Gb  ABImemset.o [7]
__aeabi_ui2d             0x800'4295         Code  Gb  IxxToDbl.o [6]
__aeabi_ui2f             0x800'1951         Code  Gb  IxxToFlt.o [6]
__aeabi_uidiv            0x800'19b9         Code  Gb  I32DivModFast.o [7]
__aeabi_uidivmod         0x800'19b9         Code  Gb  I32DivModFast.o [7]
__cmain                  0x800'4e01         Code  Gb  cmain.o [7]
__exit                   0x800'4e39   0x14  Code  Gb  exit.o [8]
__iar_Memset4_word       0x800'49d9         Code  Gb  ABImemset.o [7]
__iar_Memset_word        0x800'49c5         Code  Gb  ABImemset.o [7]
__iar_copy_init3         0x800'4d85   0x30  Code  Gb  copy_init3.o [7]
__iar_data_init3         0x800'4db5   0x28  Code  Gb  data_init.o [7]
__iar_program_start      0x800'4e4d         Code  Gb  cstartup_M.o [7]
__iar_zero_init3         0x800'4d0d   0x3c  Code  Gb  zero_init3.o [7]
__low_level_init         0x800'4e1f    0x4  Code  Gb  low_level_init.o [5]
__vector_table           0x800'0000         Data  Gb  startup_stm32f030x6.o [1]
_call_main               0x800'4e0d         Code  Gb  cmain.o [7]
_exit                    0x800'4e2d         Code  Gb  cexit.o [7]
cH                      0x2000'0b4a    0x1  Data  Gb  main.o [2]
cL                      0x2000'0b49    0x1  Data  Gb  main.o [2]
error                   0x2000'0b30    0x4  Data  Gb  main.o [2]
exit                     0x800'4e23    0x8  Code  Gb  exit.o [5]
hadc                    0x2000'0a90   0x40  Data  Gb  main.o [2]
hdma_adc                0x2000'0a4c   0x44  Data  Gb  main.o [2]
hi2c1                   0x2000'0898   0x4c  Data  Gb  main.o [2]
htim1                   0x2000'08e4   0x48  Data  Gb  main.o [2]
htim14                  0x2000'0974   0x48  Data  Gb  main.o [2]
htim16                  0x2000'09bc   0x48  Data  Gb  main.o [2]
htim17                  0x2000'0a04   0x48  Data  Gb  main.o [2]
htim3                   0x2000'092c   0x48  Data  Gb  main.o [2]
iEXIS1Prs               0x2000'0b18    0xc  Data  Gb  main.o [2]
iLED                    0x2000'0b3c    0x2  Data  Gb  main.o [2]
iMaxFIR                 0x2000'0b40    0x2  Data  Gb  main.o [2]
iPrsEXIS2               0x2000'0b24    0xc  Data  Gb  main.o [2]
iSelEXI                 0x2000'0b46    0x1  Data  Gb  main.o [2]
indx                    0x2000'0b3e    0x2  Data  Gb  main.o [2]
main                     0x800'00b1  0x118  Code  Gb  main.o [2]
memset                   0x800'2ae5   0x14  Code  Gb  memset.o [7]
uwTick                  0x2000'0b38    0x4  Data  Gb  stm32f0xx_hal.o [4]
uwTickFreq              0x2000'003b    0x1  Data  Gb  stm32f0xx_hal.o [4]
uwTickPrio              0x2000'0024    0x4  Data  Gb  stm32f0xx_hal.o [4]


[1] = E:\Storage_W\MEGA\Other\Amin\STM\PowerSupply_2\EWARM\PowerSupply_2\Obj\Application\EWARM
[2] = E:\Storage_W\MEGA\Other\Amin\STM\PowerSupply_2\EWARM\PowerSupply_2\Obj\Application\User\Core
[3] = E:\Storage_W\MEGA\Other\Amin\STM\PowerSupply_2\EWARM\PowerSupply_2\Obj\Drivers\CMSIS
[4] = E:\Storage_W\MEGA\Other\Amin\STM\PowerSupply_2\EWARM\PowerSupply_2\Obj\Drivers\STM32F0xx_HAL_Driver
[5] = dl6M_tlf.a
[6] = m6M_tl.a
[7] = rt6M_tl.a
[8] = shb_l.a

  20'006 bytes of readonly  code memory
     144 bytes of readonly  data memory
   3'917 bytes of readwrite data memory

Errors: none
Warnings: none
