###############################################################################
#
# IAR ELF Linker V9.30.1.335/W64 for ARM                  05/Oct/2022  09:34:20
# Copyright 2007-2022 IAR Systems AB.
#
#    Output file  =
#        E:\Storage_W\MEGA\Other\Amin\STM\PowerSupply_2\EWARM\PowerSupply_2\Exe\PowerSupply_2.out
#    Map file     =
#        E:\Storage_W\MEGA\Other\Amin\STM\PowerSupply_2\EWARM\PowerSupply_2\List\PowerSupply_2.map
#    Command line =
#        -f
#        E:\Storage_W\MEGA\Other\Amin\STM\PowerSupply_2\EWARM\PowerSupply_2\Exe\PowerSupply_2.out.rsp
#        (E:\Storage_W\MEGA\Other\Amin\STM\PowerSupply_2\EWARM\PowerSupply_2\Obj\Application\User\Core\main.o
#        E:\Storage_W\MEGA\Other\Amin\STM\PowerSupply_2\EWARM\PowerSupply_2\Obj\Application\EWARM\startup_stm32f030x6.o
#        E:\Storage_W\MEGA\Other\Amin\STM\PowerSupply_2\EWARM\PowerSupply_2\Obj\Drivers\STM32F0xx_HAL_Driver\stm32f0xx_hal.o
#        E:\Storage_W\MEGA\Other\Amin\STM\PowerSupply_2\EWARM\PowerSupply_2\Obj\Drivers\STM32F0xx_HAL_Driver\stm32f0xx_hal_adc.o
#        E:\Storage_W\MEGA\Other\Amin\STM\PowerSupply_2\EWARM\PowerSupply_2\Obj\Drivers\STM32F0xx_HAL_Driver\stm32f0xx_hal_adc_ex.o
#        E:\Storage_W\MEGA\Other\Amin\STM\PowerSupply_2\EWARM\PowerSupply_2\Obj\Drivers\STM32F0xx_HAL_Driver\stm32f0xx_hal_cortex.o
#        E:\Storage_W\MEGA\Other\Amin\STM\PowerSupply_2\EWARM\PowerSupply_2\Obj\Drivers\STM32F0xx_HAL_Driver\stm32f0xx_hal_dma.o
#        E:\Storage_W\MEGA\Other\Amin\STM\PowerSupply_2\EWARM\PowerSupply_2\Obj\Drivers\STM32F0xx_HAL_Driver\stm32f0xx_hal_exti.o
#        E:\Storage_W\MEGA\Other\Amin\STM\PowerSupply_2\EWARM\PowerSupply_2\Obj\Drivers\STM32F0xx_HAL_Driver\stm32f0xx_hal_flash.o
#        E:\Storage_W\MEGA\Other\Amin\STM\PowerSupply_2\EWARM\PowerSupply_2\Obj\Drivers\STM32F0xx_HAL_Driver\stm32f0xx_hal_flash_ex.o
#        E:\Storage_W\MEGA\Other\Amin\STM\PowerSupply_2\EWARM\PowerSupply_2\Obj\Drivers\STM32F0xx_HAL_Driver\stm32f0xx_hal_gpio.o
#        E:\Storage_W\MEGA\Other\Amin\STM\PowerSupply_2\EWARM\PowerSupply_2\Obj\Drivers\STM32F0xx_HAL_Driver\stm32f0xx_hal_i2c.o
#        E:\Storage_W\MEGA\Other\Amin\STM\PowerSupply_2\EWARM\PowerSupply_2\Obj\Drivers\STM32F0xx_HAL_Driver\stm32f0xx_hal_i2c_ex.o
#        E:\Storage_W\MEGA\Other\Amin\STM\PowerSupply_2\EWARM\PowerSupply_2\Obj\Application\User\Core\stm32f0xx_hal_msp.o
#        E:\Storage_W\MEGA\Other\Amin\STM\PowerSupply_2\EWARM\PowerSupply_2\Obj\Drivers\STM32F0xx_HAL_Driver\stm32f0xx_hal_pwr.o
#        E:\Storage_W\MEGA\Other\Amin\STM\PowerSupply_2\EWARM\PowerSupply_2\Obj\Drivers\STM32F0xx_HAL_Driver\stm32f0xx_hal_pwr_ex.o
#        E:\Storage_W\MEGA\Other\Amin\STM\PowerSupply_2\EWARM\PowerSupply_2\Obj\Drivers\STM32F0xx_HAL_Driver\stm32f0xx_hal_rcc.o
#        E:\Storage_W\MEGA\Other\Amin\STM\PowerSupply_2\EWARM\PowerSupply_2\Obj\Drivers\STM32F0xx_HAL_Driver\stm32f0xx_hal_rcc_ex.o
#        E:\Storage_W\MEGA\Other\Amin\STM\PowerSupply_2\EWARM\PowerSupply_2\Obj\Drivers\STM32F0xx_HAL_Driver\stm32f0xx_hal_tim.o
#        E:\Storage_W\MEGA\Other\Amin\STM\PowerSupply_2\EWARM\PowerSupply_2\Obj\Drivers\STM32F0xx_HAL_Driver\stm32f0xx_hal_tim_ex.o
#        E:\Storage_W\MEGA\Other\Amin\STM\PowerSupply_2\EWARM\PowerSupply_2\Obj\Application\User\Core\stm32f0xx_it.o
#        E:\Storage_W\MEGA\Other\Amin\STM\PowerSupply_2\EWARM\PowerSupply_2\Obj\Drivers\CMSIS\system_stm32f0xx.o
#        --no_out_extension -o
#        E:\Storage_W\MEGA\Other\Amin\STM\PowerSupply_2\EWARM\PowerSupply_2\Exe\PowerSupply_2.out
#        --redirect _Printf=_PrintfFullNoMb --redirect _Scanf=_ScanfFullNoMb
#        --map
#        E:\Storage_W\MEGA\Other\Amin\STM\PowerSupply_2\EWARM\PowerSupply_2\List\PowerSupply_2.map
#        --config
#        E:\Storage_W\MEGA\Other\Amin\STM\PowerSupply_2\EWARM/stm32f030x6_flash.icf
#        --semihosting --entry __iar_program_start --vfe --text_out locale
#        --cpu=Cortex-M0 --fpu=None)
#
###############################################################################

*******************************************************************************
*** RUNTIME MODEL ATTRIBUTES
***

CppFlavor       = *
__CPP_Runtime   = 1
__SystemLibrary = DLib
__dlib_version  = 6


*******************************************************************************
*** HEAP SELECTION
***

The basic heap was selected because --advanced_heap
was not specified and the application did not appear to
be primarily optimized for speed.


*******************************************************************************
*** PLACEMENT SUMMARY
***

"A0":  place at address 0x800'0000 { ro section .intvec };
"P1":  place in [from 0x800'0000 to 0x800'7fff] { ro };
define block CSTACK with size = 1K, alignment = 8 { };
define block HEAP with size = 512, alignment = 8 { };
"P2":  place in [from 0x2000'0000 to 0x2000'0fff] {
          rw, block CSTACK, block HEAP };
initialize by copy { rw };

  Section            Kind         Address    Size  Object
  -------            ----         -------    ----  ------
"A0":                                        0xb0
  .intvec            ro code   0x800'0000    0xb0  startup_stm32f030x6.o [1]
                             - 0x800'00b0    0xb0

"P1":                                      0x30b2
  .text              ro code   0x800'00b0   0x9f6  main.o [2]
  .text              ro code   0x800'0aa6     0x2  startup_stm32f030x6.o [1]
  .text              ro code   0x800'0aa8    0x20  stm32f0xx_hal.o [4]
  .text              ro code   0x800'0ac8   0x81c  stm32f0xx_hal_tim.o [4]
  .text              ro code   0x800'12e4    0xdc  stm32f0xx_hal_adc_ex.o [4]
  .text              ro code   0x800'13c0   0x594  stm32f0xx_hal_adc.o [4]
  .text              ro code   0x800'1954    0x28  stm32f0xx_hal.o [4]
  .text              ro code   0x800'197c    0x14  memset.o [6]
  .text              ro code   0x800'1990   0x650  stm32f0xx_hal_rcc.o [4]
  .text              ro code   0x800'1fe0   0x118  stm32f0xx_hal_rcc_ex.o [4]
  .text              ro code   0x800'20f8    0xd4  stm32f0xx_hal_i2c.o [4]
  .text              ro code   0x800'21cc    0xf4  stm32f0xx_hal_i2c_ex.o [4]
  .text              ro code   0x800'22c0    0xd8  stm32f0xx_hal_tim_ex.o [4]
  .text              ro code   0x800'2398   0x350  stm32f0xx_hal_msp.o [2]
  .text              ro code   0x800'26e8    0xf0  stm32f0xx_hal_cortex.o [4]
  .text              ro code   0x800'27d8   0x208  stm32f0xx_hal_gpio.o [4]
  .text              ro code   0x800'29e0    0xe0  I32DivModFast.o [6]
  .text              ro code   0x800'2ac0    0x50  stm32f0xx_hal.o [4]
  .text              ro code   0x800'2b10     0x2  stm32f0xx_hal_tim.o [4]
  .text              ro code   0x800'2b12     0x2  stm32f0xx_hal_tim.o [4]
  .text              ro code   0x800'2b14     0x2  stm32f0xx_hal_tim.o [4]
  .text              ro code   0x800'2b16     0x2  stm32f0xx_hal_tim_ex.o [4]
  .text              ro code   0x800'2b18     0x2  stm32f0xx_hal_tim.o [4]
  .text              ro code   0x800'2b1a     0x2  stm32f0xx_hal_tim_ex.o [4]
  .text              ro code   0x800'2b1c     0xc  stm32f0xx_hal.o [4]
  .text              ro code   0x800'2b28   0x1f8  stm32f0xx_hal_dma.o [4]
  .text              ro code   0x800'2d20     0x2  stm32f0xx_hal_adc.o [4]
  .text              ro code   0x800'2d22     0x2  stm32f0xx_hal_adc.o [4]
  .text              ro code   0x800'2d24     0x2  stm32f0xx_hal_adc.o [4]
  .text              ro code   0x800'2d26     0x2  startup_stm32f030x6.o [1]
  .text              ro code   0x800'2d28    0x4e  ABImemset.o [6]
  .text              ro code   0x800'2d76     0x2  startup_stm32f030x6.o [1]
  .text              ro code   0x800'2d78    0x34  ABImemcpy.o [6]
  .text              ro code   0x800'2dac     0x2  IntDivZer.o [6]
  .text              ro code   0x800'2dae     0x2  startup_stm32f030x6.o [1]
  .text              ro code   0x800'2db0   0x208  stm32f0xx_it.o [2]
  .text              ro code   0x800'2fb8    0x18  stm32f0xx_hal.o [4]
  .text              ro code   0x800'2fd0    0x3c  zero_init3.o [6]
  .text              ro code   0x800'300c    0x30  copy_init3.o [6]
  .text              ro code   0x800'303c    0x28  data_init.o [6]
  .iar.init_table    const     0x800'3064    0x24  - Linker created -
  .text              ro code   0x800'3088    0x1e  cmain.o [6]
  .text              ro code   0x800'30a6     0x4  low_level_init.o [5]
  .text              ro code   0x800'30aa     0x8  exit.o [5]
  .text              ro code   0x800'30b2     0x2  startup_stm32f030x6.o [1]
  .text              ro code   0x800'30b4     0xa  cexit.o [6]
  .text              ro code   0x800'30be     0x2  startup_stm32f030x6.o [1]
  .text              ro code   0x800'30c0    0x14  exit.o [7]
  .text              ro code   0x800'30d4    0x1c  cstartup_M.o [6]
  Initializer bytes  const     0x800'30f0    0x14  <for P2-1>
  .text              ro code   0x800'3104     0x2  startup_stm32f030x6.o [1]
  .rodata            const     0x800'3108    0x10  stm32f0xx_hal_rcc.o [4]
  .rodata            const     0x800'3118    0x10  stm32f0xx_hal_rcc.o [4]
  .rodata            const     0x800'3128    0x10  system_stm32f0xx.o [3]
  .text              ro code   0x800'3138    0x10  startup_stm32f030x6.o [1]
  .text              ro code   0x800'3148     0x2  startup_stm32f030x6.o [1]
  .text              ro code   0x800'314a     0x2  startup_stm32f030x6.o [1]
  .text              ro code   0x800'314c     0x2  startup_stm32f030x6.o [1]
  .text              ro code   0x800'314e     0x2  startup_stm32f030x6.o [1]
  .text              ro code   0x800'3150     0x2  startup_stm32f030x6.o [1]
  .text              ro code   0x800'3152     0x2  startup_stm32f030x6.o [1]
  .text              ro code   0x800'3154     0x2  startup_stm32f030x6.o [1]
  .text              ro code   0x800'3156     0x2  startup_stm32f030x6.o [1]
  .text              ro code   0x800'3158     0x2  startup_stm32f030x6.o [1]
  .text              ro code   0x800'315a     0x2  startup_stm32f030x6.o [1]
  .text              ro code   0x800'315c     0x2  startup_stm32f030x6.o [1]
  .text              ro code   0x800'3160     0x2  system_stm32f0xx.o [3]
  .rodata            const     0x800'3162     0x0  zero_init3.o [6]
  .rodata            const     0x800'3162     0x0  copy_init3.o [6]
                             - 0x800'3162  0x30b2

"P2", part 1 of 3:                           0x14
  P2-1                        0x2000'0000    0x11  <Init block>
    .data            inited   0x2000'0000     0x4  stm32f0xx_hal.o [4]
    .data            inited   0x2000'0004     0x4  system_stm32f0xx.o [3]
    .data            inited   0x2000'0008     0x2  main.o [2]
    .data            inited   0x2000'000a     0x2  main.o [2]
    .data            inited   0x2000'000c     0x2  main.o [2]
    .data            inited   0x2000'000e     0x2  main.o [2]
    .data            inited   0x2000'0010     0x1  stm32f0xx_hal.o [4]
                            - 0x2000'0011    0x11

"P2", part 2 of 3:                          0x2e0
  .bss               zero     0x2000'0014    0x60  main.o [2]
  .bss               zero     0x2000'0074    0x4c  main.o [2]
  .bss               zero     0x2000'00c0    0x48  main.o [2]
  .bss               zero     0x2000'0108    0x48  main.o [2]
  .bss               zero     0x2000'0150    0x48  main.o [2]
  .bss               zero     0x2000'0198    0x48  main.o [2]
  .bss               zero     0x2000'01e0    0x48  main.o [2]
  .bss               zero     0x2000'0228    0x44  main.o [2]
  .bss               zero     0x2000'026c    0x40  main.o [2]
  .bss               zero     0x2000'02ac    0x10  main.o [2]
  .bss               zero     0x2000'02bc     0x8  main.o [2]
  .bss               zero     0x2000'02c4     0x8  main.o [2]
  .bss               zero     0x2000'02cc     0x8  main.o [2]
  .bss               zero     0x2000'02d4     0x8  main.o [2]
  .bss               zero     0x2000'02dc     0x4  stm32f0xx_hal.o [4]
  .bss               zero     0x2000'02e0     0x2  main.o [2]
  .bss               zero     0x2000'02e2     0x2  main.o [2]
  .bss               zero     0x2000'02e4     0x2  main.o [2]
  .bss               zero     0x2000'02e6     0x2  main.o [2]
  .bss               zero     0x2000'02e8     0x2  stm32f0xx_it.o [2]
  .bss               zero     0x2000'02ea     0x2  stm32f0xx_it.o [2]
  .bss               zero     0x2000'02ec     0x2  stm32f0xx_it.o [2]
  .bss               zero     0x2000'02ee     0x2  stm32f0xx_it.o [2]
  .bss               zero     0x2000'02f0     0x2  stm32f0xx_it.o [2]
  .bss               zero     0x2000'02f2     0x2  stm32f0xx_it.o [2]
                            - 0x2000'02f4   0x2e0

"P2", part 3 of 3:                          0x400
  CSTACK                      0x2000'02f8   0x400  <Block>
    CSTACK           uninit   0x2000'02f8   0x400  <Block tail>
                            - 0x2000'06f8   0x400

Unused ranges:

         From           To    Size
         ----           --    ----
   0x800'3162   0x800'7fff  0x4e9e
  0x2000'02f4  0x2000'02f7     0x4
  0x2000'06f8  0x2000'0fff   0x908


*******************************************************************************
*** INIT TABLE
***

          Address      Size
          -------      ----
Zero (__iar_zero_init3)
    1 destination range, total size 0x2e0:
          0x2000'0014  0x2e0

Copy (__iar_copy_init3)
    1 source range, total size 0x14 (117% of destination):
           0x800'30f0   0x14
    1 destination range, total size 0x11:
          0x2000'0000   0x11



*******************************************************************************
*** MODULE SUMMARY
***

    Module                  ro code  ro data  rw data
    ------                  -------  -------  -------
command line/config:
    -------------------------------------------------
    Total:

E:\Storage_W\MEGA\Other\Amin\STM\PowerSupply_2\EWARM\PowerSupply_2\Obj\Application\EWARM: [1]
    startup_stm32f030x6.o       228
    -------------------------------------------------
    Total:                      228

E:\Storage_W\MEGA\Other\Amin\STM\PowerSupply_2\EWARM\PowerSupply_2\Obj\Application\User\Core: [2]
    main.o                    2'550        8      728
    stm32f0xx_hal_msp.o         848
    stm32f0xx_it.o              520                12
    -------------------------------------------------
    Total:                    3'918        8      740

E:\Storage_W\MEGA\Other\Amin\STM\PowerSupply_2\EWARM\PowerSupply_2\Obj\Drivers\CMSIS: [3]
    system_stm32f0xx.o            2       20        4
    -------------------------------------------------
    Total:                        2       20        4

E:\Storage_W\MEGA\Other\Amin\STM\PowerSupply_2\EWARM\PowerSupply_2\Obj\Drivers\STM32F0xx_HAL_Driver: [4]
    stm32f0xx_hal.o             188        5        9
    stm32f0xx_hal_adc.o       1'434
    stm32f0xx_hal_adc_ex.o      220
    stm32f0xx_hal_cortex.o      240
    stm32f0xx_hal_dma.o         504
    stm32f0xx_hal_gpio.o        520
    stm32f0xx_hal_i2c.o         212
    stm32f0xx_hal_i2c_ex.o      244
    stm32f0xx_hal_rcc.o       1'616       32
    stm32f0xx_hal_rcc_ex.o      280
    stm32f0xx_hal_tim.o       2'084
    stm32f0xx_hal_tim_ex.o      220
    -------------------------------------------------
    Total:                    7'762       37        9

dl6M_tln.a: [5]
    exit.o                        8
    low_level_init.o              4
    -------------------------------------------------
    Total:                       12

rt6M_tl.a: [6]
    ABImemcpy.o                  52
    ABImemset.o                  78
    I32DivModFast.o             224
    IntDivZer.o                   2
    cexit.o                      10
    cmain.o                      30
    copy_init3.o                 48
    cstartup_M.o                 28
    data_init.o                  40
    memset.o                     20
    zero_init3.o                 60
    -------------------------------------------------
    Total:                      592

shb_l.a: [7]
    exit.o                       20
    -------------------------------------------------
    Total:                       20

    Gaps                          2        2
    Linker created                        39    1'024
-----------------------------------------------------
    Grand Total:             12'536      106    1'777


*******************************************************************************
*** ENTRY LIST
***

Entry                       Address   Size  Type      Object
-----                       -------   ----  ----      ------
.iar.init_table$$Base    0x800'3064          --   Gb  - Linker created -
.iar.init_table$$Limit   0x800'3088          --   Gb  - Linker created -
?main                    0x800'3089         Code  Gb  cmain.o [6]
ADC1_IRQHandler          0x800'314d         Code  Wk  startup_stm32f030x6.o [1]
ADC_DMAConvCplt          0x800'18b1   0x76  Code  Lc  stm32f0xx_hal_adc.o [4]
ADC_DMAError             0x800'193b   0x1a  Code  Lc  stm32f0xx_hal_adc.o [4]
ADC_DMAHalfConvCplt      0x800'1931    0xa  Code  Lc  stm32f0xx_hal_adc.o [4]
ADC_Enable               0x800'17eb   0xb2  Code  Lc  stm32f0xx_hal_adc.o [4]
AData                   0x2000'02bc    0x8  Data  Gb  main.o [2]
AHBPrescTable            0x800'3128   0x10  Data  Gb  system_stm32f0xx.o [3]
Amp                     0x2000'02cc    0x8  Data  Gb  main.o [2]
CSTACK$$Base            0x2000'02f8          --   Gb  - Linker created -
CSTACK$$Limit           0x2000'06f8          --   Gb  - Linker created -
DMA1_Channel1_IRQHandler
                         0x800'2f61    0xa  Code  Gb  stm32f0xx_it.o [2]
DMA1_Channel2_3_IRQHandler
                         0x800'3149         Code  Wk  startup_stm32f030x6.o [1]
DMA1_Channel4_5_IRQHandler
                         0x800'314b         Code  Wk  startup_stm32f030x6.o [1]
DMA_CalcBaseAndBitshift
                         0x800'2cfb   0x1a  Code  Lc  stm32f0xx_hal_dma.o [4]
DMA_SetConfig            0x800'2cd1   0x2a  Code  Lc  stm32f0xx_hal_dma.o [4]
Disp3s                  0x2000'0008    0x2  Data  Gb  main.o [2]
DispEncI                0x2000'02e6    0x2  Data  Gb  main.o [2]
DispEncV                0x2000'02e4    0x2  Data  Gb  main.o [2]
EXTI0_1_IRQHandler       0x800'30b3         Code  Wk  startup_stm32f030x6.o [1]
EXTI2_3_IRQHandler       0x800'30bf         Code  Wk  startup_stm32f030x6.o [1]
EXTI4_15_IRQHandler      0x800'3105         Code  Wk  startup_stm32f030x6.o [1]
Enc_I                   0x2000'02f2    0x2  Data  Gb  stm32f0xx_it.o [2]
Enc_V                   0x2000'02f0    0x2  Data  Gb  stm32f0xx_it.o [2]
EncoderSpeed            0x2000'000a    0x2  Data  Gb  main.o [2]
EncoderSpeedInc         0x2000'000c    0x2  Data  Gb  main.o [2]
EncoderSpeed_I          0x2000'02ea    0x2  Data  Gb  stm32f0xx_it.o [2]
EncoderSpeed_V          0x2000'02e8    0x2  Data  Gb  stm32f0xx_it.o [2]
Error_Handler            0x800'0aa1    0x6  Code  Gb  main.o [2]
FLASH_IRQHandler         0x800'2d77         Code  Wk  startup_stm32f030x6.o [1]
HAL_ADCEx_Calibration_Start
                         0x800'12e5   0xdc  Code  Gb  stm32f0xx_hal_adc_ex.o [4]
HAL_ADC_ConfigChannel    0x800'1695  0x156  Code  Gb  stm32f0xx_hal_adc.o [4]
HAL_ADC_ConvCpltCallback
                         0x800'2d21    0x2  Code  Wk  stm32f0xx_hal_adc.o [4]
HAL_ADC_ConvHalfCpltCallback
                         0x800'2d23    0x2  Code  Wk  stm32f0xx_hal_adc.o [4]
HAL_ADC_ErrorCallback    0x800'2d25    0x2  Code  Wk  stm32f0xx_hal_adc.o [4]
HAL_ADC_Init             0x800'13c1  0x1aa  Code  Gb  stm32f0xx_hal_adc.o [4]
HAL_ADC_MspInit          0x800'23c5   0x8c  Code  Gb  stm32f0xx_hal_msp.o [2]
HAL_ADC_Start            0x800'156b   0x66  Code  Gb  stm32f0xx_hal_adc.o [4]
HAL_ADC_Start_DMA        0x800'15e1   0xa4  Code  Gb  stm32f0xx_hal_adc.o [4]
HAL_DMA_IRQHandler       0x800'2c03   0xce  Code  Gb  stm32f0xx_hal_dma.o [4]
HAL_DMA_Init             0x800'2b29   0x54  Code  Gb  stm32f0xx_hal_dma.o [4]
HAL_DMA_Start_IT         0x800'2b81   0x82  Code  Gb  stm32f0xx_hal_dma.o [4]
HAL_Delay                0x800'1955   0x28  Code  Wk  stm32f0xx_hal.o [4]
HAL_GPIO_Init            0x800'27d9  0x1b8  Code  Gb  stm32f0xx_hal_gpio.o [4]
HAL_GPIO_ReadPin         0x800'29a9   0x16  Code  Gb  stm32f0xx_hal_gpio.o [4]
HAL_GPIO_WritePin        0x800'29bf   0x14  Code  Gb  stm32f0xx_hal_gpio.o [4]
HAL_GetTick              0x800'2b1d    0xc  Code  Wk  stm32f0xx_hal.o [4]
HAL_I2CEx_ConfigAnalogFilter
                         0x800'21cd   0x64  Code  Gb  stm32f0xx_hal_i2c_ex.o [4]
HAL_I2CEx_ConfigDigitalFilter
                         0x800'2231   0x5e  Code  Gb  stm32f0xx_hal_i2c_ex.o [4]
HAL_I2CEx_EnableFastModePlus
                         0x800'228f   0x20  Code  Gb  stm32f0xx_hal_i2c_ex.o [4]
HAL_I2C_Init             0x800'20f9   0xc6  Code  Gb  stm32f0xx_hal_i2c.o [4]
HAL_I2C_MspInit          0x800'2451   0x60  Code  Gb  stm32f0xx_hal_msp.o [2]
HAL_IncTick              0x800'2fb9   0x18  Code  Wk  stm32f0xx_hal.o [4]
HAL_Init                 0x800'0aa9   0x1a  Code  Gb  stm32f0xx_hal.o [4]
HAL_InitTick             0x800'2ac1   0x50  Code  Wk  stm32f0xx_hal.o [4]
HAL_MspInit              0x800'2399   0x2c  Code  Gb  stm32f0xx_hal_msp.o [2]
HAL_NVIC_EnableIRQ       0x800'27ad    0xa  Code  Gb  stm32f0xx_hal_cortex.o [4]
HAL_NVIC_SetPriority     0x800'27a3    0xa  Code  Gb  stm32f0xx_hal_cortex.o [4]
HAL_RCCEx_PeriphCLKConfig
                         0x800'1fe1   0xf8  Code  Gb  stm32f0xx_hal_rcc_ex.o [4]
HAL_RCC_ClockConfig      0x800'1e09  0x128  Code  Gb  stm32f0xx_hal_rcc.o [4]
HAL_RCC_GetSysClockFreq
                         0x800'1f45   0x6c  Code  Gb  stm32f0xx_hal_rcc.o [4]
HAL_RCC_OscConfig        0x800'1991  0x466  Code  Gb  stm32f0xx_hal_rcc.o [4]
HAL_SYSTICK_Config       0x800'27b7    0x8  Code  Gb  stm32f0xx_hal_cortex.o [4]
HAL_TIMEx_BreakCallback
                         0x800'2b17    0x2  Code  Wk  stm32f0xx_hal_tim_ex.o [4]
HAL_TIMEx_CommutCallback
                         0x800'2b1b    0x2  Code  Wk  stm32f0xx_hal_tim_ex.o [4]
HAL_TIMEx_ConfigBreakDeadTime
                         0x800'2319   0x5c  Code  Gb  stm32f0xx_hal_tim_ex.o [4]
HAL_TIMEx_MasterConfigSynchronization
                         0x800'22c1   0x58  Code  Gb  stm32f0xx_hal_tim_ex.o [4]
HAL_TIM_Base_Init        0x800'0ac9   0x5c  Code  Gb  stm32f0xx_hal_tim.o [4]
HAL_TIM_Base_MspInit     0x800'2577   0x6c  Code  Gb  stm32f0xx_hal_msp.o [2]
HAL_TIM_Base_Start_IT    0x800'0b25   0x56  Code  Gb  stm32f0xx_hal_tim.o [4]
HAL_TIM_Base_Stop_IT     0x800'0b7b   0x3c  Code  Gb  stm32f0xx_hal_tim.o [4]
HAL_TIM_Encoder_Init     0x800'0c25   0xc4  Code  Gb  stm32f0xx_hal_tim.o [4]
HAL_TIM_Encoder_MspInit
                         0x800'24b1   0x6a  Code  Gb  stm32f0xx_hal_msp.o [2]
HAL_TIM_Encoder_Start    0x800'0ce9   0xe2  Code  Gb  stm32f0xx_hal_tim.o [4]
HAL_TIM_IC_CaptureCallback
                         0x800'2b11    0x2  Code  Wk  stm32f0xx_hal_tim.o [4]
HAL_TIM_IRQHandler       0x800'0ddd  0x1ac  Code  Gb  stm32f0xx_hal_tim.o [4]
HAL_TIM_MspPostInit      0x800'25f5   0xc2  Code  Gb  stm32f0xx_hal_msp.o [2]
HAL_TIM_OC_DelayElapsedCallback
                         0x800'2b13    0x2  Code  Wk  stm32f0xx_hal_tim.o [4]
HAL_TIM_PWM_ConfigChannel
                         0x800'0f89   0xfa  Code  Gb  stm32f0xx_hal_tim.o [4]
HAL_TIM_PWM_Init         0x800'0bc9   0x5c  Code  Gb  stm32f0xx_hal_tim.o [4]
HAL_TIM_PWM_MspInit      0x800'251b   0x5c  Code  Gb  stm32f0xx_hal_msp.o [2]
HAL_TIM_PWM_PulseFinishedCallback
                         0x800'2b15    0x2  Code  Wk  stm32f0xx_hal_tim.o [4]
HAL_TIM_PeriodElapsedCallback
                         0x800'0981   0xfc  Code  Gb  main.o [2]
HAL_TIM_TriggerCallback
                         0x800'2b19    0x2  Code  Wk  stm32f0xx_hal_tim.o [4]
HardFault_Handler        0x800'2db5    0x4  Code  Gb  stm32f0xx_it.o [2]
I2C1_IRQHandler          0x800'3159         Code  Wk  startup_stm32f030x6.o [1]
LED_Data                0x2000'0014   0x60  Data  Gb  main.o [2]
MX_ADC_Init              0x800'01b5   0x9a  Code  Lc  main.o [2]
MX_DMA_Init              0x800'0547   0x26  Code  Lc  main.o [2]
MX_GPIO_Init             0x800'0579   0xaa  Code  Lc  main.o [2]
MX_I2C1_Init             0x800'024f   0x4e  Code  Lc  main.o [2]
MX_TIM14_Init            0x800'03bd   0x26  Code  Lc  main.o [2]
MX_TIM16_Init            0x800'040d   0x9a  Code  Lc  main.o [2]
MX_TIM17_Init            0x800'04ad   0x9a  Code  Lc  main.o [2]
MX_TIM1_Init             0x800'029d   0x72  Code  Lc  main.o [2]
MX_TIM3_Init             0x800'030f   0xaa  Code  Lc  main.o [2]
Mon2Seg                  0x800'08f5   0x88  Code  Gb  main.o [2]
Mon4Seg                  0x800'075d  0x190  Code  Gb  main.o [2]
NMI_Handler              0x800'2db1    0x4  Code  Gb  stm32f0xx_it.o [2]
PendSV_Handler           0x800'2dbb    0x2  Code  Gb  stm32f0xx_it.o [2]
RCC_IRQHandler           0x800'2daf         Code  Wk  startup_stm32f030x6.o [1]
RTC_IRQHandler           0x800'2d27         Code  Wk  startup_stm32f030x6.o [1]
Region$$Table$$Base      0x800'3064          --   Gb  - Linker created -
Region$$Table$$Limit     0x800'3088          --   Gb  - Linker created -
Reset_Handler            0x800'3139         Code  Wk  startup_stm32f030x6.o [1]
SPI1_IRQHandler          0x800'315b         Code  Wk  startup_stm32f030x6.o [1]
SVC_Handler              0x800'2db9    0x2  Code  Gb  stm32f0xx_it.o [2]
SampleTimeEncSpeed      0x2000'000e    0x2  Data  Gb  main.o [2]
SevSegm                  0x800'0631  0x118  Code  Gb  main.o [2]
SevSegm::Buf            0x2000'02ac   0x10  Data  Lc  main.o [2]
SysTick_Config           0x800'2773   0x30  Code  Lc  stm32f0xx_hal_cortex.o [4]
SysTick_Handler          0x800'2dbd  0x1a4  Code  Gb  stm32f0xx_it.o [2]
SystemClock_Config       0x800'0131   0x84  Code  Gb  main.o [2]
SystemCoreClock         0x2000'0004    0x4  Data  Gb  system_stm32f0xx.o [3]
SystemInit               0x800'3161    0x2  Code  Gb  system_stm32f0xx.o [3]
TIM14_IRQHandler         0x800'2f6b    0xa  Code  Gb  stm32f0xx_it.o [2]
TIM16_IRQHandler         0x800'3155         Code  Wk  startup_stm32f030x6.o [1]
TIM17_IRQHandler         0x800'3157         Code  Wk  startup_stm32f030x6.o [1]
TIM1_BRK_UP_TRG_COM_IRQHandler
                         0x800'314f         Code  Wk  startup_stm32f030x6.o [1]
TIM1_CC_IRQHandler       0x800'3151         Code  Wk  startup_stm32f030x6.o [1]
TIM3_IRQHandler          0x800'3153         Code  Wk  startup_stm32f030x6.o [1]
TIM_Base_SetConfig       0x800'1089   0x6a  Code  Gb  stm32f0xx_hal_tim.o [4]
TIM_CCxChannelCmd        0x800'12c5   0x20  Code  Gb  stm32f0xx_hal_tim.o [4]
TIM_OC1_SetConfig        0x800'10f3   0x70  Code  Lc  stm32f0xx_hal_tim.o [4]
TIM_OC2_SetConfig        0x800'1163   0x6e  Code  Gb  stm32f0xx_hal_tim.o [4]
TIM_OC3_SetConfig        0x800'11d1   0x6a  Code  Lc  stm32f0xx_hal_tim.o [4]
TIM_OC4_SetConfig        0x800'123b   0x50  Code  Lc  stm32f0xx_hal_tim.o [4]
USART1_IRQHandler        0x800'315d         Code  Wk  startup_stm32f030x6.o [1]
USBAmp                  0x2000'02d4    0x8  Data  Gb  main.o [2]
Volt                    0x2000'02c4    0x8  Data  Gb  main.o [2]
WWDG_IRQHandler          0x800'0aa7         Code  Wk  startup_stm32f030x6.o [1]
__ICFEDIT_region_RAM_end__ {Abs}
                        0x2000'0fff         Data  Gb  <internal module>
__ICFEDIT_region_RAM_start__ {Abs}
                        0x2000'0000         Data  Gb  <internal module>
__NVIC_EnableIRQ         0x800'26e9   0x18  Code  Lc  stm32f0xx_hal_cortex.o [4]
__NVIC_SetPriority       0x800'2701   0x72  Code  Lc  stm32f0xx_hal_cortex.o [4]
__aeabi_idiv             0x800'2a0d         Code  Gb  I32DivModFast.o [6]
__aeabi_idiv0            0x800'2dad         Code  Gb  IntDivZer.o [6]
__aeabi_idivmod          0x800'2a0d         Code  Gb  I32DivModFast.o [6]
__aeabi_memcpy4          0x800'2d79         Code  Gb  ABImemcpy.o [6]
__aeabi_memcpy8          0x800'2d79         Code  Gb  ABImemcpy.o [6]
__aeabi_memset           0x800'2d29         Code  Gb  ABImemset.o [6]
__aeabi_uidiv            0x800'2a13         Code  Gb  I32DivModFast.o [6]
__aeabi_uidivmod         0x800'2a13         Code  Gb  I32DivModFast.o [6]
__cmain                  0x800'3089         Code  Gb  cmain.o [6]
__exit                   0x800'30c1   0x14  Code  Gb  exit.o [7]
__iar_Memset4_word       0x800'2d49         Code  Gb  ABImemset.o [6]
__iar_Memset_word        0x800'2d35         Code  Gb  ABImemset.o [6]
__iar_copy_init3         0x800'300d   0x30  Code  Gb  copy_init3.o [6]
__iar_data_init3         0x800'303d   0x28  Code  Gb  data_init.o [6]
__iar_program_start      0x800'30d5         Code  Gb  cstartup_M.o [6]
__iar_zero_init3         0x800'2fd1   0x3c  Code  Gb  zero_init3.o [6]
__low_level_init         0x800'30a7    0x4  Code  Gb  low_level_init.o [5]
__vector_table           0x800'0000         Data  Gb  startup_stm32f030x6.o [1]
_call_main               0x800'3095         Code  Gb  cmain.o [6]
_exit                    0x800'30b5         Code  Gb  cexit.o [6]
exit                     0x800'30ab    0x8  Code  Gb  exit.o [5]
hadc                    0x2000'026c   0x40  Data  Gb  main.o [2]
hdma_adc                0x2000'0228   0x44  Data  Gb  main.o [2]
hi2c1                   0x2000'0074   0x4c  Data  Gb  main.o [2]
htim1                   0x2000'00c0   0x48  Data  Gb  main.o [2]
htim14                  0x2000'0150   0x48  Data  Gb  main.o [2]
htim16                  0x2000'0198   0x48  Data  Gb  main.o [2]
htim17                  0x2000'01e0   0x48  Data  Gb  main.o [2]
htim3                   0x2000'0108   0x48  Data  Gb  main.o [2]
iLED                    0x2000'02e0    0x2  Data  Gb  main.o [2]
indx                    0x2000'02e2    0x2  Data  Gb  main.o [2]
main                     0x800'00b1   0x80  Code  Gb  main.o [2]
memset                   0x800'197d   0x14  Code  Gb  memset.o [6]
oldpos_I                0x2000'02ee    0x2  Data  Gb  stm32f0xx_it.o [2]
oldpos_V                0x2000'02ec    0x2  Data  Gb  stm32f0xx_it.o [2]
uwTick                  0x2000'02dc    0x4  Data  Gb  stm32f0xx_hal.o [4]
uwTickFreq              0x2000'0010    0x1  Data  Gb  stm32f0xx_hal.o [4]
uwTickPrio              0x2000'0000    0x4  Data  Gb  stm32f0xx_hal.o [4]


[1] = E:\Storage_W\MEGA\Other\Amin\STM\PowerSupply_2\EWARM\PowerSupply_2\Obj\Application\EWARM
[2] = E:\Storage_W\MEGA\Other\Amin\STM\PowerSupply_2\EWARM\PowerSupply_2\Obj\Application\User\Core
[3] = E:\Storage_W\MEGA\Other\Amin\STM\PowerSupply_2\EWARM\PowerSupply_2\Obj\Drivers\CMSIS
[4] = E:\Storage_W\MEGA\Other\Amin\STM\PowerSupply_2\EWARM\PowerSupply_2\Obj\Drivers\STM32F0xx_HAL_Driver
[5] = dl6M_tln.a
[6] = rt6M_tl.a
[7] = shb_l.a

  12'536 bytes of readonly  code memory
     106 bytes of readonly  data memory
   1'777 bytes of readwrite data memory

Errors: none
Warnings: none
