###############################################################################
#
# IAR ELF Linker V9.30.1.335/W64 for ARM                  08/Oct/2022  11:07:33
# Copyright 2007-2022 IAR Systems AB.
#
#    Output file  =
#        E:\Storage_W\MEGA\Other\Amin\STM\PowerSupply_2\EWARM\PowerSupply_2\Exe\PowerSupply_2.out
#    Map file     =
#        E:\Storage_W\MEGA\Other\Amin\STM\PowerSupply_2\EWARM\PowerSupply_2\List\PowerSupply_2.map
#    Command line =
#        -f
#        E:\Storage_W\MEGA\Other\Amin\STM\PowerSupply_2\EWARM\PowerSupply_2\Exe\PowerSupply_2.out.rsp
#        (E:\Storage_W\MEGA\Other\Amin\STM\PowerSupply_2\EWARM\PowerSupply_2\Obj\Application\User\Core\main.o
#        E:\Storage_W\MEGA\Other\Amin\STM\PowerSupply_2\EWARM\PowerSupply_2\Obj\Application\EWARM\startup_stm32f030x6.o
#        E:\Storage_W\MEGA\Other\Amin\STM\PowerSupply_2\EWARM\PowerSupply_2\Obj\Drivers\STM32F0xx_HAL_Driver\stm32f0xx_hal.o
#        E:\Storage_W\MEGA\Other\Amin\STM\PowerSupply_2\EWARM\PowerSupply_2\Obj\Drivers\STM32F0xx_HAL_Driver\stm32f0xx_hal_adc.o
#        E:\Storage_W\MEGA\Other\Amin\STM\PowerSupply_2\EWARM\PowerSupply_2\Obj\Drivers\STM32F0xx_HAL_Driver\stm32f0xx_hal_adc_ex.o
#        E:\Storage_W\MEGA\Other\Amin\STM\PowerSupply_2\EWARM\PowerSupply_2\Obj\Drivers\STM32F0xx_HAL_Driver\stm32f0xx_hal_cortex.o
#        E:\Storage_W\MEGA\Other\Amin\STM\PowerSupply_2\EWARM\PowerSupply_2\Obj\Drivers\STM32F0xx_HAL_Driver\stm32f0xx_hal_dma.o
#        E:\Storage_W\MEGA\Other\Amin\STM\PowerSupply_2\EWARM\PowerSupply_2\Obj\Drivers\STM32F0xx_HAL_Driver\stm32f0xx_hal_exti.o
#        E:\Storage_W\MEGA\Other\Amin\STM\PowerSupply_2\EWARM\PowerSupply_2\Obj\Drivers\STM32F0xx_HAL_Driver\stm32f0xx_hal_flash.o
#        E:\Storage_W\MEGA\Other\Amin\STM\PowerSupply_2\EWARM\PowerSupply_2\Obj\Drivers\STM32F0xx_HAL_Driver\stm32f0xx_hal_flash_ex.o
#        E:\Storage_W\MEGA\Other\Amin\STM\PowerSupply_2\EWARM\PowerSupply_2\Obj\Drivers\STM32F0xx_HAL_Driver\stm32f0xx_hal_gpio.o
#        E:\Storage_W\MEGA\Other\Amin\STM\PowerSupply_2\EWARM\PowerSupply_2\Obj\Drivers\STM32F0xx_HAL_Driver\stm32f0xx_hal_i2c.o
#        E:\Storage_W\MEGA\Other\Amin\STM\PowerSupply_2\EWARM\PowerSupply_2\Obj\Drivers\STM32F0xx_HAL_Driver\stm32f0xx_hal_i2c_ex.o
#        E:\Storage_W\MEGA\Other\Amin\STM\PowerSupply_2\EWARM\PowerSupply_2\Obj\Application\User\Core\stm32f0xx_hal_msp.o
#        E:\Storage_W\MEGA\Other\Amin\STM\PowerSupply_2\EWARM\PowerSupply_2\Obj\Drivers\STM32F0xx_HAL_Driver\stm32f0xx_hal_pwr.o
#        E:\Storage_W\MEGA\Other\Amin\STM\PowerSupply_2\EWARM\PowerSupply_2\Obj\Drivers\STM32F0xx_HAL_Driver\stm32f0xx_hal_pwr_ex.o
#        E:\Storage_W\MEGA\Other\Amin\STM\PowerSupply_2\EWARM\PowerSupply_2\Obj\Drivers\STM32F0xx_HAL_Driver\stm32f0xx_hal_rcc.o
#        E:\Storage_W\MEGA\Other\Amin\STM\PowerSupply_2\EWARM\PowerSupply_2\Obj\Drivers\STM32F0xx_HAL_Driver\stm32f0xx_hal_rcc_ex.o
#        E:\Storage_W\MEGA\Other\Amin\STM\PowerSupply_2\EWARM\PowerSupply_2\Obj\Drivers\STM32F0xx_HAL_Driver\stm32f0xx_hal_tim.o
#        E:\Storage_W\MEGA\Other\Amin\STM\PowerSupply_2\EWARM\PowerSupply_2\Obj\Drivers\STM32F0xx_HAL_Driver\stm32f0xx_hal_tim_ex.o
#        E:\Storage_W\MEGA\Other\Amin\STM\PowerSupply_2\EWARM\PowerSupply_2\Obj\Application\User\Core\stm32f0xx_it.o
#        E:\Storage_W\MEGA\Other\Amin\STM\PowerSupply_2\EWARM\PowerSupply_2\Obj\Drivers\CMSIS\system_stm32f0xx.o
#        --no_out_extension -o
#        E:\Storage_W\MEGA\Other\Amin\STM\PowerSupply_2\EWARM\PowerSupply_2\Exe\PowerSupply_2.out
#        --redirect _Printf=_PrintfFullNoMb --redirect _Scanf=_ScanfFullNoMb
#        --map
#        E:\Storage_W\MEGA\Other\Amin\STM\PowerSupply_2\EWARM\PowerSupply_2\List\PowerSupply_2.map
#        --config
#        E:\Storage_W\MEGA\Other\Amin\STM\PowerSupply_2\EWARM/stm32f030x6_flash.icf
#        --semihosting --entry __iar_program_start --vfe --text_out locale
#        --cpu=Cortex-M0 --fpu=None)
#
###############################################################################

*******************************************************************************
*** RUNTIME MODEL ATTRIBUTES
***

CppFlavor       = *
__CPP_Runtime   = 1
__SystemLibrary = DLib
__dlib_version  = 6


*******************************************************************************
*** HEAP SELECTION
***

The basic heap was selected because --advanced_heap
was not specified and the application did not appear to
be primarily optimized for speed.


*******************************************************************************
*** PLACEMENT SUMMARY
***

"A0":  place at address 0x800'0000 { ro section .intvec };
"P1":  place in [from 0x800'0000 to 0x800'7fff] { ro };
define block CSTACK with size = 1K, alignment = 8 { };
define block HEAP with size = 512, alignment = 8 { };
"P2":  place in [from 0x2000'0000 to 0x2000'0fff] {
          rw, block CSTACK, block HEAP };
initialize by copy { rw };

  Section            Kind         Address    Size  Object
  -------            ----         -------    ----  ------
"A0":                                        0xb0
  .intvec            ro code   0x800'0000    0xb0  startup_stm32f030x6.o [1]
                             - 0x800'00b0    0xb0

"P1":                                      0x33b6
  .text              ro code   0x800'00b0   0xc76  main.o [2]
  .text              ro code   0x800'0d26     0x2  startup_stm32f030x6.o [1]
  .text              ro code   0x800'0d28    0x20  stm32f0xx_hal.o [4]
  .text              ro code   0x800'0d48   0x8f4  stm32f0xx_hal_tim.o [4]
  .text              ro code   0x800'163c    0xdc  stm32f0xx_hal_adc_ex.o [4]
  .text              ro code   0x800'1718   0x52c  stm32f0xx_hal_adc.o [4]
  .text              ro code   0x800'1c44    0x14  memset.o [6]
  .text              ro code   0x800'1c58   0x650  stm32f0xx_hal_rcc.o [4]
  .text              ro code   0x800'22a8   0x118  stm32f0xx_hal_rcc_ex.o [4]
  .text              ro code   0x800'23c0    0xd4  stm32f0xx_hal_i2c.o [4]
  .text              ro code   0x800'2494    0xf4  stm32f0xx_hal_i2c_ex.o [4]
  .text              ro code   0x800'2588    0xd8  stm32f0xx_hal_tim_ex.o [4]
  .text              ro code   0x800'2660   0x34c  stm32f0xx_hal_msp.o [2]
  .text              ro code   0x800'29ac    0xf0  stm32f0xx_hal_cortex.o [4]
  .text              ro code   0x800'2a9c   0x22c  stm32f0xx_hal_gpio.o [4]
  .text              ro code   0x800'2cc8    0xe0  I32DivModFast.o [6]
  .text              ro code   0x800'2da8    0x50  stm32f0xx_hal.o [4]
  .text              ro code   0x800'2df8     0x2  stm32f0xx_hal_tim.o [4]
  .text              ro code   0x800'2dfa     0x2  stm32f0xx_hal_tim.o [4]
  .text              ro code   0x800'2dfc     0x2  stm32f0xx_hal_tim.o [4]
  .text              ro code   0x800'2dfe     0x2  stm32f0xx_hal_tim_ex.o [4]
  .text              ro code   0x800'2e00     0x2  stm32f0xx_hal_tim.o [4]
  .text              ro code   0x800'2e02     0x2  stm32f0xx_hal_tim_ex.o [4]
  .text              ro code   0x800'2e04     0xc  stm32f0xx_hal.o [4]
  .text              ro code   0x800'2e10   0x1f8  stm32f0xx_hal_dma.o [4]
  .text              ro code   0x800'3008     0x2  stm32f0xx_hal_adc.o [4]
  .text              ro code   0x800'300a     0x2  stm32f0xx_hal_adc.o [4]
  .text              ro code   0x800'300c    0x4e  ABImemset.o [6]
  .text              ro code   0x800'305a     0x2  startup_stm32f030x6.o [1]
  .text              ro code   0x800'305c    0x34  ABImemcpy.o [6]
  .text              ro code   0x800'3090     0x2  IntDivZer.o [6]
  .text              ro code   0x800'3092     0x2  startup_stm32f030x6.o [1]
  .text              ro code   0x800'3094   0x228  stm32f0xx_it.o [2]
  .text              ro code   0x800'32bc    0x18  stm32f0xx_hal.o [4]
  .text              ro code   0x800'32d4    0x3c  zero_init3.o [6]
  .text              ro code   0x800'3310    0x30  copy_init3.o [6]
  .text              ro code   0x800'3340    0x28  data_init.o [6]
  .iar.init_table    const     0x800'3368    0x24  - Linker created -
  .text              ro code   0x800'338c    0x1e  cmain.o [6]
  .text              ro code   0x800'33aa     0x4  low_level_init.o [5]
  .text              ro code   0x800'33ae     0x8  exit.o [5]
  .text              ro code   0x800'33b6     0x2  startup_stm32f030x6.o [1]
  .text              ro code   0x800'33b8     0xa  cexit.o [6]
  .text              ro code   0x800'33c2     0x2  startup_stm32f030x6.o [1]
  .text              ro code   0x800'33c4    0x14  exit.o [7]
  .text              ro code   0x800'33d8    0x1c  cstartup_M.o [6]
  Initializer bytes  const     0x800'33f4    0x18  <for P2-1>
  .text              ro code   0x800'340c     0x2  startup_stm32f030x6.o [1]
  .rodata            const     0x800'3410    0x10  stm32f0xx_hal_rcc.o [4]
  .rodata            const     0x800'3420    0x10  stm32f0xx_hal_rcc.o [4]
  .rodata            const     0x800'3430    0x10  system_stm32f0xx.o [3]
  .text              ro code   0x800'3440    0x10  startup_stm32f030x6.o [1]
  .text              ro code   0x800'3450     0x2  startup_stm32f030x6.o [1]
  .text              ro code   0x800'3452     0x2  startup_stm32f030x6.o [1]
  .text              ro code   0x800'3454     0x2  startup_stm32f030x6.o [1]
  .text              ro code   0x800'3456     0x2  startup_stm32f030x6.o [1]
  .text              ro code   0x800'3458     0x2  startup_stm32f030x6.o [1]
  .text              ro code   0x800'345a     0x2  startup_stm32f030x6.o [1]
  .text              ro code   0x800'345c     0x2  startup_stm32f030x6.o [1]
  .text              ro code   0x800'345e     0x2  startup_stm32f030x6.o [1]
  .text              ro code   0x800'3460     0x2  startup_stm32f030x6.o [1]
  .text              ro code   0x800'3464     0x2  system_stm32f0xx.o [3]
  .rodata            const     0x800'3466     0x0  zero_init3.o [6]
  .rodata            const     0x800'3466     0x0  copy_init3.o [6]
                             - 0x800'3466  0x33b6

"P2", part 1 of 3:                           0x18
  P2-1                        0x2000'0000    0x15  <Init block>
    .data            inited   0x2000'0000     0x4  stm32f0xx_hal.o [4]
    .data            inited   0x2000'0004     0x4  system_stm32f0xx.o [3]
    .data            inited   0x2000'0008     0x2  main.o [2]
    .data            inited   0x2000'000a     0x2  main.o [2]
    .data            inited   0x2000'000c     0x2  main.o [2]
    .data            inited   0x2000'000e     0x2  main.o [2]
    .data            inited   0x2000'0010     0x2  main.o [2]
    .data            inited   0x2000'0012     0x2  main.o [2]
    .data            inited   0x2000'0014     0x1  stm32f0xx_hal.o [4]
                            - 0x2000'0015    0x15

"P2", part 2 of 3:                          0x2f4
  .bss               zero     0x2000'0018    0x60  main.o [2]
  .bss               zero     0x2000'0078    0x4c  main.o [2]
  .bss               zero     0x2000'00c4    0x48  main.o [2]
  .bss               zero     0x2000'010c    0x48  main.o [2]
  .bss               zero     0x2000'0154    0x48  main.o [2]
  .bss               zero     0x2000'019c    0x48  main.o [2]
  .bss               zero     0x2000'01e4    0x48  main.o [2]
  .bss               zero     0x2000'022c    0x44  main.o [2]
  .bss               zero     0x2000'0270    0x40  main.o [2]
  .bss               zero     0x2000'02b0    0x10  main.o [2]
  .bss               zero     0x2000'02c0     0x8  main.o [2]
  .bss               zero     0x2000'02c8     0x8  main.o [2]
  .bss               zero     0x2000'02d0     0x8  main.o [2]
  .bss               zero     0x2000'02d8     0x8  main.o [2]
  .bss               zero     0x2000'02e0     0x4  main.o [2]
  .bss               zero     0x2000'02e4     0x4  main.o [2]
  .bss               zero     0x2000'02e8     0x4  main.o [2]
  .bss               zero     0x2000'02ec     0x4  main.o [2]
  .bss               zero     0x2000'02f0     0x4  stm32f0xx_hal.o [4]
  .bss               zero     0x2000'02f4     0x2  main.o [2]
  .bss               zero     0x2000'02f6     0x2  main.o [2]
  .bss               zero     0x2000'02f8     0x2  main.o [2]
  .bss               zero     0x2000'02fa     0x2  main.o [2]
  .bss               zero     0x2000'02fc     0x2  stm32f0xx_it.o [2]
  .bss               zero     0x2000'02fe     0x2  stm32f0xx_it.o [2]
  .bss               zero     0x2000'0300     0x2  stm32f0xx_it.o [2]
  .bss               zero     0x2000'0302     0x2  stm32f0xx_it.o [2]
  .bss               zero     0x2000'0304     0x2  stm32f0xx_it.o [2]
  .bss               zero     0x2000'0306     0x2  stm32f0xx_it.o [2]
  .bss               zero     0x2000'0308     0x1  main.o [2]
                            - 0x2000'0309   0x2f1

"P2", part 3 of 3:                          0x400
  CSTACK                      0x2000'0310   0x400  <Block>
    CSTACK           uninit   0x2000'0310   0x400  <Block tail>
                            - 0x2000'0710   0x400

Unused ranges:

         From           To    Size
         ----           --    ----
   0x800'3466   0x800'7fff  0x4b9a
  0x2000'030c  0x2000'030f     0x4
  0x2000'0710  0x2000'0fff   0x8f0


*******************************************************************************
*** INIT TABLE
***

          Address      Size
          -------      ----
Zero (__iar_zero_init3)
    1 destination range, total size 0x2f1:
          0x2000'0018  0x2f1

Copy (__iar_copy_init3)
    1 source range, total size 0x18 (114% of destination):
           0x800'33f4   0x18
    1 destination range, total size 0x15:
          0x2000'0000   0x15



*******************************************************************************
*** MODULE SUMMARY
***

    Module                  ro code  ro data  rw data
    ------                  -------  -------  -------
command line/config:
    -------------------------------------------------
    Total:

E:\Storage_W\MEGA\Other\Amin\STM\PowerSupply_2\EWARM\PowerSupply_2\Obj\Application\EWARM: [1]
    startup_stm32f030x6.o       222
    -------------------------------------------------
    Total:                      222

E:\Storage_W\MEGA\Other\Amin\STM\PowerSupply_2\EWARM\PowerSupply_2\Obj\Application\User\Core: [2]
    main.o                    3'190       12      749
    stm32f0xx_hal_msp.o         844
    stm32f0xx_it.o              552                12
    -------------------------------------------------
    Total:                    4'586       12      761

E:\Storage_W\MEGA\Other\Amin\STM\PowerSupply_2\EWARM\PowerSupply_2\Obj\Drivers\CMSIS: [3]
    system_stm32f0xx.o            2       20        4
    -------------------------------------------------
    Total:                        2       20        4

E:\Storage_W\MEGA\Other\Amin\STM\PowerSupply_2\EWARM\PowerSupply_2\Obj\Drivers\STM32F0xx_HAL_Driver: [4]
    stm32f0xx_hal.o             148        5        9
    stm32f0xx_hal_adc.o       1'328
    stm32f0xx_hal_adc_ex.o      220
    stm32f0xx_hal_cortex.o      240
    stm32f0xx_hal_dma.o         504
    stm32f0xx_hal_gpio.o        556
    stm32f0xx_hal_i2c.o         212
    stm32f0xx_hal_i2c_ex.o      244
    stm32f0xx_hal_rcc.o       1'616       32
    stm32f0xx_hal_rcc_ex.o      280
    stm32f0xx_hal_tim.o       2'300
    stm32f0xx_hal_tim_ex.o      220
    -------------------------------------------------
    Total:                    7'868       37        9

dl6M_tln.a: [5]
    exit.o                        8
    low_level_init.o              4
    -------------------------------------------------
    Total:                       12

rt6M_tl.a: [6]
    ABImemcpy.o                  52
    ABImemset.o                  78
    I32DivModFast.o             224
    IntDivZer.o                   2
    cexit.o                      10
    cmain.o                      30
    copy_init3.o                 48
    cstartup_M.o                 28
    data_init.o                  40
    memset.o                     20
    zero_init3.o                 60
    -------------------------------------------------
    Total:                      592

shb_l.a: [7]
    exit.o                       20
    -------------------------------------------------
    Total:                       20

    Gaps                          2        2
    Linker created                        39    1'024
-----------------------------------------------------
    Grand Total:             13'304      110    1'798


*******************************************************************************
*** ENTRY LIST
***

Entry                       Address   Size  Type      Object
-----                       -------   ----  ----      ------
.iar.init_table$$Base    0x800'3368          --   Gb  - Linker created -
.iar.init_table$$Limit   0x800'338c          --   Gb  - Linker created -
?main                    0x800'338d         Code  Gb  cmain.o [6]
ADC1_IRQHandler          0x800'3451         Code  Wk  startup_stm32f030x6.o [1]
ADC_DMAConvCplt          0x800'1ba1   0x76  Code  Lc  stm32f0xx_hal_adc.o [4]
ADC_DMAError             0x800'1c2b   0x1a  Code  Lc  stm32f0xx_hal_adc.o [4]
ADC_DMAHalfConvCplt      0x800'1c21    0xa  Code  Lc  stm32f0xx_hal_adc.o [4]
ADC_Enable               0x800'1adb   0xb2  Code  Lc  stm32f0xx_hal_adc.o [4]
AData                   0x2000'02c0    0x8  Data  Gb  main.o [2]
AHBPrescTable            0x800'3430   0x10  Data  Gb  system_stm32f0xx.o [3]
Amp                     0x2000'02d0    0x8  Data  Gb  main.o [2]
CSTACK$$Base            0x2000'0310          --   Gb  - Linker created -
CSTACK$$Limit           0x2000'0710          --   Gb  - Linker created -
DMA1_Channel1_IRQHandler
                         0x800'3265    0xa  Code  Gb  stm32f0xx_it.o [2]
DMA1_Channel2_3_IRQHandler
                         0x800'33c3         Code  Wk  startup_stm32f030x6.o [1]
DMA1_Channel4_5_IRQHandler
                         0x800'340d         Code  Wk  startup_stm32f030x6.o [1]
DMA_CalcBaseAndBitshift
                         0x800'2fe3   0x1a  Code  Lc  stm32f0xx_hal_dma.o [4]
DMA_SetConfig            0x800'2fb9   0x2a  Code  Lc  stm32f0xx_hal_dma.o [4]
Disp3s                  0x2000'000c    0x2  Data  Gb  main.o [2]
DispEncI                0x2000'02fa    0x2  Data  Gb  main.o [2]
DispEncV                0x2000'02f8    0x2  Data  Gb  main.o [2]
EXIS1PrePrs             0x2000'02e0    0x4  Data  Gb  main.o [2]
EXIS2PrePrs             0x2000'02e4    0x4  Data  Gb  main.o [2]
EXTI0_1_IRQHandler       0x800'3245    0xa  Code  Gb  stm32f0xx_it.o [2]
EXTI2_3_IRQHandler       0x800'324f    0xa  Code  Gb  stm32f0xx_it.o [2]
EXTI4_15_IRQHandler      0x800'3259    0xc  Code  Gb  stm32f0xx_it.o [2]
Enc_I                   0x2000'0306    0x2  Data  Gb  stm32f0xx_it.o [2]
Enc_V                   0x2000'0304    0x2  Data  Gb  stm32f0xx_it.o [2]
EncoderSpeed            0x2000'000e    0x2  Data  Gb  main.o [2]
EncoderSpeedInc         0x2000'0010    0x2  Data  Gb  main.o [2]
EncoderSpeed_I          0x2000'02fe    0x2  Data  Gb  stm32f0xx_it.o [2]
EncoderSpeed_V          0x2000'02fc    0x2  Data  Gb  stm32f0xx_it.o [2]
Error_Handler            0x800'0d21    0x6  Code  Gb  main.o [2]
FLASH_IRQHandler         0x800'3093         Code  Wk  startup_stm32f030x6.o [1]
HAL_ADCEx_Calibration_Start
                         0x800'163d   0xdc  Code  Gb  stm32f0xx_hal_adc_ex.o [4]
HAL_ADC_ConfigChannel    0x800'1985  0x156  Code  Gb  stm32f0xx_hal_adc.o [4]
HAL_ADC_ConvCpltCallback
                         0x800'0c71   0x28  Code  Gb  main.o [2]
HAL_ADC_ConvHalfCpltCallback
                         0x800'3009    0x2  Code  Wk  stm32f0xx_hal_adc.o [4]
HAL_ADC_ErrorCallback    0x800'300b    0x2  Code  Wk  stm32f0xx_hal_adc.o [4]
HAL_ADC_Init             0x800'1719  0x1aa  Code  Gb  stm32f0xx_hal_adc.o [4]
HAL_ADC_MspInit          0x800'268d   0x88  Code  Gb  stm32f0xx_hal_msp.o [2]
HAL_ADC_Start_DMA        0x800'18d1   0xa4  Code  Gb  stm32f0xx_hal_adc.o [4]
HAL_DMA_IRQHandler       0x800'2eeb   0xce  Code  Gb  stm32f0xx_hal_dma.o [4]
HAL_DMA_Init             0x800'2e11   0x54  Code  Gb  stm32f0xx_hal_dma.o [4]
HAL_DMA_Start_IT         0x800'2e69   0x82  Code  Gb  stm32f0xx_hal_dma.o [4]
HAL_GPIO_EXTI_Callback   0x800'0ca1   0x38  Code  Gb  main.o [2]
HAL_GPIO_EXTI_IRQHandler
                         0x800'2c97   0x1e  Code  Gb  stm32f0xx_hal_gpio.o [4]
HAL_GPIO_Init            0x800'2a9d  0x1b8  Code  Gb  stm32f0xx_hal_gpio.o [4]
HAL_GPIO_ReadPin         0x800'2c6d   0x16  Code  Gb  stm32f0xx_hal_gpio.o [4]
HAL_GPIO_WritePin        0x800'2c83   0x14  Code  Gb  stm32f0xx_hal_gpio.o [4]
HAL_GetTick              0x800'2e05    0xc  Code  Wk  stm32f0xx_hal.o [4]
HAL_I2CEx_ConfigAnalogFilter
                         0x800'2495   0x64  Code  Gb  stm32f0xx_hal_i2c_ex.o [4]
HAL_I2CEx_ConfigDigitalFilter
                         0x800'24f9   0x5e  Code  Gb  stm32f0xx_hal_i2c_ex.o [4]
HAL_I2CEx_EnableFastModePlus
                         0x800'2557   0x20  Code  Gb  stm32f0xx_hal_i2c_ex.o [4]
HAL_I2C_Init             0x800'23c1   0xc6  Code  Gb  stm32f0xx_hal_i2c.o [4]
HAL_I2C_MspInit          0x800'2715   0x60  Code  Gb  stm32f0xx_hal_msp.o [2]
HAL_IncTick              0x800'32bd   0x18  Code  Wk  stm32f0xx_hal.o [4]
HAL_Init                 0x800'0d29   0x1a  Code  Gb  stm32f0xx_hal.o [4]
HAL_InitTick             0x800'2da9   0x50  Code  Wk  stm32f0xx_hal.o [4]
HAL_MspInit              0x800'2661   0x2c  Code  Gb  stm32f0xx_hal_msp.o [2]
HAL_NVIC_EnableIRQ       0x800'2a71    0xa  Code  Gb  stm32f0xx_hal_cortex.o [4]
HAL_NVIC_SetPriority     0x800'2a67    0xa  Code  Gb  stm32f0xx_hal_cortex.o [4]
HAL_RCCEx_PeriphCLKConfig
                         0x800'22a9   0xf8  Code  Gb  stm32f0xx_hal_rcc_ex.o [4]
HAL_RCC_ClockConfig      0x800'20d1  0x128  Code  Gb  stm32f0xx_hal_rcc.o [4]
HAL_RCC_GetSysClockFreq
                         0x800'220d   0x6c  Code  Gb  stm32f0xx_hal_rcc.o [4]
HAL_RCC_OscConfig        0x800'1c59  0x466  Code  Gb  stm32f0xx_hal_rcc.o [4]
HAL_SYSTICK_Config       0x800'2a7b    0x8  Code  Gb  stm32f0xx_hal_cortex.o [4]
HAL_TIMEx_BreakCallback
                         0x800'2dff    0x2  Code  Wk  stm32f0xx_hal_tim_ex.o [4]
HAL_TIMEx_CommutCallback
                         0x800'2e03    0x2  Code  Wk  stm32f0xx_hal_tim_ex.o [4]
HAL_TIMEx_ConfigBreakDeadTime
                         0x800'25e1   0x5c  Code  Gb  stm32f0xx_hal_tim_ex.o [4]
HAL_TIMEx_MasterConfigSynchronization
                         0x800'2589   0x58  Code  Gb  stm32f0xx_hal_tim_ex.o [4]
HAL_TIM_Base_Init        0x800'0d49   0x5c  Code  Gb  stm32f0xx_hal_tim.o [4]
HAL_TIM_Base_MspInit     0x800'283b   0x6c  Code  Gb  stm32f0xx_hal_msp.o [2]
HAL_TIM_Base_Start_IT    0x800'0dd5   0x56  Code  Gb  stm32f0xx_hal_tim.o [4]
HAL_TIM_Base_Stop        0x800'0da5   0x30  Code  Gb  stm32f0xx_hal_tim.o [4]
HAL_TIM_Encoder_Init     0x800'0f7d   0xc4  Code  Gb  stm32f0xx_hal_tim.o [4]
HAL_TIM_Encoder_MspInit
                         0x800'2775   0x6a  Code  Gb  stm32f0xx_hal_msp.o [2]
HAL_TIM_Encoder_Start    0x800'1041   0xe2  Code  Gb  stm32f0xx_hal_tim.o [4]
HAL_TIM_IC_CaptureCallback
                         0x800'2df9    0x2  Code  Wk  stm32f0xx_hal_tim.o [4]
HAL_TIM_IRQHandler       0x800'1135  0x1ac  Code  Gb  stm32f0xx_hal_tim.o [4]
HAL_TIM_MspPostInit      0x800'28b9   0xc2  Code  Gb  stm32f0xx_hal_msp.o [2]
HAL_TIM_OC_DelayElapsedCallback
                         0x800'2dfb    0x2  Code  Wk  stm32f0xx_hal_tim.o [4]
HAL_TIM_PWM_ConfigChannel
                         0x800'12e1   0xfa  Code  Gb  stm32f0xx_hal_tim.o [4]
HAL_TIM_PWM_Init         0x800'0e3d   0x5c  Code  Gb  stm32f0xx_hal_tim.o [4]
HAL_TIM_PWM_MspInit      0x800'27df   0x5c  Code  Gb  stm32f0xx_hal_msp.o [2]
HAL_TIM_PWM_PulseFinishedCallback
                         0x800'2dfd    0x2  Code  Wk  stm32f0xx_hal_tim.o [4]
HAL_TIM_PWM_Start        0x800'0e99   0xd2  Code  Gb  stm32f0xx_hal_tim.o [4]
HAL_TIM_PeriodElapsedCallback
                         0x800'09d1  0x294  Code  Gb  main.o [2]
HAL_TIM_TriggerCallback
                         0x800'2e01    0x2  Code  Wk  stm32f0xx_hal_tim.o [4]
HardFault_Handler        0x800'3099    0x4  Code  Gb  stm32f0xx_it.o [2]
I2C1_IRQHandler          0x800'345d         Code  Wk  startup_stm32f030x6.o [1]
LED_Data                0x2000'0018   0x60  Data  Gb  main.o [2]
MX_ADC_Init              0x800'01b9   0x98  Code  Lc  main.o [2]
MX_DMA_Init              0x800'054f   0x26  Code  Lc  main.o [2]
MX_GPIO_Init             0x800'0589   0xf0  Code  Lc  main.o [2]
MX_I2C1_Init             0x800'0251   0x4e  Code  Lc  main.o [2]
MX_TIM14_Init            0x800'03cd   0x24  Code  Lc  main.o [2]
MX_TIM16_Init            0x800'0411   0xa0  Code  Lc  main.o [2]
MX_TIM17_Init            0x800'04b5   0x9a  Code  Lc  main.o [2]
MX_TIM1_Init             0x800'029f   0x72  Code  Lc  main.o [2]
MX_TIM3_Init             0x800'0311   0xaa  Code  Lc  main.o [2]
Mon2Seg                  0x800'0941   0x88  Code  Gb  main.o [2]
Mon4Seg                  0x800'07a9  0x190  Code  Gb  main.o [2]
NMI_Handler              0x800'3095    0x4  Code  Gb  stm32f0xx_it.o [2]
PendSV_Handler           0x800'309f    0x2  Code  Gb  stm32f0xx_it.o [2]
RCC_IRQHandler           0x800'33b7         Code  Wk  startup_stm32f030x6.o [1]
RTC_IRQHandler           0x800'305b         Code  Wk  startup_stm32f030x6.o [1]
Region$$Table$$Base      0x800'3368          --   Gb  - Linker created -
Region$$Table$$Limit     0x800'338c          --   Gb  - Linker created -
Reset_Handler            0x800'3441         Code  Wk  startup_stm32f030x6.o [1]
SPI1_IRQHandler          0x800'345f         Code  Wk  startup_stm32f030x6.o [1]
SVC_Handler              0x800'309d    0x2  Code  Gb  stm32f0xx_it.o [2]
SampleTimeEncSpeed      0x2000'0012    0x2  Data  Gb  main.o [2]
SevSegm                  0x800'0689  0x118  Code  Gb  main.o [2]
SevSegm::Buf            0x2000'02b0   0x10  Data  Lc  main.o [2]
SysTick_Config           0x800'2a37   0x30  Code  Lc  stm32f0xx_hal_cortex.o [4]
SysTick_Handler          0x800'30a1  0x1a4  Code  Gb  stm32f0xx_it.o [2]
SystemClock_Config       0x800'0135   0x84  Code  Gb  main.o [2]
SystemCoreClock         0x2000'0004    0x4  Data  Gb  system_stm32f0xx.o [3]
SystemInit               0x800'3465    0x2  Code  Gb  system_stm32f0xx.o [3]
TIM14_IRQHandler         0x800'326f    0xa  Code  Gb  stm32f0xx_it.o [2]
TIM16_IRQHandler         0x800'3459         Code  Wk  startup_stm32f030x6.o [1]
TIM17_IRQHandler         0x800'345b         Code  Wk  startup_stm32f030x6.o [1]
TIM1_BRK_UP_TRG_COM_IRQHandler
                         0x800'3453         Code  Wk  startup_stm32f030x6.o [1]
TIM1_CC_IRQHandler       0x800'3455         Code  Wk  startup_stm32f030x6.o [1]
TIM3_IRQHandler          0x800'3457         Code  Wk  startup_stm32f030x6.o [1]
TIM_Base_SetConfig       0x800'13e1   0x6a  Code  Gb  stm32f0xx_hal_tim.o [4]
TIM_CCxChannelCmd        0x800'161d   0x20  Code  Gb  stm32f0xx_hal_tim.o [4]
TIM_OC1_SetConfig        0x800'144b   0x70  Code  Lc  stm32f0xx_hal_tim.o [4]
TIM_OC2_SetConfig        0x800'14bb   0x6e  Code  Gb  stm32f0xx_hal_tim.o [4]
TIM_OC3_SetConfig        0x800'1529   0x6a  Code  Lc  stm32f0xx_hal_tim.o [4]
TIM_OC4_SetConfig        0x800'1593   0x50  Code  Lc  stm32f0xx_hal_tim.o [4]
USART1_IRQHandler        0x800'3461         Code  Wk  startup_stm32f030x6.o [1]
USBAmp                  0x2000'02d8    0x8  Data  Gb  main.o [2]
Volt                    0x2000'02c8    0x8  Data  Gb  main.o [2]
WWDG_IRQHandler          0x800'0d27         Code  Wk  startup_stm32f030x6.o [1]
__ICFEDIT_region_RAM_end__ {Abs}
                        0x2000'0fff         Data  Gb  <internal module>
__ICFEDIT_region_RAM_start__ {Abs}
                        0x2000'0000         Data  Gb  <internal module>
__NVIC_EnableIRQ         0x800'29ad   0x18  Code  Lc  stm32f0xx_hal_cortex.o [4]
__NVIC_SetPriority       0x800'29c5   0x72  Code  Lc  stm32f0xx_hal_cortex.o [4]
__aeabi_idiv             0x800'2cf5         Code  Gb  I32DivModFast.o [6]
__aeabi_idiv0            0x800'3091         Code  Gb  IntDivZer.o [6]
__aeabi_idivmod          0x800'2cf5         Code  Gb  I32DivModFast.o [6]
__aeabi_memcpy4          0x800'305d         Code  Gb  ABImemcpy.o [6]
__aeabi_memcpy8          0x800'305d         Code  Gb  ABImemcpy.o [6]
__aeabi_memset           0x800'300d         Code  Gb  ABImemset.o [6]
__aeabi_uidiv            0x800'2cfb         Code  Gb  I32DivModFast.o [6]
__aeabi_uidivmod         0x800'2cfb         Code  Gb  I32DivModFast.o [6]
__cmain                  0x800'338d         Code  Gb  cmain.o [6]
__exit                   0x800'33c5   0x14  Code  Gb  exit.o [7]
__iar_Memset4_word       0x800'302d         Code  Gb  ABImemset.o [6]
__iar_Memset_word        0x800'3019         Code  Gb  ABImemset.o [6]
__iar_copy_init3         0x800'3311   0x30  Code  Gb  copy_init3.o [6]
__iar_data_init3         0x800'3341   0x28  Code  Gb  data_init.o [6]
__iar_program_start      0x800'33d9         Code  Gb  cstartup_M.o [6]
__iar_zero_init3         0x800'32d5   0x3c  Code  Gb  zero_init3.o [6]
__low_level_init         0x800'33ab    0x4  Code  Gb  low_level_init.o [5]
__vector_table           0x800'0000         Data  Gb  startup_stm32f030x6.o [1]
_call_main               0x800'3399         Code  Gb  cmain.o [6]
_exit                    0x800'33b9         Code  Gb  cexit.o [6]
exit                     0x800'33af    0x8  Code  Gb  exit.o [5]
hadc                    0x2000'0270   0x40  Data  Gb  main.o [2]
hdma_adc                0x2000'022c   0x44  Data  Gb  main.o [2]
hi2c1                   0x2000'0078   0x4c  Data  Gb  main.o [2]
htim1                   0x2000'00c4   0x48  Data  Gb  main.o [2]
htim14                  0x2000'0154   0x48  Data  Gb  main.o [2]
htim16                  0x2000'019c   0x48  Data  Gb  main.o [2]
htim17                  0x2000'01e4   0x48  Data  Gb  main.o [2]
htim3                   0x2000'010c   0x48  Data  Gb  main.o [2]
iClkEXI                 0x2000'000a    0x2  Data  Gb  main.o [2]
iKepEXI                 0x2000'0008    0x2  Data  Gb  main.o [2]
iLED                    0x2000'02f4    0x2  Data  Gb  main.o [2]
iPrsEXIS1               0x2000'02e8    0x4  Data  Gb  main.o [2]
iPrsEXIS2               0x2000'02ec    0x4  Data  Gb  main.o [2]
iSelEXI                 0x2000'0308    0x1  Data  Gb  main.o [2]
indx                    0x2000'02f6    0x2  Data  Gb  main.o [2]
main                     0x800'00b1   0x84  Code  Gb  main.o [2]
memset                   0x800'1c45   0x14  Code  Gb  memset.o [6]
oldpos_I                0x2000'0302    0x2  Data  Gb  stm32f0xx_it.o [2]
oldpos_V                0x2000'0300    0x2  Data  Gb  stm32f0xx_it.o [2]
uwTick                  0x2000'02f0    0x4  Data  Gb  stm32f0xx_hal.o [4]
uwTickFreq              0x2000'0014    0x1  Data  Gb  stm32f0xx_hal.o [4]
uwTickPrio              0x2000'0000    0x4  Data  Gb  stm32f0xx_hal.o [4]


[1] = E:\Storage_W\MEGA\Other\Amin\STM\PowerSupply_2\EWARM\PowerSupply_2\Obj\Application\EWARM
[2] = E:\Storage_W\MEGA\Other\Amin\STM\PowerSupply_2\EWARM\PowerSupply_2\Obj\Application\User\Core
[3] = E:\Storage_W\MEGA\Other\Amin\STM\PowerSupply_2\EWARM\PowerSupply_2\Obj\Drivers\CMSIS
[4] = E:\Storage_W\MEGA\Other\Amin\STM\PowerSupply_2\EWARM\PowerSupply_2\Obj\Drivers\STM32F0xx_HAL_Driver
[5] = dl6M_tln.a
[6] = rt6M_tl.a
[7] = shb_l.a

  13'304 bytes of readonly  code memory
     110 bytes of readonly  data memory
   1'798 bytes of readwrite data memory

Errors: none
Warnings: none
