###############################################################################
#
# IAR ELF Linker V9.30.1.335/W64 for ARM                  25/Oct/2022  23:05:01
# Copyright 2007-2022 IAR Systems AB.
#
#    Output file  =
#        E:\Storage_W\MEGA\Other\Amin\STM\PowerSupply_2\EWARM\PowerSupply_2\Exe\PowerSupply_2.out
#    Map file     =
#        E:\Storage_W\MEGA\Other\Amin\STM\PowerSupply_2\EWARM\PowerSupply_2\List\PowerSupply_2.map
#    Command line =
#        -f
#        E:\Storage_W\MEGA\Other\Amin\STM\PowerSupply_2\EWARM\PowerSupply_2\Exe\PowerSupply_2.out.rsp
#        (E:\Storage_W\MEGA\Other\Amin\STM\PowerSupply_2\EWARM\PowerSupply_2\Obj\Application\User\Core\main.o
#        E:\Storage_W\MEGA\Other\Amin\STM\PowerSupply_2\EWARM\PowerSupply_2\Obj\Application\EWARM\startup_stm32f030x6.o
#        E:\Storage_W\MEGA\Other\Amin\STM\PowerSupply_2\EWARM\PowerSupply_2\Obj\Drivers\STM32F0xx_HAL_Driver\stm32f0xx_hal.o
#        E:\Storage_W\MEGA\Other\Amin\STM\PowerSupply_2\EWARM\PowerSupply_2\Obj\Drivers\STM32F0xx_HAL_Driver\stm32f0xx_hal_adc.o
#        E:\Storage_W\MEGA\Other\Amin\STM\PowerSupply_2\EWARM\PowerSupply_2\Obj\Drivers\STM32F0xx_HAL_Driver\stm32f0xx_hal_adc_ex.o
#        E:\Storage_W\MEGA\Other\Amin\STM\PowerSupply_2\EWARM\PowerSupply_2\Obj\Drivers\STM32F0xx_HAL_Driver\stm32f0xx_hal_cortex.o
#        E:\Storage_W\MEGA\Other\Amin\STM\PowerSupply_2\EWARM\PowerSupply_2\Obj\Drivers\STM32F0xx_HAL_Driver\stm32f0xx_hal_dma.o
#        E:\Storage_W\MEGA\Other\Amin\STM\PowerSupply_2\EWARM\PowerSupply_2\Obj\Drivers\STM32F0xx_HAL_Driver\stm32f0xx_hal_exti.o
#        E:\Storage_W\MEGA\Other\Amin\STM\PowerSupply_2\EWARM\PowerSupply_2\Obj\Drivers\STM32F0xx_HAL_Driver\stm32f0xx_hal_flash.o
#        E:\Storage_W\MEGA\Other\Amin\STM\PowerSupply_2\EWARM\PowerSupply_2\Obj\Drivers\STM32F0xx_HAL_Driver\stm32f0xx_hal_flash_ex.o
#        E:\Storage_W\MEGA\Other\Amin\STM\PowerSupply_2\EWARM\PowerSupply_2\Obj\Drivers\STM32F0xx_HAL_Driver\stm32f0xx_hal_gpio.o
#        E:\Storage_W\MEGA\Other\Amin\STM\PowerSupply_2\EWARM\PowerSupply_2\Obj\Drivers\STM32F0xx_HAL_Driver\stm32f0xx_hal_i2c.o
#        E:\Storage_W\MEGA\Other\Amin\STM\PowerSupply_2\EWARM\PowerSupply_2\Obj\Drivers\STM32F0xx_HAL_Driver\stm32f0xx_hal_i2c_ex.o
#        E:\Storage_W\MEGA\Other\Amin\STM\PowerSupply_2\EWARM\PowerSupply_2\Obj\Application\User\Core\stm32f0xx_hal_msp.o
#        E:\Storage_W\MEGA\Other\Amin\STM\PowerSupply_2\EWARM\PowerSupply_2\Obj\Drivers\STM32F0xx_HAL_Driver\stm32f0xx_hal_pwr.o
#        E:\Storage_W\MEGA\Other\Amin\STM\PowerSupply_2\EWARM\PowerSupply_2\Obj\Drivers\STM32F0xx_HAL_Driver\stm32f0xx_hal_pwr_ex.o
#        E:\Storage_W\MEGA\Other\Amin\STM\PowerSupply_2\EWARM\PowerSupply_2\Obj\Drivers\STM32F0xx_HAL_Driver\stm32f0xx_hal_rcc.o
#        E:\Storage_W\MEGA\Other\Amin\STM\PowerSupply_2\EWARM\PowerSupply_2\Obj\Drivers\STM32F0xx_HAL_Driver\stm32f0xx_hal_rcc_ex.o
#        E:\Storage_W\MEGA\Other\Amin\STM\PowerSupply_2\EWARM\PowerSupply_2\Obj\Drivers\STM32F0xx_HAL_Driver\stm32f0xx_hal_tim.o
#        E:\Storage_W\MEGA\Other\Amin\STM\PowerSupply_2\EWARM\PowerSupply_2\Obj\Drivers\STM32F0xx_HAL_Driver\stm32f0xx_hal_tim_ex.o
#        E:\Storage_W\MEGA\Other\Amin\STM\PowerSupply_2\EWARM\PowerSupply_2\Obj\Application\User\Core\stm32f0xx_it.o
#        E:\Storage_W\MEGA\Other\Amin\STM\PowerSupply_2\EWARM\PowerSupply_2\Obj\Drivers\CMSIS\system_stm32f0xx.o
#        --no_out_extension -o
#        E:\Storage_W\MEGA\Other\Amin\STM\PowerSupply_2\EWARM\PowerSupply_2\Exe\PowerSupply_2.out
#        --redirect _Printf=_PrintfFullNoMb --redirect _Scanf=_ScanfFullNoMb
#        --map
#        E:\Storage_W\MEGA\Other\Amin\STM\PowerSupply_2\EWARM\PowerSupply_2\List\PowerSupply_2.map
#        --config
#        E:\Storage_W\MEGA\Other\Amin\STM\PowerSupply_2\EWARM/stm32f030x6_flash.icf
#        --semihosting --entry __iar_program_start --no_vfe --text_out locale
#        --cpu=Cortex-M0 --fpu=None)
#
###############################################################################

*******************************************************************************
*** RUNTIME MODEL ATTRIBUTES
***

CppFlavor       = *
__CPP_Runtime   = 1
__SystemLibrary = DLib
__dlib_version  = 6


*******************************************************************************
*** HEAP SELECTION
***

The basic heap was selected because --advanced_heap
was not specified and the application did not appear to
be primarily optimized for speed.


*******************************************************************************
*** PLACEMENT SUMMARY
***

"A0":  place at address 0x800'0000 { ro section .intvec };
"P1":  place in [from 0x800'0000 to 0x800'7fff] { ro };
define block CSTACK with size = 1K, alignment = 8 { };
define block HEAP with size = 512, alignment = 8 { };
"P2":  place in [from 0x2000'0000 to 0x2000'0fff] {
          rw, block CSTACK, block HEAP };
initialize by copy { rw };

  Section            Kind         Address    Size  Object
  -------            ----         -------    ----  ------
"A0":                                        0xb0
  .intvec            ro code   0x800'0000    0xb0  startup_stm32f030x6.o [1]
                             - 0x800'00b0    0xb0

"P1":                                      0x4552
  .text              ro code   0x800'00b0  0x1586  main.o [2]
  .text              ro code   0x800'1636     0x2  startup_stm32f030x6.o [1]
  .text              ro code   0x800'1638    0x20  stm32f0xx_hal.o [4]
  .text              ro code   0x800'1658    0xe0  I32DivModFast.o [7]
  .text              ro code   0x800'1738   0x94c  stm32f0xx_hal_tim.o [4]
  .text              ro code   0x800'2084    0xdc  stm32f0xx_hal_adc_ex.o [4]
  .text              ro code   0x800'2160   0x548  stm32f0xx_hal_adc.o [4]
  .text              ro code   0x800'26a8    0x14  memset.o [7]
  .text              ro code   0x800'26bc   0x69c  stm32f0xx_hal_rcc.o [4]
  .text              ro code   0x800'2d58   0x130  stm32f0xx_hal_rcc_ex.o [4]
  .text              ro code   0x800'2e88   0x740  stm32f0xx_hal_i2c.o [4]
  .text              ro code   0x800'35c8    0xf8  stm32f0xx_hal_i2c_ex.o [4]
  .text              ro code   0x800'36c0    0xdc  stm32f0xx_hal_tim_ex.o [4]
  .text              ro code   0x800'379c   0x374  stm32f0xx_hal_msp.o [2]
  .text              ro code   0x800'3b10   0x104  stm32f0xx_hal_cortex.o [4]
  .text              ro code   0x800'3c14   0x244  stm32f0xx_hal_gpio.o [4]
  .text              ro code   0x800'3e58    0x20  IxxToFlt.o [6]
  .text              ro code   0x800'3e78    0xa4  FltDiv.o [6]
  .text              ro code   0x800'3f1c    0x3a  FltToS32.o [6]
  .text              ro code   0x800'3f56     0x2  startup_stm32f030x6.o [1]
  .text              ro code   0x800'3f58    0x50  stm32f0xx_hal.o [4]
  .text              ro code   0x800'3fa8     0x2  IntDivZer.o [7]
  .text              ro code   0x800'3faa     0x2  stm32f0xx_hal_tim.o [4]
  .text              ro code   0x800'3fac     0x2  stm32f0xx_hal_tim.o [4]
  .text              ro code   0x800'3fae     0x2  stm32f0xx_hal_tim_ex.o [4]
  .text              ro code   0x800'3fb0     0x2  stm32f0xx_hal_tim.o [4]
  .text              ro code   0x800'3fb2     0x2  stm32f0xx_hal_tim_ex.o [4]
  .text              ro code   0x800'3fb4     0xc  stm32f0xx_hal.o [4]
  .text              ro code   0x800'3fc0   0x208  stm32f0xx_hal_dma.o [4]
  .text              ro code   0x800'41c8     0x2  stm32f0xx_hal_adc.o [4]
  .text              ro code   0x800'41ca     0x2  stm32f0xx_hal_adc.o [4]
  .text              ro code   0x800'41cc    0x4e  ABImemset.o [7]
  .text              ro code   0x800'421a     0x2  startup_stm32f030x6.o [1]
  .text              ro code   0x800'421c    0x34  ABImemcpy.o [7]
  .text              ro code   0x800'4250   0x20c  stm32f0xx_it.o [2]
  .text              ro code   0x800'445c    0x18  stm32f0xx_hal.o [4]
  .text              ro code   0x800'4474    0x3c  zero_init3.o [7]
  .text              ro code   0x800'44b0    0x30  copy_init3.o [7]
  .text              ro code   0x800'44e0    0x28  data_init.o [7]
  .iar.init_table    const     0x800'4508    0x24  - Linker created -
  .text              ro code   0x800'452c    0x1e  cmain.o [7]
  .text              ro code   0x800'454a     0x4  low_level_init.o [5]
  .text              ro code   0x800'454e     0x8  exit.o [5]
  .text              ro code   0x800'4556     0x2  startup_stm32f030x6.o [1]
  .text              ro code   0x800'4558     0xa  cexit.o [7]
  .text              ro code   0x800'4562     0x2  startup_stm32f030x6.o [1]
  .text              ro code   0x800'4564    0x14  exit.o [8]
  .text              ro code   0x800'4578    0x1c  cstartup_M.o [7]
  Initializer bytes  const     0x800'4594    0x1c  <for P2-1>
  .rodata            const     0x800'45b0    0x10  stm32f0xx_hal_rcc.o [4]
  .rodata            const     0x800'45c0    0x10  stm32f0xx_hal_rcc.o [4]
  .rodata            const     0x800'45d0    0x10  system_stm32f0xx.o [3]
  .text              ro code   0x800'45e0    0x10  startup_stm32f030x6.o [1]
  .text              ro code   0x800'45f0     0x2  startup_stm32f030x6.o [1]
  .text              ro code   0x800'45f2     0x2  startup_stm32f030x6.o [1]
  .text              ro code   0x800'45f4     0x2  startup_stm32f030x6.o [1]
  .text              ro code   0x800'45f6     0x2  startup_stm32f030x6.o [1]
  .text              ro code   0x800'45f8     0x2  startup_stm32f030x6.o [1]
  .text              ro code   0x800'45fa     0x2  startup_stm32f030x6.o [1]
  .text              ro code   0x800'45fc     0x2  startup_stm32f030x6.o [1]
  .text              ro code   0x800'45fe     0x2  startup_stm32f030x6.o [1]
  .text              ro code   0x800'4600     0x2  system_stm32f0xx.o [3]
  .rodata            const     0x800'4602     0x0  zero_init3.o [7]
  .rodata            const     0x800'4602     0x0  copy_init3.o [7]
                             - 0x800'4602  0x4552

"P2", part 1 of 3:                           0x1c
  P2-1                        0x2000'0000    0x1b  <Init block>
    .data            inited   0x2000'0000     0x4  stm32f0xx_hal.o [4]
    .data            inited   0x2000'0004     0x4  system_stm32f0xx.o [3]
    .data            inited   0x2000'0008     0x2  main.o [2]
    .data            inited   0x2000'000a     0x2  main.o [2]
    .data            inited   0x2000'000c     0x2  main.o [2]
    .data            inited   0x2000'000e     0x2  main.o [2]
    .data            inited   0x2000'0010     0x2  main.o [2]
    .data            inited   0x2000'0012     0x2  main.o [2]
    .data            inited   0x2000'0014     0x2  main.o [2]
    .data            inited   0x2000'0016     0x2  main.o [2]
    .data            inited   0x2000'0018     0x2  main.o [2]
    .data            inited   0x2000'001a     0x1  stm32f0xx_hal.o [4]
                            - 0x2000'001b    0x1b

"P2", part 2 of 3:                          0xb30
  .bss               zero     0x2000'001c   0x7d0  main.o [2]
  .bss               zero     0x2000'07ec    0x64  main.o [2]
  .bss               zero     0x2000'0850    0x4c  main.o [2]
  .bss               zero     0x2000'089c    0x48  main.o [2]
  .bss               zero     0x2000'08e4    0x48  main.o [2]
  .bss               zero     0x2000'092c    0x48  main.o [2]
  .bss               zero     0x2000'0974    0x48  main.o [2]
  .bss               zero     0x2000'09bc    0x48  main.o [2]
  .bss               zero     0x2000'0a04    0x44  main.o [2]
  .bss               zero     0x2000'0a48    0x40  main.o [2]
  .bss               zero     0x2000'0a88    0x20  main.o [2]
  .bss               zero     0x2000'0aa8    0x20  main.o [2]
  .bss               zero     0x2000'0ac8    0x20  main.o [2]
  .bss               zero     0x2000'0ae8    0x10  main.o [2]
  .bss               zero     0x2000'0af8     0xc  main.o [2]
  .bss               zero     0x2000'0b04     0xc  main.o [2]
  .bss               zero     0x2000'0b10     0xc  main.o [2]
  .bss               zero     0x2000'0b1c     0xc  main.o [2]
  .bss               zero     0x2000'0b28     0xc  main.o [2]
  .bss               zero     0x2000'0b34     0x4  main.o [2]
  .bss               zero     0x2000'0b38     0x4  stm32f0xx_hal.o [4]
  .bss               zero     0x2000'0b3c     0x2  main.o [2]
  .bss               zero     0x2000'0b3e     0x2  main.o [2]
  .bss               zero     0x2000'0b40     0x2  main.o [2]
  .bss               zero     0x2000'0b42     0x2  main.o [2]
  .bss               zero     0x2000'0b44     0x2  main.o [2]
  .bss               zero     0x2000'0b46     0x1  main.o [2]
  .bss               zero     0x2000'0b47     0x1  main.o [2]
  .bss               zero     0x2000'0b48     0x1  main.o [2]
  .bss               zero     0x2000'0b49     0x1  main.o [2]
  .bss               zero     0x2000'0b4a     0x1  main.o [2]
                            - 0x2000'0b4b   0xb2f

"P2", part 3 of 3:                          0x400
  CSTACK                      0x2000'0b50   0x400  <Block>
    CSTACK           uninit   0x2000'0b50   0x400  <Block tail>
                            - 0x2000'0f50   0x400

Unused ranges:

         From           To    Size
         ----           --    ----
   0x800'4602   0x800'7fff  0x39fe
  0x2000'0b4c  0x2000'0b4f     0x4
  0x2000'0f50  0x2000'0fff    0xb0


*******************************************************************************
*** INIT TABLE
***

          Address      Size
          -------      ----
Zero (__iar_zero_init3)
    1 destination range, total size 0xb2f:
          0x2000'001c  0xb2f

Copy (__iar_copy_init3)
    1 source range, total size 0x1c (103% of destination):
           0x800'4594   0x1c
    1 destination range, total size 0x1b:
          0x2000'0000   0x1b



*******************************************************************************
*** MODULE SUMMARY
***

    Module                  ro code  ro data  rw data
    ------                  -------  -------  -------
command line/config:
    -------------------------------------------------
    Total:

E:\Storage_W\MEGA\Other\Amin\STM\PowerSupply_2\EWARM\PowerSupply_2\Obj\Application\EWARM: [1]
    startup_stm32f030x6.o       218
    -------------------------------------------------
    Total:                      218

E:\Storage_W\MEGA\Other\Amin\STM\PowerSupply_2\EWARM\PowerSupply_2\Obj\Application\User\Core: [2]
    main.o                    5'510       18    2'877
    stm32f0xx_hal_msp.o         884
    stm32f0xx_it.o              524
    -------------------------------------------------
    Total:                    6'918       18    2'877

E:\Storage_W\MEGA\Other\Amin\STM\PowerSupply_2\EWARM\PowerSupply_2\Obj\Drivers\CMSIS: [3]
    system_stm32f0xx.o            2       20        4
    -------------------------------------------------
    Total:                        2       20        4

E:\Storage_W\MEGA\Other\Amin\STM\PowerSupply_2\EWARM\PowerSupply_2\Obj\Drivers\STM32F0xx_HAL_Driver: [4]
    stm32f0xx_hal.o             148        5        9
    stm32f0xx_hal_adc.o       1'356
    stm32f0xx_hal_adc_ex.o      220
    stm32f0xx_hal_cortex.o      260
    stm32f0xx_hal_dma.o         520
    stm32f0xx_hal_gpio.o        580
    stm32f0xx_hal_i2c.o       1'856
    stm32f0xx_hal_i2c_ex.o      248
    stm32f0xx_hal_rcc.o       1'692       32
    stm32f0xx_hal_rcc_ex.o      304
    stm32f0xx_hal_tim.o       2'386
    stm32f0xx_hal_tim_ex.o      224
    -------------------------------------------------
    Total:                    9'794       37        9

dl6M_tln.a: [5]
    exit.o                        8
    low_level_init.o              4
    -------------------------------------------------
    Total:                       12

m6M_tl.a: [6]
    FltDiv.o                    164
    FltToS32.o                   58
    IxxToFlt.o                   32
    -------------------------------------------------
    Total:                      254

rt6M_tl.a: [7]
    ABImemcpy.o                  52
    ABImemset.o                  78
    I32DivModFast.o             224
    IntDivZer.o                   2
    cexit.o                      10
    cmain.o                      30
    copy_init3.o                 48
    cstartup_M.o                 28
    data_init.o                  40
    memset.o                     20
    zero_init3.o                 60
    -------------------------------------------------
    Total:                      592

shb_l.a: [8]
    exit.o                       20
    -------------------------------------------------
    Total:                       20

    Linker created                        37    1'024
-----------------------------------------------------
    Grand Total:             17'810      112    3'914


*******************************************************************************
*** ENTRY LIST
***

Entry                       Address   Size  Type      Object
-----                       -------   ----  ----      ------
.iar.init_table$$Base    0x800'4508          --   Gb  - Linker created -
.iar.init_table$$Limit   0x800'452c          --   Gb  - Linker created -
?main                    0x800'452d         Code  Gb  cmain.o [7]
ADC1_IRQHandler          0x800'45f3         Code  Wk  startup_stm32f030x6.o [1]
ADC_DMAConvCplt          0x800'25f9   0x7a  Code  Lc  stm32f0xx_hal_adc.o [4]
ADC_DMAError             0x800'268b   0x1e  Code  Lc  stm32f0xx_hal_adc.o [4]
ADC_DMAHalfConvCplt      0x800'267d    0xe  Code  Lc  stm32f0xx_hal_adc.o [4]
ADC_Enable               0x800'2535   0xb2  Code  Lc  stm32f0xx_hal_adc.o [4]
AData                   0x2000'0af8    0xc  Data  Gb  main.o [2]
AFIFO                   0x2000'001c  0x7d0  Data  Gb  main.o [2]
AHBPrescTable            0x800'45d0   0x10  Data  Gb  system_stm32f0xx.o [3]
ArrNumFIFO              0x2000'0018    0x2  Data  Gb  main.o [2]
CSTACK$$Base            0x2000'0b50          --   Gb  - Linker created -
CSTACK$$Limit           0x2000'0f50          --   Gb  - Linker created -
Change                  0x2000'0b40    0x2  Data  Gb  main.o [2]
CountDispEncI           0x2000'0b42    0x2  Data  Gb  main.o [2]
Curr                    0x2000'0aa8   0x20  Data  Gb  main.o [2]
DMA1_Channel1_IRQHandler
                         0x800'4401    0xa  Code  Gb  stm32f0xx_it.o [2]
DMA1_Channel2_3_IRQHandler
                         0x800'4563         Code  Wk  startup_stm32f030x6.o [1]
DMA1_Channel4_5_IRQHandler
                         0x800'45f1         Code  Wk  startup_stm32f030x6.o [1]
DMA_CalcBaseAndBitshift
                         0x800'41a5   0x1a  Code  Lc  stm32f0xx_hal_dma.o [4]
DMA_SetConfig            0x800'417b   0x2a  Code  Lc  stm32f0xx_hal_dma.o [4]
Delay                    0x800'066b   0x14  Code  Gb  main.o [2]
Disp3s                  0x2000'000c    0x2  Data  Gb  main.o [2]
DispEncI                0x2000'0b44    0x2  Data  Gb  main.o [2]
EXIS1PrePrs             0x2000'0b04    0xc  Data  Gb  main.o [2]
EXIS2PrePrs             0x2000'0b10    0xc  Data  Gb  main.o [2]
EXTI0_1_IRQHandler       0x800'43e1    0xa  Code  Gb  stm32f0xx_it.o [2]
EXTI2_3_IRQHandler       0x800'43eb    0xa  Code  Gb  stm32f0xx_it.o [2]
EXTI4_15_IRQHandler      0x800'43f5    0xc  Code  Gb  stm32f0xx_it.o [2]
Error_Handler            0x800'1631    0x6  Code  Gb  main.o [2]
FLASH_IRQHandler         0x800'421b         Code  Wk  startup_stm32f030x6.o [1]
HAL_ADCEx_Calibration_Start
                         0x800'2085   0xdc  Code  Gb  stm32f0xx_hal_adc_ex.o [4]
HAL_ADC_ConfigChannel    0x800'23dd  0x158  Code  Gb  stm32f0xx_hal_adc.o [4]
HAL_ADC_ConvCpltCallback
                         0x800'1439   0xdc  Code  Gb  main.o [2]
HAL_ADC_ConvHalfCpltCallback
                         0x800'41c9    0x2  Code  Wk  stm32f0xx_hal_adc.o [4]
HAL_ADC_ErrorCallback    0x800'41cb    0x2  Code  Wk  stm32f0xx_hal_adc.o [4]
HAL_ADC_Init             0x800'2161  0x1ae  Code  Gb  stm32f0xx_hal_adc.o [4]
HAL_ADC_MspInit          0x800'37c9   0x88  Code  Gb  stm32f0xx_hal_msp.o [2]
HAL_ADC_Start_DMA        0x800'231d   0xae  Code  Gb  stm32f0xx_hal_adc.o [4]
HAL_DMA_IRQHandler       0x800'40a5   0xd6  Code  Gb  stm32f0xx_hal_dma.o [4]
HAL_DMA_Init             0x800'3fc1   0x54  Code  Gb  stm32f0xx_hal_dma.o [4]
HAL_DMA_Start_IT         0x800'4019   0x8c  Code  Gb  stm32f0xx_hal_dma.o [4]
HAL_GPIO_EXTI_Callback   0x800'1521   0xd0  Code  Gb  main.o [2]
HAL_GPIO_EXTI_IRQHandler
                         0x800'3e0f   0x22  Code  Gb  stm32f0xx_hal_gpio.o [4]
HAL_GPIO_Init            0x800'3c15  0x1c6  Code  Gb  stm32f0xx_hal_gpio.o [4]
HAL_GPIO_ReadPin         0x800'3ddb   0x1a  Code  Gb  stm32f0xx_hal_gpio.o [4]
HAL_GPIO_WritePin        0x800'3df5   0x1a  Code  Gb  stm32f0xx_hal_gpio.o [4]
HAL_GetTick              0x800'3fb5    0xc  Code  Wk  stm32f0xx_hal.o [4]
HAL_I2CEx_ConfigAnalogFilter
                         0x800'35c9   0x66  Code  Gb  stm32f0xx_hal_i2c_ex.o [4]
HAL_I2CEx_ConfigDigitalFilter
                         0x800'362f   0x60  Code  Gb  stm32f0xx_hal_i2c_ex.o [4]
HAL_I2CEx_EnableFastModePlus
                         0x800'368f   0x20  Code  Gb  stm32f0xx_hal_i2c_ex.o [4]
HAL_I2C_Init             0x800'2e89   0xc6  Code  Gb  stm32f0xx_hal_i2c.o [4]
HAL_I2C_Mem_Read         0x800'3101  0x1a8  Code  Gb  stm32f0xx_hal_i2c.o [4]
HAL_I2C_Mem_Write        0x800'2f5d  0x1a4  Code  Gb  stm32f0xx_hal_i2c.o [4]
HAL_I2C_MspInit          0x800'3851   0x60  Code  Gb  stm32f0xx_hal_msp.o [2]
HAL_IncTick              0x800'445d   0x18  Code  Wk  stm32f0xx_hal.o [4]
HAL_Init                 0x800'1639   0x1a  Code  Gb  stm32f0xx_hal.o [4]
HAL_InitTick             0x800'3f59   0x50  Code  Wk  stm32f0xx_hal.o [4]
HAL_MspInit              0x800'379d   0x2c  Code  Gb  stm32f0xx_hal_msp.o [2]
HAL_NVIC_EnableIRQ       0x800'3be3    0xe  Code  Gb  stm32f0xx_hal_cortex.o [4]
HAL_NVIC_SetPriority     0x800'3bcf   0x14  Code  Gb  stm32f0xx_hal_cortex.o [4]
HAL_RCCEx_PeriphCLKConfig
                         0x800'2d59  0x110  Code  Gb  stm32f0xx_hal_rcc_ex.o [4]
HAL_RCC_ClockConfig      0x800'2b7d  0x128  Code  Gb  stm32f0xx_hal_rcc.o [4]
HAL_RCC_GetSysClockFreq
                         0x800'2cb9   0x72  Code  Gb  stm32f0xx_hal_rcc.o [4]
HAL_RCC_OscConfig        0x800'26bd  0x4ac  Code  Gb  stm32f0xx_hal_rcc.o [4]
HAL_SYSTICK_Config       0x800'3bf1    0xc  Code  Gb  stm32f0xx_hal_cortex.o [4]
HAL_TIMEx_BreakCallback
                         0x800'3faf    0x2  Code  Wk  stm32f0xx_hal_tim_ex.o [4]
HAL_TIMEx_CommutCallback
                         0x800'3fb3    0x2  Code  Wk  stm32f0xx_hal_tim_ex.o [4]
HAL_TIMEx_ConfigBreakDeadTime
                         0x800'371d   0x5e  Code  Gb  stm32f0xx_hal_tim_ex.o [4]
HAL_TIMEx_MasterConfigSynchronization
                         0x800'36c1   0x5c  Code  Gb  stm32f0xx_hal_tim_ex.o [4]
HAL_TIM_Base_Init        0x800'1739   0x5c  Code  Gb  stm32f0xx_hal_tim.o [4]
HAL_TIM_Base_MspInit     0x800'39a1   0x6e  Code  Gb  stm32f0xx_hal_msp.o [2]
HAL_TIM_Base_Start_IT    0x800'17c7   0x5a  Code  Gb  stm32f0xx_hal_tim.o [4]
HAL_TIM_Base_Stop        0x800'1795   0x32  Code  Gb  stm32f0xx_hal_tim.o [4]
HAL_TIM_Encoder_Init     0x800'1975   0xc4  Code  Gb  stm32f0xx_hal_tim.o [4]
HAL_TIM_Encoder_MspInit
                         0x800'38b1   0x7c  Code  Gb  stm32f0xx_hal_msp.o [2]
HAL_TIM_Encoder_Start_IT
                         0x800'1a49  0x12e  Code  Gb  stm32f0xx_hal_tim.o [4]
HAL_TIM_IC_CaptureCallback
                         0x800'1351   0xbe  Code  Gb  main.o [2]
HAL_TIM_IRQHandler       0x800'1b77  0x1ac  Code  Gb  stm32f0xx_hal_tim.o [4]
HAL_TIM_MspPostInit      0x800'3a21   0xc2  Code  Gb  stm32f0xx_hal_msp.o [2]
HAL_TIM_OC_DelayElapsedCallback
                         0x800'3fab    0x2  Code  Wk  stm32f0xx_hal_tim.o [4]
HAL_TIM_PWM_ConfigChannel
                         0x800'1d23   0xfc  Code  Gb  stm32f0xx_hal_tim.o [4]
HAL_TIM_PWM_Init         0x800'1831   0x5c  Code  Gb  stm32f0xx_hal_tim.o [4]
HAL_TIM_PWM_MspInit      0x800'392d   0x6e  Code  Gb  stm32f0xx_hal_msp.o [2]
HAL_TIM_PWM_PulseFinishedCallback
                         0x800'3fad    0x2  Code  Wk  stm32f0xx_hal_tim.o [4]
HAL_TIM_PWM_Start        0x800'188d   0xd8  Code  Gb  stm32f0xx_hal_tim.o [4]
HAL_TIM_PeriodElapsedCallback
                         0x800'09f9  0x940  Code  Gb  main.o [2]
HAL_TIM_TriggerCallback
                         0x800'3fb1    0x2  Code  Wk  stm32f0xx_hal_tim.o [4]
HardFault_Handler        0x800'4255    0x4  Code  Gb  stm32f0xx_it.o [2]
HighByte                0x2000'0b48    0x1  Data  Gb  main.o [2]
I2C1_IRQHandler          0x800'45fb         Code  Wk  startup_stm32f030x6.o [1]
I2C_Flush_TXDR           0x800'33c5   0x28  Code  Lc  stm32f0xx_hal_i2c.o [4]
I2C_IsAcknowledgeFailed
                         0x800'34ef   0xa0  Code  Lc  stm32f0xx_hal_i2c.o [4]
I2C_RequestMemoryRead    0x800'333b   0x84  Code  Lc  stm32f0xx_hal_i2c.o [4]
I2C_RequestMemoryWrite   0x800'32b5   0x86  Code  Lc  stm32f0xx_hal_i2c.o [4]
I2C_TransferConfig       0x800'358f   0x2e  Code  Lc  stm32f0xx_hal_i2c.o [4]
I2C_WaitOnFlagUntilTimeout
                         0x800'33ed   0x58  Code  Lc  stm32f0xx_hal_i2c.o [4]
I2C_WaitOnSTOPFlagUntilTimeout
                         0x800'349d   0x52  Code  Lc  stm32f0xx_hal_i2c.o [4]
I2C_WaitOnTXISFlagUntilTimeout
                         0x800'3445   0x58  Code  Lc  stm32f0xx_hal_i2c.o [4]
KADCnew                 0x2000'0014    0x2  Data  Gb  main.o [2]
KADCold                 0x2000'0016    0x2  Data  Gb  main.o [2]
LED_Data                0x2000'07ec   0x64  Data  Gb  main.o [2]
LowByte                 0x2000'0b47    0x1  Data  Gb  main.o [2]
MX_ADC_Init              0x800'01d3   0x98  Code  Lc  main.o [2]
MX_DMA_Init              0x800'0557   0x26  Code  Lc  main.o [2]
MX_GPIO_Init             0x800'0591   0xda  Code  Lc  main.o [2]
MX_I2C1_Init             0x800'026b   0x4e  Code  Lc  main.o [2]
MX_TIM14_Init            0x800'03d9   0x24  Code  Lc  main.o [2]
MX_TIM16_Init            0x800'041d   0x9a  Code  Lc  main.o [2]
MX_TIM17_Init            0x800'04bd   0x9a  Code  Lc  main.o [2]
MX_TIM1_Init             0x800'02b9   0x6e  Code  Lc  main.o [2]
MX_TIM3_Init             0x800'0327   0xa6  Code  Lc  main.o [2]
MaxEncSpeed             0x2000'0010    0x2  Data  Gb  main.o [2]
MaxSamEncTime           0x2000'000e    0x2  Data  Gb  main.o [2]
MinEncSpeed             0x2000'0012    0x2  Data  Gb  main.o [2]
Mon2Seg                  0x800'0969   0x86  Code  Gb  main.o [2]
Mon4Seg                  0x800'07c1  0x19e  Code  Gb  main.o [2]
NMI_Handler              0x800'4251    0x4  Code  Gb  stm32f0xx_it.o [2]
PendSV_Handler           0x800'425b    0x2  Code  Gb  stm32f0xx_it.o [2]
RCC_IRQHandler           0x800'4557         Code  Wk  startup_stm32f030x6.o [1]
RTC_IRQHandler           0x800'3f57         Code  Wk  startup_stm32f030x6.o [1]
Region$$Table$$Base      0x800'4508          --   Gb  - Linker created -
Region$$Table$$Limit     0x800'452c          --   Gb  - Linker created -
Reset_Handler            0x800'45e1         Code  Wk  startup_stm32f030x6.o [1]
SPI1_IRQHandler          0x800'45fd         Code  Wk  startup_stm32f030x6.o [1]
SVC_Handler              0x800'4259    0x2  Code  Gb  stm32f0xx_it.o [2]
SevSegm                  0x800'0695  0x11c  Code  Gb  main.o [2]
SevSegm::Buf            0x2000'0ae8   0x10  Data  Lc  main.o [2]
SumFIFO                 0x2000'0b34    0x4  Data  Gb  main.o [2]
SysTick_Config           0x800'3b9d   0x32  Code  Lc  stm32f0xx_hal_cortex.o [4]
SysTick_Handler          0x800'425d  0x184  Code  Gb  stm32f0xx_it.o [2]
SystemClock_Config       0x800'014f   0x84  Code  Gb  main.o [2]
SystemCoreClock         0x2000'0004    0x4  Data  Gb  system_stm32f0xx.o [3]
SystemInit               0x800'4601    0x2  Code  Gb  system_stm32f0xx.o [3]
TIM14_IRQHandler         0x800'441f    0xa  Code  Gb  stm32f0xx_it.o [2]
TIM16_IRQHandler         0x800'45f7         Code  Wk  startup_stm32f030x6.o [1]
TIM17_IRQHandler         0x800'45f9         Code  Wk  startup_stm32f030x6.o [1]
TIM1_BRK_UP_TRG_COM_IRQHandler
                         0x800'45f5         Code  Wk  startup_stm32f030x6.o [1]
TIM1_CC_IRQHandler       0x800'440b    0xa  Code  Gb  stm32f0xx_it.o [2]
TIM3_IRQHandler          0x800'4415    0xa  Code  Gb  stm32f0xx_it.o [2]
TIM_Base_SetConfig       0x800'1e25   0x6a  Code  Gb  stm32f0xx_hal_tim.o [4]
TIM_CCxChannelCmd        0x800'2061   0x24  Code  Gb  stm32f0xx_hal_tim.o [4]
TIM_OC1_SetConfig        0x800'1e8f   0x70  Code  Lc  stm32f0xx_hal_tim.o [4]
TIM_OC2_SetConfig        0x800'1eff   0x6e  Code  Gb  stm32f0xx_hal_tim.o [4]
TIM_OC3_SetConfig        0x800'1f6d   0x6a  Code  Lc  stm32f0xx_hal_tim.o [4]
TIM_OC4_SetConfig        0x800'1fd7   0x50  Code  Lc  stm32f0xx_hal_tim.o [4]
USART1_IRQHandler        0x800'45ff         Code  Wk  startup_stm32f030x6.o [1]
USBCurr                 0x2000'0ac8   0x20  Data  Gb  main.o [2]
Volt                    0x2000'0a88   0x20  Data  Gb  main.o [2]
WWDG_IRQHandler          0x800'1637         Code  Wk  startup_stm32f030x6.o [1]
__ICFEDIT_region_RAM_end__ {Abs}
                        0x2000'0fff         Data  Gb  <internal module>
__ICFEDIT_region_RAM_start__ {Abs}
                        0x2000'0000         Data  Gb  <internal module>
__NVIC_EnableIRQ         0x800'3b11   0x18  Code  Lc  stm32f0xx_hal_cortex.o [4]
__NVIC_SetPriority       0x800'3b29   0x74  Code  Lc  stm32f0xx_hal_cortex.o [4]
__aeabi_f2iz             0x800'3f1d         Code  Gb  FltToS32.o [6]
__aeabi_fdiv             0x800'3e79         Code  Gb  FltDiv.o [6]
__aeabi_idiv             0x800'1685         Code  Gb  I32DivModFast.o [7]
__aeabi_idiv0            0x800'3fa9         Code  Gb  IntDivZer.o [7]
__aeabi_idivmod          0x800'1685         Code  Gb  I32DivModFast.o [7]
__aeabi_memcpy4          0x800'421d         Code  Gb  ABImemcpy.o [7]
__aeabi_memcpy8          0x800'421d         Code  Gb  ABImemcpy.o [7]
__aeabi_memset           0x800'41cd         Code  Gb  ABImemset.o [7]
__aeabi_ui2f             0x800'3e59         Code  Gb  IxxToFlt.o [6]
__aeabi_uidiv            0x800'168b         Code  Gb  I32DivModFast.o [7]
__aeabi_uidivmod         0x800'168b         Code  Gb  I32DivModFast.o [7]
__cmain                  0x800'452d         Code  Gb  cmain.o [7]
__exit                   0x800'4565   0x14  Code  Gb  exit.o [8]
__iar_Memset4_word       0x800'41ed         Code  Gb  ABImemset.o [7]
__iar_Memset_word        0x800'41d9         Code  Gb  ABImemset.o [7]
__iar_copy_init3         0x800'44b1   0x30  Code  Gb  copy_init3.o [7]
__iar_data_init3         0x800'44e1   0x28  Code  Gb  data_init.o [7]
__iar_program_start      0x800'4579         Code  Gb  cstartup_M.o [7]
__iar_zero_init3         0x800'4475   0x3c  Code  Gb  zero_init3.o [7]
__low_level_init         0x800'454b    0x4  Code  Gb  low_level_init.o [5]
__vector_table           0x800'0000         Data  Gb  startup_stm32f030x6.o [1]
_call_main               0x800'4539         Code  Gb  cmain.o [7]
_exit                    0x800'4559         Code  Gb  cexit.o [7]
cH                      0x2000'0b4a    0x1  Data  Gb  main.o [2]
cL                      0x2000'0b49    0x1  Data  Gb  main.o [2]
exit                     0x800'454f    0x8  Code  Gb  exit.o [5]
hadc                    0x2000'0a48   0x40  Data  Gb  main.o [2]
hdma_adc                0x2000'0a04   0x44  Data  Gb  main.o [2]
hi2c1                   0x2000'0850   0x4c  Data  Gb  main.o [2]
htim1                   0x2000'089c   0x48  Data  Gb  main.o [2]
htim14                  0x2000'092c   0x48  Data  Gb  main.o [2]
htim16                  0x2000'0974   0x48  Data  Gb  main.o [2]
htim17                  0x2000'09bc   0x48  Data  Gb  main.o [2]
htim3                   0x2000'08e4   0x48  Data  Gb  main.o [2]
iClkEXI                 0x2000'000a    0x2  Data  Gb  main.o [2]
iEXIS1Prs               0x2000'0b1c    0xc  Data  Gb  main.o [2]
iKepEXI                 0x2000'0008    0x2  Data  Gb  main.o [2]
iLED                    0x2000'0b3c    0x2  Data  Gb  main.o [2]
iPrsEXIS2               0x2000'0b28    0xc  Data  Gb  main.o [2]
iSelEXI                 0x2000'0b46    0x1  Data  Gb  main.o [2]
indx                    0x2000'0b3e    0x2  Data  Gb  main.o [2]
main                     0x800'00b1   0x9e  Code  Gb  main.o [2]
memset                   0x800'26a9   0x14  Code  Gb  memset.o [7]
uwTick                  0x2000'0b38    0x4  Data  Gb  stm32f0xx_hal.o [4]
uwTickFreq              0x2000'001a    0x1  Data  Gb  stm32f0xx_hal.o [4]
uwTickPrio              0x2000'0000    0x4  Data  Gb  stm32f0xx_hal.o [4]


[1] = E:\Storage_W\MEGA\Other\Amin\STM\PowerSupply_2\EWARM\PowerSupply_2\Obj\Application\EWARM
[2] = E:\Storage_W\MEGA\Other\Amin\STM\PowerSupply_2\EWARM\PowerSupply_2\Obj\Application\User\Core
[3] = E:\Storage_W\MEGA\Other\Amin\STM\PowerSupply_2\EWARM\PowerSupply_2\Obj\Drivers\CMSIS
[4] = E:\Storage_W\MEGA\Other\Amin\STM\PowerSupply_2\EWARM\PowerSupply_2\Obj\Drivers\STM32F0xx_HAL_Driver
[5] = dl6M_tln.a
[6] = m6M_tl.a
[7] = rt6M_tl.a
[8] = shb_l.a

  17'810 bytes of readonly  code memory
     112 bytes of readonly  data memory
   3'914 bytes of readwrite data memory

Errors: none
Warnings: none
