../Core/Src/main.c:79:5:main	8	static
../Core/Src/main.c:128:6:SystemClock_Config	96	static
../Core/Src/main.c:173:13:MX_ADC_Init	24	static
../Core/Src/main.c:243:13:MX_I2C1_Init	8	static
../Core/Src/main.c:291:13:MX_TIM1_Init	64	static
../Core/Src/main.c:341:13:MX_TIM3_Init	80	static
../Core/Src/main.c:404:13:MX_TIM16_Init	72	static
../Core/Src/main.c:466:13:MX_TIM17_Init	72	static
../Core/Src/main.c:528:13:MX_GPIO_Init	48	static
../Core/Src/main.c:572:6:Error_Handler	8	static,ignoring_inline_asm
